Archive member included because of file (symbol)

libee.a(display.o)            obj/src/slave1.o (DISPLAY_BackgroundColor)
libee.a(graph.o)              obj/src/slave1.o (graph_fillRectangle)
libee.a(util.o)               libee.a(display.o) (delay_ms)
libee.a(ee_tc_trapvec.o)      obj/pkg/mcu/infineon_common_tc2Yx/src/ee_tc2Yx_cstart.o (EE_tc_trap_table)
libee.a(ee_tc_intvec.o)       obj/pkg/mcu/infineon_common_tc2Yx/src/ee_tc2Yx_cstart.o (EE_tc_interrupt_table)
libee.a(ee_tc_context.o)      libee.a(ee_tc_intvec.o) (EE_std_change_context)
libee.a(ee_tc_multicore.o)    libee.a(ee_tc_intvec.o) (EE_TC_iirq_handler)
libee.a(ee_as_spinlocks.o)    obj/src/slave1.o (EE_as_GetSpinlock)
libee.a(ee_thendin.o)         libee.a(ee_tc_context.o) (EE_thread_end_instance)
libee.a(ee_irqendin.o)        libee.a(ee_as_spinlocks.o) (EE_oo_assign_TID_to_ISR2)
libee.a(ee_tstub.o)           obj/eecfg.o (EE_oo_thread_stub)
libee.a(ee_lookup.o)          libee.a(ee_thendin.o) (EE_oo_IRQ_disable_count)
libee.a(ee_rq_exchg.o)        libee.a(ee_thendin.o) (EE_rq2stk_exchange)
libee.a(ee_rq_inser.o)        libee.a(ee_thendin.o) (EE_rq_insert)
libee.a(ee_startos.o)         obj/src/slave1.o (EE_oo_StartOS)
libee.a(ee_rn.o)              libee.a(ee_tc_multicore.o) (EE_rn_handler)
libee.a(ee_tc2Yx_system.o)    libee.a(ee_startos.o) (EE_tc2Yx_stm_set_clockpersec)
libee.a(ee_hal_structs.o)     libee.a(ee_tc_intvec.o) (EE_std_endcycle_next_tid)
libee.a(ee_tc_oo.o)           libee.a(ee_tstub.o) (EE_hal_terminate_savestk)
libee.a(ee_activate.o)        libee.a(ee_rn.o) (EE_oo_ActivateTask)
libee.a(ee_tnterm.o)          libee.a(ee_tc_oo.o) (EE_thread_not_terminated)
libee.a(ee_rnsend.o)          libee.a(ee_activate.o) (EE_rn_send)
c:/hightec/toolch~1/tricore/v4660-~1.1/bin/../lib/gcc/tricore/4.6.4/../../../../tricore/lib/tc161\libos.a(libos_exit.o)
                              obj/pkg/mcu/infineon_common_tc2Yx/src/ee_tc2Yx_cstart.o (_exit)
c:/hightec/toolch~1/tricore/v4660-~1.1/bin/../lib/gcc/tricore/4.6.4/../../../../tricore/lib/tc161\libm.a(lib_a-s_round.o)
                              libee.a(graph.o) (round)
c:/hightec/toolch~1/tricore/v4660-~1.1/bin/../lib/gcc/tricore/4.6.4/tc161\libgcc.a(_addsub_df.o)
                              c:/hightec/toolch~1/tricore/v4660-~1.1/bin/../lib/gcc/tricore/4.6.4/../../../../tricore/lib/tc161\libm.a(lib_a-s_round.o) (__adddf3)
c:/hightec/toolch~1/tricore/v4660-~1.1/bin/../lib/gcc/tricore/4.6.4/tc161\libgcc.a(_thenan_df.o)
                              c:/hightec/toolch~1/tricore/v4660-~1.1/bin/../lib/gcc/tricore/4.6.4/tc161\libgcc.a(_addsub_df.o) (__thenan_df)
c:/hightec/toolch~1/tricore/v4660-~1.1/bin/../lib/gcc/tricore/4.6.4/tc161\libgcc.a(_ashldi3.o)
                              c:/hightec/toolch~1/tricore/v4660-~1.1/bin/../lib/gcc/tricore/4.6.4/tc161\libgcc.a(_addsub_df.o) (__ashldi3)
c:/hightec/toolch~1/tricore/v4660-~1.1/bin/../lib/gcc/tricore/4.6.4/tc161\libgcc.a(_lshrdi3.o)
                              c:/hightec/toolch~1/tricore/v4660-~1.1/bin/../lib/gcc/tricore/4.6.4/tc161\libgcc.a(_addsub_df.o) (__lshrdi3)
c:/hightec/toolch~1/tricore/v4660-~1.1/bin/../lib/gcc/tricore/4.6.4/tc161\libgcc.a(_pack_df.o)
                              c:/hightec/toolch~1/tricore/v4660-~1.1/bin/../lib/gcc/tricore/4.6.4/tc161\libgcc.a(_addsub_df.o) (__pack_d)
c:/hightec/toolch~1/tricore/v4660-~1.1/bin/../lib/gcc/tricore/4.6.4/tc161\libgcc.a(_unpack_df.o)
                              c:/hightec/toolch~1/tricore/v4660-~1.1/bin/../lib/gcc/tricore/4.6.4/tc161\libgcc.a(_addsub_df.o) (__unpack_d)

----- BEGIN EXTENDED MAP LISTING -----

>>> Linker and link run information

Linker version: GNU ld version (GNU Binutils) 2.20 (TriCore) using BFD version (GNU Binutils) 2.20 (v2.3), Tool Version v2.7
Name of linker executable: c:/hightec/toolch~1/tricore/v4660-~1.1/bin/../lib/gcc/tricore/4.6.4/../../../../tricore/bin/ld.exe
Date of link run: Tue Nov 22 09:18:57 2016
Name of linker map file: myProject_slave1.map

>>> Symbols (global (S = g) and static (S = l); sorted by address)

===================================================================================================================================================================================================================
Start      End         Size S Name                                       Memory    O-Sec                 I-Sec                                              Input object                                           
===================================================================================================================================================================================================================
0x00000000 0x00000007     8 g EE_as_spinlocks_locker_task_or_isr2        *default* .CPU1.data            .data.EE_as_spinlocks_locker_task_or_isr2          obj/eecfg.o
[...]
Memory Configuration

Name             Origin             Length             Used               Free               Attributes
*default*        0x00000000         0xffffffff         0x0002c364         0xfffd3c9b

Linker script and memory map

LOAD export_ee_global
LOAD obj/pkg/mcu/infineon_common_tc2Yx/src/ee_tc2Yx_cstart.o
LOAD obj/src/slave1.o
LOAD obj/eecfg.o
LOAD libee.a
LOAD c:/hightec/toolch~1/tricore/v4660-~1.1/bin/../lib/gcc/tricore/4.6.4/tc161\libgcc.a
LOAD c:/hightec/toolch~1/tricore/v4660-~1.1/bin/../lib/gcc/tricore/4.6.4/../../../../tricore/lib/tc161\libc.a
LOAD c:/hightec/toolch~1/tricore/v4660-~1.1/bin/../lib/gcc/tricore/4.6.4/../../../../tricore/lib/tc161\libos.a
LOAD c:/hightec/toolch~1/tricore/v4660-~1.1/bin/../lib/gcc/tricore/4.6.4/../../../../tricore/lib/tc161\libm.a
LOAD c:/hightec/toolch~1/tricore/v4660-~1.1/bin/../lib/gcc/tricore/4.6.4/../../../../tricore/lib/tc161\libc.a
LOAD c:/hightec/toolch~1/tricore/v4660-~1.1/bin/../lib/gcc/tricore/4.6.4/tc161\libgcc.a

ee_mcglobalt
 *(*.StartupHook)
 *(*.ErrorHook)
 *(*.ShutdownHook)
 *(*.ProtectionHook)
 *(ee_mcglobalt)

ee_mcglobald
 *(ee_mcglobald)

ee_mcglobalc
 *(ee_mcglobalc)

.CPU1.init
 *(.init)

.CPU1.fini
 *(.fini)

.CPU1.cramtext
 *(.cramtext)
 *(.cramtext.*)

.CPU1.traptab   memory region -> *default*
                0x00000000      0x100
 *(.traptab)
 .traptab       0x00000000      0x100 libee.a(ee_tc_trapvec.o)
                0x00000000                EE_tc_trap_mmu
                0x00000000                EE_tc_trap_table
                0x00000020                EE_tc_trap_protection
                0x00000040                EE_tc_trap_instruction
                0x00000060                EE_tc_trap_context
                0x00000080                EE_tc_trap_bus
                0x000000a0                EE_tc_trap_assertion
                0x000000c0                EE_tc_trap_system
                0x000000e0                EE_tc_trap_nmi
 *(.traptab*)

.CPU1.inttab    memory region -> *default*
                0x00000000      0x100
 *(.inttab)
 .inttab        0x00000000      0x100 libee.a(ee_tc_intvec.o)
                0x00000000                EE_tc_interrupt_table
                0x00000020                EE_tc_isr2_entry_1
                0x00000040                EE_tc_isr2_global_wrapper
 *(.*.inttab)

.CPU1.text      memory region -> *default*
                0x00000000     0x4916
 *(.text)
 .text          0x00000000        0x0 obj/pkg/mcu/infineon_common_tc2Yx/src/ee_tc2Yx_cstart.o
 .text          0x00000000        0x0 obj/src/slave1.o
 .text          0x00000000        0x0 obj/eecfg.o
 .text          0x00000000        0x0 libee.a(display.o)
 .text          0x00000000        0x0 libee.a(graph.o)
 .text          0x00000000        0x0 libee.a(util.o)
 .text          0x00000000        0x0 libee.a(ee_tc_trapvec.o)
 .text          0x00000000        0x0 libee.a(ee_tc_intvec.o)
 .text          0x00000000        0x0 libee.a(ee_tc_context.o)
 .text          0x00000000        0x0 libee.a(ee_tc_multicore.o)
 .text          0x00000000        0x0 libee.a(ee_as_spinlocks.o)
 .text          0x00000000        0x0 libee.a(ee_thendin.o)
 .text          0x00000000        0x0 libee.a(ee_irqendin.o)
 .text          0x00000000        0x0 libee.a(ee_tstub.o)
 .text          0x00000000        0x0 libee.a(ee_lookup.o)
 .text          0x00000000        0x0 libee.a(ee_rq_exchg.o)
 .text          0x00000000        0x0 libee.a(ee_rq_inser.o)
 .text          0x00000000        0x0 libee.a(ee_startos.o)
 .text          0x00000000        0x0 libee.a(ee_rn.o)
 .text          0x00000000        0x0 libee.a(ee_tc2Yx_system.o)
 .text          0x00000000        0x0 libee.a(ee_hal_structs.o)
 .text          0x00000000        0x0 libee.a(ee_tc_oo.o)
 .text          0x00000000        0x0 libee.a(ee_activate.o)
 .text          0x00000000        0x0 libee.a(ee_tnterm.o)
 .text          0x00000000        0x0 libee.a(ee_rnsend.o)
 .text          0x00000000        0x0 c:/hightec/toolch~1/tricore/v4660-~1.1/bin/../lib/gcc/tricore/4.6.4/../../../../tricore/lib/tc161\libos.a(libos_exit.o)
 .text          0x00000000        0x0 c:/hightec/toolch~1/tricore/v4660-~1.1/bin/../lib/gcc/tricore/4.6.4/../../../../tricore/lib/tc161\libm.a(lib_a-s_round.o)
 .text          0x00000000        0x0 c:/hightec/toolch~1/tricore/v4660-~1.1/bin/../lib/gcc/tricore/4.6.4/tc161\libgcc.a(_addsub_df.o)
 .text          0x00000000        0x0 c:/hightec/toolch~1/tricore/v4660-~1.1/bin/../lib/gcc/tricore/4.6.4/tc161\libgcc.a(_thenan_df.o)
 .text          0x00000000        0x0 c:/hightec/toolch~1/tricore/v4660-~1.1/bin/../lib/gcc/tricore/4.6.4/tc161\libgcc.a(_ashldi3.o)
 .text          0x00000000        0x0 c:/hightec/toolch~1/tricore/v4660-~1.1/bin/../lib/gcc/tricore/4.6.4/tc161\libgcc.a(_lshrdi3.o)
 .text          0x00000000        0x0 c:/hightec/toolch~1/tricore/v4660-~1.1/bin/../lib/gcc/tricore/4.6.4/tc161\libgcc.a(_pack_df.o)
 .text          0x00000000        0x0 c:/hightec/toolch~1/tricore/v4660-~1.1/bin/../lib/gcc/tricore/4.6.4/tc161\libgcc.a(_unpack_df.o)
 *(.text.*)
 .text.EE_tc2Yx_cpu1_start
                0x00000000      0x118 obj/pkg/mcu/infineon_common_tc2Yx/src/ee_tc2Yx_cstart.o
                0x00000000                EE_tc2Yx_cpu1_start
 .text.FuncTaskSlave1
                0x00000118       0x58 obj/src/slave1.o
                0x00000118                FuncTaskSlave1
 .text.main     0x00000170       0x16 obj/src/slave1.o
                0x00000170                main
 .text.tft_display_home.constprop.1
                0x00000186      0x29a libee.a(display.o)
 .text.DISPLAY_BackgroundColor
                0x00000420        0xa libee.a(display.o)
                0x00000420                DISPLAY_BackgroundColor
 .text.DISPLAY_Framebuffer_Init
                0x0000042a       0x20 libee.a(display.o)
                0x0000042a                DISPLAY_Framebuffer_Init
 .text.DISPLAY_colorTable_StdInit
                0x0000044a      0x116 libee.a(display.o)
                0x0000044a                DISPLAY_colorTable_StdInit
 .text.DISPLAY_Buffer_Init
                0x00000560       0x24 libee.a(display.o)
                0x00000560                DISPLAY_Buffer_Init
 .text.writeDisplay
                0x00000584       0x7c libee.a(display.o)
                0x00000584                writeDisplay
 .text.writePixel
                0x00000600       0x1a libee.a(display.o)
                0x00000600                writePixel
 .text.setPx    0x0000061a       0x68 libee.a(display.o)
                0x0000061a                setPx
 .text.printScrn
                0x00000682       0xa4 libee.a(display.o)
                0x00000682                printScrn
 .text.drawChar
                0x00000726      0x1a0 libee.a(display.o)
                0x00000726                drawChar
 .text.drawString.constprop.2
                0x000008c6       0x46 libee.a(display.o)
 .text.drawString
                0x0000090c       0xb0 libee.a(display.o)
                0x0000090c                drawString
 .text.drawBinary
                0x000009bc       0x68 libee.a(display.o)
                0x000009bc                drawBinary
 .text.DISPLAY_Init
                0x00000a24     0x1d38 libee.a(display.o)
                0x00000a24                DISPLAY_Init
 .text.DISPLAY_Clear
                0x0000275c       0xc0 libee.a(display.o)
                0x0000275c                DISPLAY_Clear
 .text.TOUCH_read
                0x0000281c      0x13c libee.a(display.o)
                0x0000281c                TOUCH_read
 .text.TOUCH_x  0x00002958       0x18 libee.a(display.o)
                0x00002958                TOUCH_x
 .text.TOUCH_y  0x00002970       0x18 libee.a(display.o)
                0x00002970                TOUCH_y
 .text.clearDisplayBuffer
                0x00002988       0x60 libee.a(display.o)
                0x00002988                clearDisplayBuffer
 .text.graph_line
                0x000029e8      0x2a0 libee.a(graph.o)
                0x000029e8                graph_line
 .text.graph_drawZPoint
                0x00002c88       0x62 libee.a(graph.o)
                0x00002c88                graph_drawZPoint
 .text.graph_drawXYPoint
                0x00002cea       0x7a libee.a(graph.o)
                0x00002cea                graph_drawXYPoint
 .text.graph_pointOnAxis
                0x00002d64       0x1a libee.a(graph.o)
                0x00002d64                graph_pointOnAxis
 .text.graph_hLine
                0x00002d7e       0x5a libee.a(graph.o)
                0x00002d7e                graph_hLine
 .text.graph_vLine
                0x00002dd8       0x5a libee.a(graph.o)
                0x00002dd8                graph_vLine
 .text.graph_squarePoint
                0x00002e32       0x5e libee.a(graph.o)
                0x00002e32                graph_squarePoint
 .text.graph_rasterCircle
                0x00002e90       0xd8 libee.a(graph.o)
                0x00002e90                graph_rasterCircle
 .text.graph_fillCircle
                0x00002f68       0x4c libee.a(graph.o)
                0x00002f68                graph_fillCircle
 .text.graph_drawRectangle
                0x00002fb4      0x1dc libee.a(graph.o)
                0x00002fb4                graph_drawRectangle
 .text.graph_fillRectangle
                0x00003190       0x34 libee.a(graph.o)
                0x00003190                graph_fillRectangle
 .text.graph_drawColorMap
                0x000031c4       0x4e libee.a(graph.o)
                0x000031c4                graph_drawColorMap
 .text.delay_us
                0x00003212        0x2 libee.a(util.o)
                0x00003212                delay_us
 .text.delay_ms
                0x00003214        0x2 libee.a(util.o)
                0x00003214                delay_ms
 .text.EE_tc_isr2_call_handler
                0x00003216        0x6 libee.a(ee_tc_intvec.o)
                0x00003216                EE_tc_isr2_call_handler
 .text.EE_std_change_context
                0x0000321c       0x98 libee.a(ee_tc_context.o)
                0x0000321c                EE_std_change_context
 .text.EE_hal_sync_barrier
                0x000032b4       0x72 libee.a(ee_tc_multicore.o)
                0x000032b4                EE_hal_sync_barrier
 .text.EE_tc_sync_barrier
                0x00003326       0x6c libee.a(ee_tc_multicore.o)
                0x00003326                EE_tc_sync_barrier
 .text.EE_TC_iirq_handler
                0x00003392        0x4 libee.a(ee_tc_multicore.o)
                0x00003392                EE_TC_iirq_handler
 .text.EE_as_GetSpinlock
                0x00003396       0xd0 libee.a(ee_as_spinlocks.o)
                0x00003396                EE_as_GetSpinlock
 .text.EE_as_ReleaseSpinlock
                0x00003466       0xc2 libee.a(ee_as_spinlocks.o)
                0x00003466                EE_as_ReleaseSpinlock
 .text.EE_as_TryToGetSpinlock
                0x00003528       0xde libee.a(ee_as_spinlocks.o)
                0x00003528                EE_as_TryToGetSpinlock
 .text.EE_as_release_all_spinlocks
                0x00003606       0x84 libee.a(ee_as_spinlocks.o)
                0x00003606                EE_as_release_all_spinlocks
 .text.EE_thread_end_instance
                0x0000368a      0x130 libee.a(ee_thendin.o)
                0x0000368a                EE_thread_end_instance
 .text.EE_oo_assign_TID_to_ISR2
                0x000037ba       0x4a libee.a(ee_irqendin.o)
                0x000037ba                EE_oo_assign_TID_to_ISR2
 .text.EE_IRQ_end_instance
                0x00003804       0x96 libee.a(ee_irqendin.o)
                0x00003804                EE_IRQ_end_instance
 .text.EE_IRQ_end_post_stub
                0x0000389a       0x62 libee.a(ee_irqendin.o)
                0x0000389a                EE_IRQ_end_post_stub
 .text.EE_oo_thread_stub
                0x000038fc        0xc libee.a(ee_tstub.o)
                0x000038fc                EE_oo_thread_stub
 .text.EE_rq2stk_exchange
                0x00003908       0x2a libee.a(ee_rq_exchg.o)
                0x00003908                EE_rq2stk_exchange
 .text.EE_rq_insert
                0x00003932       0x6c libee.a(ee_rq_inser.o)
                0x00003932                EE_rq_insert
 .text.EE_oo_StartOS
                0x0000399e      0x1e8 libee.a(ee_startos.o)
                0x0000399e                EE_oo_StartOS
 .text.EE_rn_handler
                0x00003b86      0x170 libee.a(ee_rn.o)
                0x00003b86                EE_rn_handler
 .text.EE_tc_cpu1_endint_disable
                0x00003cf6       0x20 libee.a(ee_tc2Yx_system.o)
                0x00003cf6                EE_tc_cpu1_endint_disable
 .text.EE_tc_cpu1_endint_enable
                0x00003d16       0x20 libee.a(ee_tc2Yx_system.o)
                0x00003d16                EE_tc_cpu1_endint_enable
 .text.EE_tc_safety_endinit_disable
                0x00003d36       0x20 libee.a(ee_tc2Yx_system.o)
                0x00003d36                EE_tc_safety_endinit_disable
 .text.EE_tc_safety_endinit_enable
                0x00003d56       0x20 libee.a(ee_tc2Yx_system.o)
                0x00003d56                EE_tc_safety_endinit_enable
 .text.EE_tc2Yx_get_clock
                0x00003d76       0x80 libee.a(ee_tc2Yx_system.o)
                0x00003d76                EE_tc2Yx_get_clock
 .text.EE_tc2Yx_stm_set_clockpersec
                0x00003df6       0xaa libee.a(ee_tc2Yx_system.o)
                0x00003df6                EE_tc2Yx_stm_set_clockpersec
 .text.EE_tc2Yx_stm_set_sr0
                0x00003ea0       0xd4 libee.a(ee_tc2Yx_system.o)
                0x00003ea0                EE_tc2Yx_stm_set_sr0
 .text.EE_tc2Yx_stm_set_sr0_next_match
                0x00003f74       0x6e libee.a(ee_tc2Yx_system.o)
                0x00003f74                EE_tc2Yx_stm_set_sr0_next_match
 .text.EE_tc2Yx_stm_set_sr1
                0x00003fe2       0xd4 libee.a(ee_tc2Yx_system.o)
                0x00003fe2                EE_tc2Yx_stm_set_sr1
 .text.EE_tc2Yx_stm_set_sr1_next_match
                0x000040b6       0x6e libee.a(ee_tc2Yx_system.o)
                0x000040b6                EE_tc2Yx_stm_set_sr1_next_match
 .text.EE_tc2Yx_delay
                0x00004124       0x60 libee.a(ee_tc2Yx_system.o)
                0x00004124                EE_tc2Yx_delay
 .text.EE_tc_dummy_context
                0x00004184       0x32 libee.a(ee_tc_oo.o)
 .text.EE_hal_terminate_task
                0x000041b6       0x5c libee.a(ee_tc_oo.o)
                0x000041b6                EE_hal_terminate_task
 .text.EE_hal_terminate_savestk
                0x00004212        0x8 libee.a(ee_tc_oo.o)
                0x00004212                EE_hal_terminate_savestk
 .text.EE_oo_ActivateTask
                0x0000421a      0x108 libee.a(ee_activate.o)
                0x0000421a                EE_oo_ActivateTask
 .text.EE_thread_not_terminated
                0x00004322       0x24 libee.a(ee_tnterm.o)
                0x00004322                EE_thread_not_terminated
 .text.EE_rn_send
                0x00004346      0x110 libee.a(ee_rnsend.o)
                0x00004346                EE_rn_send
 .text._exit    0x00004456       0x10 c:/hightec/toolch~1/tricore/v4660-~1.1/bin/../lib/gcc/tricore/4.6.4/../../../../tricore/lib/tc161\libos.a(libos_exit.o)
                0x00004456                _exit
 .text.round    0x00004466       0xb0 c:/hightec/toolch~1/tricore/v4660-~1.1/bin/../lib/gcc/tricore/4.6.4/../../../../tricore/lib/tc161\libm.a(lib_a-s_round.o)
                0x00004466                round
 .text._fpadd_parts
                0x00004516      0x1aa c:/hightec/toolch~1/tricore/v4660-~1.1/bin/../lib/gcc/tricore/4.6.4/tc161\libgcc.a(_addsub_df.o)
 .text.__adddf3
                0x000046c0       0x38 c:/hightec/toolch~1/tricore/v4660-~1.1/bin/../lib/gcc/tricore/4.6.4/tc161\libgcc.a(_addsub_df.o)
                0x000046c0                __adddf3
 .text.__subdf3
                0x000046f8       0x40 c:/hightec/toolch~1/tricore/v4660-~1.1/bin/../lib/gcc/tricore/4.6.4/tc161\libgcc.a(_addsub_df.o)
                0x000046f8                __subdf3
 .text.libgcc   0x00004738       0x1a c:/hightec/toolch~1/tricore/v4660-~1.1/bin/../lib/gcc/tricore/4.6.4/tc161\libgcc.a(_ashldi3.o)
                0x00004738                __ashldi3
 .text.libgcc   0x00004752       0x26 c:/hightec/toolch~1/tricore/v4660-~1.1/bin/../lib/gcc/tricore/4.6.4/tc161\libgcc.a(_lshrdi3.o)
                0x00004752                __lshrdi3
 .text.__pack_d
                0x00004778      0x10c c:/hightec/toolch~1/tricore/v4660-~1.1/bin/../lib/gcc/tricore/4.6.4/tc161\libgcc.a(_pack_df.o)
                0x00004778                __pack_d
 .text.__unpack_d
                0x00004884       0x92 c:/hightec/toolch~1/tricore/v4660-~1.1/bin/../lib/gcc/tricore/4.6.4/tc161\libgcc.a(_unpack_df.o)
                0x00004884                __unpack_d
 *(.gnu.linkonce.t.*)
 *(.gnu.warning)

.CPU1.ee_api_text
 *(ee_api_text)

.CPU1.ee_kernel_text
 *(ee_kernel_text)

.CPU1.gcc_except_table
 *(.gcc_except_table)

.CPU1.eh_frame
 *(.eh_frame)

.CPU1.jcr
 *(.jcr)

.CPU1.ctors
 *(.ctors)

.CPU1.dtors
 *(.dtors)

.CPU1.rodata    memory region -> *default*
                0x00000000       0x40
 *(.rodata)
 .rodata        0x00000000        0x4 libee.a(display.o)
 .rodata        0x00000004       0x14 c:/hightec/toolch~1/tricore/v4660-~1.1/bin/../lib/gcc/tricore/4.6.4/tc161\libgcc.a(_thenan_df.o)
                0x00000004                __thenan_df
 *(.rodata.*)
 .rodata.EE_oo_autostart_task_data
                0x00000018        0x8 obj/eecfg.o
                0x00000018                EE_oo_autostart_task_data
 .rodata.EE_th_is_extended
                0x00000020        0x4 obj/eecfg.o
                0x00000020                EE_th_is_extended
 .rodata.EE_th_dispatch_prio
                0x00000024        0x4 obj/eecfg.o
                0x00000024                EE_th_dispatch_prio
 .rodata.EE_th_ready_prio
                0x00000028        0x4 obj/eecfg.o
                0x00000028                EE_th_ready_prio
 .rodata.EE_terminate_real_th_body
                0x0000002c        0x4 obj/eecfg.o
                0x0000002c                EE_terminate_real_th_body
 .rodata.EE_hal_thread_body
                0x00000030        0x4 obj/eecfg.o
                0x00000030                EE_hal_thread_body
 .rodata.EE_std_thread_tos
                0x00000034        0x8 obj/eecfg.o
                0x00000034                EE_std_thread_tos
 .rodata.EE_oo_autostart_task_mode_OSDEFAULTAPPMODE
                0x0000003c        0x4 obj/eecfg.o
 *(.gnu.linkonce.r.*)
 *(.rodata1)
 *(.toc)

.CPU1.sdata2
 *(.sdata.rodata)
 *(.sdata.rodata.*)
 *(.srodata)

.CPU1.zbss
 *(.zbss)
 *(.zbss.*)
 *(.gnu.linkonce.zb.*)
 *(.bbss)
 *(.bbss.*)

.CPU1.zdata
 *(.zrodata)
 *(.zrodata.*)
 *(.zdata)
 *(.zdata.*)
 *(.gnu.linkonce.z.*)
 *(.bdata)
 *(.bdata.*)

.CPU1.sbss
 *(.sbss)
 *(.sbss.CONFIG)
 *(.sbss.*)
 *(.gnu.linkonce.sb.*)

.CPU1.sdata
 *(.sdata)
 *(.sdata.*)
 *(.gnu.linkonce.s.*)

.CPU1.bss       memory region -> *default*
                0x00000000    0x12cf8
 *(.bss)
 .bss           0x00000000        0x0 obj/pkg/mcu/infineon_common_tc2Yx/src/ee_tc2Yx_cstart.o
 .bss           0x00000000        0x0 obj/src/slave1.o
 .bss           0x00000000        0x0 obj/eecfg.o
 .bss           0x00000000        0x0 libee.a(display.o)
 .bss           0x00000000        0x0 libee.a(graph.o)
 .bss           0x00000000        0x0 libee.a(util.o)
 .bss           0x00000000        0x0 libee.a(ee_tc_trapvec.o)
 .bss           0x00000000        0x0 libee.a(ee_tc_intvec.o)
 .bss           0x00000000        0x0 libee.a(ee_tc_context.o)
 .bss           0x00000000        0x0 libee.a(ee_tc_multicore.o)
 .bss           0x00000000        0x0 libee.a(ee_as_spinlocks.o)
 .bss           0x00000000        0x0 libee.a(ee_thendin.o)
 .bss           0x00000000        0x0 libee.a(ee_irqendin.o)
 .bss           0x00000000        0x0 libee.a(ee_tstub.o)
 .bss           0x00000000        0x0 libee.a(ee_lookup.o)
 .bss           0x00000000        0x0 libee.a(ee_rq_exchg.o)
 .bss           0x00000000        0x0 libee.a(ee_rq_inser.o)
 .bss           0x00000000        0x0 libee.a(ee_startos.o)
 .bss           0x00000000        0x0 libee.a(ee_rn.o)
 .bss           0x00000000        0x0 libee.a(ee_tc2Yx_system.o)
 .bss           0x00000000        0x0 libee.a(ee_hal_structs.o)
 .bss           0x00000000        0x0 libee.a(ee_tc_oo.o)
 .bss           0x00000000        0x0 libee.a(ee_activate.o)
 .bss           0x00000000        0x0 libee.a(ee_tnterm.o)
 .bss           0x00000000        0x0 libee.a(ee_rnsend.o)
 .bss           0x00000000        0x8 c:/hightec/toolch~1/tricore/v4660-~1.1/bin/../lib/gcc/tricore/4.6.4/../../../../tricore/lib/tc161\libos.a(libos_exit.o)
                0x00000000                __progname
 .bss           0x00000008        0x0 c:/hightec/toolch~1/tricore/v4660-~1.1/bin/../lib/gcc/tricore/4.6.4/../../../../tricore/lib/tc161\libm.a(lib_a-s_round.o)
 .bss           0x00000008        0x0 c:/hightec/toolch~1/tricore/v4660-~1.1/bin/../lib/gcc/tricore/4.6.4/tc161\libgcc.a(_addsub_df.o)
 .bss           0x00000008        0x0 c:/hightec/toolch~1/tricore/v4660-~1.1/bin/../lib/gcc/tricore/4.6.4/tc161\libgcc.a(_thenan_df.o)
 .bss           0x00000008        0x0 c:/hightec/toolch~1/tricore/v4660-~1.1/bin/../lib/gcc/tricore/4.6.4/tc161\libgcc.a(_ashldi3.o)
 .bss           0x00000008        0x0 c:/hightec/toolch~1/tricore/v4660-~1.1/bin/../lib/gcc/tricore/4.6.4/tc161\libgcc.a(_lshrdi3.o)
 .bss           0x00000008        0x0 c:/hightec/toolch~1/tricore/v4660-~1.1/bin/../lib/gcc/tricore/4.6.4/tc161\libgcc.a(_pack_df.o)
 .bss           0x00000008        0x0 c:/hightec/toolch~1/tricore/v4660-~1.1/bin/../lib/gcc/tricore/4.6.4/tc161\libgcc.a(_unpack_df.o)
 *(.bss.*)
 .bss.EE_ApplicationMode
                0x00000008        0x4 obj/eecfg.o
                0x00000008                EE_ApplicationMode
 .bss.EE_isr2_nesting_level
                0x0000000c        0x4 obj/eecfg.o
                0x0000000c                EE_isr2_nesting_level
 .bss.EE_th_waswaiting
                0x00000010        0x4 obj/eecfg.o
                0x00000010                EE_th_waswaiting
 .bss.EE_th_event_waitmask
                0x00000014        0x4 obj/eecfg.o
                0x00000014                EE_th_event_waitmask
 .bss.EE_th_event_active
                0x00000018        0x4 obj/eecfg.o
                0x00000018                EE_th_event_active
 .bss.EE_sys_ceiling
                0x0000001c        0x4 obj/eecfg.o
                0x0000001c                EE_sys_ceiling
 .bss.EE_terminate_data
                0x00000020        0x4 obj/eecfg.o
                0x00000020                EE_terminate_data
 .bss.EE_tc_tasks_RA
                0x00000024        0x8 obj/eecfg.o
                0x00000024                EE_tc_tasks_RA
 .bss.EE_tc_active_tos
                0x0000002c        0x4 obj/eecfg.o
                0x0000002c                EE_tc_active_tos
 .bss.touch_y   0x00000030        0x2 libee.a(display.o)
                0x00000030                touch_y
 .bss.touch_x   0x00000032        0x2 libee.a(display.o)
                0x00000032                touch_x
 .bss.defaultDispBufReady
                0x00000034        0x4 libee.a(display.o)
                0x00000034                defaultDispBufReady
 .bss.BackgroundColor
                0x00000038        0x1 libee.a(display.o)
                0x00000038                BackgroundColor
 *fill*         0x00000039        0x1 00
 .bss.colorTable
                0x0000003a       0x96 libee.a(display.o)
                0x0000003a                colorTable
 .bss.frameBuffer
                0x000000d0    0x12c00 libee.a(display.o)
                0x000000d0                frameBuffer
 .bss.EE_tc_active_utid
                0x00012cd0        0x4 libee.a(ee_tc_context.o)
                0x00012cd0                EE_tc_active_utid
 .bss.EE_oo_IRQ_suspend_status
                0x00012cd4        0x4 libee.a(ee_lookup.o)
                0x00012cd4                EE_oo_IRQ_suspend_status
 .bss.EE_oo_IRQ_disable_count
                0x00012cd8        0x4 libee.a(ee_lookup.o)
                0x00012cd8                EE_oo_IRQ_disable_count
 .bss.EE_oo_started
                0x00012cdc        0x4 libee.a(ee_startos.o)
                0x00012cdc                EE_oo_started
 .bss.EE_ORTI_runningisr2
                0x00012ce0        0x4 libee.a(ee_startos.o)
                0x00012ce0                EE_ORTI_runningisr2
 .bss.EE_ORTI_th_priority
                0x00012ce4        0x4 libee.a(ee_startos.o)
                0x00012ce4                EE_ORTI_th_priority
 .bss.EE_ORTI_lasterror
                0x00012ce8        0x1 libee.a(ee_startos.o)
                0x00012ce8                EE_ORTI_lasterror
 .bss.EE_ORTI_servicetrace
                0x00012ce9        0x1 libee.a(ee_startos.o)
                0x00012ce9                EE_ORTI_servicetrace
 *fill*         0x00012cea        0x2 00
 .bss.EE_tc2Yx_stm_freq_khz
                0x00012cec        0x4 libee.a(ee_tc2Yx_system.o)
 .bss.EE_std_endcycle_next_tid
                0x00012cf0        0x4 libee.a(ee_hal_structs.o)
                0x00012cf0                EE_std_endcycle_next_tid
 .bss.EE_IRQ_nesting_level
                0x00012cf4        0x4 libee.a(ee_hal_structs.o)
                0x00012cf4                EE_IRQ_nesting_level
 *(.gnu.linkonce.b.*)
 *(COMMON)

.CPU1.data      memory region -> *default*
                0x00000000       0x34
 *(.data)
 .data          0x00000000        0x0 obj/pkg/mcu/infineon_common_tc2Yx/src/ee_tc2Yx_cstart.o
 .data          0x00000000        0x0 obj/src/slave1.o
 .data          0x00000000        0x0 obj/eecfg.o
 .data          0x00000000        0x0 libee.a(display.o)
 .data          0x00000000        0x0 libee.a(graph.o)
 .data          0x00000000        0x0 libee.a(util.o)
 .data          0x00000000        0x0 libee.a(ee_tc_trapvec.o)
 .data          0x00000000        0x0 libee.a(ee_tc_intvec.o)
 .data          0x00000000        0x0 libee.a(ee_tc_context.o)
 .data          0x00000000        0x0 libee.a(ee_tc_multicore.o)
 .data          0x00000000        0x0 libee.a(ee_as_spinlocks.o)
 .data          0x00000000        0x0 libee.a(ee_thendin.o)
 .data          0x00000000        0x0 libee.a(ee_irqendin.o)
 .data          0x00000000        0x0 libee.a(ee_tstub.o)
 .data          0x00000000        0x0 libee.a(ee_lookup.o)
 .data          0x00000000        0x0 libee.a(ee_rq_exchg.o)
 .data          0x00000000        0x0 libee.a(ee_rq_inser.o)
 .data          0x00000000        0x0 libee.a(ee_startos.o)
 .data          0x00000000        0x0 libee.a(ee_rn.o)
 .data          0x00000000        0x0 libee.a(ee_tc2Yx_system.o)
 .data          0x00000000        0x0 libee.a(ee_hal_structs.o)
 .data          0x00000000        0x0 libee.a(ee_tc_oo.o)
 .data          0x00000000        0x0 libee.a(ee_activate.o)
 .data          0x00000000        0x0 libee.a(ee_tnterm.o)
 .data          0x00000000        0x0 libee.a(ee_rnsend.o)
 .data          0x00000000        0x0 c:/hightec/toolch~1/tricore/v4660-~1.1/bin/../lib/gcc/tricore/4.6.4/../../../../tricore/lib/tc161\libos.a(libos_exit.o)
 .data          0x00000000        0x0 c:/hightec/toolch~1/tricore/v4660-~1.1/bin/../lib/gcc/tricore/4.6.4/../../../../tricore/lib/tc161\libm.a(lib_a-s_round.o)
 .data          0x00000000        0x0 c:/hightec/toolch~1/tricore/v4660-~1.1/bin/../lib/gcc/tricore/4.6.4/tc161\libgcc.a(_addsub_df.o)
 .data          0x00000000        0x0 c:/hightec/toolch~1/tricore/v4660-~1.1/bin/../lib/gcc/tricore/4.6.4/tc161\libgcc.a(_thenan_df.o)
 .data          0x00000000        0x0 c:/hightec/toolch~1/tricore/v4660-~1.1/bin/../lib/gcc/tricore/4.6.4/tc161\libgcc.a(_ashldi3.o)
 .data          0x00000000        0x0 c:/hightec/toolch~1/tricore/v4660-~1.1/bin/../lib/gcc/tricore/4.6.4/tc161\libgcc.a(_lshrdi3.o)
 .data          0x00000000        0x0 c:/hightec/toolch~1/tricore/v4660-~1.1/bin/../lib/gcc/tricore/4.6.4/tc161\libgcc.a(_pack_df.o)
 .data          0x00000000        0x0 c:/hightec/toolch~1/tricore/v4660-~1.1/bin/../lib/gcc/tricore/4.6.4/tc161\libgcc.a(_unpack_df.o)
 *(.data.*)
 .data.EE_as_spinlocks_locker_task_or_isr2
                0x00000000        0x8 obj/eecfg.o
                0x00000000                EE_as_spinlocks_locker_task_or_isr2
 .data.EE_th_terminate_nextask
                0x00000008        0x4 obj/eecfg.o
                0x00000008                EE_th_terminate_nextask
 .data.EE_rq_first
                0x0000000c        0x4 obj/eecfg.o
                0x0000000c                EE_rq_first
 .data.EE_th_rnact
                0x00000010        0x4 obj/eecfg.o
                0x00000010                EE_th_rnact
 .data.EE_stkfirst
                0x00000014        0x4 obj/eecfg.o
                0x00000014                EE_stkfirst
 .data.EE_th_next
                0x00000018        0x4 obj/eecfg.o
                0x00000018                EE_th_next
 .data.EE_th_status
                0x0000001c        0x4 obj/eecfg.o
                0x0000001c                EE_th_status
 .data.EE_tc_system_tos
                0x00000020       0x10 obj/eecfg.o
                0x00000020                EE_tc_system_tos
 .data.EE_isr2_index
                0x00000030        0x4 libee.a(ee_irqendin.o)
                0x00000030                EE_isr2_index
 *(.gnu.linkonce.d.*)

.CPU1.ustack

.CPU1.istack

.CPU1.heap

.CPU1.csa

.CPU1.ee_api_bss
 *(ee_api_bss)

.CPU1.ee_api_data
 *(ee_api_data)

.CPU1.ee_kernel_bss
 *(ee_kernel_bss)

.CPU1.ee_kernel_data
 *(ee_kernel_data)

.CPU1.ee_kernel_stack memory region -> *default*
                0x00000000      0x208
 *(ee_kernel_stack)
 ee_kernel_stack
                0x00000000      0x208 obj/eecfg.o
                0x00000000                EE_tc_stack_1

.comment        memory region -> *default*
                0x00000000      0x8b8
 *(.comment)
 .comment       0x00000000       0x48 obj/pkg/mcu/infineon_common_tc2Yx/src/ee_tc2Yx_cstart.o
 .comment       0x00000048       0x48 obj/src/slave1.o
 .comment       0x00000090       0x48 obj/eecfg.o
 .comment       0x000000d8       0x48 libee.a(display.o)
 .comment       0x00000120       0x48 libee.a(graph.o)
 .comment       0x00000168       0x48 libee.a(util.o)
 .comment       0x000001b0       0x48 libee.a(ee_tc_trapvec.o)
 .comment       0x000001f8       0x48 libee.a(ee_tc_intvec.o)
 .comment       0x00000240       0x48 libee.a(ee_tc_context.o)
 .comment       0x00000288       0x48 libee.a(ee_tc_multicore.o)
 .comment       0x000002d0       0x48 libee.a(ee_as_spinlocks.o)
 .comment       0x00000318       0x48 libee.a(ee_thendin.o)
 .comment       0x00000360       0x48 libee.a(ee_irqendin.o)
 .comment       0x000003a8       0x48 libee.a(ee_tstub.o)
 .comment       0x000003f0       0x48 libee.a(ee_lookup.o)
 .comment       0x00000438       0x48 libee.a(ee_rq_exchg.o)
 .comment       0x00000480       0x48 libee.a(ee_rq_inser.o)
 .comment       0x000004c8       0x48 libee.a(ee_startos.o)
 .comment       0x00000510       0x48 libee.a(ee_rn.o)
 .comment       0x00000558       0x48 libee.a(ee_tc2Yx_system.o)
 .comment       0x000005a0       0x48 libee.a(ee_hal_structs.o)
 .comment       0x000005e8       0x48 libee.a(ee_tc_oo.o)
 .comment       0x00000630       0x48 libee.a(ee_activate.o)
 .comment       0x00000678       0x48 libee.a(ee_tnterm.o)
 .comment       0x000006c0       0x48 libee.a(ee_rnsend.o)
 .comment       0x00000708       0x48 c:/hightec/toolch~1/tricore/v4660-~1.1/bin/../lib/gcc/tricore/4.6.4/../../../../tricore/lib/tc161\libos.a(libos_exit.o)
 .comment       0x00000750       0x48 c:/hightec/toolch~1/tricore/v4660-~1.1/bin/../lib/gcc/tricore/4.6.4/../../../../tricore/lib/tc161\libm.a(lib_a-s_round.o)
 .comment       0x00000798       0x48 c:/hightec/toolch~1/tricore/v4660-~1.1/bin/../lib/gcc/tricore/4.6.4/tc161\libgcc.a(_addsub_df.o)
 .comment       0x000007e0       0x48 c:/hightec/toolch~1/tricore/v4660-~1.1/bin/../lib/gcc/tricore/4.6.4/tc161\libgcc.a(_thenan_df.o)
 .comment       0x00000828       0x48 c:/hightec/toolch~1/tricore/v4660-~1.1/bin/../lib/gcc/tricore/4.6.4/tc161\libgcc.a(_pack_df.o)
 .comment       0x00000870       0x48 c:/hightec/toolch~1/tricore/v4660-~1.1/bin/../lib/gcc/tricore/4.6.4/tc161\libgcc.a(_unpack_df.o)

.debug
 *(.debug)

.line
 *(.line)

.debug_srcinfo
 *(.debug_srcinfo)

.debug_sfnames
 *(.debug_sfnames)

.debug_aranges  memory region -> *default*
                0x00000000      0x528
 *(.debug_aranges)
 .debug_aranges
                0x00000000       0x20 obj/pkg/mcu/infineon_common_tc2Yx/src/ee_tc2Yx_cstart.o
 .debug_aranges
                0x00000020       0x28 obj/src/slave1.o
 .debug_aranges
                0x00000048       0xb0 libee.a(display.o)
 .debug_aranges
                0x000000f8       0x78 libee.a(graph.o)
 .debug_aranges
                0x00000170       0x28 libee.a(util.o)
 .debug_aranges
                0x00000198       0x28 libee.a(ee_tc_intvec.o)
 .debug_aranges
                0x000001c0       0x20 libee.a(ee_tc_context.o)
 .debug_aranges
                0x000001e0       0x30 libee.a(ee_tc_multicore.o)
 .debug_aranges
                0x00000210       0x38 libee.a(ee_as_spinlocks.o)
 .debug_aranges
                0x00000248       0x20 libee.a(ee_thendin.o)
 .debug_aranges
                0x00000268       0x30 libee.a(ee_irqendin.o)
 .debug_aranges
                0x00000298       0x20 libee.a(ee_tstub.o)
 .debug_aranges
                0x000002b8       0x20 libee.a(ee_rq_exchg.o)
 .debug_aranges
                0x000002d8       0x20 libee.a(ee_rq_inser.o)
 .debug_aranges
                0x000002f8       0x20 libee.a(ee_startos.o)
 .debug_aranges
                0x00000318       0x20 libee.a(ee_rn.o)
 .debug_aranges
                0x00000338       0x70 libee.a(ee_tc2Yx_system.o)
 .debug_aranges
                0x000003a8       0x30 libee.a(ee_tc_oo.o)
 .debug_aranges
                0x000003d8       0x20 libee.a(ee_activate.o)
 .debug_aranges
                0x000003f8       0x20 libee.a(ee_tnterm.o)
 .debug_aranges
                0x00000418       0x20 libee.a(ee_rnsend.o)
 .debug_aranges
                0x00000438       0x20 c:/hightec/toolch~1/tricore/v4660-~1.1/bin/../lib/gcc/tricore/4.6.4/../../../../tricore/lib/tc161\libos.a(libos_exit.o)
 .debug_aranges
                0x00000458       0x20 c:/hightec/toolch~1/tricore/v4660-~1.1/bin/../lib/gcc/tricore/4.6.4/../../../../tricore/lib/tc161\libm.a(lib_a-s_round.o)
 .debug_aranges
                0x00000478       0x30 c:/hightec/toolch~1/tricore/v4660-~1.1/bin/../lib/gcc/tricore/4.6.4/tc161\libgcc.a(_addsub_df.o)
 .debug_aranges
                0x000004a8       0x20 c:/hightec/toolch~1/tricore/v4660-~1.1/bin/../lib/gcc/tricore/4.6.4/tc161\libgcc.a(_ashldi3.o)
 .debug_aranges
                0x000004c8       0x20 c:/hightec/toolch~1/tricore/v4660-~1.1/bin/../lib/gcc/tricore/4.6.4/tc161\libgcc.a(_lshrdi3.o)
 .debug_aranges
                0x000004e8       0x20 c:/hightec/toolch~1/tricore/v4660-~1.1/bin/../lib/gcc/tricore/4.6.4/tc161\libgcc.a(_pack_df.o)
 .debug_aranges
                0x00000508       0x20 c:/hightec/toolch~1/tricore/v4660-~1.1/bin/../lib/gcc/tricore/4.6.4/tc161\libgcc.a(_unpack_df.o)

.debug_pubnames
 *(.debug_pubnames)

.debug_info     memory region -> *default*
                0x00000000    0x1767b
 *(.debug_info)
 .debug_info    0x00000000     0x100e obj/pkg/mcu/infineon_common_tc2Yx/src/ee_tc2Yx_cstart.o
 .debug_info    0x0000100e      0x8b4 obj/src/slave1.o
 .debug_info    0x000018c2      0x9a9 obj/eecfg.o
 .debug_info    0x0000226b     0x3fed libee.a(display.o)
 .debug_info    0x00006258      0xee5 libee.a(graph.o)
 .debug_info    0x0000713d      0x117 libee.a(util.o)
 .debug_info    0x00007254      0x18d libee.a(ee_tc_trapvec.o)
 .debug_info    0x000073e1      0xce2 libee.a(ee_tc_intvec.o)
 .debug_info    0x000080c3      0xc4e libee.a(ee_tc_context.o)
 .debug_info    0x00008d11      0xace libee.a(ee_tc_multicore.o)
 .debug_info    0x000097df     0x155c libee.a(ee_as_spinlocks.o)
 .debug_info    0x0000ad3b      0xb33 libee.a(ee_thendin.o)
 .debug_info    0x0000b86e      0xb72 libee.a(ee_irqendin.o)
 .debug_info    0x0000c3e0      0x85b libee.a(ee_tstub.o)
 .debug_info    0x0000cc3b      0x6c6 libee.a(ee_lookup.o)
 .debug_info    0x0000d301      0x6fe libee.a(ee_rq_exchg.o)
 .debug_info    0x0000d9ff      0x713 libee.a(ee_rq_inser.o)
 .debug_info    0x0000e112     0x13fd libee.a(ee_startos.o)
 .debug_info    0x0000f50f     0x1294 libee.a(ee_rn.o)
 .debug_info    0x000107a3     0x1c81 libee.a(ee_tc2Yx_system.o)
 .debug_info    0x00012424      0x6cc libee.a(ee_hal_structs.o)
 .debug_info    0x00012af0     0x108e libee.a(ee_tc_oo.o)
 .debug_info    0x00013b7e     0x109c libee.a(ee_activate.o)
 .debug_info    0x00014c1a      0x79b libee.a(ee_tnterm.o)
 .debug_info    0x000153b5      0xbe9 libee.a(ee_rnsend.o)
 .debug_info    0x00015f9e      0x18d c:/hightec/toolch~1/tricore/v4660-~1.1/bin/../lib/gcc/tricore/4.6.4/../../../../tricore/lib/tc161\libos.a(libos_exit.o)
 .debug_info    0x0001612b      0x2d1 c:/hightec/toolch~1/tricore/v4660-~1.1/bin/../lib/gcc/tricore/4.6.4/../../../../tricore/lib/tc161\libm.a(lib_a-s_round.o)
 .debug_info    0x000163fc      0x5f3 c:/hightec/toolch~1/tricore/v4660-~1.1/bin/../lib/gcc/tricore/4.6.4/tc161\libgcc.a(_addsub_df.o)
 .debug_info    0x000169ef      0x2c4 c:/hightec/toolch~1/tricore/v4660-~1.1/bin/../lib/gcc/tricore/4.6.4/tc161\libgcc.a(_thenan_df.o)
 .debug_info    0x00016cb3      0x100 c:/hightec/toolch~1/tricore/v4660-~1.1/bin/../lib/gcc/tricore/4.6.4/tc161\libgcc.a(_ashldi3.o)
 .debug_info    0x00016db3      0x100 c:/hightec/toolch~1/tricore/v4660-~1.1/bin/../lib/gcc/tricore/4.6.4/tc161\libgcc.a(_lshrdi3.o)
 .debug_info    0x00016eb3      0x427 c:/hightec/toolch~1/tricore/v4660-~1.1/bin/../lib/gcc/tricore/4.6.4/tc161\libgcc.a(_pack_df.o)
 .debug_info    0x000172da      0x3a1 c:/hightec/toolch~1/tricore/v4660-~1.1/bin/../lib/gcc/tricore/4.6.4/tc161\libgcc.a(_unpack_df.o)

.debug_abbrev   memory region -> *default*
                0x00000000     0x37c6
 *(.debug_abbrev)
 .debug_abbrev  0x00000000      0x262 obj/pkg/mcu/infineon_common_tc2Yx/src/ee_tc2Yx_cstart.o
 .debug_abbrev  0x00000262      0x182 obj/src/slave1.o
 .debug_abbrev  0x000003e4      0x132 obj/eecfg.o
 .debug_abbrev  0x00000516      0x41a libee.a(display.o)
 .debug_abbrev  0x00000930      0x2c5 libee.a(graph.o)
 .debug_abbrev  0x00000bf5       0x67 libee.a(util.o)
 .debug_abbrev  0x00000c5c       0x56 libee.a(ee_tc_trapvec.o)
 .debug_abbrev  0x00000cb2      0x272 libee.a(ee_tc_intvec.o)
 .debug_abbrev  0x00000f24      0x252 libee.a(ee_tc_context.o)
 .debug_abbrev  0x00001176      0x22c libee.a(ee_tc_multicore.o)
 .debug_abbrev  0x000013a2      0x33e libee.a(ee_as_spinlocks.o)
 .debug_abbrev  0x000016e0      0x210 libee.a(ee_thendin.o)
 .debug_abbrev  0x000018f0      0x201 libee.a(ee_irqendin.o)
 .debug_abbrev  0x00001af1      0x131 libee.a(ee_tstub.o)
 .debug_abbrev  0x00001c22       0xde libee.a(ee_lookup.o)
 .debug_abbrev  0x00001d00       0xf7 libee.a(ee_rq_exchg.o)
 .debug_abbrev  0x00001df7      0x111 libee.a(ee_rq_inser.o)
 .debug_abbrev  0x00001f08      0x327 libee.a(ee_startos.o)
 .debug_abbrev  0x0000222f      0x2d2 libee.a(ee_rn.o)
 .debug_abbrev  0x00002501      0x342 libee.a(ee_tc2Yx_system.o)
 .debug_abbrev  0x00002843       0xde libee.a(ee_hal_structs.o)
 .debug_abbrev  0x00002921      0x281 libee.a(ee_tc_oo.o)
 .debug_abbrev  0x00002ba2      0x2ec libee.a(ee_activate.o)
 .debug_abbrev  0x00002e8e      0x162 libee.a(ee_tnterm.o)
 .debug_abbrev  0x00002ff0      0x206 libee.a(ee_rnsend.o)
 .debug_abbrev  0x000031f6       0x5f c:/hightec/toolch~1/tricore/v4660-~1.1/bin/../lib/gcc/tricore/4.6.4/../../../../tricore/lib/tc161\libos.a(libos_exit.o)
 .debug_abbrev  0x00003255       0xdd c:/hightec/toolch~1/tricore/v4660-~1.1/bin/../lib/gcc/tricore/4.6.4/../../../../tricore/lib/tc161\libm.a(lib_a-s_round.o)
 .debug_abbrev  0x00003332      0x151 c:/hightec/toolch~1/tricore/v4660-~1.1/bin/../lib/gcc/tricore/4.6.4/tc161\libgcc.a(_addsub_df.o)
 .debug_abbrev  0x00003483       0xaf c:/hightec/toolch~1/tricore/v4660-~1.1/bin/../lib/gcc/tricore/4.6.4/tc161\libgcc.a(_thenan_df.o)
 .debug_abbrev  0x00003532       0x14 c:/hightec/toolch~1/tricore/v4660-~1.1/bin/../lib/gcc/tricore/4.6.4/tc161\libgcc.a(_ashldi3.o)
 .debug_abbrev  0x00003546       0x14 c:/hightec/toolch~1/tricore/v4660-~1.1/bin/../lib/gcc/tricore/4.6.4/tc161\libgcc.a(_lshrdi3.o)
 .debug_abbrev  0x0000355a      0x152 c:/hightec/toolch~1/tricore/v4660-~1.1/bin/../lib/gcc/tricore/4.6.4/tc161\libgcc.a(_pack_df.o)
 .debug_abbrev  0x000036ac      0x11a c:/hightec/toolch~1/tricore/v4660-~1.1/bin/../lib/gcc/tricore/4.6.4/tc161\libgcc.a(_unpack_df.o)

.debug_line     memory region -> *default*
                0x00000000     0x6590
 *(.debug_line)
 .debug_line    0x00000000      0x443 obj/pkg/mcu/infineon_common_tc2Yx/src/ee_tc2Yx_cstart.o
 .debug_line    0x00000443      0x355 obj/src/slave1.o
 .debug_line    0x00000798      0x193 obj/eecfg.o
 .debug_line    0x0000092b      0xd0c libee.a(display.o)
 .debug_line    0x00001637      0x5a5 libee.a(graph.o)
 .debug_line    0x00001bdc       0x9e libee.a(util.o)
 .debug_line    0x00001c7a       0xbb libee.a(ee_tc_trapvec.o)
 .debug_line    0x00001d35      0x349 libee.a(ee_tc_intvec.o)
 .debug_line    0x0000207e      0x392 libee.a(ee_tc_context.o)
 .debug_line    0x00002410      0x37a libee.a(ee_tc_multicore.o)
 .debug_line    0x0000278a      0x541 libee.a(ee_as_spinlocks.o)
 .debug_line    0x00002ccb      0x36a libee.a(ee_thendin.o)
 .debug_line    0x00003035      0x30e libee.a(ee_irqendin.o)
 .debug_line    0x00003343      0x290 libee.a(ee_tstub.o)
 .debug_line    0x000035d3      0x281 libee.a(ee_lookup.o)
 .debug_line    0x00003854      0x297 libee.a(ee_rq_exchg.o)
 .debug_line    0x00003aeb      0x2a6 libee.a(ee_rq_inser.o)
 .debug_line    0x00003d91      0x449 libee.a(ee_startos.o)
 .debug_line    0x000041da      0x4f8 libee.a(ee_rn.o)
 .debug_line    0x000046d2      0x6d8 libee.a(ee_tc2Yx_system.o)
 .debug_line    0x00004daa      0x264 libee.a(ee_hal_structs.o)
 .debug_line    0x0000500e      0x397 libee.a(ee_tc_oo.o)
 .debug_line    0x000053a5      0x410 libee.a(ee_activate.o)
 .debug_line    0x000057b5      0x324 libee.a(ee_tnterm.o)
 .debug_line    0x00005ad9      0x3f3 libee.a(ee_rnsend.o)
 .debug_line    0x00005ecc       0x8a c:/hightec/toolch~1/tricore/v4660-~1.1/bin/../lib/gcc/tricore/4.6.4/../../../../tricore/lib/tc161\libos.a(libos_exit.o)
 .debug_line    0x00005f56      0x16c c:/hightec/toolch~1/tricore/v4660-~1.1/bin/../lib/gcc/tricore/4.6.4/../../../../tricore/lib/tc161\libm.a(lib_a-s_round.o)
 .debug_line    0x000060c2      0x14c c:/hightec/toolch~1/tricore/v4660-~1.1/bin/../lib/gcc/tricore/4.6.4/tc161\libgcc.a(_addsub_df.o)
 .debug_line    0x0000620e       0x92 c:/hightec/toolch~1/tricore/v4660-~1.1/bin/../lib/gcc/tricore/4.6.4/tc161\libgcc.a(_thenan_df.o)
 .debug_line    0x000062a0       0x97 c:/hightec/toolch~1/tricore/v4660-~1.1/bin/../lib/gcc/tricore/4.6.4/tc161\libgcc.a(_ashldi3.o)
 .debug_line    0x00006337       0x9b c:/hightec/toolch~1/tricore/v4660-~1.1/bin/../lib/gcc/tricore/4.6.4/tc161\libgcc.a(_lshrdi3.o)
 .debug_line    0x000063d2       0xef c:/hightec/toolch~1/tricore/v4660-~1.1/bin/../lib/gcc/tricore/4.6.4/tc161\libgcc.a(_pack_df.o)
 .debug_line    0x000064c1       0xcf c:/hightec/toolch~1/tricore/v4660-~1.1/bin/../lib/gcc/tricore/4.6.4/tc161\libgcc.a(_unpack_df.o)

.debug_frame    memory region -> *default*
                0x00000000      0x6c0
 *(.debug_frame)
 .debug_frame   0x00000000       0x20 obj/pkg/mcu/infineon_common_tc2Yx/src/ee_tc2Yx_cstart.o
 .debug_frame   0x00000020       0x34 obj/src/slave1.o
 .debug_frame   0x00000054      0x158 libee.a(display.o)
 .debug_frame   0x000001ac       0xd4 libee.a(graph.o)
 .debug_frame   0x00000280       0x30 libee.a(util.o)
 .debug_frame   0x000002b0       0x30 libee.a(ee_tc_intvec.o)
 .debug_frame   0x000002e0       0x20 libee.a(ee_tc_context.o)
 .debug_frame   0x00000300       0x44 libee.a(ee_tc_multicore.o)
 .debug_frame   0x00000344       0x50 libee.a(ee_as_spinlocks.o)
 .debug_frame   0x00000394       0x20 libee.a(ee_thendin.o)
 .debug_frame   0x000003b4       0x40 libee.a(ee_irqendin.o)
 .debug_frame   0x000003f4       0x20 libee.a(ee_tstub.o)
 .debug_frame   0x00000414       0x20 libee.a(ee_rq_exchg.o)
 .debug_frame   0x00000434       0x20 libee.a(ee_rq_inser.o)
 .debug_frame   0x00000454       0x20 libee.a(ee_startos.o)
 .debug_frame   0x00000474       0x24 libee.a(ee_rn.o)
 .debug_frame   0x00000498       0xc0 libee.a(ee_tc2Yx_system.o)
 .debug_frame   0x00000558       0x40 libee.a(ee_tc_oo.o)
 .debug_frame   0x00000598       0x20 libee.a(ee_activate.o)
 .debug_frame   0x000005b8       0x20 libee.a(ee_tnterm.o)
 .debug_frame   0x000005d8       0x20 libee.a(ee_rnsend.o)
 .debug_frame   0x000005f8       0x20 c:/hightec/toolch~1/tricore/v4660-~1.1/bin/../lib/gcc/tricore/4.6.4/../../../../tricore/lib/tc161\libos.a(libos_exit.o)
 .debug_frame   0x00000618       0x20 c:/hightec/toolch~1/tricore/v4660-~1.1/bin/../lib/gcc/tricore/4.6.4/../../../../tricore/lib/tc161\libm.a(lib_a-s_round.o)
 .debug_frame   0x00000638       0x48 c:/hightec/toolch~1/tricore/v4660-~1.1/bin/../lib/gcc/tricore/4.6.4/tc161\libgcc.a(_addsub_df.o)
 .debug_frame   0x00000680       0x20 c:/hightec/toolch~1/tricore/v4660-~1.1/bin/../lib/gcc/tricore/4.6.4/tc161\libgcc.a(_pack_df.o)
 .debug_frame   0x000006a0       0x20 c:/hightec/toolch~1/tricore/v4660-~1.1/bin/../lib/gcc/tricore/4.6.4/tc161\libgcc.a(_unpack_df.o)

.debug_str      memory region -> *default*
                0x00000000      0x1be
 *(.debug_str)
 .debug_str     0x00000000       0x2b obj/pkg/mcu/infineon_common_tc2Yx/src/ee_tc2Yx_cstart.o
 .debug_str     0x0000002b       0x48 libee.a(display.o)
 .debug_str     0x00000073        0xc libee.a(graph.o)
 .debug_str     0x0000007f        0xa libee.a(ee_tc_intvec.o)
 .debug_str     0x00000089       0x25 libee.a(ee_as_spinlocks.o)
 .debug_str     0x000000ae        0x7 libee.a(ee_thendin.o)
 .debug_str     0x000000b5        0xf libee.a(ee_irqendin.o)
 .debug_str     0x000000c4       0x58 libee.a(ee_startos.o)
 .debug_str     0x0000011c        0xa libee.a(ee_rn.o)
 .debug_str     0x00000126       0x5e libee.a(ee_tc2Yx_system.o)
 .debug_str     0x00000184        0x9 libee.a(ee_tc_oo.o)
 .debug_str     0x0000018d       0x11 libee.a(ee_activate.o)
 .debug_str     0x0000019e        0xe c:/hightec/toolch~1/tricore/v4660-~1.1/bin/../lib/gcc/tricore/4.6.4/../../../../tricore/lib/tc161\libm.a(lib_a-s_round.o)
 .debug_str     0x000001ac        0x9 c:/hightec/toolch~1/tricore/v4660-~1.1/bin/../lib/gcc/tricore/4.6.4/tc161\libgcc.a(_pack_df.o)
 .debug_str     0x000001b5        0x9 c:/hightec/toolch~1/tricore/v4660-~1.1/bin/../lib/gcc/tricore/4.6.4/tc161\libgcc.a(_unpack_df.o)

.debug_loc      memory region -> *default*
                0x00000000     0x2044
 *(.debug_loc)
 .debug_loc     0x00000000       0x83 obj/pkg/mcu/infineon_common_tc2Yx/src/ee_tc2Yx_cstart.o
 .debug_loc     0x00000083       0x20 obj/src/slave1.o
 .debug_loc     0x000000a3      0x50a libee.a(display.o)
 .debug_loc     0x000005ad      0x8c1 libee.a(graph.o)
 .debug_loc     0x00000e6e       0x57 libee.a(ee_tc_intvec.o)
 .debug_loc     0x00000ec5      0x121 libee.a(ee_tc_context.o)
 .debug_loc     0x00000fe6       0xb2 libee.a(ee_tc_multicore.o)
 .debug_loc     0x00001098      0x268 libee.a(ee_as_spinlocks.o)
 .debug_loc     0x00001300       0x8e libee.a(ee_thendin.o)
 .debug_loc     0x0000138e       0x5a libee.a(ee_irqendin.o)
 .debug_loc     0x000013e8       0x13 libee.a(ee_rq_exchg.o)
 .debug_loc     0x000013fb       0x1e libee.a(ee_rq_inser.o)
 .debug_loc     0x00001419      0x12f libee.a(ee_startos.o)
 .debug_loc     0x00001548       0xaf libee.a(ee_rn.o)
 .debug_loc     0x000015f7      0x1d5 libee.a(ee_tc2Yx_system.o)
 .debug_loc     0x000017cc       0x57 libee.a(ee_tc_oo.o)
 .debug_loc     0x00001823       0x8e libee.a(ee_activate.o)
 .debug_loc     0x000018b1       0xea libee.a(ee_rnsend.o)
 .debug_loc     0x0000199b      0x1d2 c:/hightec/toolch~1/tricore/v4660-~1.1/bin/../lib/gcc/tricore/4.6.4/../../../../tricore/lib/tc161\libm.a(lib_a-s_round.o)
 .debug_loc     0x00001b6d      0x297 c:/hightec/toolch~1/tricore/v4660-~1.1/bin/../lib/gcc/tricore/4.6.4/tc161\libgcc.a(_addsub_df.o)
 .debug_loc     0x00001e04      0x1ae c:/hightec/toolch~1/tricore/v4660-~1.1/bin/../lib/gcc/tricore/4.6.4/tc161\libgcc.a(_pack_df.o)
 .debug_loc     0x00001fb2       0x92 c:/hightec/toolch~1/tricore/v4660-~1.1/bin/../lib/gcc/tricore/4.6.4/tc161\libgcc.a(_unpack_df.o)

.debug_macinfo
 *(.debug_macinfo)

.debug_ranges   memory region -> *default*
                0x00000000     0x15b0
 *(.debug_ranges)
 .debug_ranges  0x00000000       0x40 obj/pkg/mcu/infineon_common_tc2Yx/src/ee_tc2Yx_cstart.o
 .debug_ranges  0x00000040       0x50 obj/src/slave1.o
 .debug_ranges  0x00000090      0x548 libee.a(display.o)
 .debug_ranges  0x000005d8      0x2f8 libee.a(graph.o)
 .debug_ranges  0x000008d0       0x18 libee.a(util.o)
 .debug_ranges  0x000008e8       0x60 libee.a(ee_tc_intvec.o)
 .debug_ranges  0x00000948       0x70 libee.a(ee_tc_context.o)
 .debug_ranges  0x000009b8      0x140 libee.a(ee_tc_multicore.o)
 .debug_ranges  0x00000af8       0xd0 libee.a(ee_as_spinlocks.o)
 .debug_ranges  0x00000bc8       0xc0 libee.a(ee_thendin.o)
 .debug_ranges  0x00000c88       0x80 libee.a(ee_irqendin.o)
 .debug_ranges  0x00000d08       0x10 libee.a(ee_tstub.o)
 .debug_ranges  0x00000d18       0x10 libee.a(ee_rq_exchg.o)
 .debug_ranges  0x00000d28       0x10 libee.a(ee_rq_inser.o)
 .debug_ranges  0x00000d38      0x180 libee.a(ee_startos.o)
 .debug_ranges  0x00000eb8       0xf8 libee.a(ee_rn.o)
 .debug_ranges  0x00000fb0      0x358 libee.a(ee_tc2Yx_system.o)
 .debug_ranges  0x00001308       0x20 libee.a(ee_tc_oo.o)
 .debug_ranges  0x00001328      0x180 libee.a(ee_activate.o)
 .debug_ranges  0x000014a8       0x10 libee.a(ee_tnterm.o)
 .debug_ranges  0x000014b8       0x78 libee.a(ee_rnsend.o)
 .debug_ranges  0x00001530       0x10 c:/hightec/toolch~1/tricore/v4660-~1.1/bin/../lib/gcc/tricore/4.6.4/../../../../tricore/lib/tc161\libos.a(libos_exit.o)
 .debug_ranges  0x00001540       0x30 c:/hightec/toolch~1/tricore/v4660-~1.1/bin/../lib/gcc/tricore/4.6.4/../../../../tricore/lib/tc161\libm.a(lib_a-s_round.o)
 .debug_ranges  0x00001570       0x20 c:/hightec/toolch~1/tricore/v4660-~1.1/bin/../lib/gcc/tricore/4.6.4/tc161\libgcc.a(_addsub_df.o)
 .debug_ranges  0x00001590       0x10 c:/hightec/toolch~1/tricore/v4660-~1.1/bin/../lib/gcc/tricore/4.6.4/tc161\libgcc.a(_pack_df.o)
 .debug_ranges  0x000015a0       0x10 c:/hightec/toolch~1/tricore/v4660-~1.1/bin/../lib/gcc/tricore/4.6.4/tc161\libgcc.a(_unpack_df.o)

.debug_weaknames
 *(.debug_weaknames)

.debug_funcnames
 *(.debug_funcnames)

.debug_typenames
 *(.debug_typenames)

.debug_varnames
 *(.debug_varnames)

.version_info   memory region -> *default*
                0x00000000    0x2c364
 *(.version_info)
 .version_info  0x00000000     0x1718 obj/pkg/mcu/infineon_common_tc2Yx/src/ee_tc2Yx_cstart.o
 .version_info  0x00001718     0x1630 obj/src/slave1.o
 .version_info  0x00002d48     0x1551 obj/eecfg.o
 .version_info  0x00004299     0x1730 libee.a(display.o)
 .version_info  0x000059c9     0x1720 libee.a(graph.o)
 .version_info  0x000070e9     0x1718 libee.a(util.o)
 .version_info  0x00008801     0x1698 libee.a(ee_tc_trapvec.o)
 .version_info  0x00009e99     0x1690 libee.a(ee_tc_intvec.o)
 .version_info  0x0000b529     0x1698 libee.a(ee_tc_context.o)
 .version_info  0x0000cbc1     0x16a8 libee.a(ee_tc_multicore.o)
 .version_info  0x0000e269     0x1698 libee.a(ee_as_spinlocks.o)
 .version_info  0x0000f901     0x1670 libee.a(ee_thendin.o)
 .version_info  0x00010f71     0x1678 libee.a(ee_irqendin.o)
 .version_info  0x000125e9     0x1660 libee.a(ee_tstub.o)
 .version_info  0x00013c49     0x1668 libee.a(ee_lookup.o)
 .version_info  0x000152b1     0x1678 libee.a(ee_rq_exchg.o)
 .version_info  0x00016929     0x1678 libee.a(ee_rq_inser.o)
 .version_info  0x00017fa1     0x1670 libee.a(ee_startos.o)
 .version_info  0x00019611     0x1648 libee.a(ee_rn.o)
 .version_info  0x0001ac59     0x1718 libee.a(ee_tc2Yx_system.o)
 .version_info  0x0001c371     0x1698 libee.a(ee_hal_structs.o)
 .version_info  0x0001da09     0x1670 libee.a(ee_tc_oo.o)
 .version_info  0x0001f079     0x1678 libee.a(ee_activate.o)
 .version_info  0x000206f1     0x1668 libee.a(ee_tnterm.o)
 .version_info  0x00021d59     0x1668 libee.a(ee_rnsend.o)
 .version_info  0x000233c1     0x136a c:/hightec/toolch~1/tricore/v4660-~1.1/bin/../lib/gcc/tricore/4.6.4/../../../../tricore/lib/tc161\libos.a(libos_exit.o)
 .version_info  0x0002472b     0x16ef c:/hightec/toolch~1/tricore/v4660-~1.1/bin/../lib/gcc/tricore/4.6.4/../../../../tricore/lib/tc161\libm.a(lib_a-s_round.o)
 .version_info  0x00025e1a     0x1957 c:/hightec/toolch~1/tricore/v4660-~1.1/bin/../lib/gcc/tricore/4.6.4/tc161\libgcc.a(_addsub_df.o)
 .version_info  0x00027771     0x1957 c:/hightec/toolch~1/tricore/v4660-~1.1/bin/../lib/gcc/tricore/4.6.4/tc161\libgcc.a(_thenan_df.o)
 .version_info  0x000290c8     0x1945 c:/hightec/toolch~1/tricore/v4660-~1.1/bin/../lib/gcc/tricore/4.6.4/tc161\libgcc.a(_pack_df.o)
 .version_info  0x0002aa0d     0x1957 c:/hightec/toolch~1/tricore/v4660-~1.1/bin/../lib/gcc/tricore/4.6.4/tc161\libgcc.a(_unpack_df.o)

.boffs
 *(.boffs)
OUTPUT(myProject_slave1.elf elf32-tricore)
