
Discarded input sections

 .bmhd1         0x00000000       0x20 master/myProject_master.elf
 .bmhd0         0x00000000       0x20 master/myProject_master.elf

----- BEGIN EXTENDED MAP LISTING -----

>>> Linker and link run information

Linker version: GNU ld version (GNU Binutils) 2.20 (TriCore) using BFD version (GNU Binutils) 2.20 (v2.3), Tool Version v2.7
Name of linker executable: c:/hightec/toolch~1/tricore/v4660-~1.1/bin/../lib/gcc/tricore/4.6.4/../../../../tricore/bin/ld.exe
Date of link run: Mon Dec 05 16:48:21 2016
Name of linker map file: tc29x_multicore.map

>>> Symbols (global (S = g) and static (S = l); sorted by address)

=============================================================================================================================================================
Start      End         Size S Name                                        Memory      O-Sec                 I-Sec                 Input object               
=============================================================================================================================================================
0x00000000 0x00000000     0 g NULL                                        *ABS*       *ABS*                 *ABS*                 *ABS*
0x00000000 0x00000000     0 g __HEAP_SIZE                                 *ABS*       *ABS*                 *ABS*                 *ABS*
0x00000000 0x00000000     0 g __ISTACK_SIZE                               *ABS*       *ABS*                 *ABS*                 *ABS*
0x00000001 0x00000001     0 g _.                                          *ABS*       *ABS*                 *ABS*                 *ABS*
0x00000290 0x00000290     0 g __TRICORE_DERIVATE_MEMORY_MAP__             *ABS*       *ABS*                 *ABS*                 *ABS*
0x00000800 0x00000800     0 g __USTACK_SIZE                               *ABS*       *ABS*                 *ABS*                 *ABS*
0x00002000 0x00002000     0 g __CSA_SIZE                                  *ABS*       *ABS*                 *ABS*                 *ABS*
0x50000000 0x50000007     8 l EE_oo_autostart_task_data                   DMI_DSPR2   .CPU2.rodata          .CPU2.rodata          slave2/myProject_slave2.elf
0x50000000 0x50000000     0 g _SMALL_DATA__CPU2_                          *ABS*       *ABS*                 *ABS*                 *ABS*
0x50000000 0x50000000     0 g __A0_MEM_CPU2_                              *ABS*       *ABS*                 *ABS*                 *ABS*
0x50000000 0x50000000     0 g __DMI_DSPR_BEGIN_CPU2_                      *ABS*       *ABS*                 *ABS*                 *ABS*
0x50000008 0x5000000f     8 l EE_th_is_extended                           DMI_DSPR2   .CPU2.rodata          .CPU2.rodata          slave2/myProject_slave2.elf
0x50000010 0x50000017     8 l EE_th_dispatch_prio                         DMI_DSPR2   .CPU2.rodata          .CPU2.rodata          slave2/myProject_slave2.elf
0x50000018 0x5000001f     8 l EE_th_ready_prio                            DMI_DSPR2   .CPU2.rodata          .CPU2.rodata          slave2/myProject_slave2.elf
0x50000020 0x50000027     8 l EE_terminate_real_th_body                   DMI_DSPR2   .CPU2.rodata          .CPU2.rodata          slave2/myProject_slave2.elf
0x50000028 0x5000002f     8 l EE_hal_thread_body                          DMI_DSPR2   .CPU2.rodata          .CPU2.rodata          slave2/myProject_slave2.elf
0x50000030 0x5000003b    12 l EE_std_thread_tos                           DMI_DSPR2   .CPU2.rodata          .CPU2.rodata          slave2/myProject_slave2.elf
0x5000003c 0x5000003f     4 l EE_oo_autostart_task_mode_OSDEFAULTAPPMODE  DMI_DSPR2   .CPU2.rodata          .CPU2.rodata          slave2/myProject_slave2.elf
0x50000040 0x5000008f    80 l CSWTCH.18                                   DMI_DSPR2   .CPU2.rodata          .CPU2.rodata          slave2/myProject_slave2.elf
0x50000090 0x500000df    80 l CSWTCH.19                                   DMI_DSPR2   .CPU2.rodata          .CPU2.rodata          slave2/myProject_slave2.elf
0x500000e0 0x500000e3     4 l EE_os_invalid_param                         DMI_DSPR2   .CPU2.rodata          .CPU2.rodata          slave2/myProject_slave2.elf
0x500000e4 0x500000e7     4 l EE_os_invalid_param                         DMI_DSPR2   .CPU2.rodata          .CPU2.rodata          slave2/myProject_slave2.elf
0x500000e8 0x500000eb     4 l EE_os_invalid_param                         DMI_DSPR2   .CPU2.rodata          .CPU2.rodata          slave2/myProject_slave2.elf
0x500000ec 0x500000ef     4 l EE_os_invalid_param                         DMI_DSPR2   .CPU2.rodata          .CPU2.rodata          slave2/myProject_slave2.elf
0x500000f0 0x500000f3     4 l EE_os_invalid_param                         DMI_DSPR2   .CPU2.rodata          .CPU2.rodata          slave2/myProject_slave2.elf
[...]
Memory Configuration

Name             Origin             Length             Used               Free               Attributes
DMI_DSPR0_LOCAL  0xd0000000         0x0001e000         0x00000000         0x0001e000         w !xp
DMI_DSPR0        0x70000000         0x0001e000         0x00015948         0x000086b8         w !xp
PMI_PSPR0_LOCAL  0xc0000000         0x00008000         0x00000000         0x00008000         w !xp
PMI_PSPR0        0x70100000         0x00008000         0x00005b70         0x00002490         w !xp
DMI_DSPR1_LOCAL  0xd0000000         0x0003c000         0x00000000         0x0003c000         w !xp
DMI_DSPR1        0x60000000         0x0003c000         0x00003050         0x00038fb0         w !xp
PMI_PSPR1_LOCAL  0xc0000000         0x00008000         0x00000000         0x00008000         w !xp
PMI_PSPR1        0x60100000         0x00008000         0x00002030         0x00005fd0         w !xp
DMI_DSPR2_LOCAL  0xd0000000         0x0003c000         0x00000000         0x0003c000         w !xp
DMI_DSPR2        0x50000000         0x0003c000         0x00002e50         0x000391b0         w !xp
PMI_PSPR2_LOCAL  0xc0000000         0x00008000         0x00000000         0x00008000         w !xp
PMI_PSPR2        0x50100000         0x00008000         0x00001e00         0x00006200         w !xp
PMU_PFLASH0      0x80000000         0x00200000         0x00000000         0x00200000         xr !p
PMU_PFALSH0_NC   0xa0000000         0x00200000         0x00000000         0x00200000         xr !p
PMU_PFLASH1      0x80200000         0x00200000         0x00000000         0x00200000         xr !p
PMU_PFALSH1_NC   0xa0200000         0x00200000         0x00000000         0x00200000         xr !p
PMU_PFLASH2      0x80400000         0x00200000         0x00000000         0x00200000         xr !p
PMU_PFALSH2_NC   0xa0400000         0x00200000         0x00000000         0x00200000         xr !p
PMU_PFLASH3      0x80600000         0x00200000         0x00000000         0x00200000         xr !p
PMU_PFALSH3_NC   0xa0600000         0x00200000         0x00000000         0x00200000         xr !p
PMU_DFLASH0      0xaf000000         0x00100000         0x00000000         0x00100000         w !xp
BROM             0x8fff8000         0x00008000         0x00000000         0x00008000         xr !p
BROM_NC          0xafff8000         0x00008000         0x00000000         0x00008000         xr !p
LMU_SRAM_NC      0xb0000000         0x00008000         0x00000090         0x00007f70         w !xp
PMU_EDMEM        0x9f000000         0x00200000         0x00000000         0x00200000         w !xp
PMU_EDMEM_NC     0xbf000000         0x00200000         0x00000000         0x00200000         w !xp
*default*        0x00000000         0xffffffff         0x0009e4a7         0xfff61b58

List of aliases

DMI_DSPR0       : DMI_DSPR_CPU0_
PMI_PSPR0       : PMI_PSPR_CPU0_
DMI_DSPR1       : DMI_DSPR_CPU1_
PMI_PSPR1       : PMI_PSPR_CPU1_
DMI_DSPR2       : DMI_DSPR_CPU2_
PMI_PSPR2       : PMI_PSPR_CPU2_
PMU_PFLASH0     : PMU_PFLASH

Memory region maps:

CORE     Local Region   Global Region
CPU2     0xd0000000     0x50000000
CPU1     0xd0000000     0x60000000
CPU0     0xd0000000     0x70000000
GLOBAL   0xbf000000     0x9f000000
GLOBAL   0xafff8000     0x8fff8000
GLOBAL   0xa0600000     0x80600000
GLOBAL   0xa0400000     0x80400000
GLOBAL   0xa0200000     0x80200000
GLOBAL   0xa0000000     0x80000000


Linker script and memory map

LOAD master/myProject_master.elf
LOAD slave1/myProject_slave1.elf
LOAD slave2/myProject_slave2.elf
LOAD c:/hightec/toolch~1/tricore/v4660-~1.1/bin/../lib/gcc/tricore/4.6.4/tc161/short-double\libgcc.a
LOAD c:/hightec/toolch~1/tricore/v4660-~1.1/bin/../lib/gcc/tricore/4.6.4/../../../../tricore/lib/tc161/short-double\libc.a
LOAD c:/hightec/toolch~1/tricore/v4660-~1.1/bin/../lib/gcc/tricore/4.6.4/../../../../tricore/lib/tc161/short-double\libos.a
LOAD c:/hightec/toolch~1/tricore/v4660-~1.1/bin/../lib/gcc/tricore/4.6.4/../../../../tricore/lib/tc161/short-double\libm.a
LOAD c:/hightec/toolch~1/tricore/v4660-~1.1/bin/../lib/gcc/tricore/4.6.4/../../../../tricore/lib/tc161/short-double\libc.a
LOAD c:/hightec/toolch~1/tricore/v4660-~1.1/bin/../lib/gcc/tricore/4.6.4/tc161/short-double\libgcc.a
                0x00000290                __TRICORE_DERIVATE_MEMORY_MAP__ = 0x290
                0x70000000                __DMI_DSPR_BEGIN_CPU0_ = 0x70000000
                0x60000000                __DMI_DSPR_BEGIN_CPU1_ = 0x60000000
                0x50000000                __DMI_DSPR_BEGIN_CPU2_ = 0x50000000
                [0x00002000]                __CSA_SIZE = DEFINED (__CSA_SIZE)?__CSA_SIZE:0x2000
                [0x00000800]                __USTACK_SIZE = DEFINED (__USTACK_SIZE)?__USTACK_SIZE:0x800
                [0x00000000]                __ISTACK_SIZE = DEFINED (__ISTACK_SIZE)?__ISTACK_SIZE:0x0
                [0x00000000]                __HEAP_SIZE = DEFINED (__HEAP_SIZE)?__HEAP_SIZE:0x0

.startup        memory region -> DMI_DSPR1
                0x60000000      0x170
                0x60000000                BootModeIndex = .
                0x60000000                PROVIDE (__startup_code_start, .)
 *(*.startup)
 .startup       0x60000000        0x6 master/myProject_master.elf
                0x60000000                _START
 *(ee_kernel_start)
 *fill*         0x60000006        0x2 00
 ee_kernel_start
                0x60000008      0x164 master/myProject_master.elf
                0x60000170                . = ALIGN (0x8)
 *fill*         0x6000016c        0x4 00
                0x60000170                PROVIDE (__startup_code_end, .)

ee_mcglobalt    memory region -> PMI_PSPR1
                0x60100000        0x8
                0x60100000                PROVIDE (ee_mcglobalt_begin, .)
 *(ee_mcglobalt)
 ee_mcglobalt   0x60100000        0x4 master/myProject_master.elf
                0x60100000                StartupHook
                0x60100002                ShutdownHook
                0x60100008                . = ALIGN (0x8)
 *fill*         0x60100004        0x4 00
                0x60100008                PROVIDE (ee_mcglobalt_end, .)

ee_mcglobald    memory region -> LMU_SRAM_NC
                0xb0000000       0x90
                0xb0000000                PROVIDE (ee_mcglobald_begin, .)
 *(SORT(ee_mcglobald*))
 ee_mcglobald   0xb0000000       0x8c master/myProject_master.elf
                0xb0000000                EE_as_spinlocks_stack
                0xb0000004                EE_as_spinlocks_last
                0xb0000010                EE_as_spinlocks_locker_core
                0xb0000014                EE_hal_spinlock_status
                0xb0000024                EE_as_rpc_RAM
                0xb0000060                on_off
                0xb0000061                adc
                0xb0000062                tft_id
                0xb0000064                EE_tc_kernel_barrier
                0xb0000068                EE_as_not_as_core_mask
                0xb000006c                EE_as_core_started
                0xb0000070                EE_as_core_mask
                0xb0000074                EE_as_os_application_mode
                0xb0000080                EE_as_shutdown_mask
                0xb0000084                EE_as_shutdown_all_cores_error
                0xb0000085                EE_as_shutdown_all_cores_flag
                0xb0000086                EE_as_rpc_serving
                0xb0000090                . = ALIGN (0x8)
 *fill*         0xb000008c        0x4 00
                0xb0000090                PROVIDE (ee_mcglobald_end, .)

ee_mcglobalc    memory region -> DMI_DSPR1
                0x60000170       0x88
                0x60000170                PROVIDE (ee_mcglobalc_begin, .)
 *(SORT(ee_mcglobalc*))
 ee_mcglobalc   0x60000170       0x68 master/myProject_master.elf
                0x60000170                EE_as_core_start_addresses
                0x60000178                EE_as_rpc_services_table
                0x6000018c                EE_as_rpc_counters
                0x60000194                EE_as_rpc_alarms
                0x600001a4                EE_as_rpc_tasks
                0x600001cc                EE_as_core_spinlocks
                0x600001d8                . = ALIGN (0x8)
                0x600001d8                PROVIDE (ee_mcglobalc_end, .)
                0x600001d9                . = (. + 0x1)
 *fill*         0x600001d8        0x1 00
                0x600001e0                . = ALIGN (0x8)
 *fill*         0x600001d9        0x7 00
                0x600001e0                PROVIDE (ee_mcglobald_copy_table, .)
                0x600001e0        0x4 LONG 0xb0000000 LOADADDR (ee_mcglobald)
                0x600001e4        0x4 LONG 0xb0000000 (0x0 + ADDR (ee_mcglobald))
                0x600001e8        0x4 LONG 0x90 SIZEOF (ee_mcglobald)
                0x600001ec        0x4 LONG 0xffffffff
                0x600001f0        0x4 LONG 0xffffffff
                0x600001f4        0x4 LONG 0xffffffff

.CPU0.init      memory region -> PMI_PSPR0
                0x70100000        0x0
 *(SORT(.CPU0.init*))
                0x70100000                . = ALIGN (0x8)

.CPU0.fini
 *(SORT(.CPU0.fini*))

.CPU0.cramtext  memory region -> PMI_PSPR0
                0x70100000        0x0
 *(SORT(.CPU0.cramtext*))
                0x70100000                . = ALIGN (0x8)

.CPU0.traptab   memory region -> PMI_PSPR0
                0x70100000      0x100
 *(.CPU0.traptab*)
 .CPU0.traptab  0x70100000      0x100 master/myProject_master.elf
                0x70100100                . = ALIGN (0x8)

.CPU0.inttab    memory region -> PMI_PSPR0
                0x70100100      0x100
 *(.CPU0.inttab*)
 .CPU0.inttab   0x70100100      0x100 master/myProject_master.elf
                0x70100200                . = ALIGN (0x8)

.CPU0.text      memory region -> PMI_PSPR0
                0x70100200     0x5928
 *(.CPU0.text*)
 .CPU0.text     0x70100200     0x5924 master/myProject_master.elf
                0x70105b28                . = ALIGN (0x8)
 *fill*         0x70105b24        0x4 00

.CPU0.ee_api_text memory region -> PMI_PSPR0
                0x70105b28       0x18
                0x70105b28                PROVIDE (ee_stext_api_CPU0_, .)
 *(.CPU0.ee_api_text*)
                0x70105b29                . = (. + 0x1)
 *fill*         0x70105b28        0x1 00
                0x70105b30                . = ALIGN (0x8)
 *fill*         0x70105b29        0x7 00
                0x70105b30                PROVIDE (ee_etext_api_CPU0_, .)
                0x70105b3f                . = (. + 0xf)
 *fill*         0x70105b30        0xf 00
                0x70105b40                . = ALIGN (0x8)
 *fill*         0x70105b3f        0x1 00

.CPU0.ee_kernel_text memory region -> PMI_PSPR0
                0x70105b40       0x18
                0x70105b40                PROVIDE (ee_stext_kernel_CPU0_, .)
 *(.CPU0.ee_kernel_text*)
                0x70105b41                . = (. + 0x1)
 *fill*         0x70105b40        0x1 00
                0x70105b48                . = ALIGN (0x8)
 *fill*         0x70105b41        0x7 00
                0x70105b48                PROVIDE (ee_etext_kernel_CPU0_, .)
                0x70105b57                . = (. + 0xf)
 *fill*         0x70105b48        0xf 00
                0x70105b58                . = ALIGN (0x8)
 *fill*         0x70105b57        0x1 00

.CPU0.gcc_except_table
 *(.CPU0.gcc_except_table*)

.CPU0.eh_frame  memory region -> PMI_PSPR0
                0x70105b58        0x0
                0x70105b58                __EH_FRAME_BEGIN___CPU0_ = .
 *(.CPU0.eh_frame*)
                0x70105b58                __EH_FRAME_END___CPU0_ = .

.CPU0.jcr       memory region -> PMI_PSPR0
                0x70105b58        0x0
 *(.CPU0.jcr*)
                0x70105b58                . = ALIGN (0x8)

.CPU0.ctors     memory region -> PMI_PSPR0
                0x70105b58       0x10
                0x70105b58                __CTOR_LIST___CPU0_ = .
                0x70105b58        0x4 LONG 0x1 (((__CTOR_END___CPU0_ - __CTOR_LIST___CPU0_) / 0x4) - 0x2)
 *crtbegin.o(.ctors)
 *(EXCLUDE_FILE(*crtend.o) .ctors)
 *(SORT(.ctors.*))
 *(.ctors)
                0x70105b5c        0x4 LONG 0x0
                0x70105b60                __CTOR_END___CPU0_ = .
                0x70105b60        0x4 LONG 0x0
                0x70105b64                __CTOR_END___CPU0_ = .
                0x70105b68                . = ALIGN (0x8)
 *fill*         0x70105b64        0x4 00

.CPU0.dtors     memory region -> PMI_PSPR0
                0x70105b68        0x8
                0x70105b68                __DTOR_LIST___CPU0_ = .
                0x70105b68        0x4 LONG 0x0 (((__DTOR_END___CPU0_ - __DTOR_LIST___CPU0_) / 0x4) - 0x2)
 *crtbegin.o(.dtors)
 *(EXCLUDE_FILE(*crtend.o) .dtors)
 *(SORT(.dtors.*))
 *(.dtors)
                0x70105b6c        0x4 LONG 0x0
                0x70105b70                __DTOR_END___CPU0_ = .
                0x70105b70                . = ALIGN (0x8)

.CPU0.sdata2    memory region -> DMI_DSPR0
                0x70000000        0x0
 *(.CPU0.sdata2*)
                0x70000000                . = ALIGN (0x8)
                0x70008000                _SMALL_DATA2__CPU0_ = SIZEOF (.CPU0.sdata2)?(ADDR (.CPU0.sdata2) + 0x8000):((ADDR (.CPU0.sdata2) & 0xf0000000) + 0x8000)
                0x70008000                __A1_MEM_CPU0_ = _SMALL_DATA2__CPU0_

.CPU0.rodata    memory region -> DMI_DSPR0
                0x70000000      0x178
                0x70000000                PROVIDE (__rodata_start_CPU0_, .)
 *(SORT(.CPU0.rodata*))
 .CPU0.rodata   0x70000000      0x168 master/myProject_master.elf
                0x70000168                . = ALIGN (0x4)
                0x70000168                PROVIDE (ee_stacks_table_CPU0_, .)
                0x70000168        0x4 LONG 0x70015730 (0x0 + ADDR (.CPU0.ee_kernel_stack))
                0x7000016c        0x4 LONG 0x218 SIZEOF (.CPU0.ee_kernel_stack)
                0x70000170        0x4 LONG 0xffffffff
                0x70000174        0x4 LONG 0xffffffff
                0x70000178                . = ALIGN (0x8)

.CPU0.zbss      memory region -> DMI_DSPR0
                0x70000178        0x0
                0x70000178                PROVIDE (ZBSS_BASE_CPU0_, .)
 *(.CPU0.zbss*)
                0x70000178                . = ALIGN (0x8)
                0x70000178                PROVIDE (ZBSS_END_CPU0_, .)

.CPU0.zdata     memory region -> DMI_DSPR0
                0x70000178        0x0
                0x70000178                PROVIDE (ZDATA_BASE_CPU0_, .)
 *(.CPU0.zdata*)
                0x70000178                . = ALIGN (0x8)
                0x70000178                PROVIDE (ZDATA_END_CPU0_, .)

.CPU0.sbss      memory region -> DMI_DSPR0
                0x70000178        0x0
                0x70000178                PROVIDE (__sbss_start_CPU0_, .)
 *(.CPU0.sbss*)
                0x70000178                PROVIDE (__sbss_end_CPU0_, .)
                0x70000178                . = ALIGN (0x8)

.CPU0.sdata     memory region -> DMI_DSPR0
                0x70000178        0x0
                0x70000178                PROVIDE (SDATA_BASE_CPU0_, .)
                0x70000178                PROVIDE (__sdata_start_CPU0_, .)
 *(.CPU0.sdata*)
                0x70000178                . = ALIGN (0x8)
                0x70000178                PROVIDE (SDATA_END_CPU0_, .)
                0x70000178                PROVIDE (__sdata_end_CPU0_, .)
                0x70000000                _SMALL_DATA__CPU0_ = (SIZEOF (.CPU0.sbss) + SIZEOF (.CPU0.sdata))?(ADDR (.CPU0.sbss) + 0x8000):(ADDR (.CPU0.sbss) & 0xf0000000)
                0x70000000                __A0_MEM_CPU0_ = _SMALL_DATA__CPU0_

.CPU0.bss       memory region -> DMI_DSPR0
                0x70000178    0x12d30
                0x70000178                PROVIDE (BSS_BASE_CPU0_, .)
                0x70000178                PROVIDE (__bss_start_CPU0_, .)
 *(.CPU0.bss*)
 .CPU0.bss      0x70000178    0x12d30 master/myProject_master.elf
                0x70012ea8                PROVIDE (__bss_end_CPU0_, .)
                0x70012ea8                . = ALIGN (0x8)

.CPU0.data      memory region -> DMI_DSPR0
                0x70012ea8       0x48
                0x70012ea8                PROVIDE (DATA_BASE_CPU0_, .)
                0x70012ea8                PROVIDE (__data_start_CPU0_, .)
 *(.CPU0.data*)
 .CPU0.data     0x70012ea8       0x48 master/myProject_master.elf
                0x70012ef0                . = ALIGN (0x8)
                0x70012ef0                PROVIDE (DATA_END_CPU0_, .)
                0x70012ef0                PROVIDE (__data_end_CPU0_, .)

.CPU0.ustack    memory region -> DMI_DSPR0
                0x70012ef0      0x800
                0x70012ef0                PROVIDE (__USTACK_BEGIN_CPU0_, .)
                0x700136f0                . = (. + __USTACK_SIZE)
 *fill*         0x70012ef0      0x800 00
                0x700136f0                . = ALIGN (0x8)
                0x700136f0                __USTACK_CPU0_ = .
                0x700136f0                PROVIDE (__USTACK_END_CPU0_, .)

.CPU0.istack    memory region -> DMI_DSPR0
                0x700136f0        0x0
                0x700136f0                PROVIDE (__ISTACK_BEGIN_CPU0_, .)
                0x700136f0                . = (. + __ISTACK_SIZE)
                0x700136f0                . = ALIGN (0x8)
                0x700136f0                __ISTACK_CPU0_ = .
                0x700136f0                PROVIDE (__ISTACK_END_CPU0_, .)

.CPU0.heap      memory region -> DMI_DSPR0
                0x700136f0        0x0
                0x700136f0                PROVIDE (__HEAP_BEGIN_CPU0_, .)
                0x700136f0                PROVIDE (__HEAP_CPU0_, .)
                0x700136f0                . = (. + __HEAP_SIZE)
                0x700136f0                . = ALIGN (0x8)
                0x700136f0                __HEAP_END_CPU0_ = .

.CPU0.csa       memory region -> DMI_DSPR0
                0x70013700     0x2000
                0x70013700                __CSA_BEGIN_CPU0_ = .
                0x70013700                PROVIDE (__CSA_CPU0_, .)
                0x70015700                . = (. + __CSA_SIZE)
 *fill*         0x70013700     0x2000 00
                0x70015700                . = ALIGN (0x40)
                0x70015700                PROVIDE (__CSA_END_CPU0_, .)

.CPU0.ee_api_bss memory region -> DMI_DSPR0
                0x70015700        0x0
                0x70015700                PROVIDE (ee_sbss_api_CPU0_, .)
 *(.CPU0*.ee_api_bss*)
                0x70015700                PROVIDE (ee_ebss_api_CPU0_, .)
                0x70015700                . = ALIGN (0x8)

.CPU0.ee_api_data memory region -> DMI_DSPR0
                0x70015700       0x18
                0x70015700                PROVIDE (ee_sdata_api_CPU0_, .)
 *(.CPU0.ee_api_data*)
                0x70015701                . = (. + 0x1)
 *fill*         0x70015700        0x1 00
                0x70015708                . = ALIGN (0x8)
 *fill*         0x70015701        0x7 00
                0x70015708                PROVIDE (ee_edata_api_CPU0_, .)
                0x70015717                . = (. + 0xf)
 *fill*         0x70015708        0xf 00
                0x70015718                . = ALIGN (0x8)
 *fill*         0x70015717        0x1 00

.CPU0.ee_kernel_bss memory region -> DMI_DSPR0
                0x70015718        0x0
                0x70015718                PROVIDE (ee_sbss_kernel_CPU0_, .)
 *(.CPU0.ee_kernel_bss*)
                0x70015718                PROVIDE (ee_ebss_kernel_CPU0_, .)

.CPU0.ee_kernel_data memory region -> DMI_DSPR0
                0x70015718       0x18
                0x70015718                PROVIDE (ee_sdata_kernel_CPU0_, .)
 *(.CPU0.ee_kernel_data*)
                0x70015719                . = (. + 0x1)
 *fill*         0x70015718        0x1 00
                0x70015720                . = ALIGN (0x8)
 *fill*         0x70015719        0x7 00
                0x70015720                PROVIDE (ee_edata_kernel_CPU0_, .)
                0x7001572f                . = (. + 0xf)
 *fill*         0x70015720        0xf 00
                0x70015730                . = ALIGN (0x8)
 *fill*         0x7001572f        0x1 00

.CPU0.ee_kernel_stack memory region -> DMI_DSPR0
                0x70015730      0x218
                0x70015730                PROVIDE (ee_sstack_kernel_CPU0_, .)
 *(.CPU0.ee_kernel_stack*)
 .CPU0.ee_kernel_stack
                0x70015730      0x208 master/myProject_master.elf
                0x70015947                . = (. + 0xf)
 *fill*         0x70015938        0xf 00
                0x70015948                . = ALIGN (0x8)
 *fill*         0x70015947        0x1 00
                0x70015948                PROVIDE (ee_estack_kernel_CPU0_, .)

.CPU0ee_end     memory region -> DMI_DSPR0
                0x70015948        0x0 load address 0x80000000
                0x70100000                PROVIDE (ee_sall_code_CPU0_, ADDR (.CPU0.init))
                0x70105b70                PROVIDE (ee_eall_code_CPU0_, (ADDR (.CPU0.dtors) + SIZEOF (.CPU0.dtors)))
                0x70000000                PROVIDE (ee_skernel_ram_CPU0_, __DMI_DSPR_BEGIN_CPU0_)
                0x70015948                PROVIDE (ee_ekernel_ram_CPU0_, .)
                0x70105b40                PROVIDE (ee_skernel_code_CPU0_, ADDR (.CPU0.ee_kernel_text))
                0x70105b58                PROVIDE (ee_ekernel_code_CPU0_, (ADDR (.CPU0.ee_kernel_text) + SIZEOF (.CPU0.ee_kernel_text)))
                0x70000000                PROVIDE (ee_sapi_const_CPU0_, ADDR (.CPU0.sdata2))
                0x70000178                PROVIDE (ee_eapi_const_CPU0_, (ADDR (.CPU0.rodata) + SIZEOF (.CPU0.rodata)))
                0x70015700                PROVIDE (ee_sapi_ram_CPU0_, ADDR (.CPU0.ee_api_bss))
                0x70015718                PROVIDE (ee_eapi_ram_CPU0_, (ADDR (.CPU0.ee_api_data) + SIZEOF (.CPU0.ee_api_data)))
                0x70105b28                PROVIDE (ee_sapi_code_CPU0_, ADDR (.CPU0.ee_api_text))
                0x70105b40                PROVIDE (ee_eapi_code_CPU0_, (ADDR (.CPU0.ee_api_text) + SIZEOF (.CPU0.ee_api_text)))
                0x70015948                . = ALIGN (0x4)
                0x00000001                _. = ASSERT (((__CSA_BEGIN_CPU0_ & 0x3f) == 0x0), illegal CSA start address)
                0x00000001                _. = ASSERT (((__CSA_SIZE & 0x3f) == 0x0), illegal CSA size)
                0x00000001                _. = ASSERT (((__ISTACK_CPU0_ & 0x7) == 0x0), ISTACK not doubleword aligned)
                0x00000001                _. = ASSERT (((__USTACK_CPU0_ & 0x7) == 0x0), USTACK not doubleword aligned)
                0x00000001                _. = ASSERT (((__HEAP_END_CPU0_ & 0x7) == 0x0), HEAP not doubleword aligned)

.CPU1.init      memory region -> PMI_PSPR1
                0x60100008        0x0 load address 0x70015948
 *(SORT(.CPU1.init*))
                0x60100008                . = ALIGN (0x8)

.CPU1.fini
 *(SORT(.CPU1.fini*))

.CPU1.cramtext  memory region -> PMI_PSPR1
                0x60100008        0x0
 *(SORT(.CPU1.cramtext*))
                0x60100008                . = ALIGN (0x8)

.CPU1.traptab   memory region -> PMI_PSPR1
                0x60100100      0x100
 *(.CPU1.traptab*)
 .CPU1.traptab  0x60100100      0x100 slave1/myProject_slave1.elf
                0x60100200                . = ALIGN (0x8)

.CPU1.inttab    memory region -> PMI_PSPR1
                0x60100200      0x100
 *(.CPU1.inttab*)
 .CPU1.inttab   0x60100200      0x100 slave1/myProject_slave1.elf
                0x60100300                . = ALIGN (0x8)

.CPU1.text      memory region -> PMI_PSPR1
                0x60100300     0x1ce8
 *(.CPU1.text*)
 .CPU1.text     0x60100300     0x1ce4 slave1/myProject_slave1.elf
                0x60100300                EE_tc2Yx_cpu1_start
                0x60101fe8                . = ALIGN (0x8)
 *fill*         0x60101fe4        0x4 00

.CPU1.ee_api_text memory region -> PMI_PSPR1
                0x60101fe8       0x18
                0x60101fe8                PROVIDE (ee_stext_api_CPU1_, .)
 *(.CPU1.ee_api_text*)
                0x60101fe9                . = (. + 0x1)
 *fill*         0x60101fe8        0x1 00
                0x60101ff0                . = ALIGN (0x8)
 *fill*         0x60101fe9        0x7 00
                0x60101ff0                PROVIDE (ee_etext_api_CPU1_, .)
                0x60101fff                . = (. + 0xf)
 *fill*         0x60101ff0        0xf 00
                0x60102000                . = ALIGN (0x8)
 *fill*         0x60101fff        0x1 00

.CPU1.ee_kernel_text memory region -> PMI_PSPR1
                0x60102000       0x18
                0x60102000                PROVIDE (ee_stext_kernel_CPU1_, .)
 *(.CPU1.ee_kernel_text*)
                0x60102001                . = (. + 0x1)
 *fill*         0x60102000        0x1 00
                0x60102008                . = ALIGN (0x8)
 *fill*         0x60102001        0x7 00
                0x60102008                PROVIDE (ee_etext_kernel_CPU1_, .)
                0x60102017                . = (. + 0xf)
 *fill*         0x60102008        0xf 00
                0x60102018                . = ALIGN (0x8)
 *fill*         0x60102017        0x1 00

.CPU1.gcc_except_table
 *(.CPU1.gcc_except_table*)

.CPU1.eh_frame  memory region -> PMI_PSPR1
                0x60102018        0x0
                0x60102018                __EH_FRAME_BEGIN___CPU1_ = .
 *(.CPU1.eh_frame*)
                0x60102018                __EH_FRAME_END___CPU1_ = .

.CPU1.jcr       memory region -> PMI_PSPR1
                0x60102018        0x0
 *(.CPU1.jcr*)
                0x60102018                . = ALIGN (0x8)

.CPU1.ctors     memory region -> PMI_PSPR1
                0x60102018       0x10
                0x60102018                __CTOR_LIST___CPU1_ = .
                0x60102018        0x4 LONG 0x1 (((__CTOR_END___CPU1_ - __CTOR_LIST___CPU1_) / 0x4) - 0x2)
 *crtbegin.o(.ctors)
 *(EXCLUDE_FILE(*crtend.o) .ctors)
 *(SORT(.ctors.*))
 *(.ctors)
                0x6010201c        0x4 LONG 0x0
                0x60102020                __CTOR_END___CPU1_ = .
                0x60102020        0x4 LONG 0x0
                0x60102024                __CTOR_END___CPU1_ = .
                0x60102028                . = ALIGN (0x8)
 *fill*         0x60102024        0x4 00

.CPU1.dtors     memory region -> PMI_PSPR1
                0x60102028        0x8
                0x60102028                __DTOR_LIST___CPU1_ = .
                0x60102028        0x4 LONG 0x0 (((__DTOR_END___CPU1_ - __DTOR_LIST___CPU1_) / 0x4) - 0x2)
 *crtbegin.o(.dtors)
 *(EXCLUDE_FILE(*crtend.o) .dtors)
 *(SORT(.dtors.*))
 *(.dtors)
                0x6010202c        0x4 LONG 0x0
                0x60102030                __DTOR_END___CPU1_ = .
                0x60102030                . = ALIGN (0x8)

.CPU1.sdata2    memory region -> DMI_DSPR1
                0x600001f8        0x0
 *(.CPU1.sdata2*)
                0x600001f8                . = ALIGN (0x8)
                0x60008000                _SMALL_DATA2__CPU1_ = SIZEOF (.CPU1.sdata2)?(ADDR (.CPU1.sdata2) + 0x8000):((ADDR (.CPU1.sdata2) & 0xf0000000) + 0x8000)
                0x60008000                __A1_MEM_CPU1_ = _SMALL_DATA2__CPU1_

.CPU1.rodata    memory region -> DMI_DSPR1
                0x600001f8      0x110
                0x600001f8                PROVIDE (__rodata_start_CPU1_, .)
 *(SORT(.CPU1.rodata*))
 .CPU1.rodata   0x600001f8       0xfc slave1/myProject_slave1.elf
                0x600002f4                . = ALIGN (0x4)
                0x600002f4                PROVIDE (ee_stacks_table_CPU1_, .)
                0x600002f4        0x4 LONG 0x60002c30 (0x0 + ADDR (.CPU1.ee_kernel_stack))
                0x600002f8        0x4 LONG 0x420 SIZEOF (.CPU1.ee_kernel_stack)
                0x600002fc        0x4 LONG 0xffffffff
                0x60000300        0x4 LONG 0xffffffff
                0x60000308                . = ALIGN (0x8)
 *fill*         0x60000304        0x4 00

.CPU1.zbss      memory region -> DMI_DSPR1
                0x60000308        0x0
                0x60000308                PROVIDE (ZBSS_BASE_CPU1_, .)
 *(.CPU1.zbss*)
                0x60000308                . = ALIGN (0x8)
                0x60000308                PROVIDE (ZBSS_END_CPU1_, .)

.CPU1.zdata     memory region -> DMI_DSPR1
                0x60000308        0x0
                0x60000308                PROVIDE (ZDATA_BASE_CPU1_, .)
 *(.CPU1.zdata*)
                0x60000308                . = ALIGN (0x8)
                0x60000308                PROVIDE (ZDATA_END_CPU1_, .)

.CPU1.sbss      memory region -> DMI_DSPR1
                0x60000308        0x0
                0x60000308                PROVIDE (__sbss_start_CPU1_, .)
 *(.CPU1.sbss*)
                0x60000308                PROVIDE (__sbss_end_CPU1_, .)
                0x60000308                . = ALIGN (0x8)

.CPU1.sdata     memory region -> DMI_DSPR1
                0x60000308        0x0
                0x60000308                PROVIDE (SDATA_BASE_CPU1_, .)
                0x60000308                PROVIDE (__sdata_start_CPU1_, .)
 *(.CPU1.sdata*)
                0x60000308                . = ALIGN (0x8)
                0x60000308                PROVIDE (SDATA_END_CPU1_, .)
                0x60000308                PROVIDE (__sdata_end_CPU1_, .)
                0x60000000                _SMALL_DATA__CPU1_ = (SIZEOF (.CPU1.sbss) + SIZEOF (.CPU1.sdata))?(ADDR (.CPU1.sbss) + 0x8000):(ADDR (.CPU1.sbss) & 0xf0000000)
                0x60000000                __A0_MEM_CPU1_ = _SMALL_DATA__CPU1_

.CPU1.bss       memory region -> DMI_DSPR1
                0x60000308       0x70
                0x60000308                PROVIDE (BSS_BASE_CPU1_, .)
                0x60000308                PROVIDE (__bss_start_CPU1_, .)
 *(.CPU1.bss*)
 .CPU1.bss      0x60000308       0x70 slave1/myProject_slave1.elf
                0x60000378                PROVIDE (__bss_end_CPU1_, .)
                0x60000378                . = ALIGN (0x8)

.CPU1.data      memory region -> DMI_DSPR1
                0x60000378       0x50
                0x60000378                PROVIDE (DATA_BASE_CPU1_, .)
                0x60000378                PROVIDE (__data_start_CPU1_, .)
 *(.CPU1.data*)
 .CPU1.data     0x60000378       0x50 slave1/myProject_slave1.elf
                0x600003c8                . = ALIGN (0x8)
                0x600003c8                PROVIDE (DATA_END_CPU1_, .)
                0x600003c8                PROVIDE (__data_end_CPU1_, .)

.CPU1.ustack    memory region -> DMI_DSPR1
                0x600003c8      0x800
                0x600003c8                PROVIDE (__USTACK_BEGIN_CPU1_, .)
                0x60000bc8                . = (. + __USTACK_SIZE)
 *fill*         0x600003c8      0x800 00
                0x60000bc8                . = ALIGN (0x8)
                0x60000bc8                __USTACK_CPU1_ = .
                0x60000bc8                PROVIDE (__USTACK_END_CPU1_, .)

.CPU1.istack    memory region -> DMI_DSPR1
                0x60000bc8        0x0
                0x60000bc8                PROVIDE (__ISTACK_BEGIN_CPU1_, .)
                0x60000bc8                . = (. + __ISTACK_SIZE)
                0x60000bc8                . = ALIGN (0x8)
                0x60000bc8                __ISTACK_CPU1_ = .
                0x60000bc8                PROVIDE (__ISTACK_END_CPU1_, .)

.CPU1.heap      memory region -> DMI_DSPR1
                0x60000bc8        0x0
                0x60000bc8                PROVIDE (__HEAP_BEGIN_CPU1_, .)
                0x60000bc8                PROVIDE (__HEAP_CPU1_, .)
                0x60000bc8                . = (. + __HEAP_SIZE)
                0x60000bc8                . = ALIGN (0x8)
                0x60000bc8                __HEAP_END_CPU1_ = .

.CPU1.csa       memory region -> DMI_DSPR1
                0x60000c00     0x2000
                0x60000c00                __CSA_BEGIN_CPU1_ = .
                0x60000c00                PROVIDE (__CSA_CPU1_, .)
                0x60002c00                . = (. + __CSA_SIZE)
 *fill*         0x60000c00     0x2000 00
                0x60002c00                . = ALIGN (0x40)
                0x60002c00                PROVIDE (__CSA_END_CPU1_, .)

.CPU1.ee_api_bss memory region -> DMI_DSPR1
                0x60002c00        0x0
                0x60002c00                PROVIDE (ee_sbss_api_CPU1_, .)
 *(.CPU1*.ee_api_bss*)
                0x60002c00                PROVIDE (ee_ebss_api_CPU1_, .)
                0x60002c00                . = ALIGN (0x8)

.CPU1.ee_api_data memory region -> DMI_DSPR1
                0x60002c00       0x18
                0x60002c00                PROVIDE (ee_sdata_api_CPU1_, .)
 *(.CPU1.ee_api_data*)
                0x60002c01                . = (. + 0x1)
 *fill*         0x60002c00        0x1 00
                0x60002c08                . = ALIGN (0x8)
 *fill*         0x60002c01        0x7 00
                0x60002c08                PROVIDE (ee_edata_api_CPU1_, .)
                0x60002c17                . = (. + 0xf)
 *fill*         0x60002c08        0xf 00
                0x60002c18                . = ALIGN (0x8)
 *fill*         0x60002c17        0x1 00

.CPU1.ee_kernel_bss memory region -> DMI_DSPR1
                0x60002c18        0x0
                0x60002c18                PROVIDE (ee_sbss_kernel_CPU1_, .)
 *(.CPU1.ee_kernel_bss*)
                0x60002c18                PROVIDE (ee_ebss_kernel_CPU1_, .)

.CPU1.ee_kernel_data memory region -> DMI_DSPR1
                0x60002c18       0x18
                0x60002c18                PROVIDE (ee_sdata_kernel_CPU1_, .)
 *(.CPU1.ee_kernel_data*)
                0x60002c19                . = (. + 0x1)
 *fill*         0x60002c18        0x1 00
                0x60002c20                . = ALIGN (0x8)
 *fill*         0x60002c19        0x7 00
                0x60002c20                PROVIDE (ee_edata_kernel_CPU1_, .)
                0x60002c2f                . = (. + 0xf)
 *fill*         0x60002c20        0xf 00
                0x60002c30                . = ALIGN (0x8)
 *fill*         0x60002c2f        0x1 00

.CPU1.ee_kernel_stack memory region -> DMI_DSPR1
                0x60002c30      0x420
                0x60002c30                PROVIDE (ee_sstack_kernel_CPU1_, .)
 *(.CPU1.ee_kernel_stack*)
 .CPU1.ee_kernel_stack
                0x60002c30      0x410 slave1/myProject_slave1.elf
                0x6000304f                . = (. + 0xf)
 *fill*         0x60003040        0xf 00
                0x60003050                . = ALIGN (0x8)
 *fill*         0x6000304f        0x1 00
                0x60003050                PROVIDE (ee_estack_kernel_CPU1_, .)

.CPU1ee_end     memory region -> DMI_DSPR1
                0x60003050        0x0 load address 0x80000000
                0x60100008                PROVIDE (ee_sall_code_CPU1_, ADDR (.CPU1.init))
                0x60102030                PROVIDE (ee_eall_code_CPU1_, (ADDR (.CPU1.dtors) + SIZEOF (.CPU1.dtors)))
                0x60000000                PROVIDE (ee_skernel_ram_CPU1_, __DMI_DSPR_BEGIN_CPU1_)
                0x60003050                PROVIDE (ee_ekernel_ram_CPU1_, .)
                0x60102000                PROVIDE (ee_skernel_code_CPU1_, ADDR (.CPU1.ee_kernel_text))
                0x60102018                PROVIDE (ee_ekernel_code_CPU1_, (ADDR (.CPU1.ee_kernel_text) + SIZEOF (.CPU1.ee_kernel_text)))
                0x600001f8                PROVIDE (ee_sapi_const_CPU1_, ADDR (.CPU1.sdata2))
                0x60000308                PROVIDE (ee_eapi_const_CPU1_, (ADDR (.CPU1.rodata) + SIZEOF (.CPU1.rodata)))
                0x60002c00                PROVIDE (ee_sapi_ram_CPU1_, ADDR (.CPU1.ee_api_bss))
                0x60002c18                PROVIDE (ee_eapi_ram_CPU1_, (ADDR (.CPU1.ee_api_data) + SIZEOF (.CPU1.ee_api_data)))
                0x60101fe8                PROVIDE (ee_sapi_code_CPU1_, ADDR (.CPU1.ee_api_text))
                0x60102000                PROVIDE (ee_eapi_code_CPU1_, (ADDR (.CPU1.ee_api_text) + SIZEOF (.CPU1.ee_api_text)))
                0x60003050                . = ALIGN (0x4)
                0x00000001                _. = ASSERT (((__CSA_BEGIN_CPU1_ & 0x3f) == 0x0), illegal CSA start address)
                0x00000001                _. = ASSERT (((__CSA_SIZE & 0x3f) == 0x0), illegal CSA size)
                0x00000001                _. = ASSERT (((__ISTACK_CPU1_ & 0x7) == 0x0), ISTACK not doubleword aligned)
                0x00000001                _. = ASSERT (((__USTACK_CPU1_ & 0x7) == 0x0), USTACK not doubleword aligned)
                0x00000001                _. = ASSERT (((__HEAP_END_CPU1_ & 0x7) == 0x0), HEAP not doubleword aligned)

.CPU2.init      memory region -> PMI_PSPR2
                0x50100000        0x0
 *(SORT(.CPU2.init*))
                0x50100000                . = ALIGN (0x8)

.CPU2.fini
 *(SORT(.CPU2.fini*))

.CPU2.cramtext  memory region -> PMI_PSPR2
                0x50100000        0x0
 *(SORT(.CPU2.cramtext*))
                0x50100000                . = ALIGN (0x8)

.CPU2.traptab   memory region -> PMI_PSPR2
                0x50100000      0x100
 *(.CPU2.traptab*)
 .CPU2.traptab  0x50100000      0x100 slave2/myProject_slave2.elf
                0x50100100                . = ALIGN (0x8)

.CPU2.inttab    memory region -> PMI_PSPR2
                0x50100100      0x100
 *(.CPU2.inttab*)
 .CPU2.inttab   0x50100100      0x100 slave2/myProject_slave2.elf
                0x50100200                . = ALIGN (0x8)

.CPU2.text      memory region -> PMI_PSPR2
                0x50100200     0x1bb8
 *(.CPU2.text*)
 .CPU2.text     0x50100200     0x1bb2 slave2/myProject_slave2.elf
                0x50100200                EE_tc2Yx_cpu2_start
                0x50101db8                . = ALIGN (0x8)
 *fill*         0x50101db2        0x6 00

.CPU2.ee_api_text memory region -> PMI_PSPR2
                0x50101db8       0x18
                0x50101db8                PROVIDE (ee_stext_api_CPU2_, .)
 *(.CPU2.ee_api_text*)
                0x50101db9                . = (. + 0x1)
 *fill*         0x50101db8        0x1 00
                0x50101dc0                . = ALIGN (0x8)
 *fill*         0x50101db9        0x7 00
                0x50101dc0                PROVIDE (ee_etext_api_CPU2_, .)
                0x50101dcf                . = (. + 0xf)
 *fill*         0x50101dc0        0xf 00
                0x50101dd0                . = ALIGN (0x8)
 *fill*         0x50101dcf        0x1 00

.CPU2.ee_kernel_text memory region -> PMI_PSPR2
                0x50101dd0       0x18
                0x50101dd0                PROVIDE (ee_stext_kernel_CPU2_, .)
 *(.CPU2.ee_kernel_text*)
                0x50101dd1                . = (. + 0x1)
 *fill*         0x50101dd0        0x1 00
                0x50101dd8                . = ALIGN (0x8)
 *fill*         0x50101dd1        0x7 00
                0x50101dd8                PROVIDE (ee_etext_kernel_CPU2_, .)
                0x50101de7                . = (. + 0xf)
 *fill*         0x50101dd8        0xf 00
                0x50101de8                . = ALIGN (0x8)
 *fill*         0x50101de7        0x1 00

.CPU2.gcc_except_table
 *(.CPU2.gcc_except_table*)

.CPU2.eh_frame  memory region -> PMI_PSPR2
                0x50101de8        0x0
                0x50101de8                __EH_FRAME_BEGIN___CPU2_ = .
 *(.CPU2.eh_frame*)
                0x50101de8                __EH_FRAME_END___CPU2_ = .

.CPU2.jcr       memory region -> PMI_PSPR2
                0x50101de8        0x0
 *(.CPU2.jcr*)
                0x50101de8                . = ALIGN (0x8)

.CPU2.ctors     memory region -> PMI_PSPR2
                0x50101de8       0x10
                0x50101de8                __CTOR_LIST___CPU2_ = .
                0x50101de8        0x4 LONG 0x1 (((__CTOR_END___CPU2_ - __CTOR_LIST___CPU2_) / 0x4) - 0x2)
 *crtbegin.o(.ctors)
 *(EXCLUDE_FILE(*crtend.o) .ctors)
 *(SORT(.ctors.*))
 *(.ctors)
                0x50101dec        0x4 LONG 0x0
                0x50101df0                __CTOR_END___CPU2_ = .
                0x50101df0        0x4 LONG 0x0
                0x50101df4                __CTOR_END___CPU2_ = .
                0x50101df8                . = ALIGN (0x8)
 *fill*         0x50101df4        0x4 00

.CPU2.dtors     memory region -> PMI_PSPR2
                0x50101df8        0x8
                0x50101df8                __DTOR_LIST___CPU2_ = .
                0x50101df8        0x4 LONG 0x0 (((__DTOR_END___CPU2_ - __DTOR_LIST___CPU2_) / 0x4) - 0x2)
 *crtbegin.o(.dtors)
 *(EXCLUDE_FILE(*crtend.o) .dtors)
 *(SORT(.dtors.*))
 *(.dtors)
                0x50101dfc        0x4 LONG 0x0
                0x50101e00                __DTOR_END___CPU2_ = .
                0x50101e00                . = ALIGN (0x8)

.CPU2.sdata2    memory region -> DMI_DSPR2
                0x50000000        0x0
 *(.CPU2.sdata2*)
                0x50000000                . = ALIGN (0x8)
                0x50008000                _SMALL_DATA2__CPU2_ = SIZEOF (.CPU2.sdata2)?(ADDR (.CPU2.sdata2) + 0x8000):((ADDR (.CPU2.sdata2) & 0xf0000000) + 0x8000)
                0x50008000                __A1_MEM_CPU2_ = _SMALL_DATA2__CPU2_

.CPU2.rodata    memory region -> DMI_DSPR2
                0x50000000      0x110
                0x50000000                PROVIDE (__rodata_start_CPU2_, .)
 *(SORT(.CPU2.rodata*))
 .CPU2.rodata   0x50000000       0xfc slave2/myProject_slave2.elf
                0x500000fc                . = ALIGN (0x4)
                0x500000fc                PROVIDE (ee_stacks_table_CPU2_, .)
                0x500000fc        0x4 LONG 0x50002a30 (0x0 + ADDR (.CPU2.ee_kernel_stack))
                0x50000100        0x4 LONG 0x420 SIZEOF (.CPU2.ee_kernel_stack)
                0x50000104        0x4 LONG 0xffffffff
                0x50000108        0x4 LONG 0xffffffff
                0x50000110                . = ALIGN (0x8)
 *fill*         0x5000010c        0x4 00

.CPU2.zbss      memory region -> DMI_DSPR2
                0x50000110        0x0
                0x50000110                PROVIDE (ZBSS_BASE_CPU2_, .)
 *(.CPU2.zbss*)
                0x50000110                . = ALIGN (0x8)
                0x50000110                PROVIDE (ZBSS_END_CPU2_, .)

.CPU2.zdata     memory region -> DMI_DSPR2
                0x50000110        0x0
                0x50000110                PROVIDE (ZDATA_BASE_CPU2_, .)
 *(.CPU2.zdata*)
                0x50000110                . = ALIGN (0x8)
                0x50000110                PROVIDE (ZDATA_END_CPU2_, .)

.CPU2.sbss      memory region -> DMI_DSPR2
                0x50000110        0x0
                0x50000110                PROVIDE (__sbss_start_CPU2_, .)
 *(.CPU2.sbss*)
                0x50000110                PROVIDE (__sbss_end_CPU2_, .)
                0x50000110                . = ALIGN (0x8)

.CPU2.sdata     memory region -> DMI_DSPR2
                0x50000110        0x0
                0x50000110                PROVIDE (SDATA_BASE_CPU2_, .)
                0x50000110                PROVIDE (__sdata_start_CPU2_, .)
 *(.CPU2.sdata*)
                0x50000110                . = ALIGN (0x8)
                0x50000110                PROVIDE (SDATA_END_CPU2_, .)
                0x50000110                PROVIDE (__sdata_end_CPU2_, .)
                0x50000000                _SMALL_DATA__CPU2_ = (SIZEOF (.CPU2.sbss) + SIZEOF (.CPU2.sdata))?(ADDR (.CPU2.sbss) + 0x8000):(ADDR (.CPU2.sbss) & 0xf0000000)
                0x50000000                __A0_MEM_CPU2_ = _SMALL_DATA__CPU2_

.CPU2.bss       memory region -> DMI_DSPR2
                0x50000110       0x78
                0x50000110                PROVIDE (BSS_BASE_CPU2_, .)
                0x50000110                PROVIDE (__bss_start_CPU2_, .)
 *(.CPU2.bss*)
 .CPU2.bss      0x50000110       0x74 slave2/myProject_slave2.elf
                0x50000184                PROVIDE (__bss_end_CPU2_, .)
                0x50000188                . = ALIGN (0x8)
 *fill*         0x50000184        0x4 00

.CPU2.data      memory region -> DMI_DSPR2
                0x50000188       0x50
                0x50000188                PROVIDE (DATA_BASE_CPU2_, .)
                0x50000188                PROVIDE (__data_start_CPU2_, .)
 *(.CPU2.data*)
 .CPU2.data     0x50000188       0x50 slave2/myProject_slave2.elf
                0x500001d8                . = ALIGN (0x8)
                0x500001d8                PROVIDE (DATA_END_CPU2_, .)
                0x500001d8                PROVIDE (__data_end_CPU2_, .)

.CPU2.ustack    memory region -> DMI_DSPR2
                0x500001d8      0x800
                0x500001d8                PROVIDE (__USTACK_BEGIN_CPU2_, .)
                0x500009d8                . = (. + __USTACK_SIZE)
 *fill*         0x500001d8      0x800 00
                0x500009d8                . = ALIGN (0x8)
                0x500009d8                __USTACK_CPU2_ = .
                0x500009d8                PROVIDE (__USTACK_END_CPU2_, .)

.CPU2.istack    memory region -> DMI_DSPR2
                0x500009d8        0x0
                0x500009d8                PROVIDE (__ISTACK_BEGIN_CPU2_, .)
                0x500009d8                . = (. + __ISTACK_SIZE)
                0x500009d8                . = ALIGN (0x8)
                0x500009d8                __ISTACK_CPU2_ = .
                0x500009d8                PROVIDE (__ISTACK_END_CPU2_, .)

.CPU2.heap      memory region -> DMI_DSPR2
                0x500009d8        0x0
                0x500009d8                PROVIDE (__HEAP_BEGIN_CPU2_, .)
                0x500009d8                PROVIDE (__HEAP_CPU2_, .)
                0x500009d8                . = (. + __HEAP_SIZE)
                0x500009d8                . = ALIGN (0x8)
                0x500009d8                __HEAP_END_CPU2_ = .

.CPU2.csa       memory region -> DMI_DSPR2
                0x50000a00     0x2000
                0x50000a00                __CSA_BEGIN_CPU2_ = .
                0x50000a00                PROVIDE (__CSA_CPU2_, .)
                0x50002a00                . = (. + __CSA_SIZE)
 *fill*         0x50000a00     0x2000 00
                0x50002a00                . = ALIGN (0x40)
                0x50002a00                PROVIDE (__CSA_END_CPU2_, .)

.CPU2.ee_api_bss memory region -> DMI_DSPR2
                0x50002a00        0x0
                0x50002a00                PROVIDE (ee_sbss_api_CPU2_, .)
 *(.CPU2*.ee_api_bss*)
                0x50002a00                PROVIDE (ee_ebss_api_CPU2_, .)
                0x50002a00                . = ALIGN (0x8)

.CPU2.ee_api_data memory region -> DMI_DSPR2
                0x50002a00       0x18
                0x50002a00                PROVIDE (ee_sdata_api_CPU2_, .)
 *(.CPU2.ee_api_data*)
                0x50002a01                . = (. + 0x1)
 *fill*         0x50002a00        0x1 00
                0x50002a08                . = ALIGN (0x8)
 *fill*         0x50002a01        0x7 00
                0x50002a08                PROVIDE (ee_edata_api_CPU2_, .)
                0x50002a17                . = (. + 0xf)
 *fill*         0x50002a08        0xf 00
                0x50002a18                . = ALIGN (0x8)
 *fill*         0x50002a17        0x1 00

.CPU2.ee_kernel_bss memory region -> DMI_DSPR2
                0x50002a18        0x0
                0x50002a18                PROVIDE (ee_sbss_kernel_CPU2_, .)
 *(.CPU2.ee_kernel_bss*)
                0x50002a18                PROVIDE (ee_ebss_kernel_CPU2_, .)

.CPU2.ee_kernel_data memory region -> DMI_DSPR2
                0x50002a18       0x18
                0x50002a18                PROVIDE (ee_sdata_kernel_CPU2_, .)
 *(.CPU2.ee_kernel_data*)
                0x50002a19                . = (. + 0x1)
 *fill*         0x50002a18        0x1 00
                0x50002a20                . = ALIGN (0x8)
 *fill*         0x50002a19        0x7 00
                0x50002a20                PROVIDE (ee_edata_kernel_CPU2_, .)
                0x50002a2f                . = (. + 0xf)
 *fill*         0x50002a20        0xf 00
                0x50002a30                . = ALIGN (0x8)
 *fill*         0x50002a2f        0x1 00

.CPU2.ee_kernel_stack memory region -> DMI_DSPR2
                0x50002a30      0x420
                0x50002a30                PROVIDE (ee_sstack_kernel_CPU2_, .)
 *(.CPU2.ee_kernel_stack*)
 .CPU2.ee_kernel_stack
                0x50002a30      0x410 slave2/myProject_slave2.elf
                0x50002e4f                . = (. + 0xf)
 *fill*         0x50002e40        0xf 00
                0x50002e50                . = ALIGN (0x8)
 *fill*         0x50002e4f        0x1 00
                0x50002e50                PROVIDE (ee_estack_kernel_CPU2_, .)

.CPU2ee_end     memory region -> DMI_DSPR2
                0x50002e50        0x0 load address 0x80000000
                0x50100000                PROVIDE (ee_sall_code_CPU2_, ADDR (.CPU2.init))
                0x50101e00                PROVIDE (ee_eall_code_CPU2_, (ADDR (.CPU2.dtors) + SIZEOF (.CPU2.dtors)))
                0x50000000                PROVIDE (ee_skernel_ram_CPU2_, __DMI_DSPR_BEGIN_CPU2_)
                0x50002e50                PROVIDE (ee_ekernel_ram_CPU2_, .)
                0x50101dd0                PROVIDE (ee_skernel_code_CPU2_, ADDR (.CPU2.ee_kernel_text))
                0x50101de8                PROVIDE (ee_ekernel_code_CPU2_, (ADDR (.CPU2.ee_kernel_text) + SIZEOF (.CPU2.ee_kernel_text)))
                0x50000000                PROVIDE (ee_sapi_const_CPU2_, ADDR (.CPU2.sdata2))
                0x50000110                PROVIDE (ee_eapi_const_CPU2_, (ADDR (.CPU2.rodata) + SIZEOF (.CPU2.rodata)))
                0x50002a00                PROVIDE (ee_sapi_ram_CPU2_, ADDR (.CPU2.ee_api_bss))
                0x50002a18                PROVIDE (ee_eapi_ram_CPU2_, (ADDR (.CPU2.ee_api_data) + SIZEOF (.CPU2.ee_api_data)))
                0x50101db8                PROVIDE (ee_sapi_code_CPU2_, ADDR (.CPU2.ee_api_text))
                0x50101dd0                PROVIDE (ee_eapi_code_CPU2_, (ADDR (.CPU2.ee_api_text) + SIZEOF (.CPU2.ee_api_text)))
                0x50002e50                . = ALIGN (0x4)
                0x00000001                _. = ASSERT (((__CSA_BEGIN_CPU2_ & 0x3f) == 0x0), illegal CSA start address)
                0x00000001                _. = ASSERT (((__CSA_SIZE & 0x3f) == 0x0), illegal CSA size)
                0x00000001                _. = ASSERT (((__ISTACK_CPU2_ & 0x7) == 0x0), ISTACK not doubleword aligned)
                0x00000001                _. = ASSERT (((__USTACK_CPU2_ & 0x7) == 0x0), USTACK not doubleword aligned)
                0x00000001                _. = ASSERT (((__HEAP_END_CPU2_ & 0x7) == 0x0), HEAP not doubleword aligned)
                [0x00000000]                NULL = DEFINED (NULL)?NULL:0x0

.comment        memory region -> *default*
                0x00000000       0x47
 *(.comment)
 .comment       0x00000000       0x47 master/myProject_master.elf
                                0xc60 (size before relaxing)
 .comment       0x00000000      0x9d8 slave1/myProject_slave1.elf
 .comment       0x00000000      0x948 slave2/myProject_slave2.elf

.debug
 *(.debug)

.line
 *(.line)

.debug_srcinfo
 *(.debug_srcinfo)

.debug_sfnames
 *(.debug_sfnames)

.debug_aranges  memory region -> *default*
                0x00000000     0x1010
 *(.debug_aranges)
 .debug_aranges
                0x00000000      0x700 master/myProject_master.elf
 .debug_aranges
                0x00000700      0x4a8 slave1/myProject_slave1.elf
 .debug_aranges
                0x00000ba8      0x468 slave2/myProject_slave2.elf

.debug_pubnames
 *(.debug_pubnames)

.debug_info     memory region -> *default*
                0x00000000    0x64d34
 *(.debug_info)
 .debug_info    0x00000000    0x2b991 master/myProject_master.elf
 .debug_info    0x0002b991    0x1d7a6 slave1/myProject_slave1.elf
 .debug_info    0x00049137    0x1bbfd slave2/myProject_slave2.elf

.debug_abbrev   memory region -> *default*
                0x00000000     0xf498
 *(.debug_abbrev)
 .debug_abbrev  0x00000000     0x6019 master/myProject_master.elf
 .debug_abbrev  0x00006019     0x4cbf slave1/myProject_slave1.elf
 .debug_abbrev  0x0000acd8     0x47c0 slave2/myProject_slave2.elf

.debug_line     memory region -> *default*
                0x00000000    0x17490
 *(.debug_line)
 .debug_line    0x00000000     0x92e9 master/myProject_master.elf
 .debug_line    0x000092e9     0x7442 slave1/myProject_slave1.elf
 .debug_line    0x0001072b     0x6d65 slave2/myProject_slave2.elf

.debug_frame    memory region -> *default*
                0x00000000     0x13a4
 *(.debug_frame)
 .debug_frame   0x00000000      0x8f4 master/myProject_master.elf
 .debug_frame   0x000008f4      0x578 slave1/myProject_slave1.elf
 .debug_frame   0x00000e6c      0x538 slave2/myProject_slave2.elf

.debug_str      memory region -> *default*
                0x00000000      0xbdc
 *(.debug_str)
 .debug_str     0x00000000      0x790 master/myProject_master.elf
 .debug_str     0x00000790      0x247 slave1/myProject_slave1.elf
 .debug_str     0x000009d7      0x205 slave2/myProject_slave2.elf

.debug_loc      memory region -> *default*
                0x00000000     0x51e5
 *(.debug_loc)
 .debug_loc     0x00000000     0x2ab2 master/myProject_master.elf
 .debug_loc     0x00002ab2     0x1408 slave1/myProject_slave1.elf
 .debug_loc     0x00003eba     0x132b slave2/myProject_slave2.elf

.debug_macinfo
 *(.debug_macinfo)

.debug_ranges   memory region -> *default*
                0x00000000     0x43f8
 *(.debug_ranges)
 .debug_ranges  0x00000000     0x1f18 master/myProject_master.elf
 .debug_ranges  0x00001f18     0x1310 slave1/myProject_slave1.elf
 .debug_ranges  0x00003228     0x11d0 slave2/myProject_slave2.elf

.debug_weaknames
 *(.debug_weaknames)

.debug_funcnames
 *(.debug_funcnames)

.debug_typenames
 *(.debug_typenames)

.debug_varnames
 *(.debug_varnames)

.version_info   memory region -> *default*
                0x00000000    0x9e4a7
 *(.version_info)
 .version_info  0x00000000    0x3f597 master/myProject_master.elf
 .version_info  0x0003f597    0x30de5 slave1/myProject_slave1.elf
 .version_info  0x0007037c    0x2e12b slave2/myProject_slave2.elf

.boffs
 *(.boffs)
OUTPUT(tc29x_multicore.elf elf32-tricore)

Cross Reference Table

Symbol                                            File
EE_as_core_mask                                   master/myProject_master.elf
                                                  slave2/myProject_slave2.elf
                                                  slave1/myProject_slave1.elf
EE_as_core_spinlocks                              master/myProject_master.elf
                                                  slave2/myProject_slave2.elf
                                                  slave1/myProject_slave1.elf
EE_as_core_start_addresses                        master/myProject_master.elf
EE_as_core_started                                master/myProject_master.elf
EE_as_not_as_core_mask                            master/myProject_master.elf
EE_as_os_application_mode                         master/myProject_master.elf
                                                  slave2/myProject_slave2.elf
                                                  slave1/myProject_slave1.elf
EE_as_rpc_RAM                                     master/myProject_master.elf
                                                  slave2/myProject_slave2.elf
                                                  slave1/myProject_slave1.elf
EE_as_rpc_alarms                                  master/myProject_master.elf
EE_as_rpc_counters                                master/myProject_master.elf
EE_as_rpc_services_table                          master/myProject_master.elf
                                                  slave2/myProject_slave2.elf
                                                  slave1/myProject_slave1.elf
EE_as_rpc_serving                                 master/myProject_master.elf
                                                  slave2/myProject_slave2.elf
                                                  slave1/myProject_slave1.elf
EE_as_rpc_tasks                                   master/myProject_master.elf
EE_as_shutdown_all_cores_error                    master/myProject_master.elf
                                                  slave2/myProject_slave2.elf
                                                  slave1/myProject_slave1.elf
EE_as_shutdown_all_cores_flag                     master/myProject_master.elf
                                                  slave2/myProject_slave2.elf
                                                  slave1/myProject_slave1.elf
EE_as_shutdown_mask                               master/myProject_master.elf
                                                  slave2/myProject_slave2.elf
                                                  slave1/myProject_slave1.elf
EE_as_spinlocks_last                              master/myProject_master.elf
                                                  slave2/myProject_slave2.elf
                                                  slave1/myProject_slave1.elf
EE_as_spinlocks_locker_core                       master/myProject_master.elf
                                                  slave2/myProject_slave2.elf
                                                  slave1/myProject_slave1.elf
EE_as_spinlocks_stack                             master/myProject_master.elf
                                                  slave2/myProject_slave2.elf
                                                  slave1/myProject_slave1.elf
EE_hal_spinlock_status                            master/myProject_master.elf
                                                  slave2/myProject_slave2.elf
                                                  slave1/myProject_slave1.elf
EE_tc2Yx_cpu1_start                               slave1/myProject_slave1.elf
                                                  master/myProject_master.elf
EE_tc2Yx_cpu2_start                               slave2/myProject_slave2.elf
                                                  master/myProject_master.elf
EE_tc_kernel_barrier                              master/myProject_master.elf
                                                  slave2/myProject_slave2.elf
                                                  slave1/myProject_slave1.elf
ShutdownHook                                      master/myProject_master.elf
                                                  slave2/myProject_slave2.elf
                                                  slave1/myProject_slave1.elf
StartupHook                                       master/myProject_master.elf
                                                  slave2/myProject_slave2.elf
                                                  slave1/myProject_slave1.elf
_SMALL_DATA(unsigned _ *) const                   slave1/myProject_slave1.elf
_SMALL_DATA2(unsigned _ *) const                  slave1/myProject_slave1.elf
_SMALL_DATA2__CPU0_                               master/myProject_master.elf
_SMALL_DATA2__CPU2_                               slave2/myProject_slave2.elf
_SMALL_DATA__CPU0_                                master/myProject_master.elf
_SMALL_DATA__CPU2_                                slave2/myProject_slave2.elf
_START                                            master/myProject_master.elf
__CSA_BEGIN_CPU0_                                 master/myProject_master.elf
__CSA_BEGIN_CPU1_                                 slave1/myProject_slave1.elf
__CSA_BEGIN_CPU2_                                 slave2/myProject_slave2.elf
__CSA_END_CPU0_                                   master/myProject_master.elf
__CSA_END_CPU1_                                   slave1/myProject_slave1.elf
__CSA_END_CPU2_                                   slave2/myProject_slave2.elf
__USTACK_BEGIN_CPU0_                              master/myProject_master.elf
__USTACK_BEGIN_CPU1_                              slave1/myProject_slave1.elf
__USTACK_BEGIN_CPU2_                              slave2/myProject_slave2.elf
__USTACK_CPU0_                                    master/myProject_master.elf
__USTACK_CPU1_                                    slave1/myProject_slave1.elf
__USTACK_CPU2_                                    slave2/myProject_slave2.elf
adc                                               master/myProject_master.elf
                                                  slave2/myProject_slave2.elf
                                                  slave1/myProject_slave1.elf
on_off                                            master/myProject_master.elf
                                                  slave2/myProject_slave2.elf
tft_id                                            master/myProject_master.elf
