Archive member included because of file (symbol)

libee.a(ee_tc_trapvec.o)      obj/pkg/mcu/infineon_common_tc2Yx/src/ee_tc2Yx_cstart.o (EE_tc_trap_table)
libee.a(ee_tc_intvec.o)       obj/pkg/mcu/infineon_common_tc2Yx/src/ee_tc2Yx_cstart.o (EE_tc_interrupt_table)
libee.a(ee_tc_context.o)      libee.a(ee_tc_intvec.o) (EE_std_change_context)
libee.a(ee_tc_multicore.o)    libee.a(ee_tc_intvec.o) (EE_TC_iirq_handler)
libee.a(ee_as_spinlocks.o)    obj/src/slave2.o (EE_as_GetSpinlock)
libee.a(ee_as_rpc.o)          libee.a(ee_tc_multicore.o) (EE_as_rpc_handler)
libee.a(ee_activate.o)        libee.a(ee_as_rpc.o) (EE_oo_ActivateTask)
libee.a(ee_gettaskstate.o)    libee.a(ee_as_rpc.o) (EE_oo_GetTaskState)
libee.a(ee_terminat.o)        obj/src/slave2.o (EE_oo_TerminateTask)
libee.a(ee_thendin.o)         libee.a(ee_tc_context.o) (EE_thread_end_instance)
libee.a(ee_irqendin.o)        libee.a(ee_as_spinlocks.o) (EE_oo_assign_TID_to_ISR2)
libee.a(ee_tstub.o)           obj/eecfg.o (EE_oo_thread_stub)
libee.a(ee_lookup.o)          libee.a(ee_thendin.o) (EE_oo_IRQ_disable_count)
libee.a(ee_rq_exchg.o)        libee.a(ee_activate.o) (EE_rq2stk_exchange)
libee.a(ee_rq_inser.o)        libee.a(ee_activate.o) (EE_rq_insert)
libee.a(ee_shtdown.o)         libee.a(ee_as_rpc.o) (EE_oo_ShutdownOS_internal)
libee.a(ee_startos.o)         obj/src/slave2.o (EE_oo_StartOS)
libee.a(ee_alcancel.o)        libee.a(ee_as_rpc.o) (EE_oo_CancelAlarm)
libee.a(ee_algetbase.o)       libee.a(ee_as_rpc.o) (EE_oo_GetAlarmBase)
libee.a(ee_alget.o)           libee.a(ee_as_rpc.o) (EE_oo_GetAlarm)
libee.a(ee_alsetabs.o)        libee.a(ee_as_rpc.o) (EE_oo_SetAbsAlarm)
libee.a(ee_alsetrel.o)        libee.a(ee_as_rpc.o) (EE_oo_SetRelAlarm)
libee.a(ee_getcountervalue.o)
                              libee.a(ee_as_rpc.o) (EE_oo_GetCounterValue)
libee.a(ee_getelapsedvalue.o)
                              libee.a(ee_as_rpc.o) (EE_oo_GetElapsedValue)
libee.a(ee_evset.o)           libee.a(ee_as_rpc.o) (EE_oo_SetEvent)
libee.a(ee_tc2Yx_system.o)    libee.a(ee_startos.o) (EE_tc2Yx_stm_set_clockpersec)
libee.a(ee_hal_structs.o)     libee.a(ee_tc_intvec.o) (EE_std_endcycle_next_tid)
libee.a(ee_tc_oo.o)           libee.a(ee_terminat.o) (EE_hal_terminate_task)
libee.a(ee_tnterm.o)          libee.a(ee_tc_oo.o) (EE_thread_not_terminated)
c:/hightec/toolch~1/tricore/v4660-~1.1/bin/../lib/gcc/tricore/4.6.4/../../../../tricore/lib/tc161\libos.a(libos_exit.o)
                              obj/pkg/mcu/infineon_common_tc2Yx/src/ee_tc2Yx_cstart.o (_exit)

----- BEGIN EXTENDED MAP LISTING -----

>>> Linker and link run information

Linker version: GNU ld version (GNU Binutils) 2.20 (TriCore) using BFD version (GNU Binutils) 2.20 (v2.3), Tool Version v2.7
Name of linker executable: c:/hightec/toolch~1/tricore/v4660-~1.1/bin/../lib/gcc/tricore/4.6.4/../../../../tricore/bin/ld.exe
Date of link run: Mon Dec 05 16:48:20 2016
Name of linker map file: myProject_slave2.map

>>> Symbols (global (S = g) and static (S = l); sorted by address)

==================================================================================================================================================================================================================
Start      End        Size S Name                                       Memory    O-Sec                 I-Sec                                              Input object                                           
==================================================================================================================================================================================================================
0x00000000 0x0000000b   12 g EE_as_spinlocks_locker_task_or_isr2        *default* .CPU2.data            .data.EE_as_spinlocks_locker_task_or_isr2          obj/eecfg.o
0x00000000 0x00000007    8 g EE_oo_autostart_task_data                  *default* .CPU2.rodata          .rodata.EE_oo_autostart_task_data                  obj/eecfg.o
0x00000000 0x00000117  280 g EE_tc2Yx_cpu2_start                        *default* .CPU2.text            .text.EE_tc2Yx_cpu2_start                          obj/pkg/mcu/infineon_common_tc2Yx/src/ee_tc2Yx_cstart.o
0x00000000 0x00000000    0 g EE_tc_interrupt_table                      *default* .CPU2.inttab          .inttab                                            ee_tc_intvec.o
0x00000000 0x00000203  516 g EE_tc_stack_2                              *default* .CPU2.ee_kernel_stack ee_kernel_stack                                    obj/eecfg.o
0x00000000 0x00000000    0 g EE_tc_trap_mmu                             *default* .CPU2.traptab         .traptab                                           ee_tc_trapvec.o
0x00000000 0x00000000    0 g EE_tc_trap_table                           *default* .CPU2.traptab         .traptab                                           ee_tc_trapvec.o
0x00000000 0x00000003    4 g __progname                                 *default* .CPU2.bss             .bss                                               libos_exit.o
0x00000008 0x0000000f    8 g EE_th_is_extended                          *default* .CPU2.rodata          .rodata.EE_th_is_extended                          obj/eecfg.o
0x00000008 0x00000008    1 l pwm_counter.35639                          *default* .CPU2.bss             .bss.pwm_counter.35639                             obj/src/slave2.o
0x00000009 0x00000009    1 l pwm_value.35640                            *default* .CPU2.bss             .bss.pwm_value.35640                               obj/src/slave2.o
0x0000000c 0x0000000f    4 g EE_ApplicationMode                         *default* .CPU2.bss             .bss.EE_ApplicationMode                            obj/eecfg.o
0x0000000c 0x00000013    8 g EE_th_terminate_nextask                    *default* .CPU2.data            .data.EE_th_terminate_nextask                      obj/eecfg.o
0x00000010 0x00000013    4 g EE_isr2_nesting_level                      *default* .CPU2.bss             .bss.EE_isr2_nesting_level                         obj/eecfg.o
0x00000010 0x00000017    8 g EE_th_dispatch_prio                        *default* .CPU2.rodata          .rodata.EE_th_dispatch_prio                        obj/eecfg.o
0x00000014 0x00000017    4 g EE_rq_first                                *default* .CPU2.data            .data.EE_rq_first                                  obj/eecfg.o
0x00000014 0x0000001b    8 g EE_th_waswaiting                           *default* .CPU2.bss             .bss.EE_th_waswaiting                              obj/eecfg.o
0x00000018 0x0000001f    8 g EE_th_ready_prio                           *default* .CPU2.rodata          .rodata.EE_th_ready_prio                           obj/eecfg.o
0x00000018 0x0000001f    8 g EE_th_rnact                                *default* .CPU2.data            .data.EE_th_rnact                                  obj/eecfg.o
0x0000001c 0x00000023    8 g EE_th_event_waitmask                       *default* .CPU2.bss             .bss.EE_th_event_waitmask                          obj/eecfg.o
0x00000020 0x00000023    4 g EE_stkfirst                                *default* .CPU2.data            .data.EE_stkfirst                                  obj/eecfg.o
0x00000020 0x00000020    0 g EE_tc_isr2_entry_1                         *default* .CPU2.inttab          .inttab                                            ee_tc_intvec.o
0x00000020 0x00000020    0 g EE_tc_trap_protection                      *default* .CPU2.traptab         .traptab                                           ee_tc_trapvec.o
0x00000020 0x00000027    8 g EE_terminate_real_th_body                  *default* .CPU2.rodata          .rodata.EE_terminate_real_th_body                  obj/eecfg.o
0x00000024 0x0000002b    8 g EE_th_event_active                         *default* .CPU2.bss             .bss.EE_th_event_active                            obj/eecfg.o
0x00000024 0x0000002b    8 g EE_th_next                                 *default* .CPU2.data            .data.EE_th_next                                   obj/eecfg.o
0x00000028 0x0000002f    8 g EE_hal_thread_body                         *default* .CPU2.rodata          .rodata.EE_hal_thread_body                         obj/eecfg.o
0x0000002c 0x0000002f    4 g EE_sys_ceiling                             *default* .CPU2.bss             .bss.EE_sys_ceiling                                obj/eecfg.o
0x0000002c 0x00000033    8 g EE_th_status                               *default* .CPU2.data            .data.EE_th_status                                 obj/eecfg.o
0x00000030 0x0000003b   12 g EE_std_thread_tos                          *default* .CPU2.rodata          .rodata.EE_std_thread_tos                          obj/eecfg.o
0x00000030 0x00000037    8 g EE_terminate_data                          *default* .CPU2.bss             .bss.EE_terminate_data                             obj/eecfg.o
0x00000034 0x0000004b   24 g EE_tc_system_tos                           *default* .CPU2.data            .data.EE_tc_system_tos                             obj/eecfg.o
0x00000038 0x00000043   12 g EE_tc_tasks_RA                             *default* .CPU2.bss             .bss.EE_tc_tasks_RA                                obj/eecfg.o
0x0000003c 0x0000003f    4 l EE_oo_autostart_task_mode_OSDEFAULTAPPMODE *default* .CPU2.rodata          .rodata.EE_oo_autostart_task_mode_OSDEFAULTAPPMODE obj/eecfg.o
0x00000040 0x0000008f   80 l CSWTCH.18                                  *default* .CPU2.rodata          .rodata.CSWTCH.18                                  ee_as_rpc.o
0x00000040 0x000000c7  136 g EE_tc_isr2_global_wrapper                  *default* .CPU2.inttab          .inttab                                            ee_tc_intvec.o
0x00000040 0x00000040    0 g EE_tc_trap_instruction                     *default* .CPU2.traptab         .traptab                                           ee_tc_trapvec.o
0x00000044 0x00000047    4 g EE_tc_active_tos                           *default* .CPU2.bss             .bss.EE_tc_active_tos                              obj/eecfg.o
0x00000048 0x0000004b    4 g EE_tc_active_utid                          *default* .CPU2.bss             .bss.EE_tc_active_utid                             ee_tc_context.o
0x0000004c 0x0000004f    4 g EE_isr2_index                              *default* .CPU2.data            .data.EE_isr2_index                                ee_irqendin.o
0x0000004c 0x0000004f    4 g EE_oo_IRQ_suspend_status                   *default* .CPU2.bss             .bss.EE_oo_IRQ_suspend_status                      ee_lookup.o
0x00000050 0x00000053    4 g EE_oo_IRQ_disable_count                    *default* .CPU2.bss             .bss.EE_oo_IRQ_disable_count                       ee_lookup.o
0x00000054 0x00000057    4 g EE_oo_started                              *default* .CPU2.bss             .bss.EE_oo_started                                 ee_startos.o
0x00000058 0x0000005b    4 g EE_ORTI_runningisr2                        *default* .CPU2.bss             .bss.EE_ORTI_runningisr2                           ee_startos.o
0x0000005c 0x00000063    8 g EE_ORTI_th_priority                        *default* .CPU2.bss             .bss.EE_ORTI_th_priority                           ee_startos.o
0x00000060 0x00000060    0 g EE_tc_trap_context                         *default* .CPU2.traptab         .traptab                                           ee_tc_trapvec.o
0x00000064 0x00000064    1 g EE_ORTI_lasterror                          *default* .CPU2.bss             .bss.EE_ORTI_lasterror                             ee_startos.o
0x00000065 0x00000065    1 g EE_ORTI_servicetrace                       *default* .CPU2.bss             .bss.EE_ORTI_servicetrace                          ee_startos.o
0x00000068 0x0000006b    4 l EE_tc2Yx_stm_freq_khz                      *default* .CPU2.bss             .bss.EE_tc2Yx_stm_freq_khz                         ee_tc2Yx_system.o
0x0000006c 0x0000006f    4 g EE_std_endcycle_next_tid                   *default* .CPU2.bss             .bss.EE_std_endcycle_next_tid                      ee_hal_structs.o
0x00000070 0x00000073    4 g EE_IRQ_nesting_level                       *default* .CPU2.bss             .bss.EE_IRQ_nesting_level                          ee_hal_structs.o
0x00000080 0x00000080    0 g EE_tc_trap_bus                             *default* .CPU2.traptab         .traptab                                           ee_tc_trapvec.o
0x00000090 0x000000df   80 l CSWTCH.19                                  *default* .CPU2.rodata          .rodata.CSWTCH.19                                  ee_as_rpc.o
0x000000a0 0x000000a0    0 g EE_tc_trap_assertion                       *default* .CPU2.traptab         .traptab                                           ee_tc_trapvec.o
0x000000c0 0x000000c0    0 g EE_tc_trap_system                          *default* .CPU2.traptab         .traptab                                           ee_tc_trapvec.o
0x000000e0 0x000000e3    4 l EE_os_invalid_param                        *default* .CPU2.rodata          .rodata.EE_os_invalid_param                        ee_activate.o
0x000000e0 0x000000e0    0 g EE_tc_trap_nmi                             *default* .CPU2.traptab         .traptab                                           ee_tc_trapvec.o
0x000000e4 0x000000e7    4 l EE_os_invalid_param                        *default* .CPU2.rodata          .rodata.EE_os_invalid_param                        ee_gettaskstate.o
0x000000e8 0x000000eb    4 l EE_os_invalid_param                        *default* .CPU2.rodata          .rodata.EE_os_invalid_param                        ee_alcancel.o
0x000000ec 0x000000ef    4 l EE_os_invalid_param                        *default* .CPU2.rodata          .rodata.EE_os_invalid_param                        ee_algetbase.o
0x000000f0 0x000000f3    4 l EE_os_invalid_param                        *default* .CPU2.rodata          .rodata.EE_os_invalid_param                        ee_alget.o
0x000000f4 0x000000f7    4 l EE_os_invalid_param                        *default* .CPU2.rodata          .rodata.EE_os_invalid_param                        ee_getcountervalue.o
0x000000f8 0x000000fb    4 l EE_os_invalid_param                        *default* .CPU2.rodata          .rodata.EE_os_invalid_param                        ee_evset.o
0x00000118 0x000001e3  204 g FuncTaskPwmM                               *default* .CPU2.text            .text.FuncTaskPwmM                                 obj/src/slave2.o
0x000001e4 0x00000253  112 g FuncTaskPinM                               *default* .CPU2.text            .text.FuncTaskPinM                                 obj/src/slave2.o
0x00000208 0x0000040b  516 g EE_tc_stack_1                              *default* .CPU2.ee_kernel_stack ee_kernel_stack                                    obj/eecfg.o
0x00000254 0x0000025d   10 g main                                       *default* .CPU2.text            .text.main                                         obj/src/slave2.o
0x0000025e 0x00000263    6 g EE_tc_isr2_call_handler                    *default* .CPU2.text            .text.EE_tc_isr2_call_handler                      ee_tc_intvec.o
0x00000264 0x000002fb  152 g EE_std_change_context                      *default* .CPU2.text            .text.EE_std_change_context                        ee_tc_context.o
0x000002fc 0x0000036d  114 g EE_hal_sync_barrier                        *default* .CPU2.text            .text.EE_hal_sync_barrier                          ee_tc_multicore.o
0x0000036e 0x000003d9  108 g EE_tc_sync_barrier                         *default* .CPU2.text            .text.EE_tc_sync_barrier                           ee_tc_multicore.o
0x000003da 0x000003dd    4 g EE_TC_iirq_handler                         *default* .CPU2.text            .text.EE_TC_iirq_handler                           ee_tc_multicore.o
0x000003de 0x00000493  182 g EE_as_GetSpinlock                          *default* .CPU2.text            .text.EE_as_GetSpinlock                            ee_as_spinlocks.o
0x00000494 0x00000539  166 g EE_as_ReleaseSpinlock                      *default* .CPU2.text            .text.EE_as_ReleaseSpinlock                        ee_as_spinlocks.o
0x0000053a 0x000005f7  190 g EE_as_TryToGetSpinlock                     *default* .CPU2.text            .text.EE_as_TryToGetSpinlock                       ee_as_spinlocks.o
0x000005f8 0x0000067b  132 g EE_as_release_all_spinlocks                *default* .CPU2.text            .text.EE_as_release_all_spinlocks                  ee_as_spinlocks.o
0x0000067c 0x0000075d  226 g EE_as_rpc                                  *default* .CPU2.text            .text.EE_as_rpc                                    ee_as_rpc.o
0x00000760 0x0000098b  556 g EE_as_rpc_handler                          *default* .CPU2.text            .text.EE_as_rpc_handler                            ee_as_rpc.o
0x0000098c 0x00000a89  254 g EE_as_ShutdownAllCores                     *default* .CPU2.text            .text.EE_as_ShutdownAllCores                       ee_as_rpc.o
0x00000a8a 0x00000bc5  316 g EE_oo_ActivateTask                         *default* .CPU2.text            .text.EE_oo_ActivateTask                           ee_activate.o
0x00000bc6 0x00000c43  126 g EE_oo_GetTaskState                         *default* .CPU2.text            .text.EE_oo_GetTaskState                           ee_gettaskstate.o
0x00000c44 0x00000cb1  110 g EE_oo_TerminateTask                        *default* .CPU2.text            .text.EE_oo_TerminateTask                          ee_terminat.o
0x00000cb2 0x00000de1  304 g EE_thread_end_instance                     *default* .CPU2.text            .text.EE_thread_end_instance                       ee_thendin.o
0x00000de2 0x00000e2f   78 g EE_oo_assign_TID_to_ISR2                   *default* .CPU2.text            .text.EE_oo_assign_TID_to_ISR2                     ee_irqendin.o
0x00000e30 0x00000ed5  166 g EE_IRQ_end_instance                        *default* .CPU2.text            .text.EE_IRQ_end_instance                          ee_irqendin.o
0x00000ed6 0x00000f37   98 g EE_IRQ_end_post_stub                       *default* .CPU2.text            .text.EE_IRQ_end_post_stub                         ee_irqendin.o
0x00000f38 0x00000f43   12 g EE_oo_thread_stub                          *default* .CPU2.text            .text.EE_oo_thread_stub                            ee_tstub.o
0x00000f44 0x00000f6d   42 g EE_rq2stk_exchange                         *default* .CPU2.text            .text.EE_rq2stk_exchange                           ee_rq_exchg.o
0x00000f6e 0x00000fe3  118 g EE_rq_insert                               *default* .CPU2.text            .text.EE_rq_insert                                 ee_rq_inser.o
0x00000fe4 0x000010ab  200 g EE_oo_ShutdownOS_internal                  *default* .CPU2.text            .text.EE_oo_ShutdownOS_internal                    ee_shtdown.o
0x000010ac 0x000010bd   18 g EE_oo_ShutdownOS                           *default* .CPU2.text            .text.EE_oo_ShutdownOS                             ee_shtdown.o
0x000010be 0x000012ad  496 g EE_oo_StartOS                              *default* .CPU2.text            .text.EE_oo_StartOS                                ee_startos.o
0x000012ae 0x000012fd   80 g EE_oo_CancelAlarm                          *default* .CPU2.text            .text.EE_oo_CancelAlarm                            ee_alcancel.o
0x000012fe 0x00001359   92 g EE_oo_GetAlarmBase                         *default* .CPU2.text            .text.EE_oo_GetAlarmBase                           ee_algetbase.o
0x0000135a 0x000013b5   92 g EE_oo_GetAlarm                             *default* .CPU2.text            .text.EE_oo_GetAlarm                               ee_alget.o
0x000013b6 0x000013ff   74 g EE_oo_SetAbsAlarm                          *default* .CPU2.text            .text.EE_oo_SetAbsAlarm                            ee_alsetabs.o
0x00001400 0x00001449   74 g EE_oo_SetRelAlarm                          *default* .CPU2.text            .text.EE_oo_SetRelAlarm                            ee_alsetrel.o
0x0000144a 0x000014a5   92 g EE_oo_GetCounterValue                      *default* .CPU2.text            .text.EE_oo_GetCounterValue                        ee_getcountervalue.o
0x000014a6 0x00001503   94 g EE_oo_GetElapsedValue                      *default* .CPU2.text            .text.EE_oo_GetElapsedValue                        ee_getelapsedvalue.o
0x00001504 0x00001655  338 g EE_oo_SetEvent                             *default* .CPU2.text            .text.EE_oo_SetEvent                               ee_evset.o
0x00001656 0x00001675   32 g EE_tc_cpu2_endint_disable                  *default* .CPU2.text            .text.EE_tc_cpu2_endint_disable                    ee_tc2Yx_system.o
0x00001676 0x00001695   32 g EE_tc_cpu2_endint_enable                   *default* .CPU2.text            .text.EE_tc_cpu2_endint_enable                     ee_tc2Yx_system.o
0x00001696 0x000016b5   32 g EE_tc_safety_endinit_disable               *default* .CPU2.text            .text.EE_tc_safety_endinit_disable                 ee_tc2Yx_system.o
0x000016b6 0x000016d5   32 g EE_tc_safety_endinit_enable                *default* .CPU2.text            .text.EE_tc_safety_endinit_enable                  ee_tc2Yx_system.o
0x000016d6 0x00001755  128 g EE_tc2Yx_get_clock                         *default* .CPU2.text            .text.EE_tc2Yx_get_clock                           ee_tc2Yx_system.o
0x00001756 0x000017ff  170 g EE_tc2Yx_stm_set_clockpersec               *default* .CPU2.text            .text.EE_tc2Yx_stm_set_clockpersec                 ee_tc2Yx_system.o
0x00001800 0x000018d5  214 g EE_tc2Yx_stm_set_sr0                       *default* .CPU2.text            .text.EE_tc2Yx_stm_set_sr0                         ee_tc2Yx_system.o
0x000018d6 0x00001943  110 g EE_tc2Yx_stm_set_sr0_next_match            *default* .CPU2.text            .text.EE_tc2Yx_stm_set_sr0_next_match              ee_tc2Yx_system.o
0x00001944 0x00001a19  214 g EE_tc2Yx_stm_set_sr1                       *default* .CPU2.text            .text.EE_tc2Yx_stm_set_sr1                         ee_tc2Yx_system.o
0x00001a1a 0x00001a87  110 g EE_tc2Yx_stm_set_sr1_next_match            *default* .CPU2.text            .text.EE_tc2Yx_stm_set_sr1_next_match              ee_tc2Yx_system.o
0x00001a88 0x00001ae7   96 g EE_tc2Yx_delay                             *default* .CPU2.text            .text.EE_tc2Yx_delay                               ee_tc2Yx_system.o
0x00001ae8 0x00001b19   50 l EE_tc_dummy_context                        *default* .CPU2.text            .text.EE_tc_dummy_context                          ee_tc_oo.o
0x00001b1a 0x00001b75   92 g EE_hal_terminate_task                      *default* .CPU2.text            .text.EE_hal_terminate_task                        ee_tc_oo.o
0x00001b76 0x00001b7d    8 g EE_hal_terminate_savestk                   *default* .CPU2.text            .text.EE_hal_terminate_savestk                     ee_tc_oo.o
0x00001b7e 0x00001ba1   36 g EE_thread_not_terminated                   *default* .CPU2.text            .text.EE_thread_not_terminated                     ee_tnterm.o
0x00001ba2 0x00001bb1   16 g _exit                                      *default* .CPU2.text            .text._exit                                        libos_exit.o

>>> Symbols (global (S = g) and static (S = l); sorted by name)

==================================================================================================================================================================================================================
Start      End        Size S Name                                       Memory    O-Sec                 I-Sec                                              Input object                                           
==================================================================================================================================================================================================================
0x00000040 0x0000008f   80 l CSWTCH.18                                  *default* .CPU2.rodata          .rodata.CSWTCH.18                                  ee_as_rpc.o
0x00000090 0x000000df   80 l CSWTCH.19                                  *default* .CPU2.rodata          .rodata.CSWTCH.19                                  ee_as_rpc.o
0x0000000c 0x0000000f    4 g EE_ApplicationMode                         *default* .CPU2.bss             .bss.EE_ApplicationMode                            obj/eecfg.o
0x00000e30 0x00000ed5  166 g EE_IRQ_end_instance                        *default* .CPU2.text            .text.EE_IRQ_end_instance                          ee_irqendin.o
0x00000ed6 0x00000f37   98 g EE_IRQ_end_post_stub                       *default* .CPU2.text            .text.EE_IRQ_end_post_stub                         ee_irqendin.o
0x00000070 0x00000073    4 g EE_IRQ_nesting_level                       *default* .CPU2.bss             .bss.EE_IRQ_nesting_level                          ee_hal_structs.o
0x00000064 0x00000064    1 g EE_ORTI_lasterror                          *default* .CPU2.bss             .bss.EE_ORTI_lasterror                             ee_startos.o
0x00000058 0x0000005b    4 g EE_ORTI_runningisr2                        *default* .CPU2.bss             .bss.EE_ORTI_runningisr2                           ee_startos.o
0x00000065 0x00000065    1 g EE_ORTI_servicetrace                       *default* .CPU2.bss             .bss.EE_ORTI_servicetrace                          ee_startos.o
0x0000005c 0x00000063    8 g EE_ORTI_th_priority                        *default* .CPU2.bss             .bss.EE_ORTI_th_priority                           ee_startos.o
0x000003da 0x000003dd    4 g EE_TC_iirq_handler                         *default* .CPU2.text            .text.EE_TC_iirq_handler                           ee_tc_multicore.o
0x000003de 0x00000493  182 g EE_as_GetSpinlock                          *default* .CPU2.text            .text.EE_as_GetSpinlock                            ee_as_spinlocks.o
0x00000494 0x00000539  166 g EE_as_ReleaseSpinlock                      *default* .CPU2.text            .text.EE_as_ReleaseSpinlock                        ee_as_spinlocks.o
0x0000098c 0x00000a89  254 g EE_as_ShutdownAllCores                     *default* .CPU2.text            .text.EE_as_ShutdownAllCores                       ee_as_rpc.o
0x0000053a 0x000005f7  190 g EE_as_TryToGetSpinlock                     *default* .CPU2.text            .text.EE_as_TryToGetSpinlock                       ee_as_spinlocks.o
0x000005f8 0x0000067b  132 g EE_as_release_all_spinlocks                *default* .CPU2.text            .text.EE_as_release_all_spinlocks                  ee_as_spinlocks.o
0x0000067c 0x0000075d  226 g EE_as_rpc                                  *default* .CPU2.text            .text.EE_as_rpc                                    ee_as_rpc.o
0x00000760 0x0000098b  556 g EE_as_rpc_handler                          *default* .CPU2.text            .text.EE_as_rpc_handler                            ee_as_rpc.o
0x00000000 0x0000000b   12 g EE_as_spinlocks_locker_task_or_isr2        *default* .CPU2.data            .data.EE_as_spinlocks_locker_task_or_isr2          obj/eecfg.o
0x000002fc 0x0000036d  114 g EE_hal_sync_barrier                        *default* .CPU2.text            .text.EE_hal_sync_barrier                          ee_tc_multicore.o
0x00001b76 0x00001b7d    8 g EE_hal_terminate_savestk                   *default* .CPU2.text            .text.EE_hal_terminate_savestk                     ee_tc_oo.o
0x00001b1a 0x00001b75   92 g EE_hal_terminate_task                      *default* .CPU2.text            .text.EE_hal_terminate_task                        ee_tc_oo.o
0x00000028 0x0000002f    8 g EE_hal_thread_body                         *default* .CPU2.rodata          .rodata.EE_hal_thread_body                         obj/eecfg.o
0x0000004c 0x0000004f    4 g EE_isr2_index                              *default* .CPU2.data            .data.EE_isr2_index                                ee_irqendin.o
0x00000010 0x00000013    4 g EE_isr2_nesting_level                      *default* .CPU2.bss             .bss.EE_isr2_nesting_level                         obj/eecfg.o
0x00000a8a 0x00000bc5  316 g EE_oo_ActivateTask                         *default* .CPU2.text            .text.EE_oo_ActivateTask                           ee_activate.o
0x000012ae 0x000012fd   80 g EE_oo_CancelAlarm                          *default* .CPU2.text            .text.EE_oo_CancelAlarm                            ee_alcancel.o
0x0000135a 0x000013b5   92 g EE_oo_GetAlarm                             *default* .CPU2.text            .text.EE_oo_GetAlarm                               ee_alget.o
0x000012fe 0x00001359   92 g EE_oo_GetAlarmBase                         *default* .CPU2.text            .text.EE_oo_GetAlarmBase                           ee_algetbase.o
0x0000144a 0x000014a5   92 g EE_oo_GetCounterValue                      *default* .CPU2.text            .text.EE_oo_GetCounterValue                        ee_getcountervalue.o
0x000014a6 0x00001503   94 g EE_oo_GetElapsedValue                      *default* .CPU2.text            .text.EE_oo_GetElapsedValue                        ee_getelapsedvalue.o
0x00000bc6 0x00000c43  126 g EE_oo_GetTaskState                         *default* .CPU2.text            .text.EE_oo_GetTaskState                           ee_gettaskstate.o
0x00000050 0x00000053    4 g EE_oo_IRQ_disable_count                    *default* .CPU2.bss             .bss.EE_oo_IRQ_disable_count                       ee_lookup.o
0x0000004c 0x0000004f    4 g EE_oo_IRQ_suspend_status                   *default* .CPU2.bss             .bss.EE_oo_IRQ_suspend_status                      ee_lookup.o
0x000013b6 0x000013ff   74 g EE_oo_SetAbsAlarm                          *default* .CPU2.text            .text.EE_oo_SetAbsAlarm                            ee_alsetabs.o
0x00001504 0x00001655  338 g EE_oo_SetEvent                             *default* .CPU2.text            .text.EE_oo_SetEvent                               ee_evset.o
0x00001400 0x00001449   74 g EE_oo_SetRelAlarm                          *default* .CPU2.text            .text.EE_oo_SetRelAlarm                            ee_alsetrel.o
0x000010ac 0x000010bd   18 g EE_oo_ShutdownOS                           *default* .CPU2.text            .text.EE_oo_ShutdownOS                             ee_shtdown.o
0x00000fe4 0x000010ab  200 g EE_oo_ShutdownOS_internal                  *default* .CPU2.text            .text.EE_oo_ShutdownOS_internal                    ee_shtdown.o
0x000010be 0x000012ad  496 g EE_oo_StartOS                              *default* .CPU2.text            .text.EE_oo_StartOS                                ee_startos.o
0x00000c44 0x00000cb1  110 g EE_oo_TerminateTask                        *default* .CPU2.text            .text.EE_oo_TerminateTask                          ee_terminat.o
0x00000de2 0x00000e2f   78 g EE_oo_assign_TID_to_ISR2                   *default* .CPU2.text            .text.EE_oo_assign_TID_to_ISR2                     ee_irqendin.o
0x00000000 0x00000007    8 g EE_oo_autostart_task_data                  *default* .CPU2.rodata          .rodata.EE_oo_autostart_task_data                  obj/eecfg.o
0x0000003c 0x0000003f    4 l EE_oo_autostart_task_mode_OSDEFAULTAPPMODE *default* .CPU2.rodata          .rodata.EE_oo_autostart_task_mode_OSDEFAULTAPPMODE obj/eecfg.o
0x00000054 0x00000057    4 g EE_oo_started                              *default* .CPU2.bss             .bss.EE_oo_started                                 ee_startos.o
0x00000f38 0x00000f43   12 g EE_oo_thread_stub                          *default* .CPU2.text            .text.EE_oo_thread_stub                            ee_tstub.o
0x000000e0 0x000000e3    4 l EE_os_invalid_param                        *default* .CPU2.rodata          .rodata.EE_os_invalid_param                        ee_activate.o
0x000000e4 0x000000e7    4 l EE_os_invalid_param                        *default* .CPU2.rodata          .rodata.EE_os_invalid_param                        ee_gettaskstate.o
0x000000e8 0x000000eb    4 l EE_os_invalid_param                        *default* .CPU2.rodata          .rodata.EE_os_invalid_param                        ee_alcancel.o
0x000000ec 0x000000ef    4 l EE_os_invalid_param                        *default* .CPU2.rodata          .rodata.EE_os_invalid_param                        ee_algetbase.o
0x000000f0 0x000000f3    4 l EE_os_invalid_param                        *default* .CPU2.rodata          .rodata.EE_os_invalid_param                        ee_alget.o
0x000000f4 0x000000f7    4 l EE_os_invalid_param                        *default* .CPU2.rodata          .rodata.EE_os_invalid_param                        ee_getcountervalue.o
0x000000f8 0x000000fb    4 l EE_os_invalid_param                        *default* .CPU2.rodata          .rodata.EE_os_invalid_param                        ee_evset.o
0x00000f44 0x00000f6d   42 g EE_rq2stk_exchange                         *default* .CPU2.text            .text.EE_rq2stk_exchange                           ee_rq_exchg.o
0x00000014 0x00000017    4 g EE_rq_first                                *default* .CPU2.data            .data.EE_rq_first                                  obj/eecfg.o
0x00000f6e 0x00000fe3  118 g EE_rq_insert                               *default* .CPU2.text            .text.EE_rq_insert                                 ee_rq_inser.o
0x00000264 0x000002fb  152 g EE_std_change_context                      *default* .CPU2.text            .text.EE_std_change_context                        ee_tc_context.o
0x0000006c 0x0000006f    4 g EE_std_endcycle_next_tid                   *default* .CPU2.bss             .bss.EE_std_endcycle_next_tid                      ee_hal_structs.o
0x00000030 0x0000003b   12 g EE_std_thread_tos                          *default* .CPU2.rodata          .rodata.EE_std_thread_tos                          obj/eecfg.o
0x00000020 0x00000023    4 g EE_stkfirst                                *default* .CPU2.data            .data.EE_stkfirst                                  obj/eecfg.o
0x0000002c 0x0000002f    4 g EE_sys_ceiling                             *default* .CPU2.bss             .bss.EE_sys_ceiling                                obj/eecfg.o
0x00000000 0x00000117  280 g EE_tc2Yx_cpu2_start                        *default* .CPU2.text            .text.EE_tc2Yx_cpu2_start                          obj/pkg/mcu/infineon_common_tc2Yx/src/ee_tc2Yx_cstart.o
0x00001a88 0x00001ae7   96 g EE_tc2Yx_delay                             *default* .CPU2.text            .text.EE_tc2Yx_delay                               ee_tc2Yx_system.o
0x000016d6 0x00001755  128 g EE_tc2Yx_get_clock                         *default* .CPU2.text            .text.EE_tc2Yx_get_clock                           ee_tc2Yx_system.o
0x00000068 0x0000006b    4 l EE_tc2Yx_stm_freq_khz                      *default* .CPU2.bss             .bss.EE_tc2Yx_stm_freq_khz                         ee_tc2Yx_system.o
0x00001756 0x000017ff  170 g EE_tc2Yx_stm_set_clockpersec               *default* .CPU2.text            .text.EE_tc2Yx_stm_set_clockpersec                 ee_tc2Yx_system.o
0x00001800 0x000018d5  214 g EE_tc2Yx_stm_set_sr0                       *default* .CPU2.text            .text.EE_tc2Yx_stm_set_sr0                         ee_tc2Yx_system.o
0x000018d6 0x00001943  110 g EE_tc2Yx_stm_set_sr0_next_match            *default* .CPU2.text            .text.EE_tc2Yx_stm_set_sr0_next_match              ee_tc2Yx_system.o
0x00001944 0x00001a19  214 g EE_tc2Yx_stm_set_sr1                       *default* .CPU2.text            .text.EE_tc2Yx_stm_set_sr1                         ee_tc2Yx_system.o
0x00001a1a 0x00001a87  110 g EE_tc2Yx_stm_set_sr1_next_match            *default* .CPU2.text            .text.EE_tc2Yx_stm_set_sr1_next_match              ee_tc2Yx_system.o
0x00000044 0x00000047    4 g EE_tc_active_tos                           *default* .CPU2.bss             .bss.EE_tc_active_tos                              obj/eecfg.o
0x00000048 0x0000004b    4 g EE_tc_active_utid                          *default* .CPU2.bss             .bss.EE_tc_active_utid                             ee_tc_context.o
0x00001656 0x00001675   32 g EE_tc_cpu2_endint_disable                  *default* .CPU2.text            .text.EE_tc_cpu2_endint_disable                    ee_tc2Yx_system.o
0x00001676 0x00001695   32 g EE_tc_cpu2_endint_enable                   *default* .CPU2.text            .text.EE_tc_cpu2_endint_enable                     ee_tc2Yx_system.o
0x00001ae8 0x00001b19   50 l EE_tc_dummy_context                        *default* .CPU2.text            .text.EE_tc_dummy_context                          ee_tc_oo.o
0x00000000 0x00000000    0 g EE_tc_interrupt_table                      *default* .CPU2.inttab          .inttab                                            ee_tc_intvec.o
0x0000025e 0x00000263    6 g EE_tc_isr2_call_handler                    *default* .CPU2.text            .text.EE_tc_isr2_call_handler                      ee_tc_intvec.o
0x00000020 0x00000020    0 g EE_tc_isr2_entry_1                         *default* .CPU2.inttab          .inttab                                            ee_tc_intvec.o
0x00000040 0x000000c7  136 g EE_tc_isr2_global_wrapper                  *default* .CPU2.inttab          .inttab                                            ee_tc_intvec.o
0x00001696 0x000016b5   32 g EE_tc_safety_endinit_disable               *default* .CPU2.text            .text.EE_tc_safety_endinit_disable                 ee_tc2Yx_system.o
0x000016b6 0x000016d5   32 g EE_tc_safety_endinit_enable                *default* .CPU2.text            .text.EE_tc_safety_endinit_enable                  ee_tc2Yx_system.o
0x00000208 0x0000040b  516 g EE_tc_stack_1                              *default* .CPU2.ee_kernel_stack ee_kernel_stack                                    obj/eecfg.o
0x00000000 0x00000203  516 g EE_tc_stack_2                              *default* .CPU2.ee_kernel_stack ee_kernel_stack                                    obj/eecfg.o
0x0000036e 0x000003d9  108 g EE_tc_sync_barrier                         *default* .CPU2.text            .text.EE_tc_sync_barrier                           ee_tc_multicore.o
0x00000034 0x0000004b   24 g EE_tc_system_tos                           *default* .CPU2.data            .data.EE_tc_system_tos                             obj/eecfg.o
0x00000038 0x00000043   12 g EE_tc_tasks_RA                             *default* .CPU2.bss             .bss.EE_tc_tasks_RA                                obj/eecfg.o
0x000000a0 0x000000a0    0 g EE_tc_trap_assertion                       *default* .CPU2.traptab         .traptab                                           ee_tc_trapvec.o
0x00000080 0x00000080    0 g EE_tc_trap_bus                             *default* .CPU2.traptab         .traptab                                           ee_tc_trapvec.o
0x00000060 0x00000060    0 g EE_tc_trap_context                         *default* .CPU2.traptab         .traptab                                           ee_tc_trapvec.o
0x00000040 0x00000040    0 g EE_tc_trap_instruction                     *default* .CPU2.traptab         .traptab                                           ee_tc_trapvec.o
0x00000000 0x00000000    0 g EE_tc_trap_mmu                             *default* .CPU2.traptab         .traptab                                           ee_tc_trapvec.o
0x000000e0 0x000000e0    0 g EE_tc_trap_nmi                             *default* .CPU2.traptab         .traptab                                           ee_tc_trapvec.o
0x00000020 0x00000020    0 g EE_tc_trap_protection                      *default* .CPU2.traptab         .traptab                                           ee_tc_trapvec.o
0x000000c0 0x000000c0    0 g EE_tc_trap_system                          *default* .CPU2.traptab         .traptab                                           ee_tc_trapvec.o
0x00000000 0x00000000    0 g EE_tc_trap_table                           *default* .CPU2.traptab         .traptab                                           ee_tc_trapvec.o
0x00000030 0x00000037    8 g EE_terminate_data                          *default* .CPU2.bss             .bss.EE_terminate_data                             obj/eecfg.o
0x00000020 0x00000027    8 g EE_terminate_real_th_body                  *default* .CPU2.rodata          .rodata.EE_terminate_real_th_body                  obj/eecfg.o
0x00000010 0x00000017    8 g EE_th_dispatch_prio                        *default* .CPU2.rodata          .rodata.EE_th_dispatch_prio                        obj/eecfg.o
0x00000024 0x0000002b    8 g EE_th_event_active                         *default* .CPU2.bss             .bss.EE_th_event_active                            obj/eecfg.o
0x0000001c 0x00000023    8 g EE_th_event_waitmask                       *default* .CPU2.bss             .bss.EE_th_event_waitmask                          obj/eecfg.o
0x00000008 0x0000000f    8 g EE_th_is_extended                          *default* .CPU2.rodata          .rodata.EE_th_is_extended                          obj/eecfg.o
0x00000024 0x0000002b    8 g EE_th_next                                 *default* .CPU2.data            .data.EE_th_next                                   obj/eecfg.o
0x00000018 0x0000001f    8 g EE_th_ready_prio                           *default* .CPU2.rodata          .rodata.EE_th_ready_prio                           obj/eecfg.o
0x00000018 0x0000001f    8 g EE_th_rnact                                *default* .CPU2.data            .data.EE_th_rnact                                  obj/eecfg.o
0x0000002c 0x00000033    8 g EE_th_status                               *default* .CPU2.data            .data.EE_th_status                                 obj/eecfg.o
0x0000000c 0x00000013    8 g EE_th_terminate_nextask                    *default* .CPU2.data            .data.EE_th_terminate_nextask                      obj/eecfg.o
0x00000014 0x0000001b    8 g EE_th_waswaiting                           *default* .CPU2.bss             .bss.EE_th_waswaiting                              obj/eecfg.o
0x00000cb2 0x00000de1  304 g EE_thread_end_instance                     *default* .CPU2.text            .text.EE_thread_end_instance                       ee_thendin.o
0x00001b7e 0x00001ba1   36 g EE_thread_not_terminated                   *default* .CPU2.text            .text.EE_thread_not_terminated                     ee_tnterm.o
0x000001e4 0x00000253  112 g FuncTaskPinM                               *default* .CPU2.text            .text.FuncTaskPinM                                 obj/src/slave2.o
0x00000118 0x000001e3  204 g FuncTaskPwmM                               *default* .CPU2.text            .text.FuncTaskPwmM                                 obj/src/slave2.o
0x00000000 0x00000003    4 g __progname                                 *default* .CPU2.bss             .bss                                               libos_exit.o
0x00001ba2 0x00001bb1   16 g _exit                                      *default* .CPU2.text            .text._exit                                        libos_exit.o
0x00000254 0x0000025d   10 g main                                       *default* .CPU2.text            .text.main                                         obj/src/slave2.o
0x00000008 0x00000008    1 l pwm_counter.35639                          *default* .CPU2.bss             .bss.pwm_counter.35639                             obj/src/slave2.o
0x00000009 0x00000009    1 l pwm_value.35640                            *default* .CPU2.bss             .bss.pwm_value.35640                               obj/src/slave2.o


----- END EXTENDED MAP LISTING -----


Memory Configuration

Name             Origin             Length             Used               Free               Attributes
*default*        0x00000000         0xffffffff         0x0002e12b         0xfffd1ed4

Linker script and memory map

LOAD export_ee_global
LOAD obj/pkg/mcu/infineon_common_tc2Yx/src/ee_tc2Yx_cstart.o
LOAD obj/src/slave2.o
LOAD obj/eecfg.o
LOAD libee.a
LOAD c:/hightec/toolch~1/tricore/v4660-~1.1/bin/../lib/gcc/tricore/4.6.4/tc161\libgcc.a
LOAD c:/hightec/toolch~1/tricore/v4660-~1.1/bin/../lib/gcc/tricore/4.6.4/../../../../tricore/lib/tc161\libc.a
LOAD c:/hightec/toolch~1/tricore/v4660-~1.1/bin/../lib/gcc/tricore/4.6.4/../../../../tricore/lib/tc161\libos.a
LOAD c:/hightec/toolch~1/tricore/v4660-~1.1/bin/../lib/gcc/tricore/4.6.4/../../../../tricore/lib/tc161\libm.a
LOAD c:/hightec/toolch~1/tricore/v4660-~1.1/bin/../lib/gcc/tricore/4.6.4/../../../../tricore/lib/tc161\libc.a
LOAD c:/hightec/toolch~1/tricore/v4660-~1.1/bin/../lib/gcc/tricore/4.6.4/tc161\libgcc.a

ee_mcglobalt
 *(*.StartupHook)
 *(*.ErrorHook)
 *(*.ShutdownHook)
 *(*.ProtectionHook)
 *(ee_mcglobalt)

ee_mcglobald
 *(ee_mcglobald)

ee_mcglobalc
 *(ee_mcglobalc)

.CPU2.init
 *(.init)

.CPU2.fini
 *(.fini)

.CPU2.cramtext
 *(.cramtext)
 *(.cramtext.*)

.CPU2.traptab   memory region -> *default*
                0x00000000      0x100
 *(.traptab)
 .traptab       0x00000000      0x100 libee.a(ee_tc_trapvec.o)
                0x00000000                EE_tc_trap_mmu
                0x00000000                EE_tc_trap_table
                0x00000020                EE_tc_trap_protection
                0x00000040                EE_tc_trap_instruction
                0x00000060                EE_tc_trap_context
                0x00000080                EE_tc_trap_bus
                0x000000a0                EE_tc_trap_assertion
                0x000000c0                EE_tc_trap_system
                0x000000e0                EE_tc_trap_nmi
 *(.traptab*)

.CPU2.inttab    memory region -> *default*
                0x00000000      0x100
 *(.inttab)
 .inttab        0x00000000      0x100 libee.a(ee_tc_intvec.o)
                0x00000000                EE_tc_interrupt_table
                0x00000020                EE_tc_isr2_entry_1
                0x00000040                EE_tc_isr2_global_wrapper
 *(.*.inttab)

.CPU2.text      memory region -> *default*
                0x00000000     0x1bb2
 *(.text)
 .text          0x00000000        0x0 obj/pkg/mcu/infineon_common_tc2Yx/src/ee_tc2Yx_cstart.o
 .text          0x00000000        0x0 obj/src/slave2.o
 .text          0x00000000        0x0 obj/eecfg.o
 .text          0x00000000        0x0 libee.a(ee_tc_trapvec.o)
 .text          0x00000000        0x0 libee.a(ee_tc_intvec.o)
 .text          0x00000000        0x0 libee.a(ee_tc_context.o)
 .text          0x00000000        0x0 libee.a(ee_tc_multicore.o)
 .text          0x00000000        0x0 libee.a(ee_as_spinlocks.o)
 .text          0x00000000        0x0 libee.a(ee_as_rpc.o)
 .text          0x00000000        0x0 libee.a(ee_activate.o)
 .text          0x00000000        0x0 libee.a(ee_gettaskstate.o)
 .text          0x00000000        0x0 libee.a(ee_terminat.o)
 .text          0x00000000        0x0 libee.a(ee_thendin.o)
 .text          0x00000000        0x0 libee.a(ee_irqendin.o)
 .text          0x00000000        0x0 libee.a(ee_tstub.o)
 .text          0x00000000        0x0 libee.a(ee_lookup.o)
 .text          0x00000000        0x0 libee.a(ee_rq_exchg.o)
 .text          0x00000000        0x0 libee.a(ee_rq_inser.o)
 .text          0x00000000        0x0 libee.a(ee_shtdown.o)
 .text          0x00000000        0x0 libee.a(ee_startos.o)
 .text          0x00000000        0x0 libee.a(ee_alcancel.o)
 .text          0x00000000        0x0 libee.a(ee_algetbase.o)
 .text          0x00000000        0x0 libee.a(ee_alget.o)
 .text          0x00000000        0x0 libee.a(ee_alsetabs.o)
 .text          0x00000000        0x0 libee.a(ee_alsetrel.o)
 .text          0x00000000        0x0 libee.a(ee_getcountervalue.o)
 .text          0x00000000        0x0 libee.a(ee_getelapsedvalue.o)
 .text          0x00000000        0x0 libee.a(ee_evset.o)
 .text          0x00000000        0x0 libee.a(ee_tc2Yx_system.o)
 .text          0x00000000        0x0 libee.a(ee_hal_structs.o)
 .text          0x00000000        0x0 libee.a(ee_tc_oo.o)
 .text          0x00000000        0x0 libee.a(ee_tnterm.o)
 .text          0x00000000        0x0 c:/hightec/toolch~1/tricore/v4660-~1.1/bin/../lib/gcc/tricore/4.6.4/../../../../tricore/lib/tc161\libos.a(libos_exit.o)
 *(.text.*)
 .text.EE_tc2Yx_cpu2_start
                0x00000000      0x118 obj/pkg/mcu/infineon_common_tc2Yx/src/ee_tc2Yx_cstart.o
                0x00000000                EE_tc2Yx_cpu2_start
 .text.FuncTaskPwmM
                0x00000118       0xcc obj/src/slave2.o
                0x00000118                FuncTaskPwmM
 .text.FuncTaskPinM
                0x000001e4       0x70 obj/src/slave2.o
                0x000001e4                FuncTaskPinM
 .text.main     0x00000254        0xa obj/src/slave2.o
                0x00000254                main
 .text.EE_tc_isr2_call_handler
                0x0000025e        0x6 libee.a(ee_tc_intvec.o)
                0x0000025e                EE_tc_isr2_call_handler
 .text.EE_std_change_context
                0x00000264       0x98 libee.a(ee_tc_context.o)
                0x00000264                EE_std_change_context
 .text.EE_hal_sync_barrier
                0x000002fc       0x72 libee.a(ee_tc_multicore.o)
                0x000002fc                EE_hal_sync_barrier
 .text.EE_tc_sync_barrier
                0x0000036e       0x6c libee.a(ee_tc_multicore.o)
                0x0000036e                EE_tc_sync_barrier
 .text.EE_TC_iirq_handler
                0x000003da        0x4 libee.a(ee_tc_multicore.o)
                0x000003da                EE_TC_iirq_handler
 .text.EE_as_GetSpinlock
                0x000003de       0xb6 libee.a(ee_as_spinlocks.o)
                0x000003de                EE_as_GetSpinlock
 .text.EE_as_ReleaseSpinlock
                0x00000494       0xa6 libee.a(ee_as_spinlocks.o)
                0x00000494                EE_as_ReleaseSpinlock
 .text.EE_as_TryToGetSpinlock
                0x0000053a       0xbe libee.a(ee_as_spinlocks.o)
                0x0000053a                EE_as_TryToGetSpinlock
 .text.EE_as_release_all_spinlocks
                0x000005f8       0x84 libee.a(ee_as_spinlocks.o)
                0x000005f8                EE_as_release_all_spinlocks
 .text.EE_as_rpc
                0x0000067c       0xe2 libee.a(ee_as_rpc.o)
                0x0000067c                EE_as_rpc
 *fill*         0x0000075e        0x2 00
 .text.EE_as_rpc_handler
                0x00000760      0x22c libee.a(ee_as_rpc.o)
                0x00000760                EE_as_rpc_handler
 .text.EE_as_ShutdownAllCores
                0x0000098c       0xfe libee.a(ee_as_rpc.o)
                0x0000098c                EE_as_ShutdownAllCores
 .text.EE_oo_ActivateTask
                0x00000a8a      0x13c libee.a(ee_activate.o)
                0x00000a8a                EE_oo_ActivateTask
 .text.EE_oo_GetTaskState
                0x00000bc6       0x7e libee.a(ee_gettaskstate.o)
                0x00000bc6                EE_oo_GetTaskState
 .text.EE_oo_TerminateTask
                0x00000c44       0x6e libee.a(ee_terminat.o)
                0x00000c44                EE_oo_TerminateTask
 .text.EE_thread_end_instance
                0x00000cb2      0x130 libee.a(ee_thendin.o)
                0x00000cb2                EE_thread_end_instance
 .text.EE_oo_assign_TID_to_ISR2
                0x00000de2       0x4e libee.a(ee_irqendin.o)
                0x00000de2                EE_oo_assign_TID_to_ISR2
 .text.EE_IRQ_end_instance
                0x00000e30       0xa6 libee.a(ee_irqendin.o)
                0x00000e30                EE_IRQ_end_instance
 .text.EE_IRQ_end_post_stub
                0x00000ed6       0x62 libee.a(ee_irqendin.o)
                0x00000ed6                EE_IRQ_end_post_stub
 .text.EE_oo_thread_stub
                0x00000f38        0xc libee.a(ee_tstub.o)
                0x00000f38                EE_oo_thread_stub
 .text.EE_rq2stk_exchange
                0x00000f44       0x2a libee.a(ee_rq_exchg.o)
                0x00000f44                EE_rq2stk_exchange
 .text.EE_rq_insert
                0x00000f6e       0x76 libee.a(ee_rq_inser.o)
                0x00000f6e                EE_rq_insert
 .text.EE_oo_ShutdownOS_internal
                0x00000fe4       0xc8 libee.a(ee_shtdown.o)
                0x00000fe4                EE_oo_ShutdownOS_internal
 .text.EE_oo_ShutdownOS
                0x000010ac       0x12 libee.a(ee_shtdown.o)
                0x000010ac                EE_oo_ShutdownOS
 .text.EE_oo_StartOS
                0x000010be      0x1f0 libee.a(ee_startos.o)
                0x000010be                EE_oo_StartOS
 .text.EE_oo_CancelAlarm
                0x000012ae       0x50 libee.a(ee_alcancel.o)
                0x000012ae                EE_oo_CancelAlarm
 .text.EE_oo_GetAlarmBase
                0x000012fe       0x5c libee.a(ee_algetbase.o)
                0x000012fe                EE_oo_GetAlarmBase
 .text.EE_oo_GetAlarm
                0x0000135a       0x5c libee.a(ee_alget.o)
                0x0000135a                EE_oo_GetAlarm
 .text.EE_oo_SetAbsAlarm
                0x000013b6       0x4a libee.a(ee_alsetabs.o)
                0x000013b6                EE_oo_SetAbsAlarm
 .text.EE_oo_SetRelAlarm
                0x00001400       0x4a libee.a(ee_alsetrel.o)
                0x00001400                EE_oo_SetRelAlarm
 .text.EE_oo_GetCounterValue
                0x0000144a       0x5c libee.a(ee_getcountervalue.o)
                0x0000144a                EE_oo_GetCounterValue
 .text.EE_oo_GetElapsedValue
                0x000014a6       0x5e libee.a(ee_getelapsedvalue.o)
                0x000014a6                EE_oo_GetElapsedValue
 .text.EE_oo_SetEvent
                0x00001504      0x152 libee.a(ee_evset.o)
                0x00001504                EE_oo_SetEvent
 .text.EE_tc_cpu2_endint_disable
                0x00001656       0x20 libee.a(ee_tc2Yx_system.o)
                0x00001656                EE_tc_cpu2_endint_disable
 .text.EE_tc_cpu2_endint_enable
                0x00001676       0x20 libee.a(ee_tc2Yx_system.o)
                0x00001676                EE_tc_cpu2_endint_enable
 .text.EE_tc_safety_endinit_disable
                0x00001696       0x20 libee.a(ee_tc2Yx_system.o)
                0x00001696                EE_tc_safety_endinit_disable
 .text.EE_tc_safety_endinit_enable
                0x000016b6       0x20 libee.a(ee_tc2Yx_system.o)
                0x000016b6                EE_tc_safety_endinit_enable
 .text.EE_tc2Yx_get_clock
                0x000016d6       0x80 libee.a(ee_tc2Yx_system.o)
                0x000016d6                EE_tc2Yx_get_clock
 .text.EE_tc2Yx_stm_set_clockpersec
                0x00001756       0xaa libee.a(ee_tc2Yx_system.o)
                0x00001756                EE_tc2Yx_stm_set_clockpersec
 .text.EE_tc2Yx_stm_set_sr0
                0x00001800       0xd6 libee.a(ee_tc2Yx_system.o)
                0x00001800                EE_tc2Yx_stm_set_sr0
 .text.EE_tc2Yx_stm_set_sr0_next_match
                0x000018d6       0x6e libee.a(ee_tc2Yx_system.o)
                0x000018d6                EE_tc2Yx_stm_set_sr0_next_match
 .text.EE_tc2Yx_stm_set_sr1
                0x00001944       0xd6 libee.a(ee_tc2Yx_system.o)
                0x00001944                EE_tc2Yx_stm_set_sr1
 .text.EE_tc2Yx_stm_set_sr1_next_match
                0x00001a1a       0x6e libee.a(ee_tc2Yx_system.o)
                0x00001a1a                EE_tc2Yx_stm_set_sr1_next_match
 .text.EE_tc2Yx_delay
                0x00001a88       0x60 libee.a(ee_tc2Yx_system.o)
                0x00001a88                EE_tc2Yx_delay
 .text.EE_tc_dummy_context
                0x00001ae8       0x32 libee.a(ee_tc_oo.o)
 .text.EE_hal_terminate_task
                0x00001b1a       0x5c libee.a(ee_tc_oo.o)
                0x00001b1a                EE_hal_terminate_task
 .text.EE_hal_terminate_savestk
                0x00001b76        0x8 libee.a(ee_tc_oo.o)
                0x00001b76                EE_hal_terminate_savestk
 .text.EE_thread_not_terminated
                0x00001b7e       0x24 libee.a(ee_tnterm.o)
                0x00001b7e                EE_thread_not_terminated
 .text._exit    0x00001ba2       0x10 c:/hightec/toolch~1/tricore/v4660-~1.1/bin/../lib/gcc/tricore/4.6.4/../../../../tricore/lib/tc161\libos.a(libos_exit.o)
                0x00001ba2                _exit
 *(.gnu.linkonce.t.*)
 *(.gnu.warning)

.CPU2.ee_api_text
 *(ee_api_text)

.CPU2.ee_kernel_text
 *(ee_kernel_text)

.CPU2.gcc_except_table
 *(.gcc_except_table)

.CPU2.eh_frame
 *(.eh_frame)

.CPU2.jcr
 *(.jcr)

.CPU2.ctors
 *(.ctors)

.CPU2.dtors
 *(.dtors)

.CPU2.rodata    memory region -> *default*
                0x00000000       0xfc
 *(.rodata)
 *(.rodata.*)
 .rodata.EE_oo_autostart_task_data
                0x00000000        0x8 obj/eecfg.o
                0x00000000                EE_oo_autostart_task_data
 .rodata.EE_th_is_extended
                0x00000008        0x8 obj/eecfg.o
                0x00000008                EE_th_is_extended
 .rodata.EE_th_dispatch_prio
                0x00000010        0x8 obj/eecfg.o
                0x00000010                EE_th_dispatch_prio
 .rodata.EE_th_ready_prio
                0x00000018        0x8 obj/eecfg.o
                0x00000018                EE_th_ready_prio
 .rodata.EE_terminate_real_th_body
                0x00000020        0x8 obj/eecfg.o
                0x00000020                EE_terminate_real_th_body
 .rodata.EE_hal_thread_body
                0x00000028        0x8 obj/eecfg.o
                0x00000028                EE_hal_thread_body
 .rodata.EE_std_thread_tos
                0x00000030        0xc obj/eecfg.o
                0x00000030                EE_std_thread_tos
 .rodata.EE_oo_autostart_task_mode_OSDEFAULTAPPMODE
                0x0000003c        0x4 obj/eecfg.o
 .rodata.CSWTCH.18
                0x00000040       0x50 libee.a(ee_as_rpc.o)
 .rodata.CSWTCH.19
                0x00000090       0x50 libee.a(ee_as_rpc.o)
 .rodata.EE_os_invalid_param
                0x000000e0        0x4 libee.a(ee_activate.o)
 .rodata.EE_os_invalid_param
                0x000000e4        0x4 libee.a(ee_gettaskstate.o)
 .rodata.EE_os_invalid_param
                0x000000e8        0x4 libee.a(ee_alcancel.o)
 .rodata.EE_os_invalid_param
                0x000000ec        0x4 libee.a(ee_algetbase.o)
 .rodata.EE_os_invalid_param
                0x000000f0        0x4 libee.a(ee_alget.o)
 .rodata.EE_os_invalid_param
                0x000000f4        0x4 libee.a(ee_getcountervalue.o)
 .rodata.EE_os_invalid_param
                0x000000f8        0x4 libee.a(ee_evset.o)
 *(.gnu.linkonce.r.*)
 *(.rodata1)
 *(.toc)

.CPU2.sdata2
 *(.sdata.rodata)
 *(.sdata.rodata.*)
 *(.srodata)

.CPU2.zbss
 *(.zbss)
 *(.zbss.*)
 *(.gnu.linkonce.zb.*)
 *(.bbss)
 *(.bbss.*)

.CPU2.zdata
 *(.zrodata)
 *(.zrodata.*)
 *(.zdata)
 *(.zdata.*)
 *(.gnu.linkonce.z.*)
 *(.bdata)
 *(.bdata.*)

.CPU2.sbss
 *(.sbss)
 *(.sbss.CONFIG)
 *(.sbss.*)
 *(.gnu.linkonce.sb.*)

.CPU2.sdata
 *(.sdata)
 *(.sdata.*)
 *(.gnu.linkonce.s.*)

.CPU2.bss       memory region -> *default*
                0x00000000       0x74
 *(.bss)
 .bss           0x00000000        0x0 obj/pkg/mcu/infineon_common_tc2Yx/src/ee_tc2Yx_cstart.o
 .bss           0x00000000        0x0 obj/src/slave2.o
 .bss           0x00000000        0x0 obj/eecfg.o
 .bss           0x00000000        0x0 libee.a(ee_tc_trapvec.o)
 .bss           0x00000000        0x0 libee.a(ee_tc_intvec.o)
 .bss           0x00000000        0x0 libee.a(ee_tc_context.o)
 .bss           0x00000000        0x0 libee.a(ee_tc_multicore.o)
 .bss           0x00000000        0x0 libee.a(ee_as_spinlocks.o)
 .bss           0x00000000        0x0 libee.a(ee_as_rpc.o)
 .bss           0x00000000        0x0 libee.a(ee_activate.o)
 .bss           0x00000000        0x0 libee.a(ee_gettaskstate.o)
 .bss           0x00000000        0x0 libee.a(ee_terminat.o)
 .bss           0x00000000        0x0 libee.a(ee_thendin.o)
 .bss           0x00000000        0x0 libee.a(ee_irqendin.o)
 .bss           0x00000000        0x0 libee.a(ee_tstub.o)
 .bss           0x00000000        0x0 libee.a(ee_lookup.o)
 .bss           0x00000000        0x0 libee.a(ee_rq_exchg.o)
 .bss           0x00000000        0x0 libee.a(ee_rq_inser.o)
 .bss           0x00000000        0x0 libee.a(ee_shtdown.o)
 .bss           0x00000000        0x0 libee.a(ee_startos.o)
 .bss           0x00000000        0x0 libee.a(ee_alcancel.o)
 .bss           0x00000000        0x0 libee.a(ee_algetbase.o)
 .bss           0x00000000        0x0 libee.a(ee_alget.o)
 .bss           0x00000000        0x0 libee.a(ee_alsetabs.o)
 .bss           0x00000000        0x0 libee.a(ee_alsetrel.o)
 .bss           0x00000000        0x0 libee.a(ee_getcountervalue.o)
 .bss           0x00000000        0x0 libee.a(ee_getelapsedvalue.o)
 .bss           0x00000000        0x0 libee.a(ee_evset.o)
 .bss           0x00000000        0x0 libee.a(ee_tc2Yx_system.o)
 .bss           0x00000000        0x0 libee.a(ee_hal_structs.o)
 .bss           0x00000000        0x0 libee.a(ee_tc_oo.o)
 .bss           0x00000000        0x0 libee.a(ee_tnterm.o)
 .bss           0x00000000        0x8 c:/hightec/toolch~1/tricore/v4660-~1.1/bin/../lib/gcc/tricore/4.6.4/../../../../tricore/lib/tc161\libos.a(libos_exit.o)
                0x00000000                __progname
 *(.bss.*)
 .bss.pwm_counter.35639
                0x00000008        0x1 obj/src/slave2.o
 .bss.pwm_value.35640
                0x00000009        0x1 obj/src/slave2.o
 *fill*         0x0000000a        0x2 00
 .bss.EE_ApplicationMode
                0x0000000c        0x4 obj/eecfg.o
                0x0000000c                EE_ApplicationMode
 .bss.EE_isr2_nesting_level
                0x00000010        0x4 obj/eecfg.o
                0x00000010                EE_isr2_nesting_level
 .bss.EE_th_waswaiting
                0x00000014        0x8 obj/eecfg.o
                0x00000014                EE_th_waswaiting
 .bss.EE_th_event_waitmask
                0x0000001c        0x8 obj/eecfg.o
                0x0000001c                EE_th_event_waitmask
 .bss.EE_th_event_active
                0x00000024        0x8 obj/eecfg.o
                0x00000024                EE_th_event_active
 .bss.EE_sys_ceiling
                0x0000002c        0x4 obj/eecfg.o
                0x0000002c                EE_sys_ceiling
 .bss.EE_terminate_data
                0x00000030        0x8 obj/eecfg.o
                0x00000030                EE_terminate_data
 .bss.EE_tc_tasks_RA
                0x00000038        0xc obj/eecfg.o
                0x00000038                EE_tc_tasks_RA
 .bss.EE_tc_active_tos
                0x00000044        0x4 obj/eecfg.o
                0x00000044                EE_tc_active_tos
 .bss.EE_tc_active_utid
                0x00000048        0x4 libee.a(ee_tc_context.o)
                0x00000048                EE_tc_active_utid
 .bss.EE_oo_IRQ_suspend_status
                0x0000004c        0x4 libee.a(ee_lookup.o)
                0x0000004c                EE_oo_IRQ_suspend_status
 .bss.EE_oo_IRQ_disable_count
                0x00000050        0x4 libee.a(ee_lookup.o)
                0x00000050                EE_oo_IRQ_disable_count
 .bss.EE_oo_started
                0x00000054        0x4 libee.a(ee_startos.o)
                0x00000054                EE_oo_started
 .bss.EE_ORTI_runningisr2
                0x00000058        0x4 libee.a(ee_startos.o)
                0x00000058                EE_ORTI_runningisr2
 .bss.EE_ORTI_th_priority
                0x0000005c        0x8 libee.a(ee_startos.o)
                0x0000005c                EE_ORTI_th_priority
 .bss.EE_ORTI_lasterror
                0x00000064        0x1 libee.a(ee_startos.o)
                0x00000064                EE_ORTI_lasterror
 .bss.EE_ORTI_servicetrace
                0x00000065        0x1 libee.a(ee_startos.o)
                0x00000065                EE_ORTI_servicetrace
 *fill*         0x00000066        0x2 00
 .bss.EE_tc2Yx_stm_freq_khz
                0x00000068        0x4 libee.a(ee_tc2Yx_system.o)
 .bss.EE_std_endcycle_next_tid
                0x0000006c        0x4 libee.a(ee_hal_structs.o)
                0x0000006c                EE_std_endcycle_next_tid
 .bss.EE_IRQ_nesting_level
                0x00000070        0x4 libee.a(ee_hal_structs.o)
                0x00000070                EE_IRQ_nesting_level
 *(.gnu.linkonce.b.*)
 *(COMMON)

.CPU2.data      memory region -> *default*
                0x00000000       0x50
 *(.data)
 .data          0x00000000        0x0 obj/pkg/mcu/infineon_common_tc2Yx/src/ee_tc2Yx_cstart.o
 .data          0x00000000        0x0 obj/src/slave2.o
 .data          0x00000000        0x0 obj/eecfg.o
 .data          0x00000000        0x0 libee.a(ee_tc_trapvec.o)
 .data          0x00000000        0x0 libee.a(ee_tc_intvec.o)
 .data          0x00000000        0x0 libee.a(ee_tc_context.o)
 .data          0x00000000        0x0 libee.a(ee_tc_multicore.o)
 .data          0x00000000        0x0 libee.a(ee_as_spinlocks.o)
 .data          0x00000000        0x0 libee.a(ee_as_rpc.o)
 .data          0x00000000        0x0 libee.a(ee_activate.o)
 .data          0x00000000        0x0 libee.a(ee_gettaskstate.o)
 .data          0x00000000        0x0 libee.a(ee_terminat.o)
 .data          0x00000000        0x0 libee.a(ee_thendin.o)
 .data          0x00000000        0x0 libee.a(ee_irqendin.o)
 .data          0x00000000        0x0 libee.a(ee_tstub.o)
 .data          0x00000000        0x0 libee.a(ee_lookup.o)
 .data          0x00000000        0x0 libee.a(ee_rq_exchg.o)
 .data          0x00000000        0x0 libee.a(ee_rq_inser.o)
 .data          0x00000000        0x0 libee.a(ee_shtdown.o)
 .data          0x00000000        0x0 libee.a(ee_startos.o)
 .data          0x00000000        0x0 libee.a(ee_alcancel.o)
 .data          0x00000000        0x0 libee.a(ee_algetbase.o)
 .data          0x00000000        0x0 libee.a(ee_alget.o)
 .data          0x00000000        0x0 libee.a(ee_alsetabs.o)
 .data          0x00000000        0x0 libee.a(ee_alsetrel.o)
 .data          0x00000000        0x0 libee.a(ee_getcountervalue.o)
 .data          0x00000000        0x0 libee.a(ee_getelapsedvalue.o)
 .data          0x00000000        0x0 libee.a(ee_evset.o)
 .data          0x00000000        0x0 libee.a(ee_tc2Yx_system.o)
 .data          0x00000000        0x0 libee.a(ee_hal_structs.o)
 .data          0x00000000        0x0 libee.a(ee_tc_oo.o)
 .data          0x00000000        0x0 libee.a(ee_tnterm.o)
 .data          0x00000000        0x0 c:/hightec/toolch~1/tricore/v4660-~1.1/bin/../lib/gcc/tricore/4.6.4/../../../../tricore/lib/tc161\libos.a(libos_exit.o)
 *(.data.*)
 .data.EE_as_spinlocks_locker_task_or_isr2
                0x00000000        0xc obj/eecfg.o
                0x00000000                EE_as_spinlocks_locker_task_or_isr2
 .data.EE_th_terminate_nextask
                0x0000000c        0x8 obj/eecfg.o
                0x0000000c                EE_th_terminate_nextask
 .data.EE_rq_first
                0x00000014        0x4 obj/eecfg.o
                0x00000014                EE_rq_first
 .data.EE_th_rnact
                0x00000018        0x8 obj/eecfg.o
                0x00000018                EE_th_rnact
 .data.EE_stkfirst
                0x00000020        0x4 obj/eecfg.o
                0x00000020                EE_stkfirst
 .data.EE_th_next
                0x00000024        0x8 obj/eecfg.o
                0x00000024                EE_th_next
 .data.EE_th_status
                0x0000002c        0x8 obj/eecfg.o
                0x0000002c                EE_th_status
 .data.EE_tc_system_tos
                0x00000034       0x18 obj/eecfg.o
                0x00000034                EE_tc_system_tos
 .data.EE_isr2_index
                0x0000004c        0x4 libee.a(ee_irqendin.o)
                0x0000004c                EE_isr2_index
 *(.gnu.linkonce.d.*)

.CPU2.ustack

.CPU2.istack

.CPU2.heap

.CPU2.csa

.CPU2.ee_api_bss
 *(ee_api_bss)

.CPU2.ee_api_data
 *(ee_api_data)

.CPU2.ee_kernel_bss
 *(ee_kernel_bss)

.CPU2.ee_kernel_data
 *(ee_kernel_data)

.CPU2.ee_kernel_stack memory region -> *default*
                0x00000000      0x410
 *(ee_kernel_stack)
 ee_kernel_stack
                0x00000000      0x410 obj/eecfg.o
                0x00000000                EE_tc_stack_2
                0x00000208                EE_tc_stack_1

.comment        memory region -> *default*
                0x00000000      0x948
 *(.comment)
 .comment       0x00000000       0x48 obj/pkg/mcu/infineon_common_tc2Yx/src/ee_tc2Yx_cstart.o
 .comment       0x00000048       0x48 obj/src/slave2.o
 .comment       0x00000090       0x48 obj/eecfg.o
 .comment       0x000000d8       0x48 libee.a(ee_tc_trapvec.o)
 .comment       0x00000120       0x48 libee.a(ee_tc_intvec.o)
 .comment       0x00000168       0x48 libee.a(ee_tc_context.o)
 .comment       0x000001b0       0x48 libee.a(ee_tc_multicore.o)
 .comment       0x000001f8       0x48 libee.a(ee_as_spinlocks.o)
 .comment       0x00000240       0x48 libee.a(ee_as_rpc.o)
 .comment       0x00000288       0x48 libee.a(ee_activate.o)
 .comment       0x000002d0       0x48 libee.a(ee_gettaskstate.o)
 .comment       0x00000318       0x48 libee.a(ee_terminat.o)
 .comment       0x00000360       0x48 libee.a(ee_thendin.o)
 .comment       0x000003a8       0x48 libee.a(ee_irqendin.o)
 .comment       0x000003f0       0x48 libee.a(ee_tstub.o)
 .comment       0x00000438       0x48 libee.a(ee_lookup.o)
 .comment       0x00000480       0x48 libee.a(ee_rq_exchg.o)
 .comment       0x000004c8       0x48 libee.a(ee_rq_inser.o)
 .comment       0x00000510       0x48 libee.a(ee_shtdown.o)
 .comment       0x00000558       0x48 libee.a(ee_startos.o)
 .comment       0x000005a0       0x48 libee.a(ee_alcancel.o)
 .comment       0x000005e8       0x48 libee.a(ee_algetbase.o)
 .comment       0x00000630       0x48 libee.a(ee_alget.o)
 .comment       0x00000678       0x48 libee.a(ee_alsetabs.o)
 .comment       0x000006c0       0x48 libee.a(ee_alsetrel.o)
 .comment       0x00000708       0x48 libee.a(ee_getcountervalue.o)
 .comment       0x00000750       0x48 libee.a(ee_getelapsedvalue.o)
 .comment       0x00000798       0x48 libee.a(ee_evset.o)
 .comment       0x000007e0       0x48 libee.a(ee_tc2Yx_system.o)
 .comment       0x00000828       0x48 libee.a(ee_hal_structs.o)
 .comment       0x00000870       0x48 libee.a(ee_tc_oo.o)
 .comment       0x000008b8       0x48 libee.a(ee_tnterm.o)
 .comment       0x00000900       0x48 c:/hightec/toolch~1/tricore/v4660-~1.1/bin/../lib/gcc/tricore/4.6.4/../../../../tricore/lib/tc161\libos.a(libos_exit.o)

.debug
 *(.debug)

.line
 *(.line)

.debug_srcinfo
 *(.debug_srcinfo)

.debug_sfnames
 *(.debug_sfnames)

.debug_aranges  memory region -> *default*
                0x00000000      0x468
 *(.debug_aranges)
 .debug_aranges
                0x00000000       0x20 obj/pkg/mcu/infineon_common_tc2Yx/src/ee_tc2Yx_cstart.o
 .debug_aranges
                0x00000020       0x30 obj/src/slave2.o
 .debug_aranges
                0x00000050       0x28 libee.a(ee_tc_intvec.o)
 .debug_aranges
                0x00000078       0x20 libee.a(ee_tc_context.o)
 .debug_aranges
                0x00000098       0x30 libee.a(ee_tc_multicore.o)
 .debug_aranges
                0x000000c8       0x38 libee.a(ee_as_spinlocks.o)
 .debug_aranges
                0x00000100       0x30 libee.a(ee_as_rpc.o)
 .debug_aranges
                0x00000130       0x20 libee.a(ee_activate.o)
 .debug_aranges
                0x00000150       0x20 libee.a(ee_gettaskstate.o)
 .debug_aranges
                0x00000170       0x20 libee.a(ee_terminat.o)
 .debug_aranges
                0x00000190       0x20 libee.a(ee_thendin.o)
 .debug_aranges
                0x000001b0       0x30 libee.a(ee_irqendin.o)
 .debug_aranges
                0x000001e0       0x20 libee.a(ee_tstub.o)
 .debug_aranges
                0x00000200       0x20 libee.a(ee_rq_exchg.o)
 .debug_aranges
                0x00000220       0x20 libee.a(ee_rq_inser.o)
 .debug_aranges
                0x00000240       0x28 libee.a(ee_shtdown.o)
 .debug_aranges
                0x00000268       0x20 libee.a(ee_startos.o)
 .debug_aranges
                0x00000288       0x20 libee.a(ee_alcancel.o)
 .debug_aranges
                0x000002a8       0x20 libee.a(ee_algetbase.o)
 .debug_aranges
                0x000002c8       0x20 libee.a(ee_alget.o)
 .debug_aranges
                0x000002e8       0x20 libee.a(ee_alsetabs.o)
 .debug_aranges
                0x00000308       0x20 libee.a(ee_alsetrel.o)
 .debug_aranges
                0x00000328       0x20 libee.a(ee_getcountervalue.o)
 .debug_aranges
                0x00000348       0x20 libee.a(ee_getelapsedvalue.o)
 .debug_aranges
                0x00000368       0x20 libee.a(ee_evset.o)
 .debug_aranges
                0x00000388       0x70 libee.a(ee_tc2Yx_system.o)
 .debug_aranges
                0x000003f8       0x30 libee.a(ee_tc_oo.o)
 .debug_aranges
                0x00000428       0x20 libee.a(ee_tnterm.o)
 .debug_aranges
                0x00000448       0x20 c:/hightec/toolch~1/tricore/v4660-~1.1/bin/../lib/gcc/tricore/4.6.4/../../../../tricore/lib/tc161\libos.a(libos_exit.o)

.debug_pubnames
 *(.debug_pubnames)

.debug_info     memory region -> *default*
                0x00000000    0x1bbfd
 *(.debug_info)
 .debug_info    0x00000000     0x10e4 obj/pkg/mcu/infineon_common_tc2Yx/src/ee_tc2Yx_cstart.o
 .debug_info    0x000010e4      0xc92 obj/src/slave2.o
 .debug_info    0x00001d76      0xabc obj/eecfg.o
 .debug_info    0x00002832      0x18a libee.a(ee_tc_trapvec.o)
 .debug_info    0x000029bc      0xdb8 libee.a(ee_tc_intvec.o)
 .debug_info    0x00003774      0xd24 libee.a(ee_tc_context.o)
 .debug_info    0x00004498      0xba4 libee.a(ee_tc_multicore.o)
 .debug_info    0x0000503c     0x1632 libee.a(ee_as_spinlocks.o)
 .debug_info    0x0000666e     0x19d1 libee.a(ee_as_rpc.o)
 .debug_info    0x0000803f     0x1175 libee.a(ee_activate.o)
 .debug_info    0x000091b4      0xed4 libee.a(ee_gettaskstate.o)
 .debug_info    0x0000a088      0xe0e libee.a(ee_terminat.o)
 .debug_info    0x0000ae96      0xc09 libee.a(ee_thendin.o)
 .debug_info    0x0000ba9f      0xc58 libee.a(ee_irqendin.o)
 .debug_info    0x0000c6f7      0x931 libee.a(ee_tstub.o)
 .debug_info    0x0000d028      0x79c libee.a(ee_lookup.o)
 .debug_info    0x0000d7c4      0x7d4 libee.a(ee_rq_exchg.o)
 .debug_info    0x0000df98      0x7e5 libee.a(ee_rq_inser.o)
 .debug_info    0x0000e77d      0xe9c libee.a(ee_shtdown.o)
 .debug_info    0x0000f619     0x14ff libee.a(ee_startos.o)
 .debug_info    0x00010b18      0xd76 libee.a(ee_alcancel.o)
 .debug_info    0x0001188e      0xd97 libee.a(ee_algetbase.o)
 .debug_info    0x00012625      0xd8f libee.a(ee_alget.o)
 .debug_info    0x000133b4      0xdb2 libee.a(ee_alsetabs.o)
 .debug_info    0x00014166      0xdba libee.a(ee_alsetrel.o)
 .debug_info    0x00014f20      0xda6 libee.a(ee_getcountervalue.o)
 .debug_info    0x00015cc6      0xdd0 libee.a(ee_getelapsedvalue.o)
 .debug_info    0x00016a96     0x110c libee.a(ee_evset.o)
 .debug_info    0x00017ba2     0x1d57 libee.a(ee_tc2Yx_system.o)
 .debug_info    0x000198f9      0x7a2 libee.a(ee_hal_structs.o)
 .debug_info    0x0001a09b     0x1164 libee.a(ee_tc_oo.o)
 .debug_info    0x0001b1ff      0x871 libee.a(ee_tnterm.o)
 .debug_info    0x0001ba70      0x18d c:/hightec/toolch~1/tricore/v4660-~1.1/bin/../lib/gcc/tricore/4.6.4/../../../../tricore/lib/tc161\libos.a(libos_exit.o)

.debug_abbrev   memory region -> *default*
                0x00000000     0x47c0
 *(.debug_abbrev)
 .debug_abbrev  0x00000000      0x262 obj/pkg/mcu/infineon_common_tc2Yx/src/ee_tc2Yx_cstart.o
 .debug_abbrev  0x00000262      0x21a obj/src/slave2.o
 .debug_abbrev  0x0000047c      0x13f obj/eecfg.o
 .debug_abbrev  0x000005bb       0x56 libee.a(ee_tc_trapvec.o)
 .debug_abbrev  0x00000611      0x281 libee.a(ee_tc_intvec.o)
 .debug_abbrev  0x00000892      0x26e libee.a(ee_tc_context.o)
 .debug_abbrev  0x00000b00      0x248 libee.a(ee_tc_multicore.o)
 .debug_abbrev  0x00000d48      0x34d libee.a(ee_as_spinlocks.o)
 .debug_abbrev  0x00001095      0x38a libee.a(ee_as_rpc.o)
 .debug_abbrev  0x0000141f      0x2f0 libee.a(ee_activate.o)
 .debug_abbrev  0x0000170f      0x28f libee.a(ee_gettaskstate.o)
 .debug_abbrev  0x0000199e      0x295 libee.a(ee_terminat.o)
 .debug_abbrev  0x00001c33      0x22c libee.a(ee_thendin.o)
 .debug_abbrev  0x00001e5f      0x21d libee.a(ee_irqendin.o)
 .debug_abbrev  0x0000207c      0x14d libee.a(ee_tstub.o)
 .debug_abbrev  0x000021c9       0xfa libee.a(ee_lookup.o)
 .debug_abbrev  0x000022c3      0x113 libee.a(ee_rq_exchg.o)
 .debug_abbrev  0x000023d6      0x12d libee.a(ee_rq_inser.o)
 .debug_abbrev  0x00002503      0x263 libee.a(ee_shtdown.o)
 .debug_abbrev  0x00002766      0x336 libee.a(ee_startos.o)
 .debug_abbrev  0x00002a9c      0x284 libee.a(ee_alcancel.o)
 .debug_abbrev  0x00002d20      0x284 libee.a(ee_algetbase.o)
 .debug_abbrev  0x00002fa4      0x284 libee.a(ee_alget.o)
 .debug_abbrev  0x00003228      0x275 libee.a(ee_alsetabs.o)
 .debug_abbrev  0x0000349d      0x275 libee.a(ee_alsetrel.o)
 .debug_abbrev  0x00003712      0x284 libee.a(ee_getcountervalue.o)
 .debug_abbrev  0x00003996      0x286 libee.a(ee_getelapsedvalue.o)
 .debug_abbrev  0x00003c1c      0x2ee libee.a(ee_evset.o)
 .debug_abbrev  0x00003f0a      0x35e libee.a(ee_tc2Yx_system.o)
 .debug_abbrev  0x00004268       0xfa libee.a(ee_hal_structs.o)
 .debug_abbrev  0x00004362      0x281 libee.a(ee_tc_oo.o)
 .debug_abbrev  0x000045e3      0x17e libee.a(ee_tnterm.o)
 .debug_abbrev  0x00004761       0x5f c:/hightec/toolch~1/tricore/v4660-~1.1/bin/../lib/gcc/tricore/4.6.4/../../../../tricore/lib/tc161\libos.a(libos_exit.o)

.debug_line     memory region -> *default*
                0x00000000     0x6d65
 *(.debug_line)
 .debug_line    0x00000000      0x431 obj/pkg/mcu/infineon_common_tc2Yx/src/ee_tc2Yx_cstart.o
 .debug_line    0x00000431      0x388 obj/src/slave2.o
 .debug_line    0x000007b9      0x187 obj/eecfg.o
 .debug_line    0x00000940       0xb5 libee.a(ee_tc_trapvec.o)
 .debug_line    0x000009f5      0x33a libee.a(ee_tc_intvec.o)
 .debug_line    0x00000d2f      0x380 libee.a(ee_tc_context.o)
 .debug_line    0x000010af      0x368 libee.a(ee_tc_multicore.o)
 .debug_line    0x00001417      0x4eb libee.a(ee_as_spinlocks.o)
 .debug_line    0x00001902      0x66f libee.a(ee_as_rpc.o)
 .debug_line    0x00001f71      0x3bc libee.a(ee_activate.o)
 .debug_line    0x0000232d      0x38e libee.a(ee_gettaskstate.o)
 .debug_line    0x000026bb      0x390 libee.a(ee_terminat.o)
 .debug_line    0x00002a4b      0x358 libee.a(ee_thendin.o)
 .debug_line    0x00002da3      0x2fd libee.a(ee_irqendin.o)
 .debug_line    0x000030a0      0x27e libee.a(ee_tstub.o)
 .debug_line    0x0000331e      0x26f libee.a(ee_lookup.o)
 .debug_line    0x0000358d      0x285 libee.a(ee_rq_exchg.o)
 .debug_line    0x00003812      0x293 libee.a(ee_rq_inser.o)
 .debug_line    0x00003aa5      0x3a8 libee.a(ee_shtdown.o)
 .debug_line    0x00003e4d      0x43e libee.a(ee_startos.o)
 .debug_line    0x0000428b      0x341 libee.a(ee_alcancel.o)
 .debug_line    0x000045cc      0x349 libee.a(ee_algetbase.o)
 .debug_line    0x00004915      0x346 libee.a(ee_alget.o)
 .debug_line    0x00004c5b      0x341 libee.a(ee_alsetabs.o)
 .debug_line    0x00004f9c      0x341 libee.a(ee_alsetrel.o)
 .debug_line    0x000052dd      0x34f libee.a(ee_getcountervalue.o)
 .debug_line    0x0000562c      0x358 libee.a(ee_getelapsedvalue.o)
 .debug_line    0x00005984      0x3b2 libee.a(ee_evset.o)
 .debug_line    0x00005d36      0x6bc libee.a(ee_tc2Yx_system.o)
 .debug_line    0x000063f2      0x252 libee.a(ee_hal_structs.o)
 .debug_line    0x00006644      0x385 libee.a(ee_tc_oo.o)
 .debug_line    0x000069c9      0x312 libee.a(ee_tnterm.o)
 .debug_line    0x00006cdb       0x8a c:/hightec/toolch~1/tricore/v4660-~1.1/bin/../lib/gcc/tricore/4.6.4/../../../../tricore/lib/tc161\libos.a(libos_exit.o)

.debug_frame    memory region -> *default*
                0x00000000      0x538
 *(.debug_frame)
 .debug_frame   0x00000000       0x20 obj/pkg/mcu/infineon_common_tc2Yx/src/ee_tc2Yx_cstart.o
 .debug_frame   0x00000020       0x40 obj/src/slave2.o
 .debug_frame   0x00000060       0x30 libee.a(ee_tc_intvec.o)
 .debug_frame   0x00000090       0x20 libee.a(ee_tc_context.o)
 .debug_frame   0x000000b0       0x44 libee.a(ee_tc_multicore.o)
 .debug_frame   0x000000f4       0x50 libee.a(ee_as_spinlocks.o)
 .debug_frame   0x00000144       0x44 libee.a(ee_as_rpc.o)
 .debug_frame   0x00000188       0x20 libee.a(ee_activate.o)
 .debug_frame   0x000001a8       0x20 libee.a(ee_gettaskstate.o)
 .debug_frame   0x000001c8       0x20 libee.a(ee_terminat.o)
 .debug_frame   0x000001e8       0x20 libee.a(ee_thendin.o)
 .debug_frame   0x00000208       0x40 libee.a(ee_irqendin.o)
 .debug_frame   0x00000248       0x20 libee.a(ee_tstub.o)
 .debug_frame   0x00000268       0x20 libee.a(ee_rq_exchg.o)
 .debug_frame   0x00000288       0x20 libee.a(ee_rq_inser.o)
 .debug_frame   0x000002a8       0x30 libee.a(ee_shtdown.o)
 .debug_frame   0x000002d8       0x20 libee.a(ee_startos.o)
 .debug_frame   0x000002f8       0x20 libee.a(ee_alcancel.o)
 .debug_frame   0x00000318       0x20 libee.a(ee_algetbase.o)
 .debug_frame   0x00000338       0x20 libee.a(ee_alget.o)
 .debug_frame   0x00000358       0x20 libee.a(ee_alsetabs.o)
 .debug_frame   0x00000378       0x20 libee.a(ee_alsetrel.o)
 .debug_frame   0x00000398       0x20 libee.a(ee_getcountervalue.o)
 .debug_frame   0x000003b8       0x20 libee.a(ee_getelapsedvalue.o)
 .debug_frame   0x000003d8       0x20 libee.a(ee_evset.o)
 .debug_frame   0x000003f8       0xc0 libee.a(ee_tc2Yx_system.o)
 .debug_frame   0x000004b8       0x40 libee.a(ee_tc_oo.o)
 .debug_frame   0x000004f8       0x20 libee.a(ee_tnterm.o)
 .debug_frame   0x00000518       0x20 c:/hightec/toolch~1/tricore/v4660-~1.1/bin/../lib/gcc/tricore/4.6.4/../../../../tricore/lib/tc161\libos.a(libos_exit.o)

.debug_str      memory region -> *default*
                0x00000000      0x205
 *(.debug_str)
 .debug_str     0x00000000       0x2b obj/pkg/mcu/infineon_common_tc2Yx/src/ee_tc2Yx_cstart.o
 .debug_str     0x0000002b        0xa libee.a(ee_tc_intvec.o)
 .debug_str     0x00000035       0x25 libee.a(ee_as_spinlocks.o)
 .debug_str     0x0000005a       0x55 libee.a(ee_as_rpc.o)
 .debug_str     0x000000af       0x11 libee.a(ee_activate.o)
 .debug_str     0x000000c0        0xa libee.a(ee_gettaskstate.o)
 .debug_str     0x000000ca        0xa libee.a(ee_terminat.o)
 .debug_str     0x000000d4        0x7 libee.a(ee_thendin.o)
 .debug_str     0x000000db        0xf libee.a(ee_irqendin.o)
 .debug_str     0x000000ea        0xc libee.a(ee_shtdown.o)
 .debug_str     0x000000f6       0x58 libee.a(ee_startos.o)
 .debug_str     0x0000014e        0xa libee.a(ee_alcancel.o)
 .debug_str     0x00000158        0xa libee.a(ee_algetbase.o)
 .debug_str     0x00000162        0xa libee.a(ee_alget.o)
 .debug_str     0x0000016c        0xa libee.a(ee_alsetabs.o)
 .debug_str     0x00000176        0xa libee.a(ee_alsetrel.o)
 .debug_str     0x00000180        0xa libee.a(ee_getcountervalue.o)
 .debug_str     0x0000018a        0xa libee.a(ee_getelapsedvalue.o)
 .debug_str     0x00000194        0xa libee.a(ee_evset.o)
 .debug_str     0x0000019e       0x5e libee.a(ee_tc2Yx_system.o)
 .debug_str     0x000001fc        0x9 libee.a(ee_tc_oo.o)

.debug_loc      memory region -> *default*
                0x00000000     0x132b
 *(.debug_loc)
 .debug_loc     0x00000000       0x83 obj/pkg/mcu/infineon_common_tc2Yx/src/ee_tc2Yx_cstart.o
 .debug_loc     0x00000083       0x1e obj/src/slave2.o
 .debug_loc     0x000000a1       0x57 libee.a(ee_tc_intvec.o)
 .debug_loc     0x000000f8      0x121 libee.a(ee_tc_context.o)
 .debug_loc     0x00000219       0xb2 libee.a(ee_tc_multicore.o)
 .debug_loc     0x000002cb      0x252 libee.a(ee_as_spinlocks.o)
 .debug_loc     0x0000051d      0x418 libee.a(ee_as_rpc.o)
 .debug_loc     0x00000935       0xcd libee.a(ee_activate.o)
 .debug_loc     0x00000a02       0x78 libee.a(ee_gettaskstate.o)
 .debug_loc     0x00000a7a       0x29 libee.a(ee_terminat.o)
 .debug_loc     0x00000aa3       0x8e libee.a(ee_thendin.o)
 .debug_loc     0x00000b31       0x65 libee.a(ee_irqendin.o)
 .debug_loc     0x00000b96       0x13 libee.a(ee_rq_exchg.o)
 .debug_loc     0x00000ba9       0x7f libee.a(ee_shtdown.o)
 .debug_loc     0x00000c28      0x10e libee.a(ee_startos.o)
 .debug_loc     0x00000d36       0x3c libee.a(ee_alcancel.o)
 .debug_loc     0x00000d72       0x4f libee.a(ee_algetbase.o)
 .debug_loc     0x00000dc1       0x4f libee.a(ee_alget.o)
 .debug_loc     0x00000e10       0x83 libee.a(ee_alsetabs.o)
 .debug_loc     0x00000e93       0x83 libee.a(ee_alsetrel.o)
 .debug_loc     0x00000f16       0x4f libee.a(ee_getcountervalue.o)
 .debug_loc     0x00000f65       0x6d libee.a(ee_getelapsedvalue.o)
 .debug_loc     0x00000fd2      0x12d libee.a(ee_evset.o)
 .debug_loc     0x000010ff      0x1d5 libee.a(ee_tc2Yx_system.o)
 .debug_loc     0x000012d4       0x57 libee.a(ee_tc_oo.o)

.debug_macinfo
 *(.debug_macinfo)

.debug_ranges   memory region -> *default*
                0x00000000     0x11d0
 *(.debug_ranges)
 .debug_ranges  0x00000000       0x40 obj/pkg/mcu/infineon_common_tc2Yx/src/ee_tc2Yx_cstart.o
 .debug_ranges  0x00000040       0x80 obj/src/slave2.o
 .debug_ranges  0x000000c0       0x60 libee.a(ee_tc_intvec.o)
 .debug_ranges  0x00000120       0x70 libee.a(ee_tc_context.o)
 .debug_ranges  0x00000190      0x140 libee.a(ee_tc_multicore.o)
 .debug_ranges  0x000002d0       0xb0 libee.a(ee_as_spinlocks.o)
 .debug_ranges  0x00000380      0x2c8 libee.a(ee_as_rpc.o)
 .debug_ranges  0x00000648      0x1a8 libee.a(ee_activate.o)
 .debug_ranges  0x000007f0       0x50 libee.a(ee_gettaskstate.o)
 .debug_ranges  0x00000840       0x48 libee.a(ee_terminat.o)
 .debug_ranges  0x00000888       0xc0 libee.a(ee_thendin.o)
 .debug_ranges  0x00000948       0x80 libee.a(ee_irqendin.o)
 .debug_ranges  0x000009c8       0x10 libee.a(ee_tstub.o)
 .debug_ranges  0x000009d8       0x10 libee.a(ee_rq_exchg.o)
 .debug_ranges  0x000009e8       0x10 libee.a(ee_rq_inser.o)
 .debug_ranges  0x000009f8       0xa8 libee.a(ee_shtdown.o)
 .debug_ranges  0x00000aa0      0x198 libee.a(ee_startos.o)
 .debug_ranges  0x00000c38       0x10 libee.a(ee_alcancel.o)
 .debug_ranges  0x00000c48       0x10 libee.a(ee_algetbase.o)
 .debug_ranges  0x00000c58       0x10 libee.a(ee_alget.o)
 .debug_ranges  0x00000c68       0x10 libee.a(ee_alsetabs.o)
 .debug_ranges  0x00000c78       0x10 libee.a(ee_alsetrel.o)
 .debug_ranges  0x00000c88       0x10 libee.a(ee_getcountervalue.o)
 .debug_ranges  0x00000c98       0x28 libee.a(ee_getelapsedvalue.o)
 .debug_ranges  0x00000cc0      0x178 libee.a(ee_evset.o)
 .debug_ranges  0x00000e38      0x358 libee.a(ee_tc2Yx_system.o)
 .debug_ranges  0x00001190       0x20 libee.a(ee_tc_oo.o)
 .debug_ranges  0x000011b0       0x10 libee.a(ee_tnterm.o)
 .debug_ranges  0x000011c0       0x10 c:/hightec/toolch~1/tricore/v4660-~1.1/bin/../lib/gcc/tricore/4.6.4/../../../../tricore/lib/tc161\libos.a(libos_exit.o)

.debug_weaknames
 *(.debug_weaknames)

.debug_funcnames
 *(.debug_funcnames)

.debug_typenames
 *(.debug_typenames)

.debug_varnames
 *(.debug_varnames)

.version_info   memory region -> *default*
                0x00000000    0x2e12b
 *(.version_info)
 .version_info  0x00000000     0x1709 obj/pkg/mcu/infineon_common_tc2Yx/src/ee_tc2Yx_cstart.o
 .version_info  0x00001709     0x1623 obj/src/slave2.o
 .version_info  0x00002d2c     0x1548 obj/eecfg.o
 .version_info  0x00004274     0x1689 libee.a(ee_tc_trapvec.o)
 .version_info  0x000058fd     0x1681 libee.a(ee_tc_intvec.o)
 .version_info  0x00006f7e     0x1689 libee.a(ee_tc_context.o)
 .version_info  0x00008607     0x1699 libee.a(ee_tc_multicore.o)
 .version_info  0x00009ca0     0x1689 libee.a(ee_as_spinlocks.o)
 .version_info  0x0000b329     0x1659 libee.a(ee_as_rpc.o)
 .version_info  0x0000c982     0x1669 libee.a(ee_activate.o)
 .version_info  0x0000dfeb     0x1689 libee.a(ee_gettaskstate.o)
 .version_info  0x0000f674     0x1669 libee.a(ee_terminat.o)
 .version_info  0x00010cdd     0x1661 libee.a(ee_thendin.o)
 .version_info  0x0001233e     0x1669 libee.a(ee_irqendin.o)
 .version_info  0x000139a7     0x1651 libee.a(ee_tstub.o)
 .version_info  0x00014ff8     0x1659 libee.a(ee_lookup.o)
 .version_info  0x00016651     0x1669 libee.a(ee_rq_exchg.o)
 .version_info  0x00017cba     0x1669 libee.a(ee_rq_inser.o)
 .version_info  0x00019323     0x1661 libee.a(ee_shtdown.o)
 .version_info  0x0001a984     0x1661 libee.a(ee_startos.o)
 .version_info  0x0001bfe5     0x1669 libee.a(ee_alcancel.o)
 .version_info  0x0001d64e     0x1671 libee.a(ee_algetbase.o)
 .version_info  0x0001ecbf     0x1651 libee.a(ee_alget.o)
 .version_info  0x00020310     0x1669 libee.a(ee_alsetabs.o)
 .version_info  0x00021979     0x1669 libee.a(ee_alsetrel.o)
 .version_info  0x00022fe2     0x16a1 libee.a(ee_getcountervalue.o)
 .version_info  0x00024683     0x16a1 libee.a(ee_getelapsedvalue.o)
 .version_info  0x00025d24     0x1651 libee.a(ee_evset.o)
 .version_info  0x00027375     0x1709 libee.a(ee_tc2Yx_system.o)
 .version_info  0x00028a7e     0x1689 libee.a(ee_hal_structs.o)
 .version_info  0x0002a107     0x1661 libee.a(ee_tc_oo.o)
 .version_info  0x0002b768     0x1659 libee.a(ee_tnterm.o)
 .version_info  0x0002cdc1     0x136a c:/hightec/toolch~1/tricore/v4660-~1.1/bin/../lib/gcc/tricore/4.6.4/../../../../tricore/lib/tc161\libos.a(libos_exit.o)

.boffs
 *(.boffs)
OUTPUT(myProject_slave2.elf elf32-tricore)
