Archive member included because of file (symbol)

libee.a(ee_tc_trapvec.o)      obj/pkg/mcu/infineon_common_tc2Yx/src/ee_tc2Yx_cstart.o (EE_tc_trap_table)
libee.a(ee_tc_intvec.o)       obj/pkg/mcu/infineon_common_tc2Yx/src/ee_tc2Yx_cstart.o (EE_tc_interrupt_table)
libee.a(ee_tc_context.o)      libee.a(ee_tc_intvec.o) (EE_std_change_context)
libee.a(ee_tc_multicore.o)    libee.a(ee_tc_intvec.o) (EE_TC_iirq_handler)
libee.a(ee_as_rpc.o)          libee.a(ee_tc_multicore.o) (EE_as_rpc_handler)
libee.a(ee_activate.o)        libee.a(ee_as_rpc.o) (EE_oo_ActivateTask)
libee.a(ee_gettaskstate.o)    libee.a(ee_as_rpc.o) (EE_oo_GetTaskState)
libee.a(ee_terminat.o)        obj/src/slave1.o (EE_oo_TerminateTask)
libee.a(ee_thendin.o)         libee.a(ee_tc_context.o) (EE_thread_end_instance)
libee.a(ee_irqendin.o)        libee.a(ee_tc_intvec.o) (EE_IRQ_end_instance)
libee.a(ee_tstub.o)           obj/eecfg.o (EE_oo_thread_stub)
libee.a(ee_lookup.o)          libee.a(ee_thendin.o) (EE_oo_IRQ_disable_count)
libee.a(ee_rq_exchg.o)        libee.a(ee_activate.o) (EE_rq2stk_exchange)
libee.a(ee_rq_inser.o)        libee.a(ee_activate.o) (EE_rq_insert)
libee.a(ee_shtdown.o)         libee.a(ee_as_rpc.o) (EE_oo_ShutdownOS_internal)
libee.a(ee_startos.o)         obj/src/slave1.o (EE_oo_StartOS)
libee.a(ee_alcancel.o)        libee.a(ee_as_rpc.o) (EE_oo_CancelAlarm)
libee.a(ee_algetbase.o)       libee.a(ee_as_rpc.o) (EE_oo_GetAlarmBase)
libee.a(ee_alget.o)           libee.a(ee_as_rpc.o) (EE_oo_GetAlarm)
libee.a(ee_alsetabs.o)        libee.a(ee_as_rpc.o) (EE_oo_SetAbsAlarm)
libee.a(ee_alsetrel.o)        libee.a(ee_as_rpc.o) (EE_oo_SetRelAlarm)
libee.a(ee_getcountervalue.o)
                              libee.a(ee_as_rpc.o) (EE_oo_GetCounterValue)
libee.a(ee_getelapsedvalue.o)
                              libee.a(ee_as_rpc.o) (EE_oo_GetElapsedValue)
libee.a(ee_evset.o)           libee.a(ee_as_rpc.o) (EE_oo_SetEvent)
libee.a(ee_tc2Yx_system.o)    libee.a(ee_startos.o) (EE_tc2Yx_stm_set_clockpersec)
libee.a(ee_hal_structs.o)     libee.a(ee_tc_intvec.o) (EE_std_endcycle_next_tid)
libee.a(ee_tc_oo.o)           libee.a(ee_terminat.o) (EE_hal_terminate_task)
libee.a(ee_tnterm.o)          libee.a(ee_tc_oo.o) (EE_thread_not_terminated)
c:/hightec/toolch~1/tricore/v4660-~1.1/bin/../lib/gcc/tricore/4.6.4/../../../../tricore/lib/tc161\libos.a(libos_exit.o)
                              obj/pkg/mcu/infineon_common_tc2Yx/src/ee_tc2Yx_cstart.o (_exit)

----- BEGIN EXTENDED MAP LISTING -----

>>> Linker and link run information

Linker version: GNU ld version (GNU Binutils) 2.20 (TriCore) using BFD version (GNU Binutils) 2.20 (v2.3), Tool Version v2.7
Name of linker executable: c:/hightec/toolch~1/tricore/v4660-~1.1/bin/../lib/gcc/tricore/4.6.4/../../../../tricore/bin/ld.exe
Date of link run: Mon Dec 05 15:36:06 2016
Name of linker map file: myProject_slave1.map

>>> Symbols (global (S = g) and static (S = l); sorted by address)

==================================================================================================================================================================================================================
Start      End        Size S Name                                       Memory    O-Sec                 I-Sec                                              Input object                                           
==================================================================================================================================================================================================================
0x00000000 0x00000007    8 g EE_oo_autostart_task_data                  *default* .CPU1.rodata          .rodata.EE_oo_autostart_task_data                  obj/eecfg.o
0x00000000 0x00000117  280 g EE_tc2Yx_cpu1_start                        *default* .CPU1.text            .text.EE_tc2Yx_cpu1_start                          obj/pkg/mcu/infineon_common_tc2Yx/src/ee_tc2Yx_cstart.o
0x00000000 0x00000000    0 g EE_tc_interrupt_table                      *default* .CPU1.inttab          .inttab                                            ee_tc_intvec.o
0x00000000 0x00000203  516 g EE_tc_stack_2                              *default* .CPU1.ee_kernel_stack ee_kernel_stack                                    obj/eecfg.o
0x00000000 0x00000000    0 g EE_tc_trap_mmu                             *default* .CPU1.traptab         .traptab                                           ee_tc_trapvec.o
0x00000000 0x00000000    0 g EE_tc_trap_table                           *default* .CPU1.traptab         .traptab                                           ee_tc_trapvec.o
0x00000000 0x00000007    8 g EE_th_terminate_nextask                    *default* .CPU1.data            .data.EE_th_terminate_nextask                      obj/eecfg.o
0x00000000 0x00000003    4 g __progname                                 *default* .CPU1.bss             .bss                                               libos_exit.o
0x00000008 0x0000000b    4 g EE_ApplicationMode                         *default* .CPU1.bss             .bss.EE_ApplicationMode                            obj/eecfg.o
0x00000008 0x0000000b    4 g EE_rq_first                                *default* .CPU1.data            .data.EE_rq_first                                  obj/eecfg.o
0x00000008 0x0000000f    8 g EE_th_is_extended                          *default* .CPU1.rodata          .rodata.EE_th_is_extended                          obj/eecfg.o
0x0000000c 0x00000013    8 g EE_th_rnact                                *default* .CPU1.data            .data.EE_th_rnact                                  obj/eecfg.o
0x0000000c 0x00000013    8 g EE_th_waswaiting                           *default* .CPU1.bss             .bss.EE_th_waswaiting                              obj/eecfg.o
0x00000010 0x00000017    8 g EE_th_dispatch_prio                        *default* .CPU1.rodata          .rodata.EE_th_dispatch_prio                        obj/eecfg.o
0x00000014 0x00000017    4 g EE_stkfirst                                *default* .CPU1.data            .data.EE_stkfirst                                  obj/eecfg.o
0x00000014 0x0000001b    8 g EE_th_event_waitmask                       *default* .CPU1.bss             .bss.EE_th_event_waitmask                          obj/eecfg.o
0x00000018 0x0000001f    8 g EE_th_next                                 *default* .CPU1.data            .data.EE_th_next                                   obj/eecfg.o
0x00000018 0x0000001f    8 g EE_th_ready_prio                           *default* .CPU1.rodata          .rodata.EE_th_ready_prio                           obj/eecfg.o
0x0000001c 0x00000023    8 g EE_th_event_active                         *default* .CPU1.bss             .bss.EE_th_event_active                            obj/eecfg.o
0x00000020 0x00000020    0 g EE_tc_isr2_entry_1                         *default* .CPU1.inttab          .inttab                                            ee_tc_intvec.o
0x00000020 0x00000020    0 g EE_tc_trap_protection                      *default* .CPU1.traptab         .traptab                                           ee_tc_trapvec.o
0x00000020 0x00000027    8 g EE_terminate_real_th_body                  *default* .CPU1.rodata          .rodata.EE_terminate_real_th_body                  obj/eecfg.o
0x00000020 0x00000027    8 g EE_th_status                               *default* .CPU1.data            .data.EE_th_status                                 obj/eecfg.o
0x00000024 0x00000027    4 g EE_sys_ceiling                             *default* .CPU1.bss             .bss.EE_sys_ceiling                                obj/eecfg.o
0x00000028 0x0000002f    8 g EE_hal_thread_body                         *default* .CPU1.rodata          .rodata.EE_hal_thread_body                         obj/eecfg.o
0x00000028 0x0000003f   24 g EE_tc_system_tos                           *default* .CPU1.data            .data.EE_tc_system_tos                             obj/eecfg.o
0x00000028 0x0000002f    8 g EE_terminate_data                          *default* .CPU1.bss             .bss.EE_terminate_data                             obj/eecfg.o
0x00000030 0x0000003b   12 g EE_std_thread_tos                          *default* .CPU1.rodata          .rodata.EE_std_thread_tos                          obj/eecfg.o
0x00000030 0x0000003b   12 g EE_tc_tasks_RA                             *default* .CPU1.bss             .bss.EE_tc_tasks_RA                                obj/eecfg.o
0x0000003c 0x0000003f    4 l EE_oo_autostart_task_mode_OSDEFAULTAPPMODE *default* .CPU1.rodata          .rodata.EE_oo_autostart_task_mode_OSDEFAULTAPPMODE obj/eecfg.o
0x0000003c 0x0000003f    4 g EE_tc_active_tos                           *default* .CPU1.bss             .bss.EE_tc_active_tos                              obj/eecfg.o
0x00000040 0x0000008f   80 l CSWTCH.18                                  *default* .CPU1.rodata          .rodata.CSWTCH.18                                  ee_as_rpc.o
0x00000040 0x00000043    4 g EE_tc_active_utid                          *default* .CPU1.bss             .bss.EE_tc_active_utid                             ee_tc_context.o
0x00000040 0x000000c7  136 g EE_tc_isr2_global_wrapper                  *default* .CPU1.inttab          .inttab                                            ee_tc_intvec.o
0x00000040 0x00000040    0 g EE_tc_trap_instruction                     *default* .CPU1.traptab         .traptab                                           ee_tc_trapvec.o
0x00000044 0x00000047    4 g EE_oo_IRQ_suspend_status                   *default* .CPU1.bss             .bss.EE_oo_IRQ_suspend_status                      ee_lookup.o
0x00000048 0x0000004b    4 g EE_oo_IRQ_disable_count                    *default* .CPU1.bss             .bss.EE_oo_IRQ_disable_count                       ee_lookup.o
0x0000004c 0x0000004f    4 g EE_oo_started                              *default* .CPU1.bss             .bss.EE_oo_started                                 ee_startos.o
0x00000050 0x00000053    4 g EE_ORTI_runningisr2                        *default* .CPU1.bss             .bss.EE_ORTI_runningisr2                           ee_startos.o
0x00000054 0x0000005b    8 g EE_ORTI_th_priority                        *default* .CPU1.bss             .bss.EE_ORTI_th_priority                           ee_startos.o
0x0000005c 0x0000005c    1 g EE_ORTI_lasterror                          *default* .CPU1.bss             .bss.EE_ORTI_lasterror                             ee_startos.o
0x0000005d 0x0000005d    1 g EE_ORTI_servicetrace                       *default* .CPU1.bss             .bss.EE_ORTI_servicetrace                          ee_startos.o
0x00000060 0x00000063    4 l EE_tc2Yx_stm_freq_khz                      *default* .CPU1.bss             .bss.EE_tc2Yx_stm_freq_khz                         ee_tc2Yx_system.o
0x00000060 0x00000060    0 g EE_tc_trap_context                         *default* .CPU1.traptab         .traptab                                           ee_tc_trapvec.o
0x00000064 0x00000067    4 g EE_std_endcycle_next_tid                   *default* .CPU1.bss             .bss.EE_std_endcycle_next_tid                      ee_hal_structs.o
0x00000068 0x0000006b    4 g EE_IRQ_nesting_level                       *default* .CPU1.bss             .bss.EE_IRQ_nesting_level                          ee_hal_structs.o
0x00000080 0x00000080    0 g EE_tc_trap_bus                             *default* .CPU1.traptab         .traptab                                           ee_tc_trapvec.o
0x00000090 0x000000df   80 l CSWTCH.19                                  *default* .CPU1.rodata          .rodata.CSWTCH.19                                  ee_as_rpc.o
0x000000a0 0x000000a0    0 g EE_tc_trap_assertion                       *default* .CPU1.traptab         .traptab                                           ee_tc_trapvec.o
0x000000c0 0x000000c0    0 g EE_tc_trap_system                          *default* .CPU1.traptab         .traptab                                           ee_tc_trapvec.o
0x000000e0 0x000000e3    4 l EE_os_invalid_param                        *default* .CPU1.rodata          .rodata.EE_os_invalid_param                        ee_activate.o
0x000000e0 0x000000e0    0 g EE_tc_trap_nmi                             *default* .CPU1.traptab         .traptab                                           ee_tc_trapvec.o
0x000000e4 0x000000e7    4 l EE_os_invalid_param                        *default* .CPU1.rodata          .rodata.EE_os_invalid_param                        ee_gettaskstate.o
0x000000e8 0x000000eb    4 l EE_os_invalid_param                        *default* .CPU1.rodata          .rodata.EE_os_invalid_param                        ee_alcancel.o
0x000000ec 0x000000ef    4 l EE_os_invalid_param                        *default* .CPU1.rodata          .rodata.EE_os_invalid_param                        ee_algetbase.o
0x000000f0 0x000000f3    4 l EE_os_invalid_param                        *default* .CPU1.rodata          .rodata.EE_os_invalid_param                        ee_alget.o
0x000000f4 0x000000f7    4 l EE_os_invalid_param                        *default* .CPU1.rodata          .rodata.EE_os_invalid_param                        ee_getcountervalue.o
0x000000f8 0x000000fb    4 l EE_os_invalid_param                        *default* .CPU1.rodata          .rodata.EE_os_invalid_param                        ee_evset.o
0x00000118 0x0000011b    4 g FuncTaskPwm                                *default* .CPU1.text            .text.FuncTaskPwm                                  obj/src/slave1.o
0x0000011c 0x0000011d    2 g FuncTaskPin                                *default* .CPU1.text            .text.FuncTaskPin                                  obj/src/slave1.o
0x0000011e 0x00000157   58 g main                                       *default* .CPU1.text            .text.main                                         obj/src/slave1.o
0x00000158 0x0000015d    6 g EE_tc_isr2_call_handler                    *default* .CPU1.text            .text.EE_tc_isr2_call_handler                      ee_tc_intvec.o
0x0000015e 0x000001f5  152 g EE_std_change_context                      *default* .CPU1.text            .text.EE_std_change_context                        ee_tc_context.o
0x000001f6 0x00000267  114 g EE_hal_sync_barrier                        *default* .CPU1.text            .text.EE_hal_sync_barrier                          ee_tc_multicore.o
0x00000208 0x0000040b  516 g EE_tc_stack_1                              *default* .CPU1.ee_kernel_stack ee_kernel_stack                                    obj/eecfg.o
0x00000268 0x000002d3  108 g EE_tc_sync_barrier                         *default* .CPU1.text            .text.EE_tc_sync_barrier                           ee_tc_multicore.o
0x000002d4 0x000002d7    4 g EE_TC_iirq_handler                         *default* .CPU1.text            .text.EE_TC_iirq_handler                           ee_tc_multicore.o
0x000002d8 0x000003b7  224 g EE_as_rpc                                  *default* .CPU1.text            .text.EE_as_rpc                                    ee_as_rpc.o
0x000003b8 0x000005e3  556 g EE_as_rpc_handler                          *default* .CPU1.text            .text.EE_as_rpc_handler                            ee_as_rpc.o
0x000005e4 0x000006ff  284 g EE_as_ShutdownAllCores                     *default* .CPU1.text            .text.EE_as_ShutdownAllCores                       ee_as_rpc.o
0x00000700 0x0000083b  316 g EE_oo_ActivateTask                         *default* .CPU1.text            .text.EE_oo_ActivateTask                           ee_activate.o
0x0000083c 0x000008b9  126 g EE_oo_GetTaskState                         *default* .CPU1.text            .text.EE_oo_GetTaskState                           ee_gettaskstate.o
0x000008ba 0x00000925  108 g EE_oo_TerminateTask                        *default* .CPU1.text            .text.EE_oo_TerminateTask                          ee_terminat.o
0x00000926 0x00000a55  304 g EE_thread_end_instance                     *default* .CPU1.text            .text.EE_thread_end_instance                       ee_thendin.o
0x00000a56 0x00000afb  166 g EE_IRQ_end_instance                        *default* .CPU1.text            .text.EE_IRQ_end_instance                          ee_irqendin.o
0x00000afc 0x00000b17   28 g EE_IRQ_end_post_stub                       *default* .CPU1.text            .text.EE_IRQ_end_post_stub                         ee_irqendin.o
0x00000b18 0x00000b23   12 g EE_oo_thread_stub                          *default* .CPU1.text            .text.EE_oo_thread_stub                            ee_tstub.o
0x00000b24 0x00000b4d   42 g EE_rq2stk_exchange                         *default* .CPU1.text            .text.EE_rq2stk_exchange                           ee_rq_exchg.o
0x00000b4e 0x00000bc3  118 g EE_rq_insert                               *default* .CPU1.text            .text.EE_rq_insert                                 ee_rq_inser.o
0x00000bc4 0x00000c37  116 g EE_oo_ShutdownOS_internal                  *default* .CPU1.text            .text.EE_oo_ShutdownOS_internal                    ee_shtdown.o
0x00000c38 0x00000c49   18 g EE_oo_ShutdownOS                           *default* .CPU1.text            .text.EE_oo_ShutdownOS                             ee_shtdown.o
0x00000c4a 0x00000e39  496 g EE_oo_StartOS                              *default* .CPU1.text            .text.EE_oo_StartOS                                ee_startos.o
0x00000e3a 0x00000e89   80 g EE_oo_CancelAlarm                          *default* .CPU1.text            .text.EE_oo_CancelAlarm                            ee_alcancel.o
0x00000e8a 0x00000ee5   92 g EE_oo_GetAlarmBase                         *default* .CPU1.text            .text.EE_oo_GetAlarmBase                           ee_algetbase.o
0x00000ee6 0x00000f41   92 g EE_oo_GetAlarm                             *default* .CPU1.text            .text.EE_oo_GetAlarm                               ee_alget.o
0x00000f42 0x00000f8b   74 g EE_oo_SetAbsAlarm                          *default* .CPU1.text            .text.EE_oo_SetAbsAlarm                            ee_alsetabs.o
0x00000f8c 0x00000fd5   74 g EE_oo_SetRelAlarm                          *default* .CPU1.text            .text.EE_oo_SetRelAlarm                            ee_alsetrel.o
0x00000fd6 0x00001031   92 g EE_oo_GetCounterValue                      *default* .CPU1.text            .text.EE_oo_GetCounterValue                        ee_getcountervalue.o
0x00001032 0x0000108f   94 g EE_oo_GetElapsedValue                      *default* .CPU1.text            .text.EE_oo_GetElapsedValue                        ee_getelapsedvalue.o
0x00001090 0x000011e1  338 g EE_oo_SetEvent                             *default* .CPU1.text            .text.EE_oo_SetEvent                               ee_evset.o
0x000011e2 0x00001201   32 g EE_tc_cpu1_endint_disable                  *default* .CPU1.text            .text.EE_tc_cpu1_endint_disable                    ee_tc2Yx_system.o
0x00001202 0x00001221   32 g EE_tc_cpu1_endint_enable                   *default* .CPU1.text            .text.EE_tc_cpu1_endint_enable                     ee_tc2Yx_system.o
0x00001222 0x00001241   32 g EE_tc_safety_endinit_disable               *default* .CPU1.text            .text.EE_tc_safety_endinit_disable                 ee_tc2Yx_system.o
0x00001242 0x00001261   32 g EE_tc_safety_endinit_enable                *default* .CPU1.text            .text.EE_tc_safety_endinit_enable                  ee_tc2Yx_system.o
0x00001262 0x000012e1  128 g EE_tc2Yx_get_clock                         *default* .CPU1.text            .text.EE_tc2Yx_get_clock                           ee_tc2Yx_system.o
0x000012e2 0x0000138b  170 g EE_tc2Yx_stm_set_clockpersec               *default* .CPU1.text            .text.EE_tc2Yx_stm_set_clockpersec                 ee_tc2Yx_system.o
0x0000138c 0x0000145f  212 g EE_tc2Yx_stm_set_sr0                       *default* .CPU1.text            .text.EE_tc2Yx_stm_set_sr0                         ee_tc2Yx_system.o
0x00001460 0x000014cd  110 g EE_tc2Yx_stm_set_sr0_next_match            *default* .CPU1.text            .text.EE_tc2Yx_stm_set_sr0_next_match              ee_tc2Yx_system.o
0x000014ce 0x000015a1  212 g EE_tc2Yx_stm_set_sr1                       *default* .CPU1.text            .text.EE_tc2Yx_stm_set_sr1                         ee_tc2Yx_system.o
0x000015a2 0x0000160f  110 g EE_tc2Yx_stm_set_sr1_next_match            *default* .CPU1.text            .text.EE_tc2Yx_stm_set_sr1_next_match              ee_tc2Yx_system.o
0x00001610 0x0000166f   96 g EE_tc2Yx_delay                             *default* .CPU1.text            .text.EE_tc2Yx_delay                               ee_tc2Yx_system.o
0x00001670 0x000016a1   50 l EE_tc_dummy_context                        *default* .CPU1.text            .text.EE_tc_dummy_context                          ee_tc_oo.o
0x000016a2 0x000016fd   92 g EE_hal_terminate_task                      *default* .CPU1.text            .text.EE_hal_terminate_task                        ee_tc_oo.o
0x000016fe 0x00001705    8 g EE_hal_terminate_savestk                   *default* .CPU1.text            .text.EE_hal_terminate_savestk                     ee_tc_oo.o
0x00001706 0x0000171f   26 g EE_thread_not_terminated                   *default* .CPU1.text            .text.EE_thread_not_terminated                     ee_tnterm.o
0x00001720 0x0000172f   16 g _exit                                      *default* .CPU1.text            .text._exit                                        libos_exit.o

>>> Symbols (global (S = g) and static (S = l); sorted by name)

==================================================================================================================================================================================================================
Start      End        Size S Name                                       Memory    O-Sec                 I-Sec                                              Input object                                           
==================================================================================================================================================================================================================
0x00000040 0x0000008f   80 l CSWTCH.18                                  *default* .CPU1.rodata          .rodata.CSWTCH.18                                  ee_as_rpc.o
0x00000090 0x000000df   80 l CSWTCH.19                                  *default* .CPU1.rodata          .rodata.CSWTCH.19                                  ee_as_rpc.o
0x00000008 0x0000000b    4 g EE_ApplicationMode                         *default* .CPU1.bss             .bss.EE_ApplicationMode                            obj/eecfg.o
0x00000a56 0x00000afb  166 g EE_IRQ_end_instance                        *default* .CPU1.text            .text.EE_IRQ_end_instance                          ee_irqendin.o
0x00000afc 0x00000b17   28 g EE_IRQ_end_post_stub                       *default* .CPU1.text            .text.EE_IRQ_end_post_stub                         ee_irqendin.o
0x00000068 0x0000006b    4 g EE_IRQ_nesting_level                       *default* .CPU1.bss             .bss.EE_IRQ_nesting_level                          ee_hal_structs.o
0x0000005c 0x0000005c    1 g EE_ORTI_lasterror                          *default* .CPU1.bss             .bss.EE_ORTI_lasterror                             ee_startos.o
0x00000050 0x00000053    4 g EE_ORTI_runningisr2                        *default* .CPU1.bss             .bss.EE_ORTI_runningisr2                           ee_startos.o
0x0000005d 0x0000005d    1 g EE_ORTI_servicetrace                       *default* .CPU1.bss             .bss.EE_ORTI_servicetrace                          ee_startos.o
0x00000054 0x0000005b    8 g EE_ORTI_th_priority                        *default* .CPU1.bss             .bss.EE_ORTI_th_priority                           ee_startos.o
0x000002d4 0x000002d7    4 g EE_TC_iirq_handler                         *default* .CPU1.text            .text.EE_TC_iirq_handler                           ee_tc_multicore.o
0x000005e4 0x000006ff  284 g EE_as_ShutdownAllCores                     *default* .CPU1.text            .text.EE_as_ShutdownAllCores                       ee_as_rpc.o
0x000002d8 0x000003b7  224 g EE_as_rpc                                  *default* .CPU1.text            .text.EE_as_rpc                                    ee_as_rpc.o
0x000003b8 0x000005e3  556 g EE_as_rpc_handler                          *default* .CPU1.text            .text.EE_as_rpc_handler                            ee_as_rpc.o
0x000001f6 0x00000267  114 g EE_hal_sync_barrier                        *default* .CPU1.text            .text.EE_hal_sync_barrier                          ee_tc_multicore.o
0x000016fe 0x00001705    8 g EE_hal_terminate_savestk                   *default* .CPU1.text            .text.EE_hal_terminate_savestk                     ee_tc_oo.o
0x000016a2 0x000016fd   92 g EE_hal_terminate_task                      *default* .CPU1.text            .text.EE_hal_terminate_task                        ee_tc_oo.o
0x00000028 0x0000002f    8 g EE_hal_thread_body                         *default* .CPU1.rodata          .rodata.EE_hal_thread_body                         obj/eecfg.o
0x00000700 0x0000083b  316 g EE_oo_ActivateTask                         *default* .CPU1.text            .text.EE_oo_ActivateTask                           ee_activate.o
0x00000e3a 0x00000e89   80 g EE_oo_CancelAlarm                          *default* .CPU1.text            .text.EE_oo_CancelAlarm                            ee_alcancel.o
0x00000ee6 0x00000f41   92 g EE_oo_GetAlarm                             *default* .CPU1.text            .text.EE_oo_GetAlarm                               ee_alget.o
0x00000e8a 0x00000ee5   92 g EE_oo_GetAlarmBase                         *default* .CPU1.text            .text.EE_oo_GetAlarmBase                           ee_algetbase.o
0x00000fd6 0x00001031   92 g EE_oo_GetCounterValue                      *default* .CPU1.text            .text.EE_oo_GetCounterValue                        ee_getcountervalue.o
0x00001032 0x0000108f   94 g EE_oo_GetElapsedValue                      *default* .CPU1.text            .text.EE_oo_GetElapsedValue                        ee_getelapsedvalue.o
0x0000083c 0x000008b9  126 g EE_oo_GetTaskState                         *default* .CPU1.text            .text.EE_oo_GetTaskState                           ee_gettaskstate.o
0x00000048 0x0000004b    4 g EE_oo_IRQ_disable_count                    *default* .CPU1.bss             .bss.EE_oo_IRQ_disable_count                       ee_lookup.o
0x00000044 0x00000047    4 g EE_oo_IRQ_suspend_status                   *default* .CPU1.bss             .bss.EE_oo_IRQ_suspend_status                      ee_lookup.o
0x00000f42 0x00000f8b   74 g EE_oo_SetAbsAlarm                          *default* .CPU1.text            .text.EE_oo_SetAbsAlarm                            ee_alsetabs.o
0x00001090 0x000011e1  338 g EE_oo_SetEvent                             *default* .CPU1.text            .text.EE_oo_SetEvent                               ee_evset.o
0x00000f8c 0x00000fd5   74 g EE_oo_SetRelAlarm                          *default* .CPU1.text            .text.EE_oo_SetRelAlarm                            ee_alsetrel.o
0x00000c38 0x00000c49   18 g EE_oo_ShutdownOS                           *default* .CPU1.text            .text.EE_oo_ShutdownOS                             ee_shtdown.o
0x00000bc4 0x00000c37  116 g EE_oo_ShutdownOS_internal                  *default* .CPU1.text            .text.EE_oo_ShutdownOS_internal                    ee_shtdown.o
0x00000c4a 0x00000e39  496 g EE_oo_StartOS                              *default* .CPU1.text            .text.EE_oo_StartOS                                ee_startos.o
0x000008ba 0x00000925  108 g EE_oo_TerminateTask                        *default* .CPU1.text            .text.EE_oo_TerminateTask                          ee_terminat.o
0x00000000 0x00000007    8 g EE_oo_autostart_task_data                  *default* .CPU1.rodata          .rodata.EE_oo_autostart_task_data                  obj/eecfg.o
0x0000003c 0x0000003f    4 l EE_oo_autostart_task_mode_OSDEFAULTAPPMODE *default* .CPU1.rodata          .rodata.EE_oo_autostart_task_mode_OSDEFAULTAPPMODE obj/eecfg.o
0x0000004c 0x0000004f    4 g EE_oo_started                              *default* .CPU1.bss             .bss.EE_oo_started                                 ee_startos.o
0x00000b18 0x00000b23   12 g EE_oo_thread_stub                          *default* .CPU1.text            .text.EE_oo_thread_stub                            ee_tstub.o
0x000000e0 0x000000e3    4 l EE_os_invalid_param                        *default* .CPU1.rodata          .rodata.EE_os_invalid_param                        ee_activate.o
0x000000e4 0x000000e7    4 l EE_os_invalid_param                        *default* .CPU1.rodata          .rodata.EE_os_invalid_param                        ee_gettaskstate.o
0x000000e8 0x000000eb    4 l EE_os_invalid_param                        *default* .CPU1.rodata          .rodata.EE_os_invalid_param                        ee_alcancel.o
0x000000ec 0x000000ef    4 l EE_os_invalid_param                        *default* .CPU1.rodata          .rodata.EE_os_invalid_param                        ee_algetbase.o
0x000000f0 0x000000f3    4 l EE_os_invalid_param                        *default* .CPU1.rodata          .rodata.EE_os_invalid_param                        ee_alget.o
0x000000f4 0x000000f7    4 l EE_os_invalid_param                        *default* .CPU1.rodata          .rodata.EE_os_invalid_param                        ee_getcountervalue.o
0x000000f8 0x000000fb    4 l EE_os_invalid_param                        *default* .CPU1.rodata          .rodata.EE_os_invalid_param                        ee_evset.o
0x00000b24 0x00000b4d   42 g EE_rq2stk_exchange                         *default* .CPU1.text            .text.EE_rq2stk_exchange                           ee_rq_exchg.o
0x00000008 0x0000000b    4 g EE_rq_first                                *default* .CPU1.data            .data.EE_rq_first                                  obj/eecfg.o
0x00000b4e 0x00000bc3  118 g EE_rq_insert                               *default* .CPU1.text            .text.EE_rq_insert                                 ee_rq_inser.o
0x0000015e 0x000001f5  152 g EE_std_change_context                      *default* .CPU1.text            .text.EE_std_change_context                        ee_tc_context.o
0x00000064 0x00000067    4 g EE_std_endcycle_next_tid                   *default* .CPU1.bss             .bss.EE_std_endcycle_next_tid                      ee_hal_structs.o
0x00000030 0x0000003b   12 g EE_std_thread_tos                          *default* .CPU1.rodata          .rodata.EE_std_thread_tos                          obj/eecfg.o
0x00000014 0x00000017    4 g EE_stkfirst                                *default* .CPU1.data            .data.EE_stkfirst                                  obj/eecfg.o
0x00000024 0x00000027    4 g EE_sys_ceiling                             *default* .CPU1.bss             .bss.EE_sys_ceiling                                obj/eecfg.o
0x00000000 0x00000117  280 g EE_tc2Yx_cpu1_start                        *default* .CPU1.text            .text.EE_tc2Yx_cpu1_start                          obj/pkg/mcu/infineon_common_tc2Yx/src/ee_tc2Yx_cstart.o
0x00001610 0x0000166f   96 g EE_tc2Yx_delay                             *default* .CPU1.text            .text.EE_tc2Yx_delay                               ee_tc2Yx_system.o
0x00001262 0x000012e1  128 g EE_tc2Yx_get_clock                         *default* .CPU1.text            .text.EE_tc2Yx_get_clock                           ee_tc2Yx_system.o
0x00000060 0x00000063    4 l EE_tc2Yx_stm_freq_khz                      *default* .CPU1.bss             .bss.EE_tc2Yx_stm_freq_khz                         ee_tc2Yx_system.o
0x000012e2 0x0000138b  170 g EE_tc2Yx_stm_set_clockpersec               *default* .CPU1.text            .text.EE_tc2Yx_stm_set_clockpersec                 ee_tc2Yx_system.o
0x0000138c 0x0000145f  212 g EE_tc2Yx_stm_set_sr0                       *default* .CPU1.text            .text.EE_tc2Yx_stm_set_sr0                         ee_tc2Yx_system.o
0x00001460 0x000014cd  110 g EE_tc2Yx_stm_set_sr0_next_match            *default* .CPU1.text            .text.EE_tc2Yx_stm_set_sr0_next_match              ee_tc2Yx_system.o
0x000014ce 0x000015a1  212 g EE_tc2Yx_stm_set_sr1                       *default* .CPU1.text            .text.EE_tc2Yx_stm_set_sr1                         ee_tc2Yx_system.o
0x000015a2 0x0000160f  110 g EE_tc2Yx_stm_set_sr1_next_match            *default* .CPU1.text            .text.EE_tc2Yx_stm_set_sr1_next_match              ee_tc2Yx_system.o
0x0000003c 0x0000003f    4 g EE_tc_active_tos                           *default* .CPU1.bss             .bss.EE_tc_active_tos                              obj/eecfg.o
0x00000040 0x00000043    4 g EE_tc_active_utid                          *default* .CPU1.bss             .bss.EE_tc_active_utid                             ee_tc_context.o
0x000011e2 0x00001201   32 g EE_tc_cpu1_endint_disable                  *default* .CPU1.text            .text.EE_tc_cpu1_endint_disable                    ee_tc2Yx_system.o
0x00001202 0x00001221   32 g EE_tc_cpu1_endint_enable                   *default* .CPU1.text            .text.EE_tc_cpu1_endint_enable                     ee_tc2Yx_system.o
0x00001670 0x000016a1   50 l EE_tc_dummy_context                        *default* .CPU1.text            .text.EE_tc_dummy_context                          ee_tc_oo.o
0x00000000 0x00000000    0 g EE_tc_interrupt_table                      *default* .CPU1.inttab          .inttab                                            ee_tc_intvec.o
0x00000158 0x0000015d    6 g EE_tc_isr2_call_handler                    *default* .CPU1.text            .text.EE_tc_isr2_call_handler                      ee_tc_intvec.o
0x00000020 0x00000020    0 g EE_tc_isr2_entry_1                         *default* .CPU1.inttab          .inttab                                            ee_tc_intvec.o
0x00000040 0x000000c7  136 g EE_tc_isr2_global_wrapper                  *default* .CPU1.inttab          .inttab                                            ee_tc_intvec.o
0x00001222 0x00001241   32 g EE_tc_safety_endinit_disable               *default* .CPU1.text            .text.EE_tc_safety_endinit_disable                 ee_tc2Yx_system.o
0x00001242 0x00001261   32 g EE_tc_safety_endinit_enable                *default* .CPU1.text            .text.EE_tc_safety_endinit_enable                  ee_tc2Yx_system.o
0x00000208 0x0000040b  516 g EE_tc_stack_1                              *default* .CPU1.ee_kernel_stack ee_kernel_stack                                    obj/eecfg.o
0x00000000 0x00000203  516 g EE_tc_stack_2                              *default* .CPU1.ee_kernel_stack ee_kernel_stack                                    obj/eecfg.o
0x00000268 0x000002d3  108 g EE_tc_sync_barrier                         *default* .CPU1.text            .text.EE_tc_sync_barrier                           ee_tc_multicore.o
0x00000028 0x0000003f   24 g EE_tc_system_tos                           *default* .CPU1.data            .data.EE_tc_system_tos                             obj/eecfg.o
0x00000030 0x0000003b   12 g EE_tc_tasks_RA                             *default* .CPU1.bss             .bss.EE_tc_tasks_RA                                obj/eecfg.o
0x000000a0 0x000000a0    0 g EE_tc_trap_assertion                       *default* .CPU1.traptab         .traptab                                           ee_tc_trapvec.o
0x00000080 0x00000080    0 g EE_tc_trap_bus                             *default* .CPU1.traptab         .traptab                                           ee_tc_trapvec.o
0x00000060 0x00000060    0 g EE_tc_trap_context                         *default* .CPU1.traptab         .traptab                                           ee_tc_trapvec.o
0x00000040 0x00000040    0 g EE_tc_trap_instruction                     *default* .CPU1.traptab         .traptab                                           ee_tc_trapvec.o
0x00000000 0x00000000    0 g EE_tc_trap_mmu                             *default* .CPU1.traptab         .traptab                                           ee_tc_trapvec.o
0x000000e0 0x000000e0    0 g EE_tc_trap_nmi                             *default* .CPU1.traptab         .traptab                                           ee_tc_trapvec.o
0x00000020 0x00000020    0 g EE_tc_trap_protection                      *default* .CPU1.traptab         .traptab                                           ee_tc_trapvec.o
0x000000c0 0x000000c0    0 g EE_tc_trap_system                          *default* .CPU1.traptab         .traptab                                           ee_tc_trapvec.o
0x00000000 0x00000000    0 g EE_tc_trap_table                           *default* .CPU1.traptab         .traptab                                           ee_tc_trapvec.o
0x00000028 0x0000002f    8 g EE_terminate_data                          *default* .CPU1.bss             .bss.EE_terminate_data                             obj/eecfg.o
0x00000020 0x00000027    8 g EE_terminate_real_th_body                  *default* .CPU1.rodata          .rodata.EE_terminate_real_th_body                  obj/eecfg.o
0x00000010 0x00000017    8 g EE_th_dispatch_prio                        *default* .CPU1.rodata          .rodata.EE_th_dispatch_prio                        obj/eecfg.o
0x0000001c 0x00000023    8 g EE_th_event_active                         *default* .CPU1.bss             .bss.EE_th_event_active                            obj/eecfg.o
0x00000014 0x0000001b    8 g EE_th_event_waitmask                       *default* .CPU1.bss             .bss.EE_th_event_waitmask                          obj/eecfg.o
0x00000008 0x0000000f    8 g EE_th_is_extended                          *default* .CPU1.rodata          .rodata.EE_th_is_extended                          obj/eecfg.o
0x00000018 0x0000001f    8 g EE_th_next                                 *default* .CPU1.data            .data.EE_th_next                                   obj/eecfg.o
0x00000018 0x0000001f    8 g EE_th_ready_prio                           *default* .CPU1.rodata          .rodata.EE_th_ready_prio                           obj/eecfg.o
0x0000000c 0x00000013    8 g EE_th_rnact                                *default* .CPU1.data            .data.EE_th_rnact                                  obj/eecfg.o
0x00000020 0x00000027    8 g EE_th_status                               *default* .CPU1.data            .data.EE_th_status                                 obj/eecfg.o
0x00000000 0x00000007    8 g EE_th_terminate_nextask                    *default* .CPU1.data            .data.EE_th_terminate_nextask                      obj/eecfg.o
0x0000000c 0x00000013    8 g EE_th_waswaiting                           *default* .CPU1.bss             .bss.EE_th_waswaiting                              obj/eecfg.o
0x00000926 0x00000a55  304 g EE_thread_end_instance                     *default* .CPU1.text            .text.EE_thread_end_instance                       ee_thendin.o
0x00001706 0x0000171f   26 g EE_thread_not_terminated                   *default* .CPU1.text            .text.EE_thread_not_terminated                     ee_tnterm.o
0x0000011c 0x0000011d    2 g FuncTaskPin                                *default* .CPU1.text            .text.FuncTaskPin                                  obj/src/slave1.o
0x00000118 0x0000011b    4 g FuncTaskPwm                                *default* .CPU1.text            .text.FuncTaskPwm                                  obj/src/slave1.o
0x00000000 0x00000003    4 g __progname                                 *default* .CPU1.bss             .bss                                               libos_exit.o
0x00001720 0x0000172f   16 g _exit                                      *default* .CPU1.text            .text._exit                                        libos_exit.o
0x0000011e 0x00000157   58 g main                                       *default* .CPU1.text            .text.main                                         obj/src/slave1.o


----- END EXTENDED MAP LISTING -----


Memory Configuration

Name             Origin             Length             Used               Free               Attributes
*default*        0x00000000         0xffffffff         0x0002c36e         0xfffd3c91

Linker script and memory map

LOAD export_ee_global
LOAD obj/pkg/mcu/infineon_common_tc2Yx/src/ee_tc2Yx_cstart.o
LOAD obj/src/slave1.o
LOAD obj/eecfg.o
LOAD libee.a
LOAD c:/hightec/toolch~1/tricore/v4660-~1.1/bin/../lib/gcc/tricore/4.6.4/tc161\libgcc.a
LOAD c:/hightec/toolch~1/tricore/v4660-~1.1/bin/../lib/gcc/tricore/4.6.4/../../../../tricore/lib/tc161\libc.a
LOAD c:/hightec/toolch~1/tricore/v4660-~1.1/bin/../lib/gcc/tricore/4.6.4/../../../../tricore/lib/tc161\libos.a
LOAD c:/hightec/toolch~1/tricore/v4660-~1.1/bin/../lib/gcc/tricore/4.6.4/../../../../tricore/lib/tc161\libm.a
LOAD c:/hightec/toolch~1/tricore/v4660-~1.1/bin/../lib/gcc/tricore/4.6.4/../../../../tricore/lib/tc161\libc.a
LOAD c:/hightec/toolch~1/tricore/v4660-~1.1/bin/../lib/gcc/tricore/4.6.4/tc161\libgcc.a

ee_mcglobalt
 *(*.StartupHook)
 *(*.ErrorHook)
 *(*.ShutdownHook)
 *(*.ProtectionHook)
 *(ee_mcglobalt)

ee_mcglobald
 *(ee_mcglobald)

ee_mcglobalc
 *(ee_mcglobalc)

.CPU1.init
 *(.init)

.CPU1.fini
 *(.fini)

.CPU1.cramtext
 *(.cramtext)
 *(.cramtext.*)

.CPU1.traptab   memory region -> *default*
                0x00000000      0x100
 *(.traptab)
 .traptab       0x00000000      0x100 libee.a(ee_tc_trapvec.o)
                0x00000000                EE_tc_trap_mmu
                0x00000000                EE_tc_trap_table
                0x00000020                EE_tc_trap_protection
                0x00000040                EE_tc_trap_instruction
                0x00000060                EE_tc_trap_context
                0x00000080                EE_tc_trap_bus
                0x000000a0                EE_tc_trap_assertion
                0x000000c0                EE_tc_trap_system
                0x000000e0                EE_tc_trap_nmi
 *(.traptab*)

.CPU1.inttab    memory region -> *default*
                0x00000000      0x100
 *(.inttab)
 .inttab        0x00000000      0x100 libee.a(ee_tc_intvec.o)
                0x00000000                EE_tc_interrupt_table
                0x00000020                EE_tc_isr2_entry_1
                0x00000040                EE_tc_isr2_global_wrapper
 *(.*.inttab)

.CPU1.text      memory region -> *default*
                0x00000000     0x1730
 *(.text)
 .text          0x00000000        0x0 obj/pkg/mcu/infineon_common_tc2Yx/src/ee_tc2Yx_cstart.o
 .text          0x00000000        0x0 obj/src/slave1.o
 .text          0x00000000        0x0 obj/eecfg.o
 .text          0x00000000        0x0 libee.a(ee_tc_trapvec.o)
 .text          0x00000000        0x0 libee.a(ee_tc_intvec.o)
 .text          0x00000000        0x0 libee.a(ee_tc_context.o)
 .text          0x00000000        0x0 libee.a(ee_tc_multicore.o)
 .text          0x00000000        0x0 libee.a(ee_as_rpc.o)
 .text          0x00000000        0x0 libee.a(ee_activate.o)
 .text          0x00000000        0x0 libee.a(ee_gettaskstate.o)
 .text          0x00000000        0x0 libee.a(ee_terminat.o)
 .text          0x00000000        0x0 libee.a(ee_thendin.o)
 .text          0x00000000        0x0 libee.a(ee_irqendin.o)
 .text          0x00000000        0x0 libee.a(ee_tstub.o)
 .text          0x00000000        0x0 libee.a(ee_lookup.o)
 .text          0x00000000        0x0 libee.a(ee_rq_exchg.o)
 .text          0x00000000        0x0 libee.a(ee_rq_inser.o)
 .text          0x00000000        0x0 libee.a(ee_shtdown.o)
 .text          0x00000000        0x0 libee.a(ee_startos.o)
 .text          0x00000000        0x0 libee.a(ee_alcancel.o)
 .text          0x00000000        0x0 libee.a(ee_algetbase.o)
 .text          0x00000000        0x0 libee.a(ee_alget.o)
 .text          0x00000000        0x0 libee.a(ee_alsetabs.o)
 .text          0x00000000        0x0 libee.a(ee_alsetrel.o)
 .text          0x00000000        0x0 libee.a(ee_getcountervalue.o)
 .text          0x00000000        0x0 libee.a(ee_getelapsedvalue.o)
 .text          0x00000000        0x0 libee.a(ee_evset.o)
 .text          0x00000000        0x0 libee.a(ee_tc2Yx_system.o)
 .text          0x00000000        0x0 libee.a(ee_hal_structs.o)
 .text          0x00000000        0x0 libee.a(ee_tc_oo.o)
 .text          0x00000000        0x0 libee.a(ee_tnterm.o)
 .text          0x00000000        0x0 c:/hightec/toolch~1/tricore/v4660-~1.1/bin/../lib/gcc/tricore/4.6.4/../../../../tricore/lib/tc161\libos.a(libos_exit.o)
 *(.text.*)
 .text.EE_tc2Yx_cpu1_start
                0x00000000      0x118 obj/pkg/mcu/infineon_common_tc2Yx/src/ee_tc2Yx_cstart.o
                0x00000000                EE_tc2Yx_cpu1_start
 .text.FuncTaskPwm
                0x00000118        0x4 obj/src/slave1.o
                0x00000118                FuncTaskPwm
 .text.FuncTaskPin
                0x0000011c        0x2 obj/src/slave1.o
                0x0000011c                FuncTaskPin
 .text.main     0x0000011e       0x3a obj/src/slave1.o
                0x0000011e                main
 .text.EE_tc_isr2_call_handler
                0x00000158        0x6 libee.a(ee_tc_intvec.o)
                0x00000158                EE_tc_isr2_call_handler
 .text.EE_std_change_context
                0x0000015e       0x98 libee.a(ee_tc_context.o)
                0x0000015e                EE_std_change_context
 .text.EE_hal_sync_barrier
                0x000001f6       0x72 libee.a(ee_tc_multicore.o)
                0x000001f6                EE_hal_sync_barrier
 .text.EE_tc_sync_barrier
                0x00000268       0x6c libee.a(ee_tc_multicore.o)
                0x00000268                EE_tc_sync_barrier
 .text.EE_TC_iirq_handler
                0x000002d4        0x4 libee.a(ee_tc_multicore.o)
                0x000002d4                EE_TC_iirq_handler
 .text.EE_as_rpc
                0x000002d8       0xe0 libee.a(ee_as_rpc.o)
                0x000002d8                EE_as_rpc
 .text.EE_as_rpc_handler
                0x000003b8      0x22c libee.a(ee_as_rpc.o)
                0x000003b8                EE_as_rpc_handler
 .text.EE_as_ShutdownAllCores
                0x000005e4      0x11c libee.a(ee_as_rpc.o)
                0x000005e4                EE_as_ShutdownAllCores
 .text.EE_oo_ActivateTask
                0x00000700      0x13c libee.a(ee_activate.o)
                0x00000700                EE_oo_ActivateTask
 .text.EE_oo_GetTaskState
                0x0000083c       0x7e libee.a(ee_gettaskstate.o)
                0x0000083c                EE_oo_GetTaskState
 .text.EE_oo_TerminateTask
                0x000008ba       0x6c libee.a(ee_terminat.o)
                0x000008ba                EE_oo_TerminateTask
 .text.EE_thread_end_instance
                0x00000926      0x130 libee.a(ee_thendin.o)
                0x00000926                EE_thread_end_instance
 .text.EE_IRQ_end_instance
                0x00000a56       0xa6 libee.a(ee_irqendin.o)
                0x00000a56                EE_IRQ_end_instance
 .text.EE_IRQ_end_post_stub
                0x00000afc       0x1c libee.a(ee_irqendin.o)
                0x00000afc                EE_IRQ_end_post_stub
 .text.EE_oo_thread_stub
                0x00000b18        0xc libee.a(ee_tstub.o)
                0x00000b18                EE_oo_thread_stub
 .text.EE_rq2stk_exchange
                0x00000b24       0x2a libee.a(ee_rq_exchg.o)
                0x00000b24                EE_rq2stk_exchange
 .text.EE_rq_insert
                0x00000b4e       0x76 libee.a(ee_rq_inser.o)
                0x00000b4e                EE_rq_insert
 .text.EE_oo_ShutdownOS_internal
                0x00000bc4       0x74 libee.a(ee_shtdown.o)
                0x00000bc4                EE_oo_ShutdownOS_internal
 .text.EE_oo_ShutdownOS
                0x00000c38       0x12 libee.a(ee_shtdown.o)
                0x00000c38                EE_oo_ShutdownOS
 .text.EE_oo_StartOS
                0x00000c4a      0x1f0 libee.a(ee_startos.o)
                0x00000c4a                EE_oo_StartOS
 .text.EE_oo_CancelAlarm
                0x00000e3a       0x50 libee.a(ee_alcancel.o)
                0x00000e3a                EE_oo_CancelAlarm
 .text.EE_oo_GetAlarmBase
                0x00000e8a       0x5c libee.a(ee_algetbase.o)
                0x00000e8a                EE_oo_GetAlarmBase
 .text.EE_oo_GetAlarm
                0x00000ee6       0x5c libee.a(ee_alget.o)
                0x00000ee6                EE_oo_GetAlarm
 .text.EE_oo_SetAbsAlarm
                0x00000f42       0x4a libee.a(ee_alsetabs.o)
                0x00000f42                EE_oo_SetAbsAlarm
 .text.EE_oo_SetRelAlarm
                0x00000f8c       0x4a libee.a(ee_alsetrel.o)
                0x00000f8c                EE_oo_SetRelAlarm
 .text.EE_oo_GetCounterValue
                0x00000fd6       0x5c libee.a(ee_getcountervalue.o)
                0x00000fd6                EE_oo_GetCounterValue
 .text.EE_oo_GetElapsedValue
                0x00001032       0x5e libee.a(ee_getelapsedvalue.o)
                0x00001032                EE_oo_GetElapsedValue
 .text.EE_oo_SetEvent
                0x00001090      0x152 libee.a(ee_evset.o)
                0x00001090                EE_oo_SetEvent
 .text.EE_tc_cpu1_endint_disable
                0x000011e2       0x20 libee.a(ee_tc2Yx_system.o)
                0x000011e2                EE_tc_cpu1_endint_disable
 .text.EE_tc_cpu1_endint_enable
                0x00001202       0x20 libee.a(ee_tc2Yx_system.o)
                0x00001202                EE_tc_cpu1_endint_enable
 .text.EE_tc_safety_endinit_disable
                0x00001222       0x20 libee.a(ee_tc2Yx_system.o)
                0x00001222                EE_tc_safety_endinit_disable
 .text.EE_tc_safety_endinit_enable
                0x00001242       0x20 libee.a(ee_tc2Yx_system.o)
                0x00001242                EE_tc_safety_endinit_enable
 .text.EE_tc2Yx_get_clock
                0x00001262       0x80 libee.a(ee_tc2Yx_system.o)
                0x00001262                EE_tc2Yx_get_clock
 .text.EE_tc2Yx_stm_set_clockpersec
                0x000012e2       0xaa libee.a(ee_tc2Yx_system.o)
                0x000012e2                EE_tc2Yx_stm_set_clockpersec
 .text.EE_tc2Yx_stm_set_sr0
                0x0000138c       0xd4 libee.a(ee_tc2Yx_system.o)
                0x0000138c                EE_tc2Yx_stm_set_sr0
 .text.EE_tc2Yx_stm_set_sr0_next_match
                0x00001460       0x6e libee.a(ee_tc2Yx_system.o)
                0x00001460                EE_tc2Yx_stm_set_sr0_next_match
 .text.EE_tc2Yx_stm_set_sr1
                0x000014ce       0xd4 libee.a(ee_tc2Yx_system.o)
                0x000014ce                EE_tc2Yx_stm_set_sr1
 .text.EE_tc2Yx_stm_set_sr1_next_match
                0x000015a2       0x6e libee.a(ee_tc2Yx_system.o)
                0x000015a2                EE_tc2Yx_stm_set_sr1_next_match
 .text.EE_tc2Yx_delay
                0x00001610       0x60 libee.a(ee_tc2Yx_system.o)
                0x00001610                EE_tc2Yx_delay
 .text.EE_tc_dummy_context
                0x00001670       0x32 libee.a(ee_tc_oo.o)
 .text.EE_hal_terminate_task
                0x000016a2       0x5c libee.a(ee_tc_oo.o)
                0x000016a2                EE_hal_terminate_task
 .text.EE_hal_terminate_savestk
                0x000016fe        0x8 libee.a(ee_tc_oo.o)
                0x000016fe                EE_hal_terminate_savestk
 .text.EE_thread_not_terminated
                0x00001706       0x1a libee.a(ee_tnterm.o)
                0x00001706                EE_thread_not_terminated
 .text._exit    0x00001720       0x10 c:/hightec/toolch~1/tricore/v4660-~1.1/bin/../lib/gcc/tricore/4.6.4/../../../../tricore/lib/tc161\libos.a(libos_exit.o)
                0x00001720                _exit
 *(.gnu.linkonce.t.*)
 *(.gnu.warning)

.CPU1.ee_api_text
 *(ee_api_text)

.CPU1.ee_kernel_text
 *(ee_kernel_text)

.CPU1.gcc_except_table
 *(.gcc_except_table)

.CPU1.eh_frame
 *(.eh_frame)

.CPU1.jcr
 *(.jcr)

.CPU1.ctors
 *(.ctors)

.CPU1.dtors
 *(.dtors)

.CPU1.rodata    memory region -> *default*
                0x00000000       0xfc
 *(.rodata)
 *(.rodata.*)
 .rodata.EE_oo_autostart_task_data
                0x00000000        0x8 obj/eecfg.o
                0x00000000                EE_oo_autostart_task_data
 .rodata.EE_th_is_extended
                0x00000008        0x8 obj/eecfg.o
                0x00000008                EE_th_is_extended
 .rodata.EE_th_dispatch_prio
                0x00000010        0x8 obj/eecfg.o
                0x00000010                EE_th_dispatch_prio
 .rodata.EE_th_ready_prio
                0x00000018        0x8 obj/eecfg.o
                0x00000018                EE_th_ready_prio
 .rodata.EE_terminate_real_th_body
                0x00000020        0x8 obj/eecfg.o
                0x00000020                EE_terminate_real_th_body
 .rodata.EE_hal_thread_body
                0x00000028        0x8 obj/eecfg.o
                0x00000028                EE_hal_thread_body
 .rodata.EE_std_thread_tos
                0x00000030        0xc obj/eecfg.o
                0x00000030                EE_std_thread_tos
 .rodata.EE_oo_autostart_task_mode_OSDEFAULTAPPMODE
                0x0000003c        0x4 obj/eecfg.o
 .rodata.CSWTCH.18
                0x00000040       0x50 libee.a(ee_as_rpc.o)
 .rodata.CSWTCH.19
                0x00000090       0x50 libee.a(ee_as_rpc.o)
 .rodata.EE_os_invalid_param
                0x000000e0        0x4 libee.a(ee_activate.o)
 .rodata.EE_os_invalid_param
                0x000000e4        0x4 libee.a(ee_gettaskstate.o)
 .rodata.EE_os_invalid_param
                0x000000e8        0x4 libee.a(ee_alcancel.o)
 .rodata.EE_os_invalid_param
                0x000000ec        0x4 libee.a(ee_algetbase.o)
 .rodata.EE_os_invalid_param
                0x000000f0        0x4 libee.a(ee_alget.o)
 .rodata.EE_os_invalid_param
                0x000000f4        0x4 libee.a(ee_getcountervalue.o)
 .rodata.EE_os_invalid_param
                0x000000f8        0x4 libee.a(ee_evset.o)
 *(.gnu.linkonce.r.*)
 *(.rodata1)
 *(.toc)

.CPU1.sdata2
 *(.sdata.rodata)
 *(.sdata.rodata.*)
 *(.srodata)

.CPU1.zbss
 *(.zbss)
 *(.zbss.*)
 *(.gnu.linkonce.zb.*)
 *(.bbss)
 *(.bbss.*)

.CPU1.zdata
 *(.zrodata)
 *(.zrodata.*)
 *(.zdata)
 *(.zdata.*)
 *(.gnu.linkonce.z.*)
 *(.bdata)
 *(.bdata.*)

.CPU1.sbss
 *(.sbss)
 *(.sbss.CONFIG)
 *(.sbss.*)
 *(.gnu.linkonce.sb.*)

.CPU1.sdata
 *(.sdata)
 *(.sdata.*)
 *(.gnu.linkonce.s.*)

.CPU1.bss       memory region -> *default*
                0x00000000       0x6c
 *(.bss)
 .bss           0x00000000        0x0 obj/pkg/mcu/infineon_common_tc2Yx/src/ee_tc2Yx_cstart.o
 .bss           0x00000000        0x0 obj/src/slave1.o
 .bss           0x00000000        0x0 obj/eecfg.o
 .bss           0x00000000        0x0 libee.a(ee_tc_trapvec.o)
 .bss           0x00000000        0x0 libee.a(ee_tc_intvec.o)
 .bss           0x00000000        0x0 libee.a(ee_tc_context.o)
 .bss           0x00000000        0x0 libee.a(ee_tc_multicore.o)
 .bss           0x00000000        0x0 libee.a(ee_as_rpc.o)
 .bss           0x00000000        0x0 libee.a(ee_activate.o)
 .bss           0x00000000        0x0 libee.a(ee_gettaskstate.o)
 .bss           0x00000000        0x0 libee.a(ee_terminat.o)
 .bss           0x00000000        0x0 libee.a(ee_thendin.o)
 .bss           0x00000000        0x0 libee.a(ee_irqendin.o)
 .bss           0x00000000        0x0 libee.a(ee_tstub.o)
 .bss           0x00000000        0x0 libee.a(ee_lookup.o)
 .bss           0x00000000        0x0 libee.a(ee_rq_exchg.o)
 .bss           0x00000000        0x0 libee.a(ee_rq_inser.o)
 .bss           0x00000000        0x0 libee.a(ee_shtdown.o)
 .bss           0x00000000        0x0 libee.a(ee_startos.o)
 .bss           0x00000000        0x0 libee.a(ee_alcancel.o)
 .bss           0x00000000        0x0 libee.a(ee_algetbase.o)
 .bss           0x00000000        0x0 libee.a(ee_alget.o)
 .bss           0x00000000        0x0 libee.a(ee_alsetabs.o)
 .bss           0x00000000        0x0 libee.a(ee_alsetrel.o)
 .bss           0x00000000        0x0 libee.a(ee_getcountervalue.o)
 .bss           0x00000000        0x0 libee.a(ee_getelapsedvalue.o)
 .bss           0x00000000        0x0 libee.a(ee_evset.o)
 .bss           0x00000000        0x0 libee.a(ee_tc2Yx_system.o)
 .bss           0x00000000        0x0 libee.a(ee_hal_structs.o)
 .bss           0x00000000        0x0 libee.a(ee_tc_oo.o)
 .bss           0x00000000        0x0 libee.a(ee_tnterm.o)
 .bss           0x00000000        0x8 c:/hightec/toolch~1/tricore/v4660-~1.1/bin/../lib/gcc/tricore/4.6.4/../../../../tricore/lib/tc161\libos.a(libos_exit.o)
                0x00000000                __progname
 *(.bss.*)
 .bss.EE_ApplicationMode
                0x00000008        0x4 obj/eecfg.o
                0x00000008                EE_ApplicationMode
 .bss.EE_th_waswaiting
                0x0000000c        0x8 obj/eecfg.o
                0x0000000c                EE_th_waswaiting
 .bss.EE_th_event_waitmask
                0x00000014        0x8 obj/eecfg.o
                0x00000014                EE_th_event_waitmask
 .bss.EE_th_event_active
                0x0000001c        0x8 obj/eecfg.o
                0x0000001c                EE_th_event_active
 .bss.EE_sys_ceiling
                0x00000024        0x4 obj/eecfg.o
                0x00000024                EE_sys_ceiling
 .bss.EE_terminate_data
                0x00000028        0x8 obj/eecfg.o
                0x00000028                EE_terminate_data
 .bss.EE_tc_tasks_RA
                0x00000030        0xc obj/eecfg.o
                0x00000030                EE_tc_tasks_RA
 .bss.EE_tc_active_tos
                0x0000003c        0x4 obj/eecfg.o
                0x0000003c                EE_tc_active_tos
 .bss.EE_tc_active_utid
                0x00000040        0x4 libee.a(ee_tc_context.o)
                0x00000040                EE_tc_active_utid
 .bss.EE_oo_IRQ_suspend_status
                0x00000044        0x4 libee.a(ee_lookup.o)
                0x00000044                EE_oo_IRQ_suspend_status
 .bss.EE_oo_IRQ_disable_count
                0x00000048        0x4 libee.a(ee_lookup.o)
                0x00000048                EE_oo_IRQ_disable_count
 .bss.EE_oo_started
                0x0000004c        0x4 libee.a(ee_startos.o)
                0x0000004c                EE_oo_started
 .bss.EE_ORTI_runningisr2
                0x00000050        0x4 libee.a(ee_startos.o)
                0x00000050                EE_ORTI_runningisr2
 .bss.EE_ORTI_th_priority
                0x00000054        0x8 libee.a(ee_startos.o)
                0x00000054                EE_ORTI_th_priority
 .bss.EE_ORTI_lasterror
                0x0000005c        0x1 libee.a(ee_startos.o)
                0x0000005c                EE_ORTI_lasterror
 .bss.EE_ORTI_servicetrace
                0x0000005d        0x1 libee.a(ee_startos.o)
                0x0000005d                EE_ORTI_servicetrace
 *fill*         0x0000005e        0x2 00
 .bss.EE_tc2Yx_stm_freq_khz
                0x00000060        0x4 libee.a(ee_tc2Yx_system.o)
 .bss.EE_std_endcycle_next_tid
                0x00000064        0x4 libee.a(ee_hal_structs.o)
                0x00000064                EE_std_endcycle_next_tid
 .bss.EE_IRQ_nesting_level
                0x00000068        0x4 libee.a(ee_hal_structs.o)
                0x00000068                EE_IRQ_nesting_level
 *(.gnu.linkonce.b.*)
 *(COMMON)

.CPU1.data      memory region -> *default*
                0x00000000       0x40
 *(.data)
 .data          0x00000000        0x0 obj/pkg/mcu/infineon_common_tc2Yx/src/ee_tc2Yx_cstart.o
 .data          0x00000000        0x0 obj/src/slave1.o
 .data          0x00000000        0x0 obj/eecfg.o
 .data          0x00000000        0x0 libee.a(ee_tc_trapvec.o)
 .data          0x00000000        0x0 libee.a(ee_tc_intvec.o)
 .data          0x00000000        0x0 libee.a(ee_tc_context.o)
 .data          0x00000000        0x0 libee.a(ee_tc_multicore.o)
 .data          0x00000000        0x0 libee.a(ee_as_rpc.o)
 .data          0x00000000        0x0 libee.a(ee_activate.o)
 .data          0x00000000        0x0 libee.a(ee_gettaskstate.o)
 .data          0x00000000        0x0 libee.a(ee_terminat.o)
 .data          0x00000000        0x0 libee.a(ee_thendin.o)
 .data          0x00000000        0x0 libee.a(ee_irqendin.o)
 .data          0x00000000        0x0 libee.a(ee_tstub.o)
 .data          0x00000000        0x0 libee.a(ee_lookup.o)
 .data          0x00000000        0x0 libee.a(ee_rq_exchg.o)
 .data          0x00000000        0x0 libee.a(ee_rq_inser.o)
 .data          0x00000000        0x0 libee.a(ee_shtdown.o)
 .data          0x00000000        0x0 libee.a(ee_startos.o)
 .data          0x00000000        0x0 libee.a(ee_alcancel.o)
 .data          0x00000000        0x0 libee.a(ee_algetbase.o)
 .data          0x00000000        0x0 libee.a(ee_alget.o)
 .data          0x00000000        0x0 libee.a(ee_alsetabs.o)
 .data          0x00000000        0x0 libee.a(ee_alsetrel.o)
 .data          0x00000000        0x0 libee.a(ee_getcountervalue.o)
 .data          0x00000000        0x0 libee.a(ee_getelapsedvalue.o)
 .data          0x00000000        0x0 libee.a(ee_evset.o)
 .data          0x00000000        0x0 libee.a(ee_tc2Yx_system.o)
 .data          0x00000000        0x0 libee.a(ee_hal_structs.o)
 .data          0x00000000        0x0 libee.a(ee_tc_oo.o)
 .data          0x00000000        0x0 libee.a(ee_tnterm.o)
 .data          0x00000000        0x0 c:/hightec/toolch~1/tricore/v4660-~1.1/bin/../lib/gcc/tricore/4.6.4/../../../../tricore/lib/tc161\libos.a(libos_exit.o)
 *(.data.*)
 .data.EE_th_terminate_nextask
                0x00000000        0x8 obj/eecfg.o
                0x00000000                EE_th_terminate_nextask
 .data.EE_rq_first
                0x00000008        0x4 obj/eecfg.o
                0x00000008                EE_rq_first
 .data.EE_th_rnact
                0x0000000c        0x8 obj/eecfg.o
                0x0000000c                EE_th_rnact
 .data.EE_stkfirst
                0x00000014        0x4 obj/eecfg.o
                0x00000014                EE_stkfirst
 .data.EE_th_next
                0x00000018        0x8 obj/eecfg.o
                0x00000018                EE_th_next
 .data.EE_th_status
                0x00000020        0x8 obj/eecfg.o
                0x00000020                EE_th_status
 .data.EE_tc_system_tos
                0x00000028       0x18 obj/eecfg.o
                0x00000028                EE_tc_system_tos
 *(.gnu.linkonce.d.*)

.CPU1.ustack

.CPU1.istack

.CPU1.heap

.CPU1.csa

.CPU1.ee_api_bss
 *(ee_api_bss)

.CPU1.ee_api_data
 *(ee_api_data)

.CPU1.ee_kernel_bss
 *(ee_kernel_bss)

.CPU1.ee_kernel_data
 *(ee_kernel_data)

.CPU1.ee_kernel_stack memory region -> *default*
                0x00000000      0x410
 *(ee_kernel_stack)
 ee_kernel_stack
                0x00000000      0x410 obj/eecfg.o
                0x00000000                EE_tc_stack_2
                0x00000208                EE_tc_stack_1

.comment        memory region -> *default*
                0x00000000      0x900
 *(.comment)
 .comment       0x00000000       0x48 obj/pkg/mcu/infineon_common_tc2Yx/src/ee_tc2Yx_cstart.o
 .comment       0x00000048       0x48 obj/src/slave1.o
 .comment       0x00000090       0x48 obj/eecfg.o
 .comment       0x000000d8       0x48 libee.a(ee_tc_trapvec.o)
 .comment       0x00000120       0x48 libee.a(ee_tc_intvec.o)
 .comment       0x00000168       0x48 libee.a(ee_tc_context.o)
 .comment       0x000001b0       0x48 libee.a(ee_tc_multicore.o)
 .comment       0x000001f8       0x48 libee.a(ee_as_rpc.o)
 .comment       0x00000240       0x48 libee.a(ee_activate.o)
 .comment       0x00000288       0x48 libee.a(ee_gettaskstate.o)
 .comment       0x000002d0       0x48 libee.a(ee_terminat.o)
 .comment       0x00000318       0x48 libee.a(ee_thendin.o)
 .comment       0x00000360       0x48 libee.a(ee_irqendin.o)
 .comment       0x000003a8       0x48 libee.a(ee_tstub.o)
 .comment       0x000003f0       0x48 libee.a(ee_lookup.o)
 .comment       0x00000438       0x48 libee.a(ee_rq_exchg.o)
 .comment       0x00000480       0x48 libee.a(ee_rq_inser.o)
 .comment       0x000004c8       0x48 libee.a(ee_shtdown.o)
 .comment       0x00000510       0x48 libee.a(ee_startos.o)
 .comment       0x00000558       0x48 libee.a(ee_alcancel.o)
 .comment       0x000005a0       0x48 libee.a(ee_algetbase.o)
 .comment       0x000005e8       0x48 libee.a(ee_alget.o)
 .comment       0x00000630       0x48 libee.a(ee_alsetabs.o)
 .comment       0x00000678       0x48 libee.a(ee_alsetrel.o)
 .comment       0x000006c0       0x48 libee.a(ee_getcountervalue.o)
 .comment       0x00000708       0x48 libee.a(ee_getelapsedvalue.o)
 .comment       0x00000750       0x48 libee.a(ee_evset.o)
 .comment       0x00000798       0x48 libee.a(ee_tc2Yx_system.o)
 .comment       0x000007e0       0x48 libee.a(ee_hal_structs.o)
 .comment       0x00000828       0x48 libee.a(ee_tc_oo.o)
 .comment       0x00000870       0x48 libee.a(ee_tnterm.o)
 .comment       0x000008b8       0x48 c:/hightec/toolch~1/tricore/v4660-~1.1/bin/../lib/gcc/tricore/4.6.4/../../../../tricore/lib/tc161\libos.a(libos_exit.o)

.debug
 *(.debug)

.line
 *(.line)

.debug_srcinfo
 *(.debug_srcinfo)

.debug_sfnames
 *(.debug_sfnames)

.debug_aranges  memory region -> *default*
                0x00000000      0x428
 *(.debug_aranges)
 .debug_aranges
                0x00000000       0x20 obj/pkg/mcu/infineon_common_tc2Yx/src/ee_tc2Yx_cstart.o
 .debug_aranges
                0x00000020       0x30 obj/src/slave1.o
 .debug_aranges
                0x00000050       0x28 libee.a(ee_tc_intvec.o)
 .debug_aranges
                0x00000078       0x20 libee.a(ee_tc_context.o)
 .debug_aranges
                0x00000098       0x30 libee.a(ee_tc_multicore.o)
 .debug_aranges
                0x000000c8       0x30 libee.a(ee_as_rpc.o)
 .debug_aranges
                0x000000f8       0x20 libee.a(ee_activate.o)
 .debug_aranges
                0x00000118       0x20 libee.a(ee_gettaskstate.o)
 .debug_aranges
                0x00000138       0x20 libee.a(ee_terminat.o)
 .debug_aranges
                0x00000158       0x20 libee.a(ee_thendin.o)
 .debug_aranges
                0x00000178       0x28 libee.a(ee_irqendin.o)
 .debug_aranges
                0x000001a0       0x20 libee.a(ee_tstub.o)
 .debug_aranges
                0x000001c0       0x20 libee.a(ee_rq_exchg.o)
 .debug_aranges
                0x000001e0       0x20 libee.a(ee_rq_inser.o)
 .debug_aranges
                0x00000200       0x28 libee.a(ee_shtdown.o)
 .debug_aranges
                0x00000228       0x20 libee.a(ee_startos.o)
 .debug_aranges
                0x00000248       0x20 libee.a(ee_alcancel.o)
 .debug_aranges
                0x00000268       0x20 libee.a(ee_algetbase.o)
 .debug_aranges
                0x00000288       0x20 libee.a(ee_alget.o)
 .debug_aranges
                0x000002a8       0x20 libee.a(ee_alsetabs.o)
 .debug_aranges
                0x000002c8       0x20 libee.a(ee_alsetrel.o)
 .debug_aranges
                0x000002e8       0x20 libee.a(ee_getcountervalue.o)
 .debug_aranges
                0x00000308       0x20 libee.a(ee_getelapsedvalue.o)
 .debug_aranges
                0x00000328       0x20 libee.a(ee_evset.o)
 .debug_aranges
                0x00000348       0x70 libee.a(ee_tc2Yx_system.o)
 .debug_aranges
                0x000003b8       0x30 libee.a(ee_tc_oo.o)
 .debug_aranges
                0x000003e8       0x20 libee.a(ee_tnterm.o)
 .debug_aranges
                0x00000408       0x20 c:/hightec/toolch~1/tricore/v4660-~1.1/bin/../lib/gcc/tricore/4.6.4/../../../../tricore/lib/tc161\libos.a(libos_exit.o)

.debug_pubnames
 *(.debug_pubnames)

.debug_info     memory region -> *default*
                0x00000000    0x18b49
 *(.debug_info)
 .debug_info    0x00000000     0x105f obj/pkg/mcu/infineon_common_tc2Yx/src/ee_tc2Yx_cstart.o
 .debug_info    0x0000105f      0x791 obj/src/slave1.o
 .debug_info    0x000017f0      0x999 obj/eecfg.o
 .debug_info    0x00002189      0x18a libee.a(ee_tc_trapvec.o)
 .debug_info    0x00002313      0xd33 libee.a(ee_tc_intvec.o)
 .debug_info    0x00003046      0xc87 libee.a(ee_tc_context.o)
 .debug_info    0x00003ccd      0xb07 libee.a(ee_tc_multicore.o)
 .debug_info    0x000047d4     0x1934 libee.a(ee_as_rpc.o)
 .debug_info    0x00006108     0x10d8 libee.a(ee_activate.o)
 .debug_info    0x000071e0      0xe37 libee.a(ee_gettaskstate.o)
 .debug_info    0x00008017      0xd0f libee.a(ee_terminat.o)
 .debug_info    0x00008d26      0xb6c libee.a(ee_thendin.o)
 .debug_info    0x00009892      0xa69 libee.a(ee_irqendin.o)
 .debug_info    0x0000a2fb      0x894 libee.a(ee_tstub.o)
 .debug_info    0x0000ab8f      0x6ff libee.a(ee_lookup.o)
 .debug_info    0x0000b28e      0x737 libee.a(ee_rq_exchg.o)
 .debug_info    0x0000b9c5      0x748 libee.a(ee_rq_inser.o)
 .debug_info    0x0000c10d      0xc4f libee.a(ee_shtdown.o)
 .debug_info    0x0000cd5c     0x1462 libee.a(ee_startos.o)
 .debug_info    0x0000e1be      0xcd9 libee.a(ee_alcancel.o)
 .debug_info    0x0000ee97      0xcfa libee.a(ee_algetbase.o)
 .debug_info    0x0000fb91      0xcf2 libee.a(ee_alget.o)
 .debug_info    0x00010883      0xd15 libee.a(ee_alsetabs.o)
 .debug_info    0x00011598      0xd1d libee.a(ee_alsetrel.o)
 .debug_info    0x000122b5      0xd09 libee.a(ee_getcountervalue.o)
 .debug_info    0x00012fbe      0xd33 libee.a(ee_getelapsedvalue.o)
 .debug_info    0x00013cf1     0x106f libee.a(ee_evset.o)
 .debug_info    0x00014d60     0x1cba libee.a(ee_tc2Yx_system.o)
 .debug_info    0x00016a1a      0x705 libee.a(ee_hal_structs.o)
 .debug_info    0x0001711f     0x10c7 libee.a(ee_tc_oo.o)
 .debug_info    0x000181e6      0x7d6 libee.a(ee_tnterm.o)
 .debug_info    0x000189bc      0x18d c:/hightec/toolch~1/tricore/v4660-~1.1/bin/../lib/gcc/tricore/4.6.4/../../../../tricore/lib/tc161\libos.a(libos_exit.o)

.debug_abbrev   memory region -> *default*
                0x00000000     0x4225
 *(.debug_abbrev)
 .debug_abbrev  0x00000000      0x262 obj/pkg/mcu/infineon_common_tc2Yx/src/ee_tc2Yx_cstart.o
 .debug_abbrev  0x00000262      0x174 obj/src/slave1.o
 .debug_abbrev  0x000003d6      0x129 obj/eecfg.o
 .debug_abbrev  0x000004ff       0x56 libee.a(ee_tc_trapvec.o)
 .debug_abbrev  0x00000555      0x281 libee.a(ee_tc_intvec.o)
 .debug_abbrev  0x000007d6      0x258 libee.a(ee_tc_context.o)
 .debug_abbrev  0x00000a2e      0x232 libee.a(ee_tc_multicore.o)
 .debug_abbrev  0x00000c60      0x37d libee.a(ee_as_rpc.o)
 .debug_abbrev  0x00000fdd      0x2f0 libee.a(ee_activate.o)
 .debug_abbrev  0x000012cd      0x279 libee.a(ee_gettaskstate.o)
 .debug_abbrev  0x00001546      0x2b5 libee.a(ee_terminat.o)
 .debug_abbrev  0x000017fb      0x22c libee.a(ee_thendin.o)
 .debug_abbrev  0x00001a27      0x1f6 libee.a(ee_irqendin.o)
 .debug_abbrev  0x00001c1d      0x14d libee.a(ee_tstub.o)
 .debug_abbrev  0x00001d6a       0xe4 libee.a(ee_lookup.o)
 .debug_abbrev  0x00001e4e       0xfd libee.a(ee_rq_exchg.o)
 .debug_abbrev  0x00001f4b      0x117 libee.a(ee_rq_inser.o)
 .debug_abbrev  0x00002062      0x245 libee.a(ee_shtdown.o)
 .debug_abbrev  0x000022a7      0x336 libee.a(ee_startos.o)
 .debug_abbrev  0x000025dd      0x26e libee.a(ee_alcancel.o)
 .debug_abbrev  0x0000284b      0x26e libee.a(ee_algetbase.o)
 .debug_abbrev  0x00002ab9      0x26e libee.a(ee_alget.o)
 .debug_abbrev  0x00002d27      0x25f libee.a(ee_alsetabs.o)
 .debug_abbrev  0x00002f86      0x25f libee.a(ee_alsetrel.o)
 .debug_abbrev  0x000031e5      0x26e libee.a(ee_getcountervalue.o)
 .debug_abbrev  0x00003453      0x270 libee.a(ee_getelapsedvalue.o)
 .debug_abbrev  0x000036c3      0x2ee libee.a(ee_evset.o)
 .debug_abbrev  0x000039b1      0x35e libee.a(ee_tc2Yx_system.o)
 .debug_abbrev  0x00003d0f       0xe4 libee.a(ee_hal_structs.o)
 .debug_abbrev  0x00003df3      0x26b libee.a(ee_tc_oo.o)
 .debug_abbrev  0x0000405e      0x168 libee.a(ee_tnterm.o)
 .debug_abbrev  0x000041c6       0x5f c:/hightec/toolch~1/tricore/v4660-~1.1/bin/../lib/gcc/tricore/4.6.4/../../../../tricore/lib/tc161\libos.a(libos_exit.o)

.debug_line     memory region -> *default*
                0x00000000     0x65eb
 *(.debug_line)
 .debug_line    0x00000000      0x431 obj/pkg/mcu/infineon_common_tc2Yx/src/ee_tc2Yx_cstart.o
 .debug_line    0x00000431      0x283 obj/src/slave1.o
 .debug_line    0x000006b4      0x187 obj/eecfg.o
 .debug_line    0x0000083b       0xb5 libee.a(ee_tc_trapvec.o)
 .debug_line    0x000008f0      0x33a libee.a(ee_tc_intvec.o)
 .debug_line    0x00000c2a      0x36c libee.a(ee_tc_context.o)
 .debug_line    0x00000f96      0x354 libee.a(ee_tc_multicore.o)
 .debug_line    0x000012ea      0x66b libee.a(ee_as_rpc.o)
 .debug_line    0x00001955      0x3bc libee.a(ee_activate.o)
 .debug_line    0x00001d11      0x38e libee.a(ee_gettaskstate.o)
 .debug_line    0x0000209f      0x38c libee.a(ee_terminat.o)
 .debug_line    0x0000242b      0x358 libee.a(ee_thendin.o)
 .debug_line    0x00002783      0x2cf libee.a(ee_irqendin.o)
 .debug_line    0x00002a52      0x27e libee.a(ee_tstub.o)
 .debug_line    0x00002cd0      0x25b libee.a(ee_lookup.o)
 .debug_line    0x00002f2b      0x271 libee.a(ee_rq_exchg.o)
 .debug_line    0x0000319c      0x27f libee.a(ee_rq_inser.o)
 .debug_line    0x0000341b      0x371 libee.a(ee_shtdown.o)
 .debug_line    0x0000378c      0x43e libee.a(ee_startos.o)
 .debug_line    0x00003bca      0x32d libee.a(ee_alcancel.o)
 .debug_line    0x00003ef7      0x335 libee.a(ee_algetbase.o)
 .debug_line    0x0000422c      0x332 libee.a(ee_alget.o)
 .debug_line    0x0000455e      0x32d libee.a(ee_alsetabs.o)
 .debug_line    0x0000488b      0x32d libee.a(ee_alsetrel.o)
 .debug_line    0x00004bb8      0x33b libee.a(ee_getcountervalue.o)
 .debug_line    0x00004ef3      0x344 libee.a(ee_getelapsedvalue.o)
 .debug_line    0x00005237      0x3b2 libee.a(ee_evset.o)
 .debug_line    0x000055e9      0x6b2 libee.a(ee_tc2Yx_system.o)
 .debug_line    0x00005c9b      0x23e libee.a(ee_hal_structs.o)
 .debug_line    0x00005ed9      0x371 libee.a(ee_tc_oo.o)
 .debug_line    0x0000624a      0x317 libee.a(ee_tnterm.o)
 .debug_line    0x00006561       0x8a c:/hightec/toolch~1/tricore/v4660-~1.1/bin/../lib/gcc/tricore/4.6.4/../../../../tricore/lib/tc161\libos.a(libos_exit.o)

.debug_frame    memory region -> *default*
                0x00000000      0x4d8
 *(.debug_frame)
 .debug_frame   0x00000000       0x20 obj/pkg/mcu/infineon_common_tc2Yx/src/ee_tc2Yx_cstart.o
 .debug_frame   0x00000020       0x40 obj/src/slave1.o
 .debug_frame   0x00000060       0x30 libee.a(ee_tc_intvec.o)
 .debug_frame   0x00000090       0x20 libee.a(ee_tc_context.o)
 .debug_frame   0x000000b0       0x44 libee.a(ee_tc_multicore.o)
 .debug_frame   0x000000f4       0x44 libee.a(ee_as_rpc.o)
 .debug_frame   0x00000138       0x20 libee.a(ee_activate.o)
 .debug_frame   0x00000158       0x20 libee.a(ee_gettaskstate.o)
 .debug_frame   0x00000178       0x20 libee.a(ee_terminat.o)
 .debug_frame   0x00000198       0x20 libee.a(ee_thendin.o)
 .debug_frame   0x000001b8       0x30 libee.a(ee_irqendin.o)
 .debug_frame   0x000001e8       0x20 libee.a(ee_tstub.o)
 .debug_frame   0x00000208       0x20 libee.a(ee_rq_exchg.o)
 .debug_frame   0x00000228       0x20 libee.a(ee_rq_inser.o)
 .debug_frame   0x00000248       0x30 libee.a(ee_shtdown.o)
 .debug_frame   0x00000278       0x20 libee.a(ee_startos.o)
 .debug_frame   0x00000298       0x20 libee.a(ee_alcancel.o)
 .debug_frame   0x000002b8       0x20 libee.a(ee_algetbase.o)
 .debug_frame   0x000002d8       0x20 libee.a(ee_alget.o)
 .debug_frame   0x000002f8       0x20 libee.a(ee_alsetabs.o)
 .debug_frame   0x00000318       0x20 libee.a(ee_alsetrel.o)
 .debug_frame   0x00000338       0x20 libee.a(ee_getcountervalue.o)
 .debug_frame   0x00000358       0x20 libee.a(ee_getelapsedvalue.o)
 .debug_frame   0x00000378       0x20 libee.a(ee_evset.o)
 .debug_frame   0x00000398       0xc0 libee.a(ee_tc2Yx_system.o)
 .debug_frame   0x00000458       0x40 libee.a(ee_tc_oo.o)
 .debug_frame   0x00000498       0x20 libee.a(ee_tnterm.o)
 .debug_frame   0x000004b8       0x20 c:/hightec/toolch~1/tricore/v4660-~1.1/bin/../lib/gcc/tricore/4.6.4/../../../../tricore/lib/tc161\libos.a(libos_exit.o)

.debug_str      memory region -> *default*
                0x00000000      0x1f3
 *(.debug_str)
 .debug_str     0x00000000       0x2b obj/pkg/mcu/infineon_common_tc2Yx/src/ee_tc2Yx_cstart.o
 .debug_str     0x0000002b       0x2e obj/src/slave1.o
 .debug_str     0x00000059        0xa libee.a(ee_tc_intvec.o)
 .debug_str     0x00000063       0x55 libee.a(ee_as_rpc.o)
 .debug_str     0x000000b8       0x11 libee.a(ee_activate.o)
 .debug_str     0x000000c9        0xa libee.a(ee_gettaskstate.o)
 .debug_str     0x000000d3        0xa libee.a(ee_terminat.o)
 .debug_str     0x000000dd        0x7 libee.a(ee_thendin.o)
 .debug_str     0x000000e4       0x58 libee.a(ee_startos.o)
 .debug_str     0x0000013c        0xa libee.a(ee_alcancel.o)
 .debug_str     0x00000146        0xa libee.a(ee_algetbase.o)
 .debug_str     0x00000150        0xa libee.a(ee_alget.o)
 .debug_str     0x0000015a        0xa libee.a(ee_alsetabs.o)
 .debug_str     0x00000164        0xa libee.a(ee_alsetrel.o)
 .debug_str     0x0000016e        0xa libee.a(ee_getcountervalue.o)
 .debug_str     0x00000178        0xa libee.a(ee_getelapsedvalue.o)
 .debug_str     0x00000182        0xa libee.a(ee_evset.o)
 .debug_str     0x0000018c       0x5e libee.a(ee_tc2Yx_system.o)
 .debug_str     0x000001ea        0x9 libee.a(ee_tc_oo.o)

.debug_loc      memory region -> *default*
                0x00000000     0x10b0
 *(.debug_loc)
 .debug_loc     0x00000000       0x83 obj/pkg/mcu/infineon_common_tc2Yx/src/ee_tc2Yx_cstart.o
 .debug_loc     0x00000083       0x57 libee.a(ee_tc_intvec.o)
 .debug_loc     0x000000da      0x121 libee.a(ee_tc_context.o)
 .debug_loc     0x000001fb       0xb2 libee.a(ee_tc_multicore.o)
 .debug_loc     0x000002ad      0x418 libee.a(ee_as_rpc.o)
 .debug_loc     0x000006c5       0xcd libee.a(ee_activate.o)
 .debug_loc     0x00000792       0x78 libee.a(ee_gettaskstate.o)
 .debug_loc     0x0000080a       0x1e libee.a(ee_terminat.o)
 .debug_loc     0x00000828       0x8e libee.a(ee_thendin.o)
 .debug_loc     0x000008b6       0x65 libee.a(ee_irqendin.o)
 .debug_loc     0x0000091b       0x13 libee.a(ee_rq_exchg.o)
 .debug_loc     0x0000092e       0x6c libee.a(ee_shtdown.o)
 .debug_loc     0x0000099a      0x10e libee.a(ee_startos.o)
 .debug_loc     0x00000aa8       0x3c libee.a(ee_alcancel.o)
 .debug_loc     0x00000ae4       0x4f libee.a(ee_algetbase.o)
 .debug_loc     0x00000b33       0x4f libee.a(ee_alget.o)
 .debug_loc     0x00000b82       0x83 libee.a(ee_alsetabs.o)
 .debug_loc     0x00000c05       0x83 libee.a(ee_alsetrel.o)
 .debug_loc     0x00000c88       0x4f libee.a(ee_getcountervalue.o)
 .debug_loc     0x00000cd7       0x6d libee.a(ee_getelapsedvalue.o)
 .debug_loc     0x00000d44      0x12d libee.a(ee_evset.o)
 .debug_loc     0x00000e71      0x1d5 libee.a(ee_tc2Yx_system.o)
 .debug_loc     0x00001046       0x57 libee.a(ee_tc_oo.o)
 .debug_loc     0x0000109d       0x13 libee.a(ee_tnterm.o)

.debug_macinfo
 *(.debug_macinfo)

.debug_ranges   memory region -> *default*
                0x00000000     0x11a0
 *(.debug_ranges)
 .debug_ranges  0x00000000       0x40 obj/pkg/mcu/infineon_common_tc2Yx/src/ee_tc2Yx_cstart.o
 .debug_ranges  0x00000040       0x38 obj/src/slave1.o
 .debug_ranges  0x00000078       0x60 libee.a(ee_tc_intvec.o)
 .debug_ranges  0x000000d8       0x70 libee.a(ee_tc_context.o)
 .debug_ranges  0x00000148      0x140 libee.a(ee_tc_multicore.o)
 .debug_ranges  0x00000288      0x2c8 libee.a(ee_as_rpc.o)
 .debug_ranges  0x00000550      0x1a8 libee.a(ee_activate.o)
 .debug_ranges  0x000006f8       0x50 libee.a(ee_gettaskstate.o)
 .debug_ranges  0x00000748      0x110 libee.a(ee_terminat.o)
 .debug_ranges  0x00000858       0xc0 libee.a(ee_thendin.o)
 .debug_ranges  0x00000918       0x78 libee.a(ee_irqendin.o)
 .debug_ranges  0x00000990       0x10 libee.a(ee_tstub.o)
 .debug_ranges  0x000009a0       0x10 libee.a(ee_rq_exchg.o)
 .debug_ranges  0x000009b0       0x10 libee.a(ee_rq_inser.o)
 .debug_ranges  0x000009c0       0x98 libee.a(ee_shtdown.o)
 .debug_ranges  0x00000a58      0x198 libee.a(ee_startos.o)
 .debug_ranges  0x00000bf0       0x10 libee.a(ee_alcancel.o)
 .debug_ranges  0x00000c00       0x10 libee.a(ee_algetbase.o)
 .debug_ranges  0x00000c10       0x10 libee.a(ee_alget.o)
 .debug_ranges  0x00000c20       0x10 libee.a(ee_alsetabs.o)
 .debug_ranges  0x00000c30       0x10 libee.a(ee_alsetrel.o)
 .debug_ranges  0x00000c40       0x10 libee.a(ee_getcountervalue.o)
 .debug_ranges  0x00000c50       0x28 libee.a(ee_getelapsedvalue.o)
 .debug_ranges  0x00000c78      0x178 libee.a(ee_evset.o)
 .debug_ranges  0x00000df0      0x358 libee.a(ee_tc2Yx_system.o)
 .debug_ranges  0x00001148       0x20 libee.a(ee_tc_oo.o)
 .debug_ranges  0x00001168       0x28 libee.a(ee_tnterm.o)
 .debug_ranges  0x00001190       0x10 c:/hightec/toolch~1/tricore/v4660-~1.1/bin/../lib/gcc/tricore/4.6.4/../../../../tricore/lib/tc161\libos.a(libos_exit.o)

.debug_weaknames
 *(.debug_weaknames)

.debug_funcnames
 *(.debug_funcnames)

.debug_typenames
 *(.debug_typenames)

.debug_varnames
 *(.debug_varnames)

.version_info   memory region -> *default*
                0x00000000    0x2c36e
 *(.version_info)
 .version_info  0x00000000     0x16cf obj/pkg/mcu/infineon_common_tc2Yx/src/ee_tc2Yx_cstart.o
 .version_info  0x000016cf     0x15bb obj/src/slave1.o
 .version_info  0x00002c8a     0x150e obj/eecfg.o
 .version_info  0x00004198     0x164f libee.a(ee_tc_trapvec.o)
 .version_info  0x000057e7     0x1647 libee.a(ee_tc_intvec.o)
 .version_info  0x00006e2e     0x164f libee.a(ee_tc_context.o)
 .version_info  0x0000847d     0x165f libee.a(ee_tc_multicore.o)
 .version_info  0x00009adc     0x161f libee.a(ee_as_rpc.o)
 .version_info  0x0000b0fb     0x162f libee.a(ee_activate.o)
 .version_info  0x0000c72a     0x164f libee.a(ee_gettaskstate.o)
 .version_info  0x0000dd79     0x162f libee.a(ee_terminat.o)
 .version_info  0x0000f3a8     0x1627 libee.a(ee_thendin.o)
 .version_info  0x000109cf     0x162f libee.a(ee_irqendin.o)
 .version_info  0x00011ffe     0x1617 libee.a(ee_tstub.o)
 .version_info  0x00013615     0x161f libee.a(ee_lookup.o)
 .version_info  0x00014c34     0x162f libee.a(ee_rq_exchg.o)
 .version_info  0x00016263     0x162f libee.a(ee_rq_inser.o)
 .version_info  0x00017892     0x1627 libee.a(ee_shtdown.o)
 .version_info  0x00018eb9     0x1627 libee.a(ee_startos.o)
 .version_info  0x0001a4e0     0x162f libee.a(ee_alcancel.o)
 .version_info  0x0001bb0f     0x1637 libee.a(ee_algetbase.o)
 .version_info  0x0001d146     0x1617 libee.a(ee_alget.o)
 .version_info  0x0001e75d     0x162f libee.a(ee_alsetabs.o)
 .version_info  0x0001fd8c     0x162f libee.a(ee_alsetrel.o)
 .version_info  0x000213bb     0x1667 libee.a(ee_getcountervalue.o)
 .version_info  0x00022a22     0x1667 libee.a(ee_getelapsedvalue.o)
 .version_info  0x00024089     0x1617 libee.a(ee_evset.o)
 .version_info  0x000256a0     0x16cf libee.a(ee_tc2Yx_system.o)
 .version_info  0x00026d6f     0x164f libee.a(ee_hal_structs.o)
 .version_info  0x000283be     0x1627 libee.a(ee_tc_oo.o)
 .version_info  0x000299e5     0x161f libee.a(ee_tnterm.o)
 .version_info  0x0002b004     0x136a c:/hightec/toolch~1/tricore/v4660-~1.1/bin/../lib/gcc/tricore/4.6.4/../../../../tricore/lib/tc161\libos.a(libos_exit.o)

.boffs
 *(.boffs)
OUTPUT(myProject_slave1.elf elf32-tricore)
