Archive member included because of file (symbol)

libee.a(display.o)            obj/src/code.o (DISPLAY_BackgroundColor)
libee.a(graph.o)              obj/src/code.o (graph_fillRectangle)
libee.a(font1.o)              obj/src/code.o (FONT_STANDARD)
libee.a(util.o)               libee.a(display.o) (delay_ms)
libee.a(ee_tc_trapvec.o)      obj/pkg/mcu/infineon_common_tc2Yx/src/ee_tc2Yx_cstart.o (EE_tc_trap_table)
libee.a(ee_tc_intvec.o)       obj/pkg/mcu/infineon_common_tc2Yx/src/ee_tc2Yx_cstart.o (EE_tc_interrupt_table)
libee.a(ee_tc_context.o)      libee.a(ee_tc_intvec.o) (EE_std_change_context)
libee.a(ee_terminat.o)        obj/src/code.o (EE_oo_TerminateTask)
libee.a(ee_thendin.o)         libee.a(ee_tc_context.o) (EE_thread_end_instance)
libee.a(ee_irqendin.o)        libee.a(ee_tc_intvec.o) (EE_IRQ_end_instance)
libee.a(ee_tstub.o)           obj/eecfg.o (EE_oo_thread_stub)
libee.a(ee_lookup.o)          libee.a(ee_thendin.o) (EE_oo_IRQ_disable_count)
libee.a(ee_rq_exchg.o)        libee.a(ee_thendin.o) (EE_rq2stk_exchange)
libee.a(ee_rq_inser.o)        libee.a(ee_thendin.o) (EE_rq_insert)
libee.a(ee_startos.o)         obj/src/code.o (EE_oo_StartOS)
libee.a(ee_lockres.o)         obj/src/code.o (EE_oo_GetResource)
libee.a(ee_ulockres.o)        obj/src/code.o (EE_oo_ReleaseResource)
libee.a(ee_altick.o)          libee.a(ee_startos.o) (EE_oo_counter_object_insert)
libee.a(ee_tc2Yx_system.o)    libee.a(ee_startos.o) (EE_tc_safety_endinit_disable)
libee.a(ee_hal_structs.o)     libee.a(ee_tc_intvec.o) (EE_std_endcycle_next_tid)
libee.a(ee_tc_oo.o)           libee.a(ee_terminat.o) (EE_hal_terminate_task)
libee.a(ee_tnterm.o)          libee.a(ee_tc_oo.o) (EE_thread_not_terminated)
libee.a(ee_ulockallres.o)     libee.a(ee_tnterm.o) (EE_oo_release_all_resources)
c:/hightec/toolch~1/tricore/v4660-~1.1/bin/../lib/gcc/tricore/4.6.4/../../../../tricore/lib/tc161/short-double\libc.a(lib_a-sprintf.o)
                              obj/src/code.o (sprintf)
c:/hightec/toolch~1/tricore/v4660-~1.1/bin/../lib/gcc/tricore/4.6.4/../../../../tricore/lib/tc161/short-double\libc.a(lib_a-strlen.o)
                              obj/src/code.o (strlen)
c:/hightec/toolch~1/tricore/v4660-~1.1/bin/../lib/gcc/tricore/4.6.4/../../../../tricore/lib/tc161/short-double\libc.a(lib_a-svfprintf.o)
                              c:/hightec/toolch~1/tricore/v4660-~1.1/bin/../lib/gcc/tricore/4.6.4/../../../../tricore/lib/tc161/short-double\libc.a(lib_a-sprintf.o) (_svfprintf_r)
c:/hightec/toolch~1/tricore/v4660-~1.1/bin/../lib/gcc/tricore/4.6.4/../../../../tricore/lib/tc161/short-double\libc.a(lib_a-dtoa.o)
                              c:/hightec/toolch~1/tricore/v4660-~1.1/bin/../lib/gcc/tricore/4.6.4/../../../../tricore/lib/tc161/short-double\libc.a(lib_a-svfprintf.o) (_dtoa_r)
c:/hightec/toolch~1/tricore/v4660-~1.1/bin/../lib/gcc/tricore/4.6.4/../../../../tricore/lib/tc161/short-double\libc.a(lib_a-impure.o)
                              c:/hightec/toolch~1/tricore/v4660-~1.1/bin/../lib/gcc/tricore/4.6.4/../../../../tricore/lib/tc161/short-double\libc.a(lib_a-sprintf.o) (_impure_ptr)
c:/hightec/toolch~1/tricore/v4660-~1.1/bin/../lib/gcc/tricore/4.6.4/../../../../tricore/lib/tc161/short-double\libc.a(lib_a-locale.o)
                              c:/hightec/toolch~1/tricore/v4660-~1.1/bin/../lib/gcc/tricore/4.6.4/../../../../tricore/lib/tc161/short-double\libc.a(lib_a-svfprintf.o) (_localeconv_r)
c:/hightec/toolch~1/tricore/v4660-~1.1/bin/../lib/gcc/tricore/4.6.4/../../../../tricore/lib/tc161/short-double\libc.a(lib_a-mallocr.o)
                              c:/hightec/toolch~1/tricore/v4660-~1.1/bin/../lib/gcc/tricore/4.6.4/../../../../tricore/lib/tc161/short-double\libc.a(lib_a-svfprintf.o) (_malloc_r)
c:/hightec/toolch~1/tricore/v4660-~1.1/bin/../lib/gcc/tricore/4.6.4/../../../../tricore/lib/tc161/short-double\libc.a(lib_a-memchr.o)
                              c:/hightec/toolch~1/tricore/v4660-~1.1/bin/../lib/gcc/tricore/4.6.4/../../../../tricore/lib/tc161/short-double\libc.a(lib_a-svfprintf.o) (memchr)
c:/hightec/toolch~1/tricore/v4660-~1.1/bin/../lib/gcc/tricore/4.6.4/../../../../tricore/lib/tc161/short-double\libc.a(lib_a-memcpy.o)
                              c:/hightec/toolch~1/tricore/v4660-~1.1/bin/../lib/gcc/tricore/4.6.4/../../../../tricore/lib/tc161/short-double\libc.a(lib_a-dtoa.o) (memcpy)
c:/hightec/toolch~1/tricore/v4660-~1.1/bin/../lib/gcc/tricore/4.6.4/../../../../tricore/lib/tc161/short-double\libc.a(lib_a-mlock.o)
                              c:/hightec/toolch~1/tricore/v4660-~1.1/bin/../lib/gcc/tricore/4.6.4/../../../../tricore/lib/tc161/short-double\libc.a(lib_a-mallocr.o) (__malloc_lock)
c:/hightec/toolch~1/tricore/v4660-~1.1/bin/../lib/gcc/tricore/4.6.4/../../../../tricore/lib/tc161/short-double\libc.a(lib_a-mprec.o)
[...]
Memory Configuration

Name             Origin             Length             Used               Free               Attributes
PMU_PFLASH_STARTUP 0x80000000         0x00000400         0x00000000         0x00000400         xr !p
PMU_PFLASH       0x80000400         0x001f3c00         0x00000000         0x001f3c00         xr !p
PMU_PFLASH1      0x80200000         0x00200000         0x00000000         0x00200000         xr !p
PMU_PFLASH2      0x80400000         0x00200000         0x00000000         0x00200000         xr !p
PMU_PFLASH3      0x80600000         0x00200000         0x00000000         0x00200000         xr !p
PMU_DFLASH0      0xaf000000         0x00100000         0x00000000         0x00100000         r !xp
PMU_DFLASH0_1    0xaf100000         0x00004000         0x00000000         0x00004000         r !xp
PMU_DFLASH1      0xaf110000         0x00010000         0x00000000         0x00010000         r !xp
BROM             0x8fff8000         0x00008000         0x00000000         0x00008000         xr !p
PMI_PSPR         0xc0000000         0x00008000         0x00006cc8         0x00001338         xw !p
DMI_DSPR         0xd0000000         0x0001e000         0x0001a758         0x000038a8         w !xp
LMU_SRAM         0x90000000         0x00008000         0x00000000         0x00008000         w !xp
*default*        0x00000000         0xffffffff         0x00051808         0xfffae7f7

Linker script and memory map

                0x00002000                __USTACK_SIZE = 0x2000
                0x00004000                __CSA_SIZE = 0x4000
LOAD obj/pkg/mcu/infineon_common_tc2Yx/src/ee_tc2Yx_cstart.o
LOAD obj/eecfg.o
LOAD obj/src/code.o
LOAD libee.a
LOAD c:/hightec/toolch~1/tricore/v4660-~1.1/bin/../lib/gcc/tricore/4.6.4/tc161/short-double\libgcc.a
LOAD c:/hightec/toolch~1/tricore/v4660-~1.1/bin/../lib/gcc/tricore/4.6.4/../../../../tricore/lib/tc161/short-double\libc.a
LOAD c:/hightec/toolch~1/tricore/v4660-~1.1/bin/../lib/gcc/tricore/4.6.4/../../../../tricore/lib/tc161/short-double\libos.a
LOAD c:/hightec/toolch~1/tricore/v4660-~1.1/bin/../lib/gcc/tricore/4.6.4/../../../../tricore/lib/tc161/short-double\libm.a
LOAD c:/hightec/toolch~1/tricore/v4660-~1.1/bin/../lib/gcc/tricore/4.6.4/../../../../tricore/lib/tc161/short-double\libc.a
LOAD c:/hightec/toolch~1/tricore/v4660-~1.1/bin/../lib/gcc/tricore/4.6.4/tc161/short-double\libgcc.a
                0x60100000                EE_tc2Yx_cpu1_start = 0x60100000
                0x50100000                EE_tc2Yx_cpu2_start = 0x50100000
                0x00000290                __TRICORE_DERIVATE_MEMORY_MAP__ = 0x290
                0x80000000                __PMU_PFLASH_STARTUP_BEGIN = 0x80000000
                0x00000400                __PMU_PFLASH_STARTUP_SIZE = 0x400
                0x80004000                __PMU_PFLASH_BEGIN = 0x80004000
                0x001f0000                __PMU_PFLASH_SIZE = 0x1f0000
                0x80200000                __PMU_PFLASH1_BEGIN = 0x80200000
                0x00200000                __PMU_PFLASH1_SIZE = 0x200000
                0x80400000                __PMU_PFLASH1_BEGIN = 0x80400000
                0x00200000                __PMU_PFLASH1_SIZE = 0x200000
                0x80600000                __PMU_PFLASH1_BEGIN = 0x80600000
                0x00200000                __PMU_PFLASH1_SIZE = 0x200000
                0xaf000000                __PMU_DFLASH0_BEGIN = 0xaf000000
                0x00100000                __PMU_DFLASH0_SIZE = 0x100000
                0xaf100000                __PMU_DFLASH0_1_BEGIN = 0xaf100000
                0x00004000                __PMU_DFLASH0_1_SIZE = 0x4000
                0xaf110000                __PMU_DFLASH1_BEGIN = 0xaf110000
                0x00010000                __PMU_DFLASH1_SIZE = 0x10000
                0x8fff8000                __BROM_BEGIN = 0x8fff8000
                0x00008000                __BROM_SIZE = 0x8000
                0xc0000000                __PMI_PSPR_BEGIN = 0xc0000000
                0x00008000                __PMI_PSPR_SIZE = 0x8000
                0xd0000000                __DMI_DSPR_BEGIN = 0xd0000000
                0x0001e000                __DMI_DSPR_SIZE = 0x1e000
                0x90000000                __LMU_SRAM_BEGIN = 0x90000000
                0x00008000                __LMU_SRAM_SIZE = 0x8000
                [0x00004000]                __CSA_SIZE = DEFINED (__CSA_SIZE)?__CSA_SIZE:0x2000
                [0x00002000]                __USTACK_SIZE = DEFINED (__USTACK_SIZE)?__USTACK_SIZE:0x800
                [0x00000000]                __ISTACK_SIZE = DEFINED (__ISTACK_SIZE)?__ISTACK_SIZE:0x0
                [0x00000000]                __HEAP_SIZE = DEFINED (__HEAP_SIZE)?__HEAP_SIZE:0x0

.startup        memory region -> PMI_PSPR
                0xc0000000        0x8
                0xc0000000                BootModeIndex = .
                0xc0000000                PROVIDE (__startup_code_start, .)
 *(*.EE_tc2Yx_cpu1_start)
 *(*.EE_tc2Yx_cpu2_start)
 *(.startup)
 .startup       0xc0000000        0x6 obj/pkg/mcu/infineon_common_tc2Yx/src/ee_tc2Yx_cstart.o
                0xc0000000                _START
 *(ee_kernel_start)
                0xc0000008                . = ALIGN (0x8)
 *fill*         0xc0000006        0x2 00
                0xc0000008                PROVIDE (__startup_code_end, .)

.init           memory region -> PMI_PSPR
                0xc0000008        0x0
 *(.init)
 *(.fini)
                0xc0000008                . = ALIGN (0x8)

.cramtext       memory region -> PMI_PSPR
                0xc0000008        0x0
 *(.cramtext)
 *(.cramtext.*)
                0xc0000008                . = ALIGN (0x8)

.traptab        memory region -> PMI_PSPR
                0xc0000100      0x100
                0xc0000100                PROVIDE (__traptab_start, .)
 *(.traptab)
 .traptab       0xc0000100      0x100 libee.a(ee_tc_trapvec.o)
                0xc0000100                EE_tc_trap_mmu
                0xc0000100                EE_tc_trap_table
                0xc0000120                EE_tc_trap_protection
                0xc0000140                EE_tc_trap_instruction
                0xc0000160                EE_tc_trap_context
                0xc0000180                EE_tc_trap_bus
                0xc00001a0                EE_tc_trap_assertion
                0xc00001c0                EE_tc_trap_system
                0xc00001e0                EE_tc_trap_nmi
 *(.traptab.*)
                0xc0000200                . = ALIGN (0x8)
                0xc0000200                PROVIDE (__traptab_end, .)

.inttab         memory region -> PMI_PSPR
                0xc0000200      0x100
                0xc0000200                PROVIDE (__inttab_start, .)
 *(.inttab)
 .inttab        0xc0000200      0x100 libee.a(ee_tc_intvec.o)
                0xc0000200                EE_tc_interrupt_table
                0xc0000220                EE_tc_isr2_entry_1
                0xc0000240                EE_tc_isr2_global_wrapper
 *(.*.inttab.*)
                0xc0000300                . = ALIGN (0x8)
                0xc0000300                PROVIDE (__inttab_end, .)

ee_mcglobalt    memory region -> PMI_PSPR
                0xc0000300        0x0
                0xc0000300                PROVIDE (ee_mcglobalt_begin, .)
 *(*.StartupHook)
 *(*.ErrorHook)
 *(*.ShutdownHook)
 *(*.ProtectionHook)
 *(ee_mcglobalt)
                0xc0000300                . = ALIGN (0x8)
                0xc0000300                PROVIDE (ee_mcglobalt_end, .)

.text           memory region -> PMI_PSPR
                0xc0000300     0x6988
                0xc0000300                PROVIDE (__text_start, .)
 *(.text)
 *(.text.*)
 .text.EE_tc2Yx_start
                0xc0000300      0x16a obj/pkg/mcu/infineon_common_tc2Yx/src/ee_tc2Yx_cstart.o
                0xc0000300                EE_tc2Yx_start
 .text.FuncTask1
                0xc000046a       0xbe obj/src/code.o
                0xc000046a                FuncTask1
 .text.FuncTask2
                0xc0000528       0x42 obj/src/code.o
                0xc0000528                FuncTask2
 .text.main     0xc000056a       0x3c obj/src/code.o
                0xc000056a                main
 .text.tft_display_home.constprop.1
                0xc00005a6      0x29a libee.a(display.o)
 .text.DISPLAY_BackgroundColor
                0xc0000840        0xa libee.a(display.o)
                0xc0000840                DISPLAY_BackgroundColor
 .text.DISPLAY_colorTable_StdInit
                0xc000084a      0x116 libee.a(display.o)
                0xc000084a                DISPLAY_colorTable_StdInit
 .text.setPx    0xc0000960       0x68 libee.a(display.o)
                0xc0000960                setPx
 .text.printScrn
                0xc00009c8       0xa4 libee.a(display.o)
                0xc00009c8                printScrn
 .text.drawChar
                0xc0000a6c      0x1a0 libee.a(display.o)
                0xc0000a6c                drawChar
 .text.drawString
                0xc0000c0c       0xb0 libee.a(display.o)
                0xc0000c0c                drawString
 .text.DISPLAY_Init
                0xc0000cbc     0x1d38 libee.a(display.o)
                0xc0000cbc                DISPLAY_Init
 .text.clearDisplayBuffer
                0xc00029f4       0x60 libee.a(display.o)
                0xc00029f4                clearDisplayBuffer
 .text.graph_fillRectangle
                0xc0002a54       0x34 libee.a(graph.o)
                0xc0002a54                graph_fillRectangle
 .text.delay_ms
                0xc0002a88        0x2 libee.a(util.o)
                0xc0002a88                delay_ms
 .text.EE_std_change_context
                0xc0002a8a       0x98 libee.a(ee_tc_context.o)
                0xc0002a8a                EE_std_change_context
 .text.EE_oo_TerminateTask
                0xc0002b22       0x54 libee.a(ee_terminat.o)
                0xc0002b22                EE_oo_TerminateTask
 .text.EE_thread_end_instance
                0xc0002b76      0x114 libee.a(ee_thendin.o)
                0xc0002b76                EE_thread_end_instance
 .text.EE_IRQ_end_instance
                0xc0002c8a       0x9a libee.a(ee_irqendin.o)
                0xc0002c8a                EE_IRQ_end_instance
 .text.EE_IRQ_end_post_stub
                0xc0002d24       0x12 libee.a(ee_irqendin.o)
                0xc0002d24                EE_IRQ_end_post_stub
 .text.EE_oo_thread_stub
                0xc0002d36        0xc libee.a(ee_tstub.o)
                0xc0002d36                EE_oo_thread_stub
 .text.EE_rq2stk_exchange
                0xc0002d42       0x2a libee.a(ee_rq_exchg.o)
                0xc0002d42                EE_rq2stk_exchange
 .text.EE_rq_insert
                0xc0002d6c       0x76 libee.a(ee_rq_inser.o)
                0xc0002d6c                EE_rq_insert
 .text.EE_oo_StartOS
                0xc0002de2      0x1e2 libee.a(ee_startos.o)
                0xc0002de2                EE_oo_StartOS
 .text.EE_oo_GetResource
                0xc0002fc4       0x8e libee.a(ee_lockres.o)
                0xc0002fc4                EE_oo_GetResource
 .text.EE_oo_ReleaseResource
                0xc0003052      0x10a libee.a(ee_ulockres.o)
                0xc0003052                EE_oo_ReleaseResource
 .text.EE_oo_counter_object_insert
                0xc000315c       0x9c libee.a(ee_altick.o)
                0xc000315c                EE_oo_counter_object_insert
 .text.EE_oo_IncrementCounterImplementation
                0xc00031f8      0x228 libee.a(ee_altick.o)
                0xc00031f8                EE_oo_IncrementCounterImplementation
 .text.EE_oo_IncrementCounterHardware
                0xc0003420       0x26 libee.a(ee_altick.o)
                0xc0003420                EE_oo_IncrementCounterHardware
 .text.EE_tc_safety_endinit_disable
                0xc0003446       0x20 libee.a(ee_tc2Yx_system.o)
                0xc0003446                EE_tc_safety_endinit_disable
 .text.EE_tc_safety_endinit_enable
                0xc0003466       0x20 libee.a(ee_tc2Yx_system.o)
                0xc0003466                EE_tc_safety_endinit_enable
 .text.EE_tc_system_timer_handler
                0xc0003486       0x4e libee.a(ee_tc2Yx_system.o)
                0xc0003486                EE_tc_system_timer_handler
 .text.EE_tc2Yx_initialize_system_timer
                0xc00034d4       0x7c libee.a(ee_tc2Yx_system.o)
                0xc00034d4                EE_tc2Yx_initialize_system_timer
 .text.EE_tc2Yx_configure_clock
                0xc0003550      0x10c libee.a(ee_tc2Yx_system.o)
                0xc0003550                EE_tc2Yx_configure_clock
 .text.EE_tc2Yx_stm_set_clockpersec
                0xc000365c       0xaa libee.a(ee_tc2Yx_system.o)
                0xc000365c                EE_tc2Yx_stm_set_clockpersec
 .text.EE_tc_dummy_context
                0xc0003706       0x32 libee.a(ee_tc_oo.o)
 .text.EE_hal_terminate_task
                0xc0003738       0x5c libee.a(ee_tc_oo.o)
                0xc0003738                EE_hal_terminate_task
 .text.EE_hal_terminate_savestk
                0xc0003794        0x8 libee.a(ee_tc_oo.o)
                0xc0003794                EE_hal_terminate_savestk
 .text.EE_thread_not_terminated
                0xc000379c       0x18 libee.a(ee_tnterm.o)
                0xc000379c                EE_thread_not_terminated
 .text.EE_oo_release_all_resources
                0xc00037b4       0x64 libee.a(ee_ulockallres.o)
                0xc00037b4                EE_oo_release_all_resources
 .text.sprintf  0xc0003818       0x36 c:/hightec/toolch~1/tricore/v4660-~1.1/bin/../lib/gcc/tricore/4.6.4/../../../../tricore/lib/tc161/short-double\libc.a(lib_a-sprintf.o)
                0xc0003818                sprintf
 .text.strlen   0xc000384e       0x16 c:/hightec/toolch~1/tricore/v4660-~1.1/bin/../lib/gcc/tricore/4.6.4/../../../../tricore/lib/tc161/short-double\libc.a(lib_a-strlen.o)
                0xc000384e                strlen
 .text._svfprintf_r
                0xc0003864     0x127c c:/hightec/toolch~1/tricore/v4660-~1.1/bin/../lib/gcc/tricore/4.6.4/../../../../tricore/lib/tc161/short-double\libc.a(lib_a-svfprintf.o)
                0xc0003864                _svfprintf_r
 .text.quorem   0xc0004ae0      0x112 c:/hightec/toolch~1/tricore/v4660-~1.1/bin/../lib/gcc/tricore/4.6.4/../../../../tricore/lib/tc161/short-double\libc.a(lib_a-dtoa.o)
 *fill*         0xc0004bf2        0x2 00
 .text._dtoa_r  0xc0004bf4      0xa84 c:/hightec/toolch~1/tricore/v4660-~1.1/bin/../lib/gcc/tricore/4.6.4/../../../../tricore/lib/tc161/short-double\libc.a(lib_a-dtoa.o)
                0xc0004bf4                _dtoa_r
 .text._localeconv_r
                0xc0005678        0xa c:/hightec/toolch~1/tricore/v4660-~1.1/bin/../lib/gcc/tricore/4.6.4/../../../../tricore/lib/tc161/short-double\libc.a(lib_a-locale.o)
                0xc0005678                _localeconv_r
 .text._malloc_r
                0xc0005682      0x504 c:/hightec/toolch~1/tricore/v4660-~1.1/bin/../lib/gcc/tricore/4.6.4/../../../../tricore/lib/tc161/short-double\libc.a(lib_a-mallocr.o)
                0xc0005682                _malloc_r
 .text.memchr   0xc0005b86       0x16 c:/hightec/toolch~1/tricore/v4660-~1.1/bin/../lib/gcc/tricore/4.6.4/../../../../tricore/lib/tc161/short-double\libc.a(lib_a-memchr.o)
                0xc0005b86                memchr
 .text.memcpy   0xc0005b9c       0x12 c:/hightec/toolch~1/tricore/v4660-~1.1/bin/../lib/gcc/tricore/4.6.4/../../../../tricore/lib/tc161/short-double\libc.a(lib_a-memcpy.o)
                0xc0005b9c                memcpy
 .text.__malloc_lock
                0xc0005bae        0x2 c:/hightec/toolch~1/tricore/v4660-~1.1/bin/../lib/gcc/tricore/4.6.4/../../../../tricore/lib/tc161/short-double\libc.a(lib_a-mlock.o)
                0xc0005bae                __malloc_lock
 .text.__malloc_unlock
                0xc0005bb0        0x2 c:/hightec/toolch~1/tricore/v4660-~1.1/bin/../lib/gcc/tricore/4.6.4/../../../../tricore/lib/tc161/short-double\libc.a(lib_a-mlock.o)
                0xc0005bb0                __malloc_unlock
 .text._Balloc  0xc0005bb2       0x54 c:/hightec/toolch~1/tricore/v4660-~1.1/bin/../lib/gcc/tricore/4.6.4/../../../../tricore/lib/tc161/short-double\libc.a(lib_a-mprec.o)
                0xc0005bb2                _Balloc
 .text._Bfree   0xc0005c06       0x12 c:/hightec/toolch~1/tricore/v4660-~1.1/bin/../lib/gcc/tricore/4.6.4/../../../../tricore/lib/tc161/short-double\libc.a(lib_a-mprec.o)
                0xc0005c06                _Bfree
 .text.__multadd
                0xc0005c18       0x7e c:/hightec/toolch~1/tricore/v4660-~1.1/bin/../lib/gcc/tricore/4.6.4/../../../../tricore/lib/tc161/short-double\libc.a(lib_a-mprec.o)
                0xc0005c18                __multadd
 .text.__hi0bits
                0xc0005c96       0x42 c:/hightec/toolch~1/tricore/v4660-~1.1/bin/../lib/gcc/tricore/4.6.4/../../../../tricore/lib/tc161/short-double\libc.a(lib_a-mprec.o)
                0xc0005c96                __hi0bits
 .text.__lo0bits
                0xc0005cd8       0x66 c:/hightec/toolch~1/tricore/v4660-~1.1/bin/../lib/gcc/tricore/4.6.4/../../../../tricore/lib/tc161/short-double\libc.a(lib_a-mprec.o)
                0xc0005cd8                __lo0bits
 .text.__i2b    0xc0005d3e       0x10 c:/hightec/toolch~1/tricore/v4660-~1.1/bin/../lib/gcc/tricore/4.6.4/../../../../tricore/lib/tc161/short-double\libc.a(lib_a-mprec.o)
                0xc0005d3e                __i2b
 .text.__multiply
                0xc0005d4e      0x126 c:/hightec/toolch~1/tricore/v4660-~1.1/bin/../lib/gcc/tricore/4.6.4/../../../../tricore/lib/tc161/short-double\libc.a(lib_a-mprec.o)
                0xc0005d4e                __multiply
 .text.__pow5mult
                0xc0005e74       0x80 c:/hightec/toolch~1/tricore/v4660-~1.1/bin/../lib/gcc/tricore/4.6.4/../../../../tricore/lib/tc161/short-double\libc.a(lib_a-mprec.o)
                0xc0005e74                __pow5mult
 .text.__lshift
                0xc0005ef4       0xaa c:/hightec/toolch~1/tricore/v4660-~1.1/bin/../lib/gcc/tricore/4.6.4/../../../../tricore/lib/tc161/short-double\libc.a(lib_a-mprec.o)
                0xc0005ef4                __lshift
 .text.__mcmp   0xc0005f9e       0x3c c:/hightec/toolch~1/tricore/v4660-~1.1/bin/../lib/gcc/tricore/4.6.4/../../../../tricore/lib/tc161/short-double\libc.a(lib_a-mprec.o)
                0xc0005f9e                __mcmp
 .text.__mdiff  0xc0005fda       0xc8 c:/hightec/toolch~1/tricore/v4660-~1.1/bin/../lib/gcc/tricore/4.6.4/../../../../tricore/lib/tc161/short-double\libc.a(lib_a-mprec.o)
                0xc0005fda                __mdiff
 .text.__d2b    0xc00060a2       0x5c c:/hightec/toolch~1/tricore/v4660-~1.1/bin/../lib/gcc/tricore/4.6.4/../../../../tricore/lib/tc161/short-double\libc.a(lib_a-mprec.o)
                0xc00060a2                __d2b
 .text._sbrk_r  0xc00060fe       0x1e c:/hightec/toolch~1/tricore/v4660-~1.1/bin/../lib/gcc/tricore/4.6.4/../../../../tricore/lib/tc161/short-double\libc.a(lib_a-sbrkr.o)
                0xc00060fe                _sbrk_r
 .text.__fpclassifyf
                0xc000611c       0x56 c:/hightec/toolch~1/tricore/v4660-~1.1/bin/../lib/gcc/tricore/4.6.4/../../../../tricore/lib/tc161/short-double\libc.a(lib_a-sf_fpclassify.o)
                0xc000611c                __fpclassifyf
 .text.__ssprint_r
                0xc0006172       0xe2 c:/hightec/toolch~1/tricore/v4660-~1.1/bin/../lib/gcc/tricore/4.6.4/../../../../tricore/lib/tc161/short-double\libc.a(lib_a-svfiprintf.o)
                0xc0006172                __ssprint_r
 .text._calloc_r
                0xc0006254       0x5e c:/hightec/toolch~1/tricore/v4660-~1.1/bin/../lib/gcc/tricore/4.6.4/../../../../tricore/lib/tc161/short-double\libc.a(lib_a-callocr.o)
                0xc0006254                _calloc_r
 .text._malloc_trim_r
                0xc00062b2       0xb4 c:/hightec/toolch~1/tricore/v4660-~1.1/bin/../lib/gcc/tricore/4.6.4/../../../../tricore/lib/tc161/short-double\libc.a(lib_a-freer.o)
                0xc00062b2                _malloc_trim_r
 .text._free_r  0xc0006366      0x1d4 c:/hightec/toolch~1/tricore/v4660-~1.1/bin/../lib/gcc/tricore/4.6.4/../../../../tricore/lib/tc161/short-double\libc.a(lib_a-freer.o)
                0xc0006366                _free_r
 .text.memmove  0xc000653a       0x4e c:/hightec/toolch~1/tricore/v4660-~1.1/bin/../lib/gcc/tricore/4.6.4/../../../../tricore/lib/tc161/short-double\libc.a(lib_a-memmove.o)
                0xc000653a                memmove
 .text.memset   0xc0006588        0xe c:/hightec/toolch~1/tricore/v4660-~1.1/bin/../lib/gcc/tricore/4.6.4/../../../../tricore/lib/tc161/short-double\libc.a(lib_a-memset.o)
                0xc0006588                memset
 .text._realloc_r
                0xc0006596      0x358 c:/hightec/toolch~1/tricore/v4660-~1.1/bin/../lib/gcc/tricore/4.6.4/../../../../tricore/lib/tc161/short-double\libc.a(lib_a-reallocr.o)
                0xc0006596                _realloc_r
 .text._exit    0xc00068ee       0x10 c:/hightec/toolch~1/tricore/v4660-~1.1/bin/../lib/gcc/tricore/4.6.4/../../../../tricore/lib/tc161/short-double\libos.a(libos_exit.o)
                0xc00068ee                _exit
 .text.sbrk     0xc00068fe       0x40 c:/hightec/toolch~1/tricore/v4660-~1.1/bin/../lib/gcc/tricore/4.6.4/../../../../tricore/lib/tc161/short-double\libos.a(libos_sbrk.o)
                0xc00068fe                sbrk
 .text.__errno  0xc000693e        0xa c:/hightec/toolch~1/tricore/v4660-~1.1/bin/../lib/gcc/tricore/4.6.4/../../../../tricore/lib/tc161/short-double\libos.a(libos.o)
                0xc000693e                __errno
 .text.abort    0xc0006948       0x12 c:/hightec/toolch~1/tricore/v4660-~1.1/bin/../lib/gcc/tricore/4.6.4/../../../../tricore/lib/tc161/short-double\libos.a(libos_abort.o)
                0xc0006948                abort
 .text.__truncdfsf2
                0xc000695a       0x34 c:/hightec/toolch~1/tricore/v4660-~1.1/bin/../lib/gcc/tricore/4.6.4/tc161/short-double\libgcc.a(_df_to_sf.o)
                0xc000695a                __truncdfsf2
 .text.__udivdi3
                0xc000698e       0xa0 c:/hightec/toolch~1/tricore/v4660-~1.1/bin/../lib/gcc/tricore/4.6.4/tc161/short-double\libgcc.a(udivdi3.o)
                0xc000698e                __udivdi3
 .text.__umoddi3
                0xc0006a2e       0x2a c:/hightec/toolch~1/tricore/v4660-~1.1/bin/../lib/gcc/tricore/4.6.4/tc161/short-double\libgcc.a(umoddi3.o)
                0xc0006a2e                __umoddi3
 .text.libgcc   0xc0006a58       0x1a c:/hightec/toolch~1/tricore/v4660-~1.1/bin/../lib/gcc/tricore/4.6.4/tc161/short-double\libgcc.a(_ashldi3.o)
                0xc0006a58                __ashldi3
 .text.__make_fp
                0xc0006a72       0x16 c:/hightec/toolch~1/tricore/v4660-~1.1/bin/../lib/gcc/tricore/4.6.4/tc161/short-double\libgcc.a(_make_sf.o)
                0xc0006a72                __make_fp
 .text.__unpack_d
                0xc0006a88       0x92 c:/hightec/toolch~1/tricore/v4660-~1.1/bin/../lib/gcc/tricore/4.6.4/tc161/short-double\libgcc.a(_unpack_df.o)
                0xc0006a88                __unpack_d
 .text.__udiv6432
                0xc0006b1a       0xac c:/hightec/toolch~1/tricore/v4660-~1.1/bin/../lib/gcc/tricore/4.6.4/tc161/short-double\libgcc.a(udiv6432.o)
                0xc0006b1a                __udiv6432
 .text.__pack_f
                0xc0006bc6       0xc0 c:/hightec/toolch~1/tricore/v4660-~1.1/bin/../lib/gcc/tricore/4.6.4/tc161/short-double\libgcc.a(_pack_sf.o)
                0xc0006bc6                __pack_f
 *(.gnu.linkonce.t.*)
 *(.gnu.warning)
                0xc0006c88                . = ALIGN (0x8)
 *fill*         0xc0006c86        0x2 00

.eh_frame       memory region -> PMI_PSPR
                0xc0006c88        0x0
 *(.gcc_except_table)
                0xc0006c88                __EH_FRAME_BEGIN__ = .
 *(.eh_frame)
                0xc0006c88                __EH_FRAME_END__ = .
 *(.jcr)
                0xc0006c88                . = ALIGN (0x8)

.ee_api_text    memory region -> PMI_PSPR
                0xc0006c88       0x18
                0xc0006c88                PROVIDE (ee_stext_api, .)
 *(ee_api_text)
                0xc0006c89                . = (. + 0x1)
 *fill*         0xc0006c88        0x1 00
                0xc0006c90                . = ALIGN (0x8)
 *fill*         0xc0006c89        0x7 00
                0xc0006c90                PROVIDE (ee_etext_api, .)
                0xc0006c9f                . = (. + 0xf)
 *fill*         0xc0006c90        0xf 00
                0xc0006ca0                . = ALIGN (0x8)
 *fill*         0xc0006c9f        0x1 00

.ee_kernel_text memory region -> PMI_PSPR
                0xc0006ca0       0x18
                0xc0006ca0                PROVIDE (ee_stext_kernel, .)
 *(ee_kernel_text)
                0xc0006ca1                . = (. + 0x1)
 *fill*         0xc0006ca0        0x1 00
                0xc0006ca8                . = ALIGN (0x8)
 *fill*         0xc0006ca1        0x7 00
                0xc0006ca8                PROVIDE (ee_etext_kernel, .)
                0xc0006cb7                . = (. + 0xf)
 *fill*         0xc0006ca8        0xf 00
                0xc0006cb8                . = ALIGN (0x8)
 *fill*         0xc0006cb7        0x1 00

.ctors          memory region -> PMI_PSPR
                0xc0006cb8        0x8
                0xc0006cb8                __CTOR_LIST__ = .
                0xc0006cb8        0x4 LONG 0x0 (((__CTOR_END__ - __CTOR_LIST__) / 0x4) - 0x2)
 *(.ctors)
                0xc0006cbc        0x4 LONG 0x0
                0xc0006cc0                __CTOR_END__ = .
                0xc0006cc0                . = ALIGN (0x8)

.dtors          memory region -> PMI_PSPR
                0xc0006cc0        0x8
                0xc0006cc0                __DTOR_LIST__ = .
                0xc0006cc0        0x4 LONG 0x0 (((__DTOR_END__ - __DTOR_LIST__) / 0x4) - 0x2)
 *(.dtors)
                0xc0006cc4        0x4 LONG 0x0
                0xc0006cc8                __DTOR_END__ = .
                0xc0006cc8                . = ALIGN (0x8)

.zbss           memory region -> DMI_DSPR
                0xd0000000        0x0
                0xd0000000                ZBSS_BASE = .
 *(.zbss)
 *(.zbss.*)
 *(.gnu.linkonce.zb.*)
 *(.bbss)
 *(.bbss.*)
                0xd0000000                . = ALIGN (0x8)
                0xd0000000                ZBSS_END = .

.zdata          memory region -> DMI_DSPR
                0xd0000000        0x0
                0xd0000000                ZDATA_BASE = .
 *(.zrodata)
 *(.zrodata.*)
 *(.zdata)
 *(.zdata.*)
 *(.gnu.linkonce.z.*)
 *(.bdata)
 *(.bdata.*)
                0xd0000000                . = ALIGN (0x8)
                0xd0000000                ZDATA_END = .

.sbss           memory region -> DMI_DSPR
                0xd0000000        0x0
                0xd0000000                PROVIDE (__sbss_start, .)
 *(.sbss)
                0xd0000000                _CONFIG_BEGIN_ = .
 *(.sbss.CONFIG)
                0xd0000000                _CONFIG_END_ = .
 *(.sbss.*)
 *(.gnu.linkonce.sb.*)
                0xd0000000                PROVIDE (__sbss_end, .)
                0xd0000000                . = ALIGN (0x8)

.sdata          memory region -> DMI_DSPR
                0xd0000000        0x0
                0xd0000000                SDATA_BASE = .
                0xd0000000                PROVIDE (__sdata_start, .)
 *(.sdata)
 *(.sdata.*)
 *(.gnu.linkonce.s.*)
                0xd0000000                . = ALIGN (0x8)

.sdata2         memory region -> DMI_DSPR
                0xd0000000        0x0
 *(.sdata.rodata)
 *(.sdata.rodata.*)
                0xd0000000                . = ALIGN (0x8)
                0xd0008000                _SMALL_DATA2_ = SIZEOF (.sdata2)?(ADDR (.sdata2) + 0x8000):((ADDR (.sdata2) & 0xf0000000) + 0x8000)
                0xd0008000                __A1_MEM = _SMALL_DATA2_

ee_mcglobalc    memory region -> DMI_DSPR
                0xd0000000        0x0
                0xd0000000                PROVIDE (ee_mcglobalc_begin, .)
 *(ee_mcglobalc)
                0xd0000000                . = ALIGN (0x8)
                0xd0000000                PROVIDE (ee_mcglobalc_end, .)

.rodata         memory region -> DMI_DSPR
                0xd0000000      0x200
                0xd0000000                PROVIDE (__rodata_start, .)
 *(.rodata)
 .rodata        0xd0000000        0xf obj/src/code.o
 .rodata        0xd000000f       0x54 c:/hightec/toolch~1/tricore/v4660-~1.1/bin/../lib/gcc/tricore/4.6.4/../../../../tricore/lib/tc161/short-double\libc.a(lib_a-svfprintf.o)
 .rodata        0xd0000063        0xf c:/hightec/toolch~1/tricore/v4660-~1.1/bin/../lib/gcc/tricore/4.6.4/../../../../tricore/lib/tc161/short-double\libc.a(lib_a-dtoa.o)
 *fill*         0xd0000072        0x2 00
 .rodata        0xd0000074        0x8 c:/hightec/toolch~1/tricore/v4660-~1.1/bin/../lib/gcc/tricore/4.6.4/../../../../tricore/lib/tc161/short-double\libc.a(lib_a-impure.o)
                0xd0000074                _global_impure_ptr
 .rodata        0xd000007c       0x44 c:/hightec/toolch~1/tricore/v4660-~1.1/bin/../lib/gcc/tricore/4.6.4/../../../../tricore/lib/tc161/short-double\libc.a(lib_a-locale.o)
 .rodata        0xd00000c0       0x80 c:/hightec/toolch~1/tricore/v4660-~1.1/bin/../lib/gcc/tricore/4.6.4/../../../../tricore/lib/tc161/short-double\libc.a(lib_a-mprec.o)
                0xd00000c0                __mprec_tinytens
                0xd00000c8                __mprec_bigtens
                0xd00000d0                __mprec_tens
 *(.rodata.*)
 .rodata.EE_oo_autostart_alarm_cycle
                0xd0000140        0x8 obj/eecfg.o
                0xd0000140                EE_oo_autostart_alarm_cycle
 .rodata.EE_oo_autostart_alarm_increment
                0xd0000148        0x8 obj/eecfg.o
                0xd0000148                EE_oo_autostart_alarm_increment
 .rodata.EE_oo_autostart_alarm_data
                0xd0000150        0x8 obj/eecfg.o
                0xd0000150                EE_oo_autostart_alarm_data
 .rodata.EE_oo_autostart_task_data
                0xd0000158        0x8 obj/eecfg.o
                0xd0000158                EE_oo_autostart_task_data
 .rodata.EE_oo_action_ROM
                0xd0000160       0x28 obj/eecfg.o
                0xd0000160                EE_oo_action_ROM
 .rodata.EE_oo_counter_object_ROM
                0xd0000188       0x18 obj/eecfg.o
                0xd0000188                EE_oo_counter_object_ROM
 .rodata.EE_alarm_ROM
                0xd00001a0        0x8 obj/eecfg.o
                0xd00001a0                EE_alarm_ROM
 .rodata.EE_counter_ROM
                0xd00001a8        0xc obj/eecfg.o
                0xd00001a8                EE_counter_ROM
 .rodata.EE_resource_ceiling
                0xd00001b4        0x4 obj/eecfg.o
                0xd00001b4                EE_resource_ceiling
 .rodata.EE_th_is_extended
                0xd00001b8        0x8 obj/eecfg.o
                0xd00001b8                EE_th_is_extended
 .rodata.EE_th_dispatch_prio
                0xd00001c0        0x8 obj/eecfg.o
                0xd00001c0                EE_th_dispatch_prio
 .rodata.EE_th_ready_prio
                0xd00001c8        0x8 obj/eecfg.o
                0xd00001c8                EE_th_ready_prio
 .rodata.EE_terminate_real_th_body
                0xd00001d0        0x8 obj/eecfg.o
                0xd00001d0                EE_terminate_real_th_body
 .rodata.EE_std_thread_tos
                0xd00001d8        0xc obj/eecfg.o
                0xd00001d8                EE_std_thread_tos
 .rodata.EE_oo_autostart_alarm_mode_OSDEFAULTAPPMODE
                0xd00001e4        0x8 obj/eecfg.o
 .rodata.EE_oo_autostart_task_mode_OSDEFAULTAPPMODE
                0xd00001ec        0x4 obj/eecfg.o
 .rodata.FONT_STANDARD
                0xd00001f0       0x10 libee.a(font1.o)
                0xd00001f0                FONT_STANDARD
 *(.gnu.linkonce.r.*)
 *(.rodata1)
 *(.toc)
                0xd0000200                . = ALIGN (0x8)

.bss            memory region -> DMI_DSPR
                0xd0000200    0x12d68
                0xd0000200                BSS_BASE = .
                0xd0000200                PROVIDE (__bss_start, .)
 *(.bss)
 .bss           0xd0000200       0x38 c:/hightec/toolch~1/tricore/v4660-~1.1/bin/../lib/gcc/tricore/4.6.4/../../../../tricore/lib/tc161/short-double\libc.a(lib_a-mallocr.o)
                0xd0000200                __malloc_current_mallinfo
                0xd0000228                __malloc_max_total_mem
                0xd000022c                __malloc_max_sbrked_mem
                0xd0000230                __malloc_top_pad
 .bss           0xd0000238        0x8 c:/hightec/toolch~1/tricore/v4660-~1.1/bin/../lib/gcc/tricore/4.6.4/../../../../tricore/lib/tc161/short-double\libc.a(lib_a-reent.o)
                0xd0000238                errno
 .bss           0xd0000240        0x8 c:/hightec/toolch~1/tricore/v4660-~1.1/bin/../lib/gcc/tricore/4.6.4/../../../../tricore/lib/tc161/short-double\libos.a(libos.o)
                0xd0000240                _my_errno
 *(.bss.*)
 .bss.EE_ApplicationMode
                0xd0000248        0x4 obj/eecfg.o
                0xd0000248                EE_ApplicationMode
 .bss.EE_oo_counter_object_RAM
                0xd000024c       0x20 obj/eecfg.o
                0xd000024c                EE_oo_counter_object_RAM
 .bss.EE_resource_oldceiling
                0xd000026c        0x4 obj/eecfg.o
                0xd000026c                EE_resource_oldceiling
 .bss.EE_resource_locked
                0xd0000270        0x4 obj/eecfg.o
                0xd0000270                EE_resource_locked
 .bss.EE_th_waswaiting
                0xd0000274        0x8 obj/eecfg.o
                0xd0000274                EE_th_waswaiting
 .bss.EE_th_event_waitmask
                0xd000027c        0x8 obj/eecfg.o
                0xd000027c                EE_th_event_waitmask
 .bss.EE_th_event_active
                0xd0000284        0x8 obj/eecfg.o
                0xd0000284                EE_th_event_active
 .bss.EE_sys_ceiling
                0xd000028c        0x4 obj/eecfg.o
                0xd000028c                EE_sys_ceiling
 .bss.EE_terminate_data
                0xd0000290        0x8 obj/eecfg.o
                0xd0000290                EE_terminate_data
 .bss.EE_tc_tasks_RA
                0xd0000298        0xc obj/eecfg.o
                0xd0000298                EE_tc_tasks_RA
 .bss.EE_tc_active_tos
                0xd00002a4        0x4 obj/eecfg.o
                0xd00002a4                EE_tc_active_tos
 .bss.clock     0xd00002a8        0x4 obj/src/code.o
                0xd00002a8                clock
 .bss.tft_id    0xd00002ac        0x2 libee.a(display.o)
                0xd00002ac                tft_id
 *fill*         0xd00002ae        0x2 00
 .bss.defaultDispBufReady
                0xd00002b0        0x4 libee.a(display.o)
                0xd00002b0                defaultDispBufReady
 .bss.BackgroundColor
                0xd00002b4        0x1 libee.a(display.o)
                0xd00002b4                BackgroundColor
 *fill*         0xd00002b5        0x1 00
 .bss.colorTable
                0xd00002b6       0x96 libee.a(display.o)
                0xd00002b6                colorTable
 .bss.frameBuffer
                0xd000034c    0x12c00 libee.a(display.o)
                0xd000034c                frameBuffer
 .bss.EE_tc_active_utid
                0xd0012f4c        0x4 libee.a(ee_tc_context.o)
                0xd0012f4c                EE_tc_active_utid
 .bss.EE_oo_IRQ_disable_count
                0xd0012f50        0x4 libee.a(ee_lookup.o)
                0xd0012f50                EE_oo_IRQ_disable_count
 .bss.EE_oo_started
                0xd0012f54        0x4 libee.a(ee_startos.o)
                0xd0012f54                EE_oo_started
 .bss.EE_tc2Yx_stm_freq_khz
                0xd0012f58        0x4 libee.a(ee_tc2Yx_system.o)
 .bss.EE_std_endcycle_next_tid
                0xd0012f5c        0x4 libee.a(ee_hal_structs.o)
                0xd0012f5c                EE_std_endcycle_next_tid
 .bss.EE_IRQ_nesting_level
                0xd0012f60        0x4 libee.a(ee_hal_structs.o)
                0xd0012f60                EE_IRQ_nesting_level
 *(.gnu.linkonce.b.*)
 *(COMMON)
                0xd0012f64                PROVIDE (__bss_end, .)
                0xd0012f68                . = ALIGN (0x8)
 *fill*         0xd0012f64        0x4 00

.data           memory region -> DMI_DSPR
                0xd0012f68     0x1498
                0xd0012f68                PROVIDE (__data_start, .)
                0xd0012f68                DATA_BASE = .
 *(.data)
 .data          0xd0012f68      0x428 c:/hightec/toolch~1/tricore/v4660-~1.1/bin/../lib/gcc/tricore/4.6.4/../../../../tricore/lib/tc161/short-double\libc.a(lib_a-impure.o)
                0xd0012f68                _impure_ptr
 .data          0xd0013390      0x410 c:/hightec/toolch~1/tricore/v4660-~1.1/bin/../lib/gcc/tricore/4.6.4/../../../../tricore/lib/tc161/short-double\libc.a(lib_a-mallocr.o)
                0xd0013390                __malloc_sbrk_base
                0xd0013394                __malloc_trim_threshold
                0xd0013398                __malloc_av_
 .data          0xd00137a0        0x8 c:/hightec/toolch~1/tricore/v4660-~1.1/bin/../lib/gcc/tricore/4.6.4/../../../../tricore/lib/tc161/short-double\libos.a(libos_sbrk.o)
 *(.data.*)
 .data.EE_counter_RAM
                0xd00137a8        0x8 obj/eecfg.o
                0xd00137a8                EE_counter_RAM
 .data.EE_resource_stack
                0xd00137b0        0x4 obj/eecfg.o
                0xd00137b0                EE_resource_stack
 .data.EE_th_resource_last
                0xd00137b4        0x8 obj/eecfg.o
                0xd00137b4                EE_th_resource_last
 .data.EE_th_terminate_nextask
                0xd00137bc        0x8 obj/eecfg.o
                0xd00137bc                EE_th_terminate_nextask
 .data.EE_rq_first
                0xd00137c4        0x4 obj/eecfg.o
                0xd00137c4                EE_rq_first
 .data.EE_th_rnact
                0xd00137c8        0x8 obj/eecfg.o
                0xd00137c8                EE_th_rnact
 .data.EE_stkfirst
                0xd00137d0        0x4 obj/eecfg.o
                0xd00137d0                EE_stkfirst
 .data.EE_th_next
                0xd00137d4        0x8 obj/eecfg.o
                0xd00137d4                EE_th_next
 .data.EE_th_status
                0xd00137dc        0x8 obj/eecfg.o
                0xd00137dc                EE_th_status
 .data.EE_tc_IRQ_tos
                0xd00137e4        0x4 obj/eecfg.o
                0xd00137e4                EE_tc_IRQ_tos
 .data.EE_tc_system_tos
                0xd00137e8       0x18 obj/eecfg.o
                0xd00137e8                EE_tc_system_tos
 .data.standard_bitmap
                0xd0013800      0xc00 libee.a(font1.o)
                0xd0013800                standard_bitmap
 *(.gnu.linkonce.d.*)
                0xd0014400                . = ALIGN (0x8)
                0xd0014400                DATA_END = .
                0xd0014400                PROVIDE (__data_end, .)

.ustack         memory region -> DMI_DSPR
                0xd0014400     0x2000
                0xd0014400                PROVIDE (__USTACK_BEGIN, .)
                0xd0016400                . = (. + __USTACK_SIZE)
 *fill*         0xd0014400     0x2000 00
                0xd0016400                . = ALIGN (0x8)
                0xd0016400                PROVIDE (__USTACK, .)
                0xd0016400                PROVIDE (__USTACK_END, .)

.istack         memory region -> DMI_DSPR
                0xd0016400        0x0
                0xd0016400                PROVIDE (__ISTACK_BEGIN, .)
                0xd0016400                . = (. + __ISTACK_SIZE)
                0xd0016400                . = ALIGN (0x8)
                0xd0016400                PROVIDE (__ISTACK, .)
                0xd0016400                PROVIDE (__ISTACK_END, .)

.heap           memory region -> DMI_DSPR
                0xd0016400        0x0
                0xd0016400                PROVIDE (__HEAP_BEGIN, .)
                0xd0016400                PROVIDE (__HEAP, .)
                0xd0016400                . = (. + __HEAP_SIZE)
                0xd0016400                . = ALIGN (0x8)
                0xd0016400                PROVIDE (__HEAP_END, .)

.csa            memory region -> DMI_DSPR
                0xd0016400     0x4000
                0xd0016400                PROVIDE (__CSA_BEGIN, .)
                0xd0016400                PROVIDE (__CSA, .)
                0xd001a400                . = (. + __CSA_SIZE)
 *fill*         0xd0016400     0x4000 00
                0xd001a400                . = ALIGN (0x40)
                0xd001a400                PROVIDE (__CSA_END, .)

.ee_api_bss     memory region -> DMI_DSPR
                0xd001a400        0x0
                0xd001a400                PROVIDE (ee_sbss_api, .)
 *(ee_api_bss)
                0xd001a400                PROVIDE (ee_ebss_api, .)
                0xd001a400                . = ALIGN (0x8)

.ee_api_data    memory region -> DMI_DSPR
                0xd001a400       0x18
                0xd001a400                PROVIDE (ee_sdata_api, .)
 *(ee_api_data)
                0xd001a401                . = (. + 0x1)
 *fill*         0xd001a400        0x1 00
                0xd001a408                . = ALIGN (0x8)
 *fill*         0xd001a401        0x7 00
                0xd001a408                PROVIDE (ee_edata_api, .)
                0xd001a417                . = (. + 0xf)
 *fill*         0xd001a408        0xf 00
                0xd001a418                . = ALIGN (0x8)
 *fill*         0xd001a417        0x1 00

.ee_kernel_bss  memory region -> DMI_DSPR
                0xd001a418        0x0
                0xd001a418                PROVIDE (ee_sbss_kernel, .)
 *(ee_kernel_bss)
                0xd001a418                PROVIDE (ee_ebss_kernel, .)
                0xd001a418                . = ALIGN (0x8)

.ee_kernel_data memory region -> DMI_DSPR
                0xd001a418       0x18
                0xd001a418                PROVIDE (ee_sdata_kernel, .)
 *(ee_kernel_data)
                0xd001a419                . = (. + 0x1)
 *fill*         0xd001a418        0x1 00
                0xd001a420                . = ALIGN (0x8)
 *fill*         0xd001a419        0x7 00
                0xd001a420                PROVIDE (ee_edata_kernel, .)
                0xd001a42f                . = (. + 0xf)
 *fill*         0xd001a420        0xf 00
                0xd001a430                . = ALIGN (0x8)
 *fill*         0xd001a42f        0x1 00

.ee_kernel_stack memory region -> DMI_DSPR
                0xd001a430      0x328
                0xd001a430                PROVIDE (ee_sstack_kernel, .)
 *(ee_kernel_stack)
 ee_kernel_stack
                0xd001a430      0x318 obj/eecfg.o
                0xd001a430                EE_tc_stack_3
                0xd001a538                EE_tc_stack_2
                0xd001a640                EE_tc_stack_1
                0xd001a757                . = (. + 0xf)
 *fill*         0xd001a748        0xf 00
                0xd001a758                . = ALIGN (0x8)
 *fill*         0xd001a757        0x1 00
                0xd001a758                PROVIDE (ee_estack_kernel, .)

ee_mcglobald    memory region -> LMU_SRAM
                0x90000000        0x0
                0x90000000                PROVIDE (ee_mcglobald_begin, .)
 *(ee_mcglobald)
                0x90000000                . = ALIGN (0x8)
                0x90000000                PROVIDE (ee_mcglobald_end, .)

.ee_end         memory region -> DMI_DSPR
                0xd001a758        0x0
                0xc0000000                PROVIDE (ee_sall_code, BootModeIndex)
                0xc0006cc8                PROVIDE (ee_eall_code, (ADDR (.dtors) + SIZEOF (.dtors)))
                0xd0000000                PROVIDE (ee_skernel_ram, __DMI_DSPR_BEGIN)
                0xd001a758                PROVIDE (ee_ekernel_ram, .)
                0xc0006ca0                PROVIDE (ee_skernel_code, ADDR (.ee_kernel_text))
                0xc0006cb8                PROVIDE (ee_ekernel_code, (ADDR (.ee_kernel_text) + SIZEOF (.ee_kernel_text)))
                0xd0000000                PROVIDE (ee_sapi_const, ADDR (.sdata2))
                0xd0000200                PROVIDE (ee_eapi_const, (ADDR (.rodata) + SIZEOF (.rodata)))
                0xd001a400                PROVIDE (ee_sapi_ram, ADDR (.ee_api_bss))
                0xd001a418                PROVIDE (ee_eapi_ram, (ADDR (.ee_api_data) + SIZEOF (.ee_api_data)))
                0xc0006c88                PROVIDE (ee_sapi_code, ADDR (.ee_api_text))
                0xc0006ca0                PROVIDE (ee_eapi_code, (ADDR (.ee_api_text) + SIZEOF (.ee_api_text)))
                0x00000001                _. = ASSERT (((__CSA_BEGIN & 0x3f) == 0x0), illegal CSA start address)
                0x00000001                _. = ASSERT (((__CSA_SIZE & 0x3f) == 0x0), illegal CSA size)
                0x00000001                _. = ASSERT (((__ISTACK & 0x7) == 0x0), ISTACK not doubleword aligned)
                0x00000001                _. = ASSERT (((__USTACK & 0x7) == 0x0), USTACK not doubleword aligned)
                0x00000001                _. = ASSERT (((__HEAP_END & 0x7) == 0x0), HEAP not doubleword aligned)
                [0x00000000]                NULL = DEFINED (NULL)?NULL:0x0

.comment        memory region -> *default*
                0x00000000       0x47
 *(.comment)
 .comment       0x00000000       0x47 obj/pkg/mcu/infineon_common_tc2Yx/src/ee_tc2Yx_cstart.o
                                 0x48 (size before relaxing)
 .comment       0x00000000       0x48 obj/eecfg.o
 .comment       0x00000000       0x48 obj/src/code.o
 .comment       0x00000000       0x48 libee.a(display.o)
 .comment       0x00000000       0x48 libee.a(graph.o)
 .comment       0x00000000       0x48 libee.a(font1.o)
 .comment       0x00000000       0x48 libee.a(util.o)
 .comment       0x00000000       0x48 libee.a(ee_tc_trapvec.o)
 .comment       0x00000000       0x48 libee.a(ee_tc_intvec.o)
 .comment       0x00000000       0x48 libee.a(ee_tc_context.o)
 .comment       0x00000000       0x48 libee.a(ee_terminat.o)
 .comment       0x00000000       0x48 libee.a(ee_thendin.o)
 .comment       0x00000000       0x48 libee.a(ee_irqendin.o)
 .comment       0x00000000       0x48 libee.a(ee_tstub.o)
 .comment       0x00000000       0x48 libee.a(ee_lookup.o)
 .comment       0x00000000       0x48 libee.a(ee_rq_exchg.o)
 .comment       0x00000000       0x48 libee.a(ee_rq_inser.o)
 .comment       0x00000000       0x48 libee.a(ee_startos.o)
 .comment       0x00000000       0x48 libee.a(ee_lockres.o)
 .comment       0x00000000       0x48 libee.a(ee_ulockres.o)
 .comment       0x00000000       0x48 libee.a(ee_altick.o)
 .comment       0x00000000       0x48 libee.a(ee_tc2Yx_system.o)
 .comment       0x00000000       0x48 libee.a(ee_hal_structs.o)
 .comment       0x00000000       0x48 libee.a(ee_tc_oo.o)
 .comment       0x00000000       0x48 libee.a(ee_tnterm.o)
 .comment       0x00000000       0x48 libee.a(ee_ulockallres.o)
 .comment       0x00000000       0x48 c:/hightec/toolch~1/tricore/v4660-~1.1/bin/../lib/gcc/tricore/4.6.4/../../../../tricore/lib/tc161/short-double\libc.a(lib_a-sprintf.o)
 .comment       0x00000000       0x48 c:/hightec/toolch~1/tricore/v4660-~1.1/bin/../lib/gcc/tricore/4.6.4/../../../../tricore/lib/tc161/short-double\libc.a(lib_a-strlen.o)
 .comment       0x00000000       0x48 c:/hightec/toolch~1/tricore/v4660-~1.1/bin/../lib/gcc/tricore/4.6.4/../../../../tricore/lib/tc161/short-double\libc.a(lib_a-svfprintf.o)
 .comment       0x00000000       0x48 c:/hightec/toolch~1/tricore/v4660-~1.1/bin/../lib/gcc/tricore/4.6.4/../../../../tricore/lib/tc161/short-double\libc.a(lib_a-dtoa.o)
 .comment       0x00000000       0x48 c:/hightec/toolch~1/tricore/v4660-~1.1/bin/../lib/gcc/tricore/4.6.4/../../../../tricore/lib/tc161/short-double\libc.a(lib_a-impure.o)
 .comment       0x00000000       0x48 c:/hightec/toolch~1/tricore/v4660-~1.1/bin/../lib/gcc/tricore/4.6.4/../../../../tricore/lib/tc161/short-double\libc.a(lib_a-locale.o)
 .comment       0x00000000       0x48 c:/hightec/toolch~1/tricore/v4660-~1.1/bin/../lib/gcc/tricore/4.6.4/../../../../tricore/lib/tc161/short-double\libc.a(lib_a-mallocr.o)
 .comment       0x00000000       0x48 c:/hightec/toolch~1/tricore/v4660-~1.1/bin/../lib/gcc/tricore/4.6.4/../../../../tricore/lib/tc161/short-double\libc.a(lib_a-memchr.o)
 .comment       0x00000000       0x48 c:/hightec/toolch~1/tricore/v4660-~1.1/bin/../lib/gcc/tricore/4.6.4/../../../../tricore/lib/tc161/short-double\libc.a(lib_a-memcpy.o)
 .comment       0x00000000       0x48 c:/hightec/toolch~1/tricore/v4660-~1.1/bin/../lib/gcc/tricore/4.6.4/../../../../tricore/lib/tc161/short-double\libc.a(lib_a-mlock.o)
 .comment       0x00000000       0x48 c:/hightec/toolch~1/tricore/v4660-~1.1/bin/../lib/gcc/tricore/4.6.4/../../../../tricore/lib/tc161/short-double\libc.a(lib_a-mprec.o)
 .comment       0x00000000       0x48 c:/hightec/toolch~1/tricore/v4660-~1.1/bin/../lib/gcc/tricore/4.6.4/../../../../tricore/lib/tc161/short-double\libc.a(lib_a-sbrkr.o)
 .comment       0x00000000       0x48 c:/hightec/toolch~1/tricore/v4660-~1.1/bin/../lib/gcc/tricore/4.6.4/../../../../tricore/lib/tc161/short-double\libc.a(lib_a-sf_fpclassify.o)
 .comment       0x00000000       0x48 c:/hightec/toolch~1/tricore/v4660-~1.1/bin/../lib/gcc/tricore/4.6.4/../../../../tricore/lib/tc161/short-double\libc.a(lib_a-strcmp.o)
 .comment       0x00000000       0x48 c:/hightec/toolch~1/tricore/v4660-~1.1/bin/../lib/gcc/tricore/4.6.4/../../../../tricore/lib/tc161/short-double\libc.a(lib_a-svfiprintf.o)
 .comment       0x00000000       0x48 c:/hightec/toolch~1/tricore/v4660-~1.1/bin/../lib/gcc/tricore/4.6.4/../../../../tricore/lib/tc161/short-double\libc.a(lib_a-callocr.o)
 .comment       0x00000000       0x48 c:/hightec/toolch~1/tricore/v4660-~1.1/bin/../lib/gcc/tricore/4.6.4/../../../../tricore/lib/tc161/short-double\libc.a(lib_a-freer.o)
 .comment       0x00000000       0x48 c:/hightec/toolch~1/tricore/v4660-~1.1/bin/../lib/gcc/tricore/4.6.4/../../../../tricore/lib/tc161/short-double\libc.a(lib_a-memmove.o)
 .comment       0x00000000       0x48 c:/hightec/toolch~1/tricore/v4660-~1.1/bin/../lib/gcc/tricore/4.6.4/../../../../tricore/lib/tc161/short-double\libc.a(lib_a-memset.o)
 .comment       0x00000000       0x48 c:/hightec/toolch~1/tricore/v4660-~1.1/bin/../lib/gcc/tricore/4.6.4/../../../../tricore/lib/tc161/short-double\libc.a(lib_a-reallocr.o)
 .comment       0x00000000       0x48 c:/hightec/toolch~1/tricore/v4660-~1.1/bin/../lib/gcc/tricore/4.6.4/../../../../tricore/lib/tc161/short-double\libc.a(lib_a-reent.o)
 .comment       0x00000000       0x48 c:/hightec/toolch~1/tricore/v4660-~1.1/bin/../lib/gcc/tricore/4.6.4/../../../../tricore/lib/tc161/short-double\libos.a(libos_exit.o)
 .comment       0x00000000       0x48 c:/hightec/toolch~1/tricore/v4660-~1.1/bin/../lib/gcc/tricore/4.6.4/../../../../tricore/lib/tc161/short-double\libos.a(libos_sbrk.o)
 .comment       0x00000000       0x48 c:/hightec/toolch~1/tricore/v4660-~1.1/bin/../lib/gcc/tricore/4.6.4/../../../../tricore/lib/tc161/short-double\libos.a(libos.o)
 .comment       0x00000000       0x48 c:/hightec/toolch~1/tricore/v4660-~1.1/bin/../lib/gcc/tricore/4.6.4/../../../../tricore/lib/tc161/short-double\libos.a(libos_abort.o)
 .comment       0x00000000       0x48 c:/hightec/toolch~1/tricore/v4660-~1.1/bin/../lib/gcc/tricore/4.6.4/../../../../tricore/lib/tc161/short-double\libm.a(lib_a-sf_round.o)
 .comment       0x00000000       0x48 c:/hightec/toolch~1/tricore/v4660-~1.1/bin/../lib/gcc/tricore/4.6.4/tc161/short-double\libgcc.a(_df_to_sf.o)
 .comment       0x00000000       0x48 c:/hightec/toolch~1/tricore/v4660-~1.1/bin/../lib/gcc/tricore/4.6.4/tc161/short-double\libgcc.a(udivdi3.o)
 .comment       0x00000000       0x48 c:/hightec/toolch~1/tricore/v4660-~1.1/bin/../lib/gcc/tricore/4.6.4/tc161/short-double\libgcc.a(umoddi3.o)
 .comment       0x00000000       0x48 c:/hightec/toolch~1/tricore/v4660-~1.1/bin/../lib/gcc/tricore/4.6.4/tc161/short-double\libgcc.a(_make_sf.o)
 .comment       0x00000000       0x48 c:/hightec/toolch~1/tricore/v4660-~1.1/bin/../lib/gcc/tricore/4.6.4/tc161/short-double\libgcc.a(_unpack_df.o)
 .comment       0x00000000       0x48 c:/hightec/toolch~1/tricore/v4660-~1.1/bin/../lib/gcc/tricore/4.6.4/tc161/short-double\libgcc.a(udiv6432.o)
 .comment       0x00000000       0x48 c:/hightec/toolch~1/tricore/v4660-~1.1/bin/../lib/gcc/tricore/4.6.4/tc161/short-double\libgcc.a(_pack_sf.o)

.debug
 *(.debug)

.line
 *(.line)

.debug_srcinfo
 *(.debug_srcinfo)

.debug_sfnames
 *(.debug_sfnames)

.debug_aranges  memory region -> *default*
                0x00000000      0x998
 *(.debug_aranges)
 .debug_aranges
                0x00000000       0x28 obj/pkg/mcu/infineon_common_tc2Yx/src/ee_tc2Yx_cstart.o
 .debug_aranges
                0x00000028       0x30 obj/src/code.o
 .debug_aranges
                0x00000058       0xb0 libee.a(display.o)
 .debug_aranges
                0x00000108       0x78 libee.a(graph.o)
 .debug_aranges
                0x00000180       0x28 libee.a(util.o)
 .debug_aranges
                0x000001a8       0x20 libee.a(ee_tc_intvec.o)
 .debug_aranges
                0x000001c8       0x20 libee.a(ee_tc_context.o)
 .debug_aranges
                0x000001e8       0x20 libee.a(ee_terminat.o)
 .debug_aranges
                0x00000208       0x20 libee.a(ee_thendin.o)
 .debug_aranges
                0x00000228       0x28 libee.a(ee_irqendin.o)
 .debug_aranges
                0x00000250       0x20 libee.a(ee_tstub.o)
 .debug_aranges
                0x00000270       0x20 libee.a(ee_rq_exchg.o)
 .debug_aranges
                0x00000290       0x20 libee.a(ee_rq_inser.o)
 .debug_aranges
                0x000002b0       0x20 libee.a(ee_startos.o)
 .debug_aranges
                0x000002d0       0x20 libee.a(ee_lockres.o)
 .debug_aranges
                0x000002f0       0x20 libee.a(ee_ulockres.o)
 .debug_aranges
                0x00000310       0x38 libee.a(ee_altick.o)
 .debug_aranges
                0x00000348       0x78 libee.a(ee_tc2Yx_system.o)
 .debug_aranges
                0x000003c0       0x30 libee.a(ee_tc_oo.o)
 .debug_aranges
                0x000003f0       0x20 libee.a(ee_tnterm.o)
 .debug_aranges
                0x00000410       0x20 libee.a(ee_ulockallres.o)
 .debug_aranges
                0x00000430       0x28 c:/hightec/toolch~1/tricore/v4660-~1.1/bin/../lib/gcc/tricore/4.6.4/../../../../tricore/lib/tc161/short-double\libc.a(lib_a-sprintf.o)
 .debug_aranges
                0x00000458       0x20 c:/hightec/toolch~1/tricore/v4660-~1.1/bin/../lib/gcc/tricore/4.6.4/../../../../tricore/lib/tc161/short-double\libc.a(lib_a-strlen.o)
 .debug_aranges
                0x00000478       0x20 c:/hightec/toolch~1/tricore/v4660-~1.1/bin/../lib/gcc/tricore/4.6.4/../../../../tricore/lib/tc161/short-double\libc.a(lib_a-svfprintf.o)
 .debug_aranges
                0x00000498       0x28 c:/hightec/toolch~1/tricore/v4660-~1.1/bin/../lib/gcc/tricore/4.6.4/../../../../tricore/lib/tc161/short-double\libc.a(lib_a-dtoa.o)
 .debug_aranges
                0x000004c0       0x50 c:/hightec/toolch~1/tricore/v4660-~1.1/bin/../lib/gcc/tricore/4.6.4/../../../../tricore/lib/tc161/short-double\libc.a(lib_a-locale.o)
 .debug_aranges
                0x00000510       0x20 c:/hightec/toolch~1/tricore/v4660-~1.1/bin/../lib/gcc/tricore/4.6.4/../../../../tricore/lib/tc161/short-double\libc.a(lib_a-mallocr.o)
 .debug_aranges
                0x00000530       0x20 c:/hightec/toolch~1/tricore/v4660-~1.1/bin/../lib/gcc/tricore/4.6.4/../../../../tricore/lib/tc161/short-double\libc.a(lib_a-memchr.o)
 .debug_aranges
                0x00000550       0x20 c:/hightec/toolch~1/tricore/v4660-~1.1/bin/../lib/gcc/tricore/4.6.4/../../../../tricore/lib/tc161/short-double\libc.a(lib_a-memcpy.o)
 .debug_aranges
                0x00000570       0x28 c:/hightec/toolch~1/tricore/v4660-~1.1/bin/../lib/gcc/tricore/4.6.4/../../../../tricore/lib/tc161/short-double\libc.a(lib_a-mlock.o)
 .debug_aranges
                0x00000598       0xb0 c:/hightec/toolch~1/tricore/v4660-~1.1/bin/../lib/gcc/tricore/4.6.4/../../../../tricore/lib/tc161/short-double\libc.a(lib_a-mprec.o)
 .debug_aranges
                0x00000648       0x20 c:/hightec/toolch~1/tricore/v4660-~1.1/bin/../lib/gcc/tricore/4.6.4/../../../../tricore/lib/tc161/short-double\libc.a(lib_a-sbrkr.o)
 .debug_aranges
                0x00000668       0x20 c:/hightec/toolch~1/tricore/v4660-~1.1/bin/../lib/gcc/tricore/4.6.4/../../../../tricore/lib/tc161/short-double\libc.a(lib_a-sf_fpclassify.o)
 .debug_aranges
                0x00000688       0x20 c:/hightec/toolch~1/tricore/v4660-~1.1/bin/../lib/gcc/tricore/4.6.4/../../../../tricore/lib/tc161/short-double\libc.a(lib_a-strcmp.o)
 .debug_aranges
                0x000006a8       0x28 c:/hightec/toolch~1/tricore/v4660-~1.1/bin/../lib/gcc/tricore/4.6.4/../../../../tricore/lib/tc161/short-double\libc.a(lib_a-svfiprintf.o)
 .debug_aranges
                0x000006d0       0x20 c:/hightec/toolch~1/tricore/v4660-~1.1/bin/../lib/gcc/tricore/4.6.4/../../../../tricore/lib/tc161/short-double\libc.a(lib_a-callocr.o)
 .debug_aranges
                0x000006f0       0x28 c:/hightec/toolch~1/tricore/v4660-~1.1/bin/../lib/gcc/tricore/4.6.4/../../../../tricore/lib/tc161/short-double\libc.a(lib_a-freer.o)
 .debug_aranges
                0x00000718       0x20 c:/hightec/toolch~1/tricore/v4660-~1.1/bin/../lib/gcc/tricore/4.6.4/../../../../tricore/lib/tc161/short-double\libc.a(lib_a-memmove.o)
 .debug_aranges
                0x00000738       0x20 c:/hightec/toolch~1/tricore/v4660-~1.1/bin/../lib/gcc/tricore/4.6.4/../../../../tricore/lib/tc161/short-double\libc.a(lib_a-memset.o)
 .debug_aranges
                0x00000758       0x20 c:/hightec/toolch~1/tricore/v4660-~1.1/bin/../lib/gcc/tricore/4.6.4/../../../../tricore/lib/tc161/short-double\libc.a(lib_a-reallocr.o)
 .debug_aranges
                0x00000778       0x30 c:/hightec/toolch~1/tricore/v4660-~1.1/bin/../lib/gcc/tricore/4.6.4/../../../../tricore/lib/tc161/short-double\libc.a(lib_a-reent.o)
 .debug_aranges
                0x000007a8       0x20 c:/hightec/toolch~1/tricore/v4660-~1.1/bin/../lib/gcc/tricore/4.6.4/../../../../tricore/lib/tc161/short-double\libos.a(libos_exit.o)
 .debug_aranges
                0x000007c8       0x20 c:/hightec/toolch~1/tricore/v4660-~1.1/bin/../lib/gcc/tricore/4.6.4/../../../../tricore/lib/tc161/short-double\libos.a(libos_sbrk.o)
 .debug_aranges
                0x000007e8       0x68 c:/hightec/toolch~1/tricore/v4660-~1.1/bin/../lib/gcc/tricore/4.6.4/../../../../tricore/lib/tc161/short-double\libos.a(libos.o)
 .debug_aranges
                0x00000850       0x20 c:/hightec/toolch~1/tricore/v4660-~1.1/bin/../lib/gcc/tricore/4.6.4/../../../../tricore/lib/tc161/short-double\libos.a(libos_abort.o)
 .debug_aranges
                0x00000870       0x28 c:/hightec/toolch~1/tricore/v4660-~1.1/bin/../lib/gcc/tricore/4.6.4/../../../../tricore/lib/tc161/short-double\libm.a(lib_a-sf_round.o)
 .debug_aranges
                0x00000898       0x20 c:/hightec/toolch~1/tricore/v4660-~1.1/bin/../lib/gcc/tricore/4.6.4/tc161/short-double\libgcc.a(_df_to_sf.o)
 .debug_aranges
                0x000008b8       0x20 c:/hightec/toolch~1/tricore/v4660-~1.1/bin/../lib/gcc/tricore/4.6.4/tc161/short-double\libgcc.a(udivdi3.o)
 .debug_aranges
                0x000008d8       0x20 c:/hightec/toolch~1/tricore/v4660-~1.1/bin/../lib/gcc/tricore/4.6.4/tc161/short-double\libgcc.a(umoddi3.o)
 .debug_aranges
                0x000008f8       0x20 c:/hightec/toolch~1/tricore/v4660-~1.1/bin/../lib/gcc/tricore/4.6.4/tc161/short-double\libgcc.a(_ashldi3.o)
 .debug_aranges
                0x00000918       0x20 c:/hightec/toolch~1/tricore/v4660-~1.1/bin/../lib/gcc/tricore/4.6.4/tc161/short-double\libgcc.a(_make_sf.o)
 .debug_aranges
                0x00000938       0x20 c:/hightec/toolch~1/tricore/v4660-~1.1/bin/../lib/gcc/tricore/4.6.4/tc161/short-double\libgcc.a(_unpack_df.o)
 .debug_aranges
                0x00000958       0x20 c:/hightec/toolch~1/tricore/v4660-~1.1/bin/../lib/gcc/tricore/4.6.4/tc161/short-double\libgcc.a(udiv6432.o)
 .debug_aranges
                0x00000978       0x20 c:/hightec/toolch~1/tricore/v4660-~1.1/bin/../lib/gcc/tricore/4.6.4/tc161/short-double\libgcc.a(_pack_sf.o)

.debug_pubnames
 *(.debug_pubnames)

.debug_info     memory region -> *default*
                0x00000000    0x28f6c
 *(.debug_info)
 .debug_info    0x00000000     0x1283 obj/pkg/mcu/infineon_common_tc2Yx/src/ee_tc2Yx_cstart.o
 .debug_info    0x00001283     0x1014 obj/eecfg.o
 .debug_info    0x00002297      0x9ed obj/src/code.o
 .debug_info    0x00002c84     0x3f1a libee.a(display.o)
 .debug_info    0x00006b9e      0xe0d libee.a(graph.o)
 .debug_info    0x000079ab      0x235 libee.a(font1.o)
 .debug_info    0x00007be0      0x117 libee.a(util.o)
 .debug_info    0x00007cf7      0x136 libee.a(ee_tc_trapvec.o)
 .debug_info    0x00007e2d     0x125c libee.a(ee_tc_intvec.o)
 .debug_info    0x00009089      0xdb4 libee.a(ee_tc_context.o)
 .debug_info    0x00009e3d      0xdff libee.a(ee_terminat.o)
 .debug_info    0x0000ac3c      0xc3d libee.a(ee_thendin.o)
 .debug_info    0x0000b879      0xb96 libee.a(ee_irqendin.o)
 .debug_info    0x0000c40f      0x9c1 libee.a(ee_tstub.o)
 .debug_info    0x0000cdd0      0x82c libee.a(ee_lookup.o)
 .debug_info    0x0000d5fc      0x864 libee.a(ee_rq_exchg.o)
 .debug_info    0x0000de60      0x875 libee.a(ee_rq_inser.o)
 .debug_info    0x0000e6d5     0x1abf libee.a(ee_startos.o)
 .debug_info    0x00010194      0xedf libee.a(ee_lockres.o)
 .debug_info    0x00011073     0x11c6 libee.a(ee_ulockres.o)
 .debug_info    0x00012239     0x1564 libee.a(ee_altick.o)
 .debug_info    0x0001379d     0x2021 libee.a(ee_tc2Yx_system.o)
 .debug_info    0x000157be      0x832 libee.a(ee_hal_structs.o)
 .debug_info    0x00015ff0     0x11fc libee.a(ee_tc_oo.o)
 .debug_info    0x000171ec      0x901 libee.a(ee_tnterm.o)
 .debug_info    0x00017aed      0x916 libee.a(ee_ulockallres.o)
 .debug_info    0x00018403      0xd4e c:/hightec/toolch~1/tricore/v4660-~1.1/bin/../lib/gcc/tricore/4.6.4/../../../../tricore/lib/tc161/short-double\libc.a(lib_a-sprintf.o)
 .debug_info    0x00019151      0x196 c:/hightec/toolch~1/tricore/v4660-~1.1/bin/../lib/gcc/tricore/4.6.4/../../../../tricore/lib/tc161/short-double\libc.a(lib_a-strlen.o)
 .debug_info    0x000192e7     0x136e c:/hightec/toolch~1/tricore/v4660-~1.1/bin/../lib/gcc/tricore/4.6.4/../../../../tricore/lib/tc161/short-double\libc.a(lib_a-svfprintf.o)
 .debug_info    0x0001a655     0x110f c:/hightec/toolch~1/tricore/v4660-~1.1/bin/../lib/gcc/tricore/4.6.4/../../../../tricore/lib/tc161/short-double\libc.a(lib_a-dtoa.o)
 .debug_info    0x0001b764      0xc59 c:/hightec/toolch~1/tricore/v4660-~1.1/bin/../lib/gcc/tricore/4.6.4/../../../../tricore/lib/tc161/short-double\libc.a(lib_a-impure.o)
 .debug_info    0x0001c3bd     0x10f7 c:/hightec/toolch~1/tricore/v4660-~1.1/bin/../lib/gcc/tricore/4.6.4/../../../../tricore/lib/tc161/short-double\libc.a(lib_a-locale.o)
 .debug_info    0x0001d4b4     0x1139 c:/hightec/toolch~1/tricore/v4660-~1.1/bin/../lib/gcc/tricore/4.6.4/../../../../tricore/lib/tc161/short-double\libc.a(lib_a-mallocr.o)
 .debug_info    0x0001e5ed      0x1d0 c:/hightec/toolch~1/tricore/v4660-~1.1/bin/../lib/gcc/tricore/4.6.4/../../../../tricore/lib/tc161/short-double\libc.a(lib_a-memchr.o)
 .debug_info    0x0001e7bd      0x1dc c:/hightec/toolch~1/tricore/v4660-~1.1/bin/../lib/gcc/tricore/4.6.4/../../../../tricore/lib/tc161/short-double\libc.a(lib_a-memcpy.o)
 .debug_info    0x0001e999      0xc7f c:/hightec/toolch~1/tricore/v4660-~1.1/bin/../lib/gcc/tricore/4.6.4/../../../../tricore/lib/tc161/short-double\libc.a(lib_a-mlock.o)
 .debug_info    0x0001f618     0x17d4 c:/hightec/toolch~1/tricore/v4660-~1.1/bin/../lib/gcc/tricore/4.6.4/../../../../tricore/lib/tc161/short-double\libc.a(lib_a-mprec.o)
 .debug_info    0x00020dec      0xc83 c:/hightec/toolch~1/tricore/v4660-~1.1/bin/../lib/gcc/tricore/4.6.4/../../../../tricore/lib/tc161/short-double\libc.a(lib_a-sbrkr.o)
 .debug_info    0x00021a6f      0x1b7 c:/hightec/toolch~1/tricore/v4660-~1.1/bin/../lib/gcc/tricore/4.6.4/../../../../tricore/lib/tc161/short-double\libc.a(lib_a-sf_fpclassify.o)
 .debug_info    0x00021c26      0x182 c:/hightec/toolch~1/tricore/v4660-~1.1/bin/../lib/gcc/tricore/4.6.4/../../../../tricore/lib/tc161/short-double\libc.a(lib_a-strcmp.o)
 .debug_info    0x00021da8     0x110d c:/hightec/toolch~1/tricore/v4660-~1.1/bin/../lib/gcc/tricore/4.6.4/../../../../tricore/lib/tc161/short-double\libc.a(lib_a-svfiprintf.o)
 .debug_info    0x00022eb5      0xd57 c:/hightec/toolch~1/tricore/v4660-~1.1/bin/../lib/gcc/tricore/4.6.4/../../../../tricore/lib/tc161/short-double\libc.a(lib_a-callocr.o)
 .debug_info    0x00023c0c      0xf93 c:/hightec/toolch~1/tricore/v4660-~1.1/bin/../lib/gcc/tricore/4.6.4/../../../../tricore/lib/tc161/short-double\libc.a(lib_a-freer.o)
 .debug_info    0x00024b9f      0x1e3 c:/hightec/toolch~1/tricore/v4660-~1.1/bin/../lib/gcc/tricore/4.6.4/../../../../tricore/lib/tc161/short-double\libc.a(lib_a-memmove.o)
 .debug_info    0x00024d82      0x1a5 c:/hightec/toolch~1/tricore/v4660-~1.1/bin/../lib/gcc/tricore/4.6.4/../../../../tricore/lib/tc161/short-double\libc.a(lib_a-memset.o)
 .debug_info    0x00024f27      0xf10 c:/hightec/toolch~1/tricore/v4660-~1.1/bin/../lib/gcc/tricore/4.6.4/../../../../tricore/lib/tc161/short-double\libc.a(lib_a-reallocr.o)
 .debug_info    0x00025e37      0xd57 c:/hightec/toolch~1/tricore/v4660-~1.1/bin/../lib/gcc/tricore/4.6.4/../../../../tricore/lib/tc161/short-double\libc.a(lib_a-reent.o)
 .debug_info    0x00026b8e      0x18d c:/hightec/toolch~1/tricore/v4660-~1.1/bin/../lib/gcc/tricore/4.6.4/../../../../tricore/lib/tc161/short-double\libos.a(libos_exit.o)
 .debug_info    0x00026d1b      0x283 c:/hightec/toolch~1/tricore/v4660-~1.1/bin/../lib/gcc/tricore/4.6.4/../../../../tricore/lib/tc161/short-double\libos.a(libos_sbrk.o)
 .debug_info    0x00026f9e      0x5af c:/hightec/toolch~1/tricore/v4660-~1.1/bin/../lib/gcc/tricore/4.6.4/../../../../tricore/lib/tc161/short-double\libos.a(libos.o)
 .debug_info    0x0002754d      0x159 c:/hightec/toolch~1/tricore/v4660-~1.1/bin/../lib/gcc/tricore/4.6.4/../../../../tricore/lib/tc161/short-double\libos.a(libos_abort.o)
 .debug_info    0x000276a6      0x28e c:/hightec/toolch~1/tricore/v4660-~1.1/bin/../lib/gcc/tricore/4.6.4/../../../../tricore/lib/tc161/short-double\libm.a(lib_a-sf_round.o)
 .debug_info    0x00027934      0x3bc c:/hightec/toolch~1/tricore/v4660-~1.1/bin/../lib/gcc/tricore/4.6.4/tc161/short-double\libgcc.a(_df_to_sf.o)
 .debug_info    0x00027cf0      0x210 c:/hightec/toolch~1/tricore/v4660-~1.1/bin/../lib/gcc/tricore/4.6.4/tc161/short-double\libgcc.a(udivdi3.o)
 .debug_info    0x00027f00      0x189 c:/hightec/toolch~1/tricore/v4660-~1.1/bin/../lib/gcc/tricore/4.6.4/tc161/short-double\libgcc.a(umoddi3.o)
 .debug_info    0x00028089      0x10d c:/hightec/toolch~1/tricore/v4660-~1.1/bin/../lib/gcc/tricore/4.6.4/tc161/short-double\libgcc.a(_ashldi3.o)
 .debug_info    0x00028196      0x35d c:/hightec/toolch~1/tricore/v4660-~1.1/bin/../lib/gcc/tricore/4.6.4/tc161/short-double\libgcc.a(_make_sf.o)
 .debug_info    0x000284f3      0x3b6 c:/hightec/toolch~1/tricore/v4660-~1.1/bin/../lib/gcc/tricore/4.6.4/tc161/short-double\libgcc.a(_unpack_df.o)
 .debug_info    0x000288a9      0x28e c:/hightec/toolch~1/tricore/v4660-~1.1/bin/../lib/gcc/tricore/4.6.4/tc161/short-double\libgcc.a(udiv6432.o)
 .debug_info    0x00028b37      0x435 c:/hightec/toolch~1/tricore/v4660-~1.1/bin/../lib/gcc/tricore/4.6.4/tc161/short-double\libgcc.a(_pack_sf.o)

.debug_abbrev   memory region -> *default*
                0x00000000     0x58a7
 *(.debug_abbrev)
 .debug_abbrev  0x00000000      0x2ad obj/pkg/mcu/infineon_common_tc2Yx/src/ee_tc2Yx_cstart.o
 .debug_abbrev  0x000002ad      0x151 obj/eecfg.o
 .debug_abbrev  0x000003fe      0x1e5 obj/src/code.o
 .debug_abbrev  0x000005e3      0x419 libee.a(display.o)
 .debug_abbrev  0x000009fc      0x295 libee.a(graph.o)
 .debug_abbrev  0x00000c91       0x7b libee.a(font1.o)
 .debug_abbrev  0x00000d0c       0x67 libee.a(util.o)
 .debug_abbrev  0x00000d73       0x1d libee.a(ee_tc_trapvec.o)
 .debug_abbrev  0x00000d90      0x25c libee.a(ee_tc_intvec.o)
 .debug_abbrev  0x00000fec      0x276 libee.a(ee_tc_context.o)
 .debug_abbrev  0x00001262      0x271 libee.a(ee_terminat.o)
 .debug_abbrev  0x000014d3      0x217 libee.a(ee_thendin.o)
 .debug_abbrev  0x000016ea      0x1f2 libee.a(ee_irqendin.o)
 .debug_abbrev  0x000018dc      0x149 libee.a(ee_tstub.o)
 .debug_abbrev  0x00001a25       0xf6 libee.a(ee_lookup.o)
 .debug_abbrev  0x00001b1b      0x10f libee.a(ee_rq_exchg.o)
 .debug_abbrev  0x00001c2a      0x129 libee.a(ee_rq_inser.o)
 .debug_abbrev  0x00001d53      0x2fc libee.a(ee_startos.o)
 .debug_abbrev  0x0000204f      0x280 libee.a(ee_lockres.o)
 .debug_abbrev  0x000022cf      0x2bd libee.a(ee_ulockres.o)
 .debug_abbrev  0x0000258c      0x336 libee.a(ee_altick.o)
 .debug_abbrev  0x000028c2      0x394 libee.a(ee_tc2Yx_system.o)
 .debug_abbrev  0x00002c56       0xf6 libee.a(ee_hal_structs.o)
 .debug_abbrev  0x00002d4c      0x284 libee.a(ee_tc_oo.o)
 .debug_abbrev  0x00002fd0      0x17a libee.a(ee_tnterm.o)
 .debug_abbrev  0x0000314a      0x12b libee.a(ee_ulockallres.o)
 .debug_abbrev  0x00003275      0x1b9 c:/hightec/toolch~1/tricore/v4660-~1.1/bin/../lib/gcc/tricore/4.6.4/../../../../tricore/lib/tc161/short-double\libc.a(lib_a-sprintf.o)
 .debug_abbrev  0x0000342e       0x71 c:/hightec/toolch~1/tricore/v4660-~1.1/bin/../lib/gcc/tricore/4.6.4/../../../../tricore/lib/tc161/short-double\libc.a(lib_a-strlen.o)
 .debug_abbrev  0x0000349f      0x258 c:/hightec/toolch~1/tricore/v4660-~1.1/bin/../lib/gcc/tricore/4.6.4/../../../../tricore/lib/tc161/short-double\libc.a(lib_a-svfprintf.o)
 .debug_abbrev  0x000036f7      0x1e4 c:/hightec/toolch~1/tricore/v4660-~1.1/bin/../lib/gcc/tricore/4.6.4/../../../../tricore/lib/tc161/short-double\libc.a(lib_a-dtoa.o)
 .debug_abbrev  0x000038db      0x168 c:/hightec/toolch~1/tricore/v4660-~1.1/bin/../lib/gcc/tricore/4.6.4/../../../../tricore/lib/tc161/short-double\libc.a(lib_a-impure.o)
 .debug_abbrev  0x00003a43      0x247 c:/hightec/toolch~1/tricore/v4660-~1.1/bin/../lib/gcc/tricore/4.6.4/../../../../tricore/lib/tc161/short-double\libc.a(lib_a-locale.o)
 .debug_abbrev  0x00003c8a      0x20c c:/hightec/toolch~1/tricore/v4660-~1.1/bin/../lib/gcc/tricore/4.6.4/../../../../tricore/lib/tc161/short-double\libc.a(lib_a-mallocr.o)
 .debug_abbrev  0x00003e96       0x8e c:/hightec/toolch~1/tricore/v4660-~1.1/bin/../lib/gcc/tricore/4.6.4/../../../../tricore/lib/tc161/short-double\libc.a(lib_a-memchr.o)
 .debug_abbrev  0x00003f24       0x78 c:/hightec/toolch~1/tricore/v4660-~1.1/bin/../lib/gcc/tricore/4.6.4/../../../../tricore/lib/tc161/short-double\libc.a(lib_a-memcpy.o)
 .debug_abbrev  0x00003f9c      0x17d c:/hightec/toolch~1/tricore/v4660-~1.1/bin/../lib/gcc/tricore/4.6.4/../../../../tricore/lib/tc161/short-double\libc.a(lib_a-mlock.o)
 .debug_abbrev  0x00004119      0x275 c:/hightec/toolch~1/tricore/v4660-~1.1/bin/../lib/gcc/tricore/4.6.4/../../../../tricore/lib/tc161/short-double\libc.a(lib_a-mprec.o)
 .debug_abbrev  0x0000438e      0x1a5 c:/hightec/toolch~1/tricore/v4660-~1.1/bin/../lib/gcc/tricore/4.6.4/../../../../tricore/lib/tc161/short-double\libc.a(lib_a-sbrkr.o)
 .debug_abbrev  0x00004533       0x61 c:/hightec/toolch~1/tricore/v4660-~1.1/bin/../lib/gcc/tricore/4.6.4/../../../../tricore/lib/tc161/short-double\libc.a(lib_a-sf_fpclassify.o)
 .debug_abbrev  0x00004594       0x64 c:/hightec/toolch~1/tricore/v4660-~1.1/bin/../lib/gcc/tricore/4.6.4/../../../../tricore/lib/tc161/short-double\libc.a(lib_a-strcmp.o)
 .debug_abbrev  0x000045f8      0x219 c:/hightec/toolch~1/tricore/v4660-~1.1/bin/../lib/gcc/tricore/4.6.4/../../../../tricore/lib/tc161/short-double\libc.a(lib_a-svfiprintf.o)
 .debug_abbrev  0x00004811      0x18a c:/hightec/toolch~1/tricore/v4660-~1.1/bin/../lib/gcc/tricore/4.6.4/../../../../tricore/lib/tc161/short-double\libc.a(lib_a-callocr.o)
 .debug_abbrev  0x0000499b      0x1df c:/hightec/toolch~1/tricore/v4660-~1.1/bin/../lib/gcc/tricore/4.6.4/../../../../tricore/lib/tc161/short-double\libc.a(lib_a-freer.o)
 .debug_abbrev  0x00004b7a       0x7f c:/hightec/toolch~1/tricore/v4660-~1.1/bin/../lib/gcc/tricore/4.6.4/../../../../tricore/lib/tc161/short-double\libc.a(lib_a-memmove.o)
 .debug_abbrev  0x00004bf9       0x80 c:/hightec/toolch~1/tricore/v4660-~1.1/bin/../lib/gcc/tricore/4.6.4/../../../../tricore/lib/tc161/short-double\libc.a(lib_a-memset.o)
 .debug_abbrev  0x00004c79      0x1c9 c:/hightec/toolch~1/tricore/v4660-~1.1/bin/../lib/gcc/tricore/4.6.4/../../../../tricore/lib/tc161/short-double\libc.a(lib_a-reallocr.o)
 .debug_abbrev  0x00004e42      0x1d9 c:/hightec/toolch~1/tricore/v4660-~1.1/bin/../lib/gcc/tricore/4.6.4/../../../../tricore/lib/tc161/short-double\libc.a(lib_a-reent.o)
 .debug_abbrev  0x0000501b       0x5f c:/hightec/toolch~1/tricore/v4660-~1.1/bin/../lib/gcc/tricore/4.6.4/../../../../tricore/lib/tc161/short-double\libos.a(libos_exit.o)
 .debug_abbrev  0x0000507a       0xa6 c:/hightec/toolch~1/tricore/v4660-~1.1/bin/../lib/gcc/tricore/4.6.4/../../../../tricore/lib/tc161/short-double\libos.a(libos_sbrk.o)
 .debug_abbrev  0x00005120       0xf0 c:/hightec/toolch~1/tricore/v4660-~1.1/bin/../lib/gcc/tricore/4.6.4/../../../../tricore/lib/tc161/short-double\libos.a(libos.o)
 .debug_abbrev  0x00005210       0x32 c:/hightec/toolch~1/tricore/v4660-~1.1/bin/../lib/gcc/tricore/4.6.4/../../../../tricore/lib/tc161/short-double\libos.a(libos_abort.o)
 .debug_abbrev  0x00005242       0xb5 c:/hightec/toolch~1/tricore/v4660-~1.1/bin/../lib/gcc/tricore/4.6.4/../../../../tricore/lib/tc161/short-double\libm.a(lib_a-sf_round.o)
 .debug_abbrev  0x000052f7       0xf7 c:/hightec/toolch~1/tricore/v4660-~1.1/bin/../lib/gcc/tricore/4.6.4/tc161/short-double\libgcc.a(_df_to_sf.o)
 .debug_abbrev  0x000053ee       0x75 c:/hightec/toolch~1/tricore/v4660-~1.1/bin/../lib/gcc/tricore/4.6.4/tc161/short-double\libgcc.a(udivdi3.o)
 .debug_abbrev  0x00005463       0x52 c:/hightec/toolch~1/tricore/v4660-~1.1/bin/../lib/gcc/tricore/4.6.4/tc161/short-double\libgcc.a(umoddi3.o)
 .debug_abbrev  0x000054b5       0x14 c:/hightec/toolch~1/tricore/v4660-~1.1/bin/../lib/gcc/tricore/4.6.4/tc161/short-double\libgcc.a(_ashldi3.o)
 .debug_abbrev  0x000054c9       0xe8 c:/hightec/toolch~1/tricore/v4660-~1.1/bin/../lib/gcc/tricore/4.6.4/tc161/short-double\libgcc.a(_make_sf.o)
 .debug_abbrev  0x000055b1      0x11a c:/hightec/toolch~1/tricore/v4660-~1.1/bin/../lib/gcc/tricore/4.6.4/tc161/short-double\libgcc.a(_unpack_df.o)
 .debug_abbrev  0x000056cb       0x86 c:/hightec/toolch~1/tricore/v4660-~1.1/bin/../lib/gcc/tricore/4.6.4/tc161/short-double\libgcc.a(udiv6432.o)
 .debug_abbrev  0x00005751      0x156 c:/hightec/toolch~1/tricore/v4660-~1.1/bin/../lib/gcc/tricore/4.6.4/tc161/short-double\libgcc.a(_pack_sf.o)

.debug_line     memory region -> *default*
                0x00000000     0x8d87
 *(.debug_line)
 .debug_line    0x00000000      0x3fe obj/pkg/mcu/infineon_common_tc2Yx/src/ee_tc2Yx_cstart.o
 .debug_line    0x000003fe      0x135 obj/eecfg.o
 .debug_line    0x00000533      0x2ce obj/src/code.o
 .debug_line    0x00000801      0xc9a libee.a(display.o)
 .debug_line    0x0000149b      0x533 libee.a(graph.o)
 .debug_line    0x000019ce       0xe8 libee.a(font1.o)
 .debug_line    0x00001ab6       0x9e libee.a(util.o)
 .debug_line    0x00001b54       0x1d libee.a(ee_tc_trapvec.o)
 .debug_line    0x00001b71      0x2fe libee.a(ee_tc_intvec.o)
 .debug_line    0x00001e6f      0x2a9 libee.a(ee_tc_context.o)
 .debug_line    0x00002118      0x27f libee.a(ee_terminat.o)
 .debug_line    0x00002397      0x265 libee.a(ee_thendin.o)
 .debug_line    0x000025fc      0x20a libee.a(ee_irqendin.o)
 .debug_line    0x00002806      0x1bb libee.a(ee_tstub.o)
 .debug_line    0x000029c1      0x198 libee.a(ee_lookup.o)
 .debug_line    0x00002b59      0x1ae libee.a(ee_rq_exchg.o)
 .debug_line    0x00002d07      0x1bc libee.a(ee_rq_inser.o)
 .debug_line    0x00002ec3      0x42c libee.a(ee_startos.o)
 .debug_line    0x000032ef      0x29c libee.a(ee_lockres.o)
 .debug_line    0x0000358b      0x31e libee.a(ee_ulockres.o)
 .debug_line    0x000038a9      0x3b1 libee.a(ee_altick.o)
 .debug_line    0x00003c5a      0x62f libee.a(ee_tc2Yx_system.o)
 .debug_line    0x00004289      0x17b libee.a(ee_hal_structs.o)
 .debug_line    0x00004404      0x2ae libee.a(ee_tc_oo.o)
 .debug_line    0x000046b2      0x248 libee.a(ee_tnterm.o)
 .debug_line    0x000048fa      0x1c5 libee.a(ee_ulockallres.o)
 .debug_line    0x00004abf      0x217 c:/hightec/toolch~1/tricore/v4660-~1.1/bin/../lib/gcc/tricore/4.6.4/../../../../tricore/lib/tc161/short-double\libc.a(lib_a-sprintf.o)
 .debug_line    0x00004cd6      0x165 c:/hightec/toolch~1/tricore/v4660-~1.1/bin/../lib/gcc/tricore/4.6.4/../../../../tricore/lib/tc161/short-double\libc.a(lib_a-strlen.o)
 .debug_line    0x00004e3b      0x732 c:/hightec/toolch~1/tricore/v4660-~1.1/bin/../lib/gcc/tricore/4.6.4/../../../../tricore/lib/tc161/short-double\libc.a(lib_a-svfprintf.o)
 .debug_line    0x0000556d      0x611 c:/hightec/toolch~1/tricore/v4660-~1.1/bin/../lib/gcc/tricore/4.6.4/../../../../tricore/lib/tc161/short-double\libc.a(lib_a-dtoa.o)
 .debug_line    0x00005b7e      0x165 c:/hightec/toolch~1/tricore/v4660-~1.1/bin/../lib/gcc/tricore/4.6.4/../../../../tricore/lib/tc161/short-double\libc.a(lib_a-impure.o)
 .debug_line    0x00005ce3      0x253 c:/hightec/toolch~1/tricore/v4660-~1.1/bin/../lib/gcc/tricore/4.6.4/../../../../tricore/lib/tc161/short-double\libc.a(lib_a-locale.o)
 .debug_line    0x00005f36      0x2e6 c:/hightec/toolch~1/tricore/v4660-~1.1/bin/../lib/gcc/tricore/4.6.4/../../../../tricore/lib/tc161/short-double\libc.a(lib_a-mallocr.o)
 .debug_line    0x0000621c      0x16d c:/hightec/toolch~1/tricore/v4660-~1.1/bin/../lib/gcc/tricore/4.6.4/../../../../tricore/lib/tc161/short-double\libc.a(lib_a-memchr.o)
 .debug_line    0x00006389      0x163 c:/hightec/toolch~1/tricore/v4660-~1.1/bin/../lib/gcc/tricore/4.6.4/../../../../tricore/lib/tc161/short-double\libc.a(lib_a-memcpy.o)
 .debug_line    0x000064ec      0x185 c:/hightec/toolch~1/tricore/v4660-~1.1/bin/../lib/gcc/tricore/4.6.4/../../../../tricore/lib/tc161/short-double\libc.a(lib_a-mlock.o)
 .debug_line    0x00006671      0x66c c:/hightec/toolch~1/tricore/v4660-~1.1/bin/../lib/gcc/tricore/4.6.4/../../../../tricore/lib/tc161/short-double\libc.a(lib_a-mprec.o)
 .debug_line    0x00006cdd      0x1d8 c:/hightec/toolch~1/tricore/v4660-~1.1/bin/../lib/gcc/tricore/4.6.4/../../../../tricore/lib/tc161/short-double\libc.a(lib_a-sbrkr.o)
 .debug_line    0x00006eb5      0x15a c:/hightec/toolch~1/tricore/v4660-~1.1/bin/../lib/gcc/tricore/4.6.4/../../../../tricore/lib/tc161/short-double\libc.a(lib_a-sf_fpclassify.o)
 .debug_line    0x0000700f       0xed c:/hightec/toolch~1/tricore/v4660-~1.1/bin/../lib/gcc/tricore/4.6.4/../../../../tricore/lib/tc161/short-double\libc.a(lib_a-strcmp.o)
 .debug_line    0x000070fc      0x558 c:/hightec/toolch~1/tricore/v4660-~1.1/bin/../lib/gcc/tricore/4.6.4/../../../../tricore/lib/tc161/short-double\libc.a(lib_a-svfiprintf.o)
 .debug_line    0x00007654      0x1a2 c:/hightec/toolch~1/tricore/v4660-~1.1/bin/../lib/gcc/tricore/4.6.4/../../../../tricore/lib/tc161/short-double\libc.a(lib_a-callocr.o)
 .debug_line    0x000077f6      0x247 c:/hightec/toolch~1/tricore/v4660-~1.1/bin/../lib/gcc/tricore/4.6.4/../../../../tricore/lib/tc161/short-double\libc.a(lib_a-freer.o)
 .debug_line    0x00007a3d      0x19c c:/hightec/toolch~1/tricore/v4660-~1.1/bin/../lib/gcc/tricore/4.6.4/../../../../tricore/lib/tc161/short-double\libc.a(lib_a-memmove.o)
 .debug_line    0x00007bd9      0x163 c:/hightec/toolch~1/tricore/v4660-~1.1/bin/../lib/gcc/tricore/4.6.4/../../../../tricore/lib/tc161/short-double\libc.a(lib_a-memset.o)
 .debug_line    0x00007d3c      0x25b c:/hightec/toolch~1/tricore/v4660-~1.1/bin/../lib/gcc/tricore/4.6.4/../../../../tricore/lib/tc161/short-double\libc.a(lib_a-reallocr.o)
 .debug_line    0x00007f97      0x1df c:/hightec/toolch~1/tricore/v4660-~1.1/bin/../lib/gcc/tricore/4.6.4/../../../../tricore/lib/tc161/short-double\libc.a(lib_a-reent.o)
 .debug_line    0x00008176       0x8a c:/hightec/toolch~1/tricore/v4660-~1.1/bin/../lib/gcc/tricore/4.6.4/../../../../tricore/lib/tc161/short-double\libos.a(libos_exit.o)
 .debug_line    0x00008200      0x119 c:/hightec/toolch~1/tricore/v4660-~1.1/bin/../lib/gcc/tricore/4.6.4/../../../../tricore/lib/tc161/short-double\libos.a(libos_sbrk.o)
 .debug_line    0x00008319      0x19a c:/hightec/toolch~1/tricore/v4660-~1.1/bin/../lib/gcc/tricore/4.6.4/../../../../tricore/lib/tc161/short-double\libos.a(libos.o)
 .debug_line    0x000084b3       0x87 c:/hightec/toolch~1/tricore/v4660-~1.1/bin/../lib/gcc/tricore/4.6.4/../../../../tricore/lib/tc161/short-double\libos.a(libos_abort.o)
 .debug_line    0x0000853a      0x17a c:/hightec/toolch~1/tricore/v4660-~1.1/bin/../lib/gcc/tricore/4.6.4/../../../../tricore/lib/tc161/short-double\libm.a(lib_a-sf_round.o)
 .debug_line    0x000086b4       0xb0 c:/hightec/toolch~1/tricore/v4660-~1.1/bin/../lib/gcc/tricore/4.6.4/tc161/short-double\libgcc.a(_df_to_sf.o)
 .debug_line    0x00008764       0xf8 c:/hightec/toolch~1/tricore/v4660-~1.1/bin/../lib/gcc/tricore/4.6.4/tc161/short-double\libgcc.a(udivdi3.o)
 .debug_line    0x0000885c       0xea c:/hightec/toolch~1/tricore/v4660-~1.1/bin/../lib/gcc/tricore/4.6.4/tc161/short-double\libgcc.a(umoddi3.o)
 .debug_line    0x00008946       0x97 c:/hightec/toolch~1/tricore/v4660-~1.1/bin/../lib/gcc/tricore/4.6.4/tc161/short-double\libgcc.a(_ashldi3.o)
 .debug_line    0x000089dd       0xab c:/hightec/toolch~1/tricore/v4660-~1.1/bin/../lib/gcc/tricore/4.6.4/tc161/short-double\libgcc.a(_make_sf.o)
 .debug_line    0x00008a88       0xd2 c:/hightec/toolch~1/tricore/v4660-~1.1/bin/../lib/gcc/tricore/4.6.4/tc161/short-double\libgcc.a(_unpack_df.o)
 .debug_line    0x00008b5a      0x140 c:/hightec/toolch~1/tricore/v4660-~1.1/bin/../lib/gcc/tricore/4.6.4/tc161/short-double\libgcc.a(udiv6432.o)
 .debug_line    0x00008c9a       0xed c:/hightec/toolch~1/tricore/v4660-~1.1/bin/../lib/gcc/tricore/4.6.4/tc161/short-double\libgcc.a(_pack_sf.o)

.debug_frame    memory region -> *default*
                0x00000000      0xc98
 *(.debug_frame)
 .debug_frame   0x00000000       0x30 obj/pkg/mcu/infineon_common_tc2Yx/src/ee_tc2Yx_cstart.o
 .debug_frame   0x00000030       0x48 obj/src/code.o
 .debug_frame   0x00000078      0x158 libee.a(display.o)
 .debug_frame   0x000001d0       0xd4 libee.a(graph.o)
 .debug_frame   0x000002a4       0x30 libee.a(util.o)
 .debug_frame   0x000002d4       0x20 libee.a(ee_tc_intvec.o)
 .debug_frame   0x000002f4       0x20 libee.a(ee_tc_context.o)
 .debug_frame   0x00000314       0x20 libee.a(ee_terminat.o)
 .debug_frame   0x00000334       0x20 libee.a(ee_thendin.o)
 .debug_frame   0x00000354       0x30 libee.a(ee_irqendin.o)
 .debug_frame   0x00000384       0x20 libee.a(ee_tstub.o)
 .debug_frame   0x000003a4       0x20 libee.a(ee_rq_exchg.o)
 .debug_frame   0x000003c4       0x20 libee.a(ee_rq_inser.o)
 .debug_frame   0x000003e4       0x20 libee.a(ee_startos.o)
 .debug_frame   0x00000404       0x20 libee.a(ee_lockres.o)
 .debug_frame   0x00000424       0x20 libee.a(ee_ulockres.o)
 .debug_frame   0x00000444       0x50 libee.a(ee_altick.o)
 .debug_frame   0x00000494       0xd0 libee.a(ee_tc2Yx_system.o)
 .debug_frame   0x00000564       0x40 libee.a(ee_tc_oo.o)
 .debug_frame   0x000005a4       0x20 libee.a(ee_tnterm.o)
 .debug_frame   0x000005c4       0x20 libee.a(ee_ulockallres.o)
 .debug_frame   0x000005e4       0x38 c:/hightec/toolch~1/tricore/v4660-~1.1/bin/../lib/gcc/tricore/4.6.4/../../../../tricore/lib/tc161/short-double\libc.a(lib_a-sprintf.o)
 .debug_frame   0x0000061c       0x20 c:/hightec/toolch~1/tricore/v4660-~1.1/bin/../lib/gcc/tricore/4.6.4/../../../../tricore/lib/tc161/short-double\libc.a(lib_a-strlen.o)
 .debug_frame   0x0000063c       0x24 c:/hightec/toolch~1/tricore/v4660-~1.1/bin/../lib/gcc/tricore/4.6.4/../../../../tricore/lib/tc161/short-double\libc.a(lib_a-svfprintf.o)
 .debug_frame   0x00000660       0x34 c:/hightec/toolch~1/tricore/v4660-~1.1/bin/../lib/gcc/tricore/4.6.4/../../../../tricore/lib/tc161/short-double\libc.a(lib_a-dtoa.o)
 .debug_frame   0x00000694       0x80 c:/hightec/toolch~1/tricore/v4660-~1.1/bin/../lib/gcc/tricore/4.6.4/../../../../tricore/lib/tc161/short-double\libc.a(lib_a-locale.o)
 .debug_frame   0x00000714       0x20 c:/hightec/toolch~1/tricore/v4660-~1.1/bin/../lib/gcc/tricore/4.6.4/../../../../tricore/lib/tc161/short-double\libc.a(lib_a-mallocr.o)
 .debug_frame   0x00000734       0x20 c:/hightec/toolch~1/tricore/v4660-~1.1/bin/../lib/gcc/tricore/4.6.4/../../../../tricore/lib/tc161/short-double\libc.a(lib_a-memchr.o)
 .debug_frame   0x00000754       0x20 c:/hightec/toolch~1/tricore/v4660-~1.1/bin/../lib/gcc/tricore/4.6.4/../../../../tricore/lib/tc161/short-double\libc.a(lib_a-memcpy.o)
 .debug_frame   0x00000774       0x30 c:/hightec/toolch~1/tricore/v4660-~1.1/bin/../lib/gcc/tricore/4.6.4/../../../../tricore/lib/tc161/short-double\libc.a(lib_a-mlock.o)
 .debug_frame   0x000007a4      0x148 c:/hightec/toolch~1/tricore/v4660-~1.1/bin/../lib/gcc/tricore/4.6.4/../../../../tricore/lib/tc161/short-double\libc.a(lib_a-mprec.o)
 .debug_frame   0x000008ec       0x20 c:/hightec/toolch~1/tricore/v4660-~1.1/bin/../lib/gcc/tricore/4.6.4/../../../../tricore/lib/tc161/short-double\libc.a(lib_a-sbrkr.o)
 .debug_frame   0x0000090c       0x20 c:/hightec/toolch~1/tricore/v4660-~1.1/bin/../lib/gcc/tricore/4.6.4/../../../../tricore/lib/tc161/short-double\libc.a(lib_a-sf_fpclassify.o)
 .debug_frame   0x0000092c       0x20 c:/hightec/toolch~1/tricore/v4660-~1.1/bin/../lib/gcc/tricore/4.6.4/../../../../tricore/lib/tc161/short-double\libc.a(lib_a-strcmp.o)
 .debug_frame   0x0000094c       0x34 c:/hightec/toolch~1/tricore/v4660-~1.1/bin/../lib/gcc/tricore/4.6.4/../../../../tricore/lib/tc161/short-double\libc.a(lib_a-svfiprintf.o)
 .debug_frame   0x00000980       0x20 c:/hightec/toolch~1/tricore/v4660-~1.1/bin/../lib/gcc/tricore/4.6.4/../../../../tricore/lib/tc161/short-double\libc.a(lib_a-callocr.o)
 .debug_frame   0x000009a0       0x30 c:/hightec/toolch~1/tricore/v4660-~1.1/bin/../lib/gcc/tricore/4.6.4/../../../../tricore/lib/tc161/short-double\libc.a(lib_a-freer.o)
 .debug_frame   0x000009d0       0x20 c:/hightec/toolch~1/tricore/v4660-~1.1/bin/../lib/gcc/tricore/4.6.4/../../../../tricore/lib/tc161/short-double\libc.a(lib_a-memmove.o)
 .debug_frame   0x000009f0       0x20 c:/hightec/toolch~1/tricore/v4660-~1.1/bin/../lib/gcc/tricore/4.6.4/../../../../tricore/lib/tc161/short-double\libc.a(lib_a-memset.o)
 .debug_frame   0x00000a10       0x20 c:/hightec/toolch~1/tricore/v4660-~1.1/bin/../lib/gcc/tricore/4.6.4/../../../../tricore/lib/tc161/short-double\libc.a(lib_a-reallocr.o)
 .debug_frame   0x00000a30       0x40 c:/hightec/toolch~1/tricore/v4660-~1.1/bin/../lib/gcc/tricore/4.6.4/../../../../tricore/lib/tc161/short-double\libc.a(lib_a-reent.o)
 .debug_frame   0x00000a70       0x20 c:/hightec/toolch~1/tricore/v4660-~1.1/bin/../lib/gcc/tricore/4.6.4/../../../../tricore/lib/tc161/short-double\libos.a(libos_exit.o)
 .debug_frame   0x00000a90       0x20 c:/hightec/toolch~1/tricore/v4660-~1.1/bin/../lib/gcc/tricore/4.6.4/../../../../tricore/lib/tc161/short-double\libos.a(libos_sbrk.o)
 .debug_frame   0x00000ab0       0xb0 c:/hightec/toolch~1/tricore/v4660-~1.1/bin/../lib/gcc/tricore/4.6.4/../../../../tricore/lib/tc161/short-double\libos.a(libos.o)
 .debug_frame   0x00000b60       0x20 c:/hightec/toolch~1/tricore/v4660-~1.1/bin/../lib/gcc/tricore/4.6.4/../../../../tricore/lib/tc161/short-double\libos.a(libos_abort.o)
 .debug_frame   0x00000b80       0x30 c:/hightec/toolch~1/tricore/v4660-~1.1/bin/../lib/gcc/tricore/4.6.4/../../../../tricore/lib/tc161/short-double\libm.a(lib_a-sf_round.o)
 .debug_frame   0x00000bb0       0x24 c:/hightec/toolch~1/tricore/v4660-~1.1/bin/../lib/gcc/tricore/4.6.4/tc161/short-double\libgcc.a(_df_to_sf.o)
 .debug_frame   0x00000bd4       0x20 c:/hightec/toolch~1/tricore/v4660-~1.1/bin/../lib/gcc/tricore/4.6.4/tc161/short-double\libgcc.a(udivdi3.o)
 .debug_frame   0x00000bf4       0x20 c:/hightec/toolch~1/tricore/v4660-~1.1/bin/../lib/gcc/tricore/4.6.4/tc161/short-double\libgcc.a(umoddi3.o)
 .debug_frame   0x00000c14       0x24 c:/hightec/toolch~1/tricore/v4660-~1.1/bin/../lib/gcc/tricore/4.6.4/tc161/short-double\libgcc.a(_make_sf.o)
 .debug_frame   0x00000c38       0x20 c:/hightec/toolch~1/tricore/v4660-~1.1/bin/../lib/gcc/tricore/4.6.4/tc161/short-double\libgcc.a(_unpack_df.o)
 .debug_frame   0x00000c58       0x20 c:/hightec/toolch~1/tricore/v4660-~1.1/bin/../lib/gcc/tricore/4.6.4/tc161/short-double\libgcc.a(udiv6432.o)
 .debug_frame   0x00000c78       0x20 c:/hightec/toolch~1/tricore/v4660-~1.1/bin/../lib/gcc/tricore/4.6.4/tc161/short-double\libgcc.a(_pack_sf.o)

.debug_str      memory region -> *default*
                0x00000000      0x504
 *(.debug_str)
 .debug_str     0x00000000       0x44 obj/pkg/mcu/infineon_common_tc2Yx/src/ee_tc2Yx_cstart.o
 .debug_str     0x00000044       0x26 obj/eecfg.o
 .debug_str     0x0000006a       0x48 libee.a(display.o)
 .debug_str     0x000000b2        0xc libee.a(graph.o)
 .debug_str     0x000000be        0xa libee.a(ee_tc_intvec.o)
 .debug_str     0x000000c8       0x26 libee.a(ee_tc_context.o)
 .debug_str     0x000000ee       0x30 libee.a(ee_terminat.o)
 .debug_str     0x0000011e       0x2d libee.a(ee_thendin.o)
 .debug_str     0x0000014b       0x26 libee.a(ee_irqendin.o)
 .debug_str     0x00000171       0x26 libee.a(ee_tstub.o)
 .debug_str     0x00000197       0x26 libee.a(ee_lookup.o)
 .debug_str     0x000001bd       0x26 libee.a(ee_rq_exchg.o)
 .debug_str     0x000001e3       0x26 libee.a(ee_rq_inser.o)
 .debug_str     0x00000209       0x30 libee.a(ee_startos.o)
 .debug_str     0x00000239       0x30 libee.a(ee_lockres.o)
 .debug_str     0x00000269       0x30 libee.a(ee_ulockres.o)
 .debug_str     0x00000299       0x53 libee.a(ee_altick.o)
 .debug_str     0x000002ec       0x84 libee.a(ee_tc2Yx_system.o)
 .debug_str     0x00000370       0x26 libee.a(ee_hal_structs.o)
 .debug_str     0x00000396       0x2f libee.a(ee_tc_oo.o)
 .debug_str     0x000003c5       0x26 libee.a(ee_tnterm.o)
 .debug_str     0x000003eb       0x26 libee.a(ee_ulockallres.o)
 .debug_str     0x00000411        0xe c:/hightec/toolch~1/tricore/v4660-~1.1/bin/../lib/gcc/tricore/4.6.4/../../../../tricore/lib/tc161/short-double\libc.a(lib_a-sprintf.o)
 .debug_str     0x0000041f        0xe c:/hightec/toolch~1/tricore/v4660-~1.1/bin/../lib/gcc/tricore/4.6.4/../../../../tricore/lib/tc161/short-double\libc.a(lib_a-svfprintf.o)
 .debug_str     0x0000042d        0xe c:/hightec/toolch~1/tricore/v4660-~1.1/bin/../lib/gcc/tricore/4.6.4/../../../../tricore/lib/tc161/short-double\libc.a(lib_a-dtoa.o)
 .debug_str     0x0000043b        0xe c:/hightec/toolch~1/tricore/v4660-~1.1/bin/../lib/gcc/tricore/4.6.4/../../../../tricore/lib/tc161/short-double\libc.a(lib_a-impure.o)
 .debug_str     0x00000449       0x17 c:/hightec/toolch~1/tricore/v4660-~1.1/bin/../lib/gcc/tricore/4.6.4/../../../../tricore/lib/tc161/short-double\libc.a(lib_a-locale.o)
 .debug_str     0x00000460       0x18 c:/hightec/toolch~1/tricore/v4660-~1.1/bin/../lib/gcc/tricore/4.6.4/../../../../tricore/lib/tc161/short-double\libc.a(lib_a-mallocr.o)
 .debug_str     0x00000478        0xe c:/hightec/toolch~1/tricore/v4660-~1.1/bin/../lib/gcc/tricore/4.6.4/../../../../tricore/lib/tc161/short-double\libc.a(lib_a-mlock.o)
 .debug_str     0x00000486        0xe c:/hightec/toolch~1/tricore/v4660-~1.1/bin/../lib/gcc/tricore/4.6.4/../../../../tricore/lib/tc161/short-double\libc.a(lib_a-mprec.o)
 .debug_str     0x00000494        0xe c:/hightec/toolch~1/tricore/v4660-~1.1/bin/../lib/gcc/tricore/4.6.4/../../../../tricore/lib/tc161/short-double\libc.a(lib_a-sbrkr.o)
 .debug_str     0x000004a2        0xe c:/hightec/toolch~1/tricore/v4660-~1.1/bin/../lib/gcc/tricore/4.6.4/../../../../tricore/lib/tc161/short-double\libc.a(lib_a-svfiprintf.o)
 .debug_str     0x000004b0        0xe c:/hightec/toolch~1/tricore/v4660-~1.1/bin/../lib/gcc/tricore/4.6.4/../../../../tricore/lib/tc161/short-double\libc.a(lib_a-callocr.o)
 .debug_str     0x000004be       0x18 c:/hightec/toolch~1/tricore/v4660-~1.1/bin/../lib/gcc/tricore/4.6.4/../../../../tricore/lib/tc161/short-double\libc.a(lib_a-freer.o)
 .debug_str     0x000004d6        0xe c:/hightec/toolch~1/tricore/v4660-~1.1/bin/../lib/gcc/tricore/4.6.4/../../../../tricore/lib/tc161/short-double\libc.a(lib_a-reallocr.o)
 .debug_str     0x000004e4        0xe c:/hightec/toolch~1/tricore/v4660-~1.1/bin/../lib/gcc/tricore/4.6.4/../../../../tricore/lib/tc161/short-double\libc.a(lib_a-reent.o)
 .debug_str     0x000004f2        0x9 c:/hightec/toolch~1/tricore/v4660-~1.1/bin/../lib/gcc/tricore/4.6.4/tc161/short-double\libgcc.a(_unpack_df.o)
 .debug_str     0x000004fb        0x9 c:/hightec/toolch~1/tricore/v4660-~1.1/bin/../lib/gcc/tricore/4.6.4/tc161/short-double\libgcc.a(_pack_sf.o)

.debug_loc      memory region -> *default*
                0x00000000     0x7ee5
 *(.debug_loc)