Archive member included because of file (symbol)

libee.a(display.o)            obj/src/master.o (DISPLAY_BackgroundColor)
libee.a(graph.o)              obj/src/master.o (graph_drawRectangle)
libee.a(util.o)               libee.a(display.o) (delay_ms)
libee.a(ee_tc_trapvec.o)      obj/pkg/mcu/infineon_common_tc2Yx/src/ee_tc2Yx_cstart.o (EE_tc_trap_table)
libee.a(ee_tc_intvec.o)       obj/pkg/mcu/infineon_common_tc2Yx/src/ee_tc2Yx_cstart.o (EE_tc_interrupt_table)
libee.a(ee_tc_context.o)      libee.a(ee_tc_intvec.o) (EE_std_change_context)
libee.a(ee_tc_multicore.o)    libee.a(ee_tc_intvec.o) (EE_TC_iirq_handler)
libee.a(ee_as_multicore.o)    obj/src/master.o (EE_as_StartCore)
libee.a(ee_as_spinlocks.o)    obj/src/master.o (EE_as_GetSpinlock)
libee.a(ee_as_rpc.o)          libee.a(ee_tc_multicore.o) (EE_as_rpc_handler)
libee.a(ee_activate.o)        libee.a(ee_as_rpc.o) (EE_oo_ActivateTask)
libee.a(ee_gettaskstate.o)    libee.a(ee_as_rpc.o) (EE_oo_GetTaskState)
libee.a(ee_terminat.o)        obj/src/master.o (EE_oo_TerminateTask)
libee.a(ee_thendin.o)         libee.a(ee_tc_context.o) (EE_thread_end_instance)
libee.a(ee_irqendin.o)        libee.a(ee_as_spinlocks.o) (EE_oo_assign_TID_to_ISR2)
libee.a(ee_tstub.o)           obj/eecfg.o (EE_oo_thread_stub)
libee.a(ee_lookup.o)          libee.a(ee_thendin.o) (EE_oo_IRQ_disable_count)
libee.a(ee_rq_exchg.o)        libee.a(ee_activate.o) (EE_rq2stk_exchange)
libee.a(ee_rq_inser.o)        libee.a(ee_activate.o) (EE_rq_insert)
libee.a(ee_shtdown.o)         libee.a(ee_as_rpc.o) (EE_oo_ShutdownOS_internal)
libee.a(ee_startos.o)         obj/src/master.o (EE_oo_StartOS)
libee.a(ee_alcancel.o)        libee.a(ee_as_rpc.o) (EE_oo_CancelAlarm)
libee.a(ee_algetbase.o)       libee.a(ee_as_rpc.o) (EE_oo_GetAlarmBase)
libee.a(ee_alget.o)           libee.a(ee_as_rpc.o) (EE_oo_GetAlarm)
libee.a(ee_alsetabs.o)        libee.a(ee_as_rpc.o) (EE_oo_SetAbsAlarm)
libee.a(ee_alsetrel.o)        obj/src/master.o (EE_oo_SetRelAlarm)
libee.a(ee_altick.o)          libee.a(ee_startos.o) (EE_oo_counter_object_insert)
libee.a(ee_getcountervalue.o)
                              libee.a(ee_as_rpc.o) (EE_oo_GetCounterValue)
libee.a(ee_getelapsedvalue.o)
                              libee.a(ee_as_rpc.o) (EE_oo_GetElapsedValue)
libee.a(ee_evset.o)           obj/src/master.o (EE_oo_SetEvent)
libee.a(ee_tc2Yx_system.o)    libee.a(ee_startos.o) (EE_tc_safety_endinit_disable)
libee.a(ee_hal_structs.o)     libee.a(ee_tc_intvec.o) (EE_std_endcycle_next_tid)
libee.a(ee_tc_oo.o)           libee.a(ee_terminat.o) (EE_hal_terminate_task)
libee.a(ee_tnterm.o)          libee.a(ee_tc_oo.o) (EE_thread_not_terminated)
c:/hightec/toolch~1/tricore/v4660-~1.1/bin/../lib/gcc/tricore/4.6.4/../../../../tricore/lib/tc161\libos.a(libos_exit.o)
                              obj/pkg/mcu/infineon_common_tc2Yx/src/ee_tc2Yx_cstart.o (_exit)
c:/hightec/toolch~1/tricore/v4660-~1.1/bin/../lib/gcc/tricore/4.6.4/../../../../tricore/lib/tc161\libm.a(lib_a-s_round.o)
                              libee.a(graph.o) (round)
c:/hightec/toolch~1/tricore/v4660-~1.1/bin/../lib/gcc/tricore/4.6.4/tc161\libgcc.a(_addsub_df.o)
                              c:/hightec/toolch~1/tricore/v4660-~1.1/bin/../lib/gcc/tricore/4.6.4/../../../../tricore/lib/tc161\libm.a(lib_a-s_round.o) (__adddf3)
c:/hightec/toolch~1/tricore/v4660-~1.1/bin/../lib/gcc/tricore/4.6.4/tc161\libgcc.a(_thenan_df.o)
                              c:/hightec/toolch~1/tricore/v4660-~1.1/bin/../lib/gcc/tricore/4.6.4/tc161\libgcc.a(_addsub_df.o) (__thenan_df)
c:/hightec/toolch~1/tricore/v4660-~1.1/bin/../lib/gcc/tricore/4.6.4/tc161\libgcc.a(_ashldi3.o)
                              c:/hightec/toolch~1/tricore/v4660-~1.1/bin/../lib/gcc/tricore/4.6.4/tc161\libgcc.a(_addsub_df.o) (__ashldi3)
c:/hightec/toolch~1/tricore/v4660-~1.1/bin/../lib/gcc/tricore/4.6.4/tc161\libgcc.a(_lshrdi3.o)
                              c:/hightec/toolch~1/tricore/v4660-~1.1/bin/../lib/gcc/tricore/4.6.4/tc161\libgcc.a(_addsub_df.o) (__lshrdi3)
c:/hightec/toolch~1/tricore/v4660-~1.1/bin/../lib/gcc/tricore/4.6.4/tc161\libgcc.a(_pack_df.o)
                              c:/hightec/toolch~1/tricore/v4660-~1.1/bin/../lib/gcc/tricore/4.6.4/tc161\libgcc.a(_addsub_df.o) (__pack_d)
c:/hightec/toolch~1/tricore/v4660-~1.1/bin/../lib/gcc/tricore/4.6.4/tc161\libgcc.a(_unpack_df.o)
                              c:/hightec/toolch~1/tricore/v4660-~1.1/bin/../lib/gcc/tricore/4.6.4/tc161\libgcc.a(_addsub_df.o) (__unpack_d)

----- BEGIN EXTENDED MAP LISTING -----

>>> Linker and link run information

Linker version: GNU ld version (GNU Binutils) 2.20 (TriCore) using BFD version (GNU Binutils) 2.20 (v2.3), Tool Version v2.7
Name of linker executable: c:/hightec/toolch~1/tricore/v4660-~1.1/bin/../lib/gcc/tricore/4.6.4/../../../../tricore/bin/ld.exe
Date of link run: Mon Dec 05 16:45:52 2016
Name of linker map file: myProject_master.map

[...]
Memory Configuration

Name             Origin             Length             Used               Free               Attributes
*default*        0x00000000         0xffffffff         0x0003f597         0xfffc0a68

Linker script and memory map

LOAD export_ee_global
LOAD obj/pkg/mcu/infineon_common_tc2Yx/src/ee_tc2Yx_cstart.o
LOAD obj/common.o
LOAD obj/src/master.o
LOAD obj/eecfg.o
LOAD libee.a
LOAD c:/hightec/toolch~1/tricore/v4660-~1.1/bin/../lib/gcc/tricore/4.6.4/tc161\libgcc.a
LOAD c:/hightec/toolch~1/tricore/v4660-~1.1/bin/../lib/gcc/tricore/4.6.4/../../../../tricore/lib/tc161\libc.a
LOAD c:/hightec/toolch~1/tricore/v4660-~1.1/bin/../lib/gcc/tricore/4.6.4/../../../../tricore/lib/tc161\libos.a
LOAD c:/hightec/toolch~1/tricore/v4660-~1.1/bin/../lib/gcc/tricore/4.6.4/../../../../tricore/lib/tc161\libm.a
LOAD c:/hightec/toolch~1/tricore/v4660-~1.1/bin/../lib/gcc/tricore/4.6.4/../../../../tricore/lib/tc161\libc.a
LOAD c:/hightec/toolch~1/tricore/v4660-~1.1/bin/../lib/gcc/tricore/4.6.4/tc161\libgcc.a

ee_mcglobalt    memory region -> *default*
                0x00000000        0x4
 *(*.StartupHook)
 .text.StartupHook
                0x00000000        0x2 obj/src/master.o
                0x00000000                StartupHook
 *(*.ErrorHook)
 *(*.ShutdownHook)
 .text.ShutdownHook
                0x00000002        0x2 obj/src/master.o
                0x00000002                ShutdownHook
 *(*.ProtectionHook)
 *(ee_mcglobalt)

ee_mcglobald    memory region -> *default*
                0x00000000       0x8c
 *(ee_mcglobald)
 ee_mcglobald   0x00000000       0x60 obj/common.o
                0x00000000                EE_as_spinlocks_stack
                0x00000004                EE_as_spinlocks_last
                0x00000010                EE_as_spinlocks_locker_core
                0x00000014                EE_hal_spinlock_status
                0x00000024                EE_as_rpc_RAM
 ee_mcglobald   0x00000060        0x2 obj/src/master.o
                0x00000060                on_off
                0x00000061                adc
 ee_mcglobald   0x00000062        0x2 libee.a(display.o)
                0x00000062                tft_id
 ee_mcglobald   0x00000064        0x4 libee.a(ee_tc_multicore.o)
                0x00000064                EE_tc_kernel_barrier
 ee_mcglobald   0x00000068       0x18 libee.a(ee_as_multicore.o)
                0x00000068                EE_as_not_as_core_mask
                0x0000006c                EE_as_core_started
                0x00000070                EE_as_core_mask
                0x00000074                EE_as_os_application_mode
 ee_mcglobald   0x00000080        0xc libee.a(ee_as_rpc.o)
                0x00000080                EE_as_shutdown_mask
                0x00000084                EE_as_shutdown_all_cores_error
                0x00000085                EE_as_shutdown_all_cores_flag
                0x00000086                EE_as_rpc_serving

ee_mcglobalc    memory region -> *default*
                0x00000000       0x68
 *(ee_mcglobalc)
 ee_mcglobalc   0x00000000       0x68 obj/common.o
                0x00000000                EE_as_core_start_addresses
                0x00000008                EE_as_rpc_services_table
                0x0000001c                EE_as_rpc_counters
                0x00000024                EE_as_rpc_alarms
                0x00000034                EE_as_rpc_tasks
                0x0000005c                EE_as_core_spinlocks

.CPU0.init
 *(.init)

.CPU0.fini
 *(.fini)

.CPU0.cramtext
 *(.cramtext)
 *(.cramtext.*)

.CPU0.traptab   memory region -> *default*
                0x00000000      0x100
 *(.traptab)
 .traptab       0x00000000      0x100 libee.a(ee_tc_trapvec.o)
                0x00000000                EE_tc_trap_mmu
                0x00000000                EE_tc_trap_table
                0x00000020                EE_tc_trap_protection
                0x00000040                EE_tc_trap_instruction
                0x00000060                EE_tc_trap_context
                0x00000080                EE_tc_trap_bus
                0x000000a0                EE_tc_trap_assertion
                0x000000c0                EE_tc_trap_system
                0x000000e0                EE_tc_trap_nmi
 *(.traptab*)

.CPU0.inttab    memory region -> *default*
                0x00000000      0x100
 *(.inttab)
 .inttab        0x00000000      0x100 libee.a(ee_tc_intvec.o)
                0x00000000                EE_tc_interrupt_table
                0x00000020                EE_tc_isr2_entry_1
                0x00000040                EE_tc_isr2_entry_2
                0x00000060                EE_tc_isr2_global_wrapper
 *(.*.inttab)

.CPU0.text      memory region -> *default*
                0x00000000     0x5924
 *(.text)
 .text          0x00000000        0x0 obj/pkg/mcu/infineon_common_tc2Yx/src/ee_tc2Yx_cstart.o
 .text          0x00000000        0x0 obj/common.o
 .text          0x00000000        0x0 obj/src/master.o
 .text          0x00000000        0x0 obj/eecfg.o
 .text          0x00000000        0x0 libee.a(display.o)
 .text          0x00000000        0x0 libee.a(graph.o)
 .text          0x00000000        0x0 libee.a(util.o)
 .text          0x00000000        0x0 libee.a(ee_tc_trapvec.o)
 .text          0x00000000        0x0 libee.a(ee_tc_intvec.o)
 .text          0x00000000        0x0 libee.a(ee_tc_context.o)
 .text          0x00000000        0x0 libee.a(ee_tc_multicore.o)
 .text          0x00000000        0x0 libee.a(ee_as_multicore.o)
 .text          0x00000000        0x0 libee.a(ee_as_spinlocks.o)
 .text          0x00000000        0x0 libee.a(ee_as_rpc.o)
 .text          0x00000000        0x0 libee.a(ee_activate.o)
 .text          0x00000000        0x0 libee.a(ee_gettaskstate.o)
 .text          0x00000000        0x0 libee.a(ee_terminat.o)
 .text          0x00000000        0x0 libee.a(ee_thendin.o)
 .text          0x00000000        0x0 libee.a(ee_irqendin.o)
 .text          0x00000000        0x0 libee.a(ee_tstub.o)
 .text          0x00000000        0x0 libee.a(ee_lookup.o)
 .text          0x00000000        0x0 libee.a(ee_rq_exchg.o)
 .text          0x00000000        0x0 libee.a(ee_rq_inser.o)
 .text          0x00000000        0x0 libee.a(ee_shtdown.o)
 .text          0x00000000        0x0 libee.a(ee_startos.o)
 .text          0x00000000        0x0 libee.a(ee_alcancel.o)
 .text          0x00000000        0x0 libee.a(ee_algetbase.o)
 .text          0x00000000        0x0 libee.a(ee_alget.o)
 .text          0x00000000        0x0 libee.a(ee_alsetabs.o)
 .text          0x00000000        0x0 libee.a(ee_alsetrel.o)
 .text          0x00000000        0x0 libee.a(ee_altick.o)
 .text          0x00000000        0x0 libee.a(ee_getcountervalue.o)
 .text          0x00000000        0x0 libee.a(ee_getelapsedvalue.o)
 .text          0x00000000        0x0 libee.a(ee_evset.o)
 .text          0x00000000        0x0 libee.a(ee_tc2Yx_system.o)
 .text          0x00000000        0x0 libee.a(ee_hal_structs.o)
 .text          0x00000000        0x0 libee.a(ee_tc_oo.o)
 .text          0x00000000        0x0 libee.a(ee_tnterm.o)
 .text          0x00000000        0x0 c:/hightec/toolch~1/tricore/v4660-~1.1/bin/../lib/gcc/tricore/4.6.4/../../../../tricore/lib/tc161\libos.a(libos_exit.o)
 .text          0x00000000        0x0 c:/hightec/toolch~1/tricore/v4660-~1.1/bin/../lib/gcc/tricore/4.6.4/../../../../tricore/lib/tc161\libm.a(lib_a-s_round.o)
 .text          0x00000000        0x0 c:/hightec/toolch~1/tricore/v4660-~1.1/bin/../lib/gcc/tricore/4.6.4/tc161\libgcc.a(_addsub_df.o)
 .text          0x00000000        0x0 c:/hightec/toolch~1/tricore/v4660-~1.1/bin/../lib/gcc/tricore/4.6.4/tc161\libgcc.a(_thenan_df.o)
 .text          0x00000000        0x0 c:/hightec/toolch~1/tricore/v4660-~1.1/bin/../lib/gcc/tricore/4.6.4/tc161\libgcc.a(_ashldi3.o)
 .text          0x00000000        0x0 c:/hightec/toolch~1/tricore/v4660-~1.1/bin/../lib/gcc/tricore/4.6.4/tc161\libgcc.a(_lshrdi3.o)
 .text          0x00000000        0x0 c:/hightec/toolch~1/tricore/v4660-~1.1/bin/../lib/gcc/tricore/4.6.4/tc161\libgcc.a(_pack_df.o)
 .text          0x00000000        0x0 c:/hightec/toolch~1/tricore/v4660-~1.1/bin/../lib/gcc/tricore/4.6.4/tc161\libgcc.a(_unpack_df.o)
 *(.text.*)
 .text.FuncTaskUi
                0x00000000      0x13c obj/src/master.o
                0x00000000                FuncTaskUi
 .text.main     0x0000013c       0x8a obj/src/master.o
                0x0000013c                main
 .text.tft_display_home.constprop.1
                0x000001c6      0x29a libee.a(display.o)
 .text.DISPLAY_BackgroundColor
                0x00000460        0xa libee.a(display.o)
                0x00000460                DISPLAY_BackgroundColor
 .text.DISPLAY_Framebuffer_Init
                0x0000046a       0x20 libee.a(display.o)
                0x0000046a                DISPLAY_Framebuffer_Init
 .text.DISPLAY_colorTable_StdInit
                0x0000048a      0x116 libee.a(display.o)
                0x0000048a                DISPLAY_colorTable_StdInit
 .text.DISPLAY_Buffer_Init
                0x000005a0       0x24 libee.a(display.o)
                0x000005a0                DISPLAY_Buffer_Init
 .text.writeDisplay
                0x000005c4       0x7c libee.a(display.o)
                0x000005c4                writeDisplay
 .text.writePixel
                0x00000640       0x1a libee.a(display.o)
                0x00000640                writePixel
 .text.setPx    0x0000065a       0x68 libee.a(display.o)
                0x0000065a                setPx
 .text.printScrn
                0x000006c2       0xa4 libee.a(display.o)
                0x000006c2                printScrn
 .text.drawChar
                0x00000766      0x1a0 libee.a(display.o)
                0x00000766                drawChar
 .text.drawString.constprop.2
                0x00000906       0x46 libee.a(display.o)
 .text.drawString
                0x0000094c       0xb0 libee.a(display.o)
                0x0000094c                drawString
 .text.drawBinary
                0x000009fc       0x68 libee.a(display.o)
                0x000009fc                drawBinary
 .text.DISPLAY_Init
                0x00000a64     0x1d38 libee.a(display.o)
                0x00000a64                DISPLAY_Init
 .text.DISPLAY_Clear
                0x0000279c       0xc0 libee.a(display.o)
                0x0000279c                DISPLAY_Clear
 .text.TOUCH_read
                0x0000285c      0x13c libee.a(display.o)
                0x0000285c                TOUCH_read
 .text.TOUCH_x  0x00002998       0x18 libee.a(display.o)
                0x00002998                TOUCH_x
 .text.TOUCH_y  0x000029b0       0x18 libee.a(display.o)
                0x000029b0                TOUCH_y
 .text.clearDisplayBuffer
                0x000029c8       0x60 libee.a(display.o)
                0x000029c8                clearDisplayBuffer
 .text.graph_line
                0x00002a28      0x2a0 libee.a(graph.o)
                0x00002a28                graph_line
 .text.graph_drawZPoint
                0x00002cc8       0x62 libee.a(graph.o)
                0x00002cc8                graph_drawZPoint
 .text.graph_drawXYPoint
                0x00002d2a       0x7a libee.a(graph.o)
                0x00002d2a                graph_drawXYPoint
 .text.graph_pointOnAxis
                0x00002da4       0x1a libee.a(graph.o)
                0x00002da4                graph_pointOnAxis
 .text.graph_hLine
                0x00002dbe       0x5a libee.a(graph.o)
                0x00002dbe                graph_hLine
 .text.graph_vLine
                0x00002e18       0x5a libee.a(graph.o)
                0x00002e18                graph_vLine
 .text.graph_squarePoint
                0x00002e72       0x5e libee.a(graph.o)
                0x00002e72                graph_squarePoint
 .text.graph_rasterCircle
                0x00002ed0       0xd8 libee.a(graph.o)
                0x00002ed0                graph_rasterCircle
 .text.graph_fillCircle
                0x00002fa8       0x4c libee.a(graph.o)
                0x00002fa8                graph_fillCircle
 .text.graph_drawRectangle
                0x00002ff4      0x1dc libee.a(graph.o)
                0x00002ff4                graph_drawRectangle
 .text.graph_fillRectangle
                0x000031d0       0x34 libee.a(graph.o)
                0x000031d0                graph_fillRectangle
 .text.graph_drawColorMap
                0x00003204       0x4e libee.a(graph.o)
                0x00003204                graph_drawColorMap
 .text.delay_us
                0x00003252        0x2 libee.a(util.o)
                0x00003252                delay_us
 .text.delay_ms
                0x00003254        0x2 libee.a(util.o)
                0x00003254                delay_ms
 .text.EE_tc_isr2_call_handler
                0x00003256        0x6 libee.a(ee_tc_intvec.o)
                0x00003256                EE_tc_isr2_call_handler
 .text.EE_std_change_context
                0x0000325c       0x98 libee.a(ee_tc_context.o)
                0x0000325c                EE_std_change_context
 .text.EE_hal_sync_barrier
                0x000032f4       0x72 libee.a(ee_tc_multicore.o)
                0x000032f4                EE_hal_sync_barrier
 .text.EE_tc_sync_barrier
                0x00003366       0x6c libee.a(ee_tc_multicore.o)
                0x00003366                EE_tc_sync_barrier
 .text.EE_TC_iirq_handler
                0x000033d2        0x4 libee.a(ee_tc_multicore.o)
                0x000033d2                EE_TC_iirq_handler
 .text.EE_as_StartCore
                0x000033d6       0xea libee.a(ee_as_multicore.o)
                0x000033d6                EE_as_StartCore
 .text.EE_as_StartNonAutosarCore
                0x000034c0       0xd0 libee.a(ee_as_multicore.o)
                0x000034c0                EE_as_StartNonAutosarCore
 .text.EE_as_GetSpinlock
                0x00003590       0xae libee.a(ee_as_spinlocks.o)
                0x00003590                EE_as_GetSpinlock
 .text.EE_as_ReleaseSpinlock
                0x0000363e       0xa2 libee.a(ee_as_spinlocks.o)
                0x0000363e                EE_as_ReleaseSpinlock
 .text.EE_as_TryToGetSpinlock
                0x000036e0       0xb8 libee.a(ee_as_spinlocks.o)
                0x000036e0                EE_as_TryToGetSpinlock
 .text.EE_as_release_all_spinlocks
                0x00003798       0x86 libee.a(ee_as_spinlocks.o)
                0x00003798                EE_as_release_all_spinlocks
 .text.EE_as_rpc
                0x0000381e       0xdc libee.a(ee_as_rpc.o)
                0x0000381e                EE_as_rpc
 *fill*         0x000038fa        0x2 00
 .text.EE_as_rpc_handler
                0x000038fc      0x228 libee.a(ee_as_rpc.o)
                0x000038fc                EE_as_rpc_handler
 .text.EE_as_ShutdownAllCores
                0x00003b24      0x100 libee.a(ee_as_rpc.o)
                0x00003b24                EE_as_ShutdownAllCores
 .text.EE_oo_ActivateTask
                0x00003c24      0x118 libee.a(ee_activate.o)
                0x00003c24                EE_oo_ActivateTask
 .text.EE_oo_GetTaskState
                0x00003d3c       0x78 libee.a(ee_gettaskstate.o)
                0x00003d3c                EE_oo_GetTaskState
 .text.EE_oo_TerminateTask
                0x00003db4       0x6a libee.a(ee_terminat.o)
                0x00003db4                EE_oo_TerminateTask
 .text.EE_thread_end_instance
                0x00003e1e      0x130 libee.a(ee_thendin.o)
                0x00003e1e                EE_thread_end_instance
 .text.EE_oo_assign_TID_to_ISR2
                0x00003f4e       0x4a libee.a(ee_irqendin.o)
                0x00003f4e                EE_oo_assign_TID_to_ISR2
 .text.EE_IRQ_end_instance
                0x00003f98       0x96 libee.a(ee_irqendin.o)
                0x00003f98                EE_IRQ_end_instance
 .text.EE_IRQ_end_post_stub
                0x0000402e       0x62 libee.a(ee_irqendin.o)
                0x0000402e                EE_IRQ_end_post_stub
 .text.EE_oo_thread_stub
                0x00004090        0xc libee.a(ee_tstub.o)
                0x00004090                EE_oo_thread_stub
 .text.EE_rq2stk_exchange
                0x0000409c       0x2a libee.a(ee_rq_exchg.o)
                0x0000409c                EE_rq2stk_exchange
 .text.EE_rq_insert
                0x000040c6       0x6c libee.a(ee_rq_inser.o)
                0x000040c6                EE_rq_insert
 .text.EE_oo_ShutdownOS_internal
                0x00004132       0xc6 libee.a(ee_shtdown.o)
                0x00004132                EE_oo_ShutdownOS_internal
 .text.EE_oo_ShutdownOS
                0x000041f8       0x12 libee.a(ee_shtdown.o)
                0x000041f8                EE_oo_ShutdownOS
 .text.EE_oo_StartOS
                0x0000420a      0x272 libee.a(ee_startos.o)
                0x0000420a                EE_oo_StartOS
 .text.EE_oo_CancelAlarm
                0x0000447c       0xfc libee.a(ee_alcancel.o)
                0x0000447c                EE_oo_CancelAlarm
 .text.EE_oo_GetAlarmBase
                0x00004578       0x9e libee.a(ee_algetbase.o)
                0x00004578                EE_oo_GetAlarmBase
 .text.EE_oo_GetAlarm
                0x00004616       0xd2 libee.a(ee_alget.o)
                0x00004616                EE_oo_GetAlarm
 .text.EE_oo_SetAbsAlarm
                0x000046e8       0xe4 libee.a(ee_alsetabs.o)
                0x000046e8                EE_oo_SetAbsAlarm
 .text.EE_oo_SetRelAlarm
                0x000047cc       0xd0 libee.a(ee_alsetrel.o)
                0x000047cc                EE_oo_SetRelAlarm
 .text.EE_oo_counter_object_insert
                0x0000489c       0xb0 libee.a(ee_altick.o)
                0x0000489c                EE_oo_counter_object_insert
 .text.EE_oo_IncrementCounterImplementation
                0x0000494c      0x26c libee.a(ee_altick.o)
                0x0000494c                EE_oo_IncrementCounterImplementation
 .text.EE_oo_IncrementCounterHardware
                0x00004bb8       0x30 libee.a(ee_altick.o)
                0x00004bb8                EE_oo_IncrementCounterHardware
 .text.EE_oo_IncrementCounter
                0x00004be8       0x38 libee.a(ee_altick.o)
                0x00004be8                EE_oo_IncrementCounter
 .text.EE_oo_GetCounterValue
                0x00004c20       0x7c libee.a(ee_getcountervalue.o)
                0x00004c20                EE_oo_GetCounterValue
 .text.EE_oo_GetElapsedValue
                0x00004c9c       0x96 libee.a(ee_getelapsedvalue.o)
                0x00004c9c                EE_oo_GetElapsedValue
 .text.EE_oo_SetEvent
                0x00004d32      0x13e libee.a(ee_evset.o)
                0x00004d32                EE_oo_SetEvent
 .text.EE_tc_endint_disable
                0x00004e70       0x20 libee.a(ee_tc2Yx_system.o)
                0x00004e70                EE_tc_endint_disable
 .text.EE_tc_endint_enable
                0x00004e90       0x20 libee.a(ee_tc2Yx_system.o)
                0x00004e90                EE_tc_endint_enable
 .text.EE_tc_safety_endinit_disable
                0x00004eb0       0x20 libee.a(ee_tc2Yx_system.o)
                0x00004eb0                EE_tc_safety_endinit_disable
 .text.EE_tc_safety_endinit_enable
                0x00004ed0       0x20 libee.a(ee_tc2Yx_system.o)
                0x00004ed0                EE_tc_safety_endinit_enable
 .text.EE_tc_system_timer_handler
                0x00004ef0       0x5c libee.a(ee_tc2Yx_system.o)
                0x00004ef0                EE_tc_system_timer_handler
 .text.EE_tc2Yx_initialize_system_timer
                0x00004f4c       0x8a libee.a(ee_tc2Yx_system.o)
                0x00004f4c                EE_tc2Yx_initialize_system_timer
 .text.EE_tc2Yx_configure_clock
                0x00004fd6      0x10c libee.a(ee_tc2Yx_system.o)
                0x00004fd6                EE_tc2Yx_configure_clock
 .text.EE_tc2Yx_get_clock
                0x000050e2       0x80 libee.a(ee_tc2Yx_system.o)
                0x000050e2                EE_tc2Yx_get_clock
 .text.EE_tc2Yx_stm_set_clockpersec
                0x00005162       0xaa libee.a(ee_tc2Yx_system.o)
                0x00005162                EE_tc2Yx_stm_set_clockpersec
 .text.EE_tc2Yx_stm_set_sr1
                0x0000520c       0xd0 libee.a(ee_tc2Yx_system.o)
                0x0000520c                EE_tc2Yx_stm_set_sr1
 .text.EE_tc2Yx_stm_set_sr1_next_match
                0x000052dc       0x6e libee.a(ee_tc2Yx_system.o)
                0x000052dc                EE_tc2Yx_stm_set_sr1_next_match
 .text.EE_tc2Yx_delay
                0x0000534a       0x60 libee.a(ee_tc2Yx_system.o)
                0x0000534a                EE_tc2Yx_delay
 .text.EE_tc_dummy_context
                0x000053aa       0x32 libee.a(ee_tc_oo.o)
 .text.EE_hal_terminate_task
                0x000053dc       0x5c libee.a(ee_tc_oo.o)
                0x000053dc                EE_hal_terminate_task
 .text.EE_hal_terminate_savestk
                0x00005438        0x8 libee.a(ee_tc_oo.o)
                0x00005438                EE_hal_terminate_savestk
 .text.EE_thread_not_terminated
                0x00005440       0x24 libee.a(ee_tnterm.o)
                0x00005440                EE_thread_not_terminated
 .text._exit    0x00005464       0x10 c:/hightec/toolch~1/tricore/v4660-~1.1/bin/../lib/gcc/tricore/4.6.4/../../../../tricore/lib/tc161\libos.a(libos_exit.o)
                0x00005464                _exit
 .text.round    0x00005474       0xb0 c:/hightec/toolch~1/tricore/v4660-~1.1/bin/../lib/gcc/tricore/4.6.4/../../../../tricore/lib/tc161\libm.a(lib_a-s_round.o)
                0x00005474                round
 .text._fpadd_parts
                0x00005524      0x1aa c:/hightec/toolch~1/tricore/v4660-~1.1/bin/../lib/gcc/tricore/4.6.4/tc161\libgcc.a(_addsub_df.o)
 .text.__adddf3
                0x000056ce       0x38 c:/hightec/toolch~1/tricore/v4660-~1.1/bin/../lib/gcc/tricore/4.6.4/tc161\libgcc.a(_addsub_df.o)
                0x000056ce                __adddf3
 .text.__subdf3
                0x00005706       0x40 c:/hightec/toolch~1/tricore/v4660-~1.1/bin/../lib/gcc/tricore/4.6.4/tc161\libgcc.a(_addsub_df.o)
                0x00005706                __subdf3
 .text.libgcc   0x00005746       0x1a c:/hightec/toolch~1/tricore/v4660-~1.1/bin/../lib/gcc/tricore/4.6.4/tc161\libgcc.a(_ashldi3.o)
                0x00005746                __ashldi3
 .text.libgcc   0x00005760       0x26 c:/hightec/toolch~1/tricore/v4660-~1.1/bin/../lib/gcc/tricore/4.6.4/tc161\libgcc.a(_lshrdi3.o)
                0x00005760                __lshrdi3
 .text.__pack_d
                0x00005786      0x10c c:/hightec/toolch~1/tricore/v4660-~1.1/bin/../lib/gcc/tricore/4.6.4/tc161\libgcc.a(_pack_df.o)
                0x00005786                __pack_d
 .text.__unpack_d
                0x00005892       0x92 c:/hightec/toolch~1/tricore/v4660-~1.1/bin/../lib/gcc/tricore/4.6.4/tc161\libgcc.a(_unpack_df.o)
                0x00005892                __unpack_d
 *(.gnu.linkonce.t.*)
 *(.gnu.warning)

.startup        memory region -> *default*
                0x00000000        0x6
 .startup       0x00000000        0x6 obj/pkg/mcu/infineon_common_tc2Yx/src/ee_tc2Yx_cstart.o
                0x00000000                _START

ee_kernel_start memory region -> *default*
                0x00000000      0x164
 ee_kernel_start
                0x00000000      0x164 obj/pkg/mcu/infineon_common_tc2Yx/src/ee_tc2Yx_cstart.o
                0x00000000                EE_tc2Yx_start

.CPU0.ee_api_text
 *(ee_api_text)

.CPU0.ee_kernel_text
 *(ee_kernel_text)

.CPU0.gcc_except_table
 *(.gcc_except_table)

.CPU0.eh_frame
 *(.eh_frame)

.CPU0.jcr
 *(.jcr)

.CPU0.ctors
 *(.ctors)

.CPU0.dtors
 *(.dtors)

.CPU0.rodata    memory region -> *default*
                0x00000000      0x168
 *(.rodata)
 .rodata        0x00000000        0x4 libee.a(display.o)
 .rodata        0x00000004       0x14 c:/hightec/toolch~1/tricore/v4660-~1.1/bin/../lib/gcc/tricore/4.6.4/tc161\libgcc.a(_thenan_df.o)
                0x00000004                __thenan_df
 *(.rodata.*)
 .rodata.EE_oo_autostart_alarm_cycle
                0x00000018        0x8 obj/eecfg.o
                0x00000018                EE_oo_autostart_alarm_cycle
 .rodata.EE_oo_autostart_alarm_increment
                0x00000020        0x8 obj/eecfg.o
                0x00000020                EE_oo_autostart_alarm_increment
 .rodata.EE_oo_autostart_alarm_data
                0x00000028        0x8 obj/eecfg.o
                0x00000028                EE_oo_autostart_alarm_data
 .rodata.EE_oo_action_ROM
                0x00000030       0x28 obj/eecfg.o
                0x00000030                EE_oo_action_ROM
 .rodata.EE_oo_counter_object_ROM
                0x00000058       0x18 obj/eecfg.o
                0x00000058                EE_oo_counter_object_ROM
 .rodata.EE_alarm_ROM
                0x00000070        0x8 obj/eecfg.o
                0x00000070                EE_alarm_ROM
 .rodata.EE_counter_ROM
                0x00000078        0xc obj/eecfg.o
                0x00000078                EE_counter_ROM
 .rodata.EE_th_is_extended
                0x00000084        0x4 obj/eecfg.o
                0x00000084                EE_th_is_extended
 .rodata.EE_th_dispatch_prio
                0x00000088        0x4 obj/eecfg.o
                0x00000088                EE_th_dispatch_prio
 .rodata.EE_th_ready_prio
                0x0000008c        0x4 obj/eecfg.o
                0x0000008c                EE_th_ready_prio
 .rodata.EE_terminate_real_th_body
                0x00000090        0x4 obj/eecfg.o
                0x00000090                EE_terminate_real_th_body
 .rodata.EE_hal_thread_body
                0x00000094        0x4 obj/eecfg.o
                0x00000094                EE_hal_thread_body
 .rodata.EE_counter_hw_ROM
                0x00000098        0x4 obj/eecfg.o
                0x00000098                EE_counter_hw_ROM
 .rodata.EE_std_thread_tos
                0x0000009c        0x8 obj/eecfg.o
                0x0000009c                EE_std_thread_tos
 .rodata.EE_oo_autostart_alarm_mode_OSDEFAULTAPPMODE
                0x000000a4        0x4 obj/eecfg.o
 .rodata.CSWTCH.18
                0x000000a8       0x50 libee.a(ee_as_rpc.o)
 .rodata.CSWTCH.19
                0x000000f8       0x50 libee.a(ee_as_rpc.o)
 .rodata.EE_os_invalid_param
                0x00000148        0x4 libee.a(ee_activate.o)
 .rodata.EE_os_invalid_param
                0x0000014c        0x4 libee.a(ee_gettaskstate.o)
 .rodata.EE_os_invalid_param
                0x00000150        0x4 libee.a(ee_alcancel.o)
 .rodata.EE_os_invalid_param
                0x00000154        0x4 libee.a(ee_algetbase.o)
 .rodata.EE_os_invalid_param
                0x00000158        0x4 libee.a(ee_alget.o)
 .rodata.EE_os_invalid_param
                0x0000015c        0x4 libee.a(ee_altick.o)
 .rodata.EE_os_invalid_param
                0x00000160        0x4 libee.a(ee_getcountervalue.o)
 .rodata.EE_os_invalid_param
                0x00000164        0x4 libee.a(ee_evset.o)
 *(.gnu.linkonce.r.*)
 *(.rodata1)
 *(.toc)

.bmhd1          memory region -> *default*
                0x00000000       0x20
 .bmhd1         0x00000000       0x20 obj/pkg/mcu/infineon_common_tc2Yx/src/ee_tc2Yx_cstart.o
                0x00000000                BootModeHeader1

.bmhd0          memory region -> *default*
                0x00000000       0x20
 .bmhd0         0x00000000       0x20 obj/pkg/mcu/infineon_common_tc2Yx/src/ee_tc2Yx_cstart.o
                0x00000000                BootModeHeader0

.CPU0.sdata2
 *(.sdata.rodata)
 *(.sdata.rodata.*)
 *(.srodata)

.CPU0.zbss
 *(.zbss)
 *(.zbss.*)
 *(.gnu.linkonce.zb.*)
 *(.bbss)
 *(.bbss.*)

.CPU0.zdata
 *(.zrodata)
 *(.zrodata.*)
 *(.zdata)
 *(.zdata.*)
 *(.gnu.linkonce.z.*)
 *(.bdata)
 *(.bdata.*)

.CPU0.sbss
 *(.sbss)
 *(.sbss.CONFIG)
 *(.sbss.*)
 *(.gnu.linkonce.sb.*)

.CPU0.sdata
 *(.sdata)
 *(.sdata.*)
 *(.gnu.linkonce.s.*)

.CPU0.bss       memory region -> *default*
                0x00000000    0x12d30
 *(.bss)
 .bss           0x00000000        0x0 obj/pkg/mcu/infineon_common_tc2Yx/src/ee_tc2Yx_cstart.o
 .bss           0x00000000        0x0 obj/common.o
 .bss           0x00000000        0x0 obj/src/master.o
 .bss           0x00000000        0x0 obj/eecfg.o
 .bss           0x00000000        0x0 libee.a(display.o)
 .bss           0x00000000        0x0 libee.a(graph.o)
 .bss           0x00000000        0x0 libee.a(util.o)
 .bss           0x00000000        0x0 libee.a(ee_tc_trapvec.o)
 .bss           0x00000000        0x0 libee.a(ee_tc_intvec.o)
 .bss           0x00000000        0x0 libee.a(ee_tc_context.o)
 .bss           0x00000000        0x0 libee.a(ee_tc_multicore.o)
 .bss           0x00000000        0x0 libee.a(ee_as_multicore.o)
 .bss           0x00000000        0x0 libee.a(ee_as_spinlocks.o)
 .bss           0x00000000        0x0 libee.a(ee_as_rpc.o)
 .bss           0x00000000        0x0 libee.a(ee_activate.o)
 .bss           0x00000000        0x0 libee.a(ee_gettaskstate.o)
 .bss           0x00000000        0x0 libee.a(ee_terminat.o)
 .bss           0x00000000        0x0 libee.a(ee_thendin.o)
 .bss           0x00000000        0x0 libee.a(ee_irqendin.o)
 .bss           0x00000000        0x0 libee.a(ee_tstub.o)
 .bss           0x00000000        0x0 libee.a(ee_lookup.o)
 .bss           0x00000000        0x0 libee.a(ee_rq_exchg.o)
 .bss           0x00000000        0x0 libee.a(ee_rq_inser.o)
 .bss           0x00000000        0x0 libee.a(ee_shtdown.o)
 .bss           0x00000000        0x0 libee.a(ee_startos.o)
 .bss           0x00000000        0x0 libee.a(ee_alcancel.o)
 .bss           0x00000000        0x0 libee.a(ee_algetbase.o)
 .bss           0x00000000        0x0 libee.a(ee_alget.o)
 .bss           0x00000000        0x0 libee.a(ee_alsetabs.o)
 .bss           0x00000000        0x0 libee.a(ee_alsetrel.o)
 .bss           0x00000000        0x0 libee.a(ee_altick.o)
 .bss           0x00000000        0x0 libee.a(ee_getcountervalue.o)
 .bss           0x00000000        0x0 libee.a(ee_getelapsedvalue.o)
 .bss           0x00000000        0x0 libee.a(ee_evset.o)
 .bss           0x00000000        0x0 libee.a(ee_tc2Yx_system.o)
 .bss           0x00000000        0x0 libee.a(ee_hal_structs.o)
 .bss           0x00000000        0x0 libee.a(ee_tc_oo.o)
 .bss           0x00000000        0x0 libee.a(ee_tnterm.o)
 .bss           0x00000000        0x8 c:/hightec/toolch~1/tricore/v4660-~1.1/bin/../lib/gcc/tricore/4.6.4/../../../../tricore/lib/tc161\libos.a(libos_exit.o)
                0x00000000                __progname
 .bss           0x00000008        0x0 c:/hightec/toolch~1/tricore/v4660-~1.1/bin/../lib/gcc/tricore/4.6.4/../../../../tricore/lib/tc161\libm.a(lib_a-s_round.o)
 .bss           0x00000008        0x0 c:/hightec/toolch~1/tricore/v4660-~1.1/bin/../lib/gcc/tricore/4.6.4/tc161\libgcc.a(_addsub_df.o)
 .bss           0x00000008        0x0 c:/hightec/toolch~1/tricore/v4660-~1.1/bin/../lib/gcc/tricore/4.6.4/tc161\libgcc.a(_thenan_df.o)
 .bss           0x00000008        0x0 c:/hightec/toolch~1/tricore/v4660-~1.1/bin/../lib/gcc/tricore/4.6.4/tc161\libgcc.a(_ashldi3.o)
 .bss           0x00000008        0x0 c:/hightec/toolch~1/tricore/v4660-~1.1/bin/../lib/gcc/tricore/4.6.4/tc161\libgcc.a(_lshrdi3.o)
 .bss           0x00000008        0x0 c:/hightec/toolch~1/tricore/v4660-~1.1/bin/../lib/gcc/tricore/4.6.4/tc161\libgcc.a(_pack_df.o)
 .bss           0x00000008        0x0 c:/hightec/toolch~1/tricore/v4660-~1.1/bin/../lib/gcc/tricore/4.6.4/tc161\libgcc.a(_unpack_df.o)
 *(.bss.*)
 .bss.on_off_timer.35641
                0x00000008        0x4 obj/src/master.o
 .bss.EE_ApplicationMode
                0x0000000c        0x4 obj/eecfg.o
                0x0000000c                EE_ApplicationMode
 .bss.EE_oo_counter_object_RAM
                0x00000010       0x20 obj/eecfg.o
                0x00000010                EE_oo_counter_object_RAM
 .bss.EE_isr2_nesting_level
                0x00000030       0x10 obj/eecfg.o
                0x00000030                EE_isr2_nesting_level
 .bss.EE_th_waswaiting
                0x00000040        0x4 obj/eecfg.o
                0x00000040                EE_th_waswaiting
 .bss.EE_th_event_waitmask
                0x00000044        0x4 obj/eecfg.o
                0x00000044                EE_th_event_waitmask
 .bss.EE_th_event_active
                0x00000048        0x4 obj/eecfg.o
                0x00000048                EE_th_event_active
 .bss.EE_sys_ceiling
                0x0000004c        0x4 obj/eecfg.o
                0x0000004c                EE_sys_ceiling
 .bss.EE_terminate_data
                0x00000050        0x4 obj/eecfg.o
                0x00000050                EE_terminate_data
 .bss.EE_tc_tasks_RA
                0x00000054        0x8 obj/eecfg.o
                0x00000054                EE_tc_tasks_RA
 .bss.EE_tc_active_tos
                0x0000005c        0x4 obj/eecfg.o
                0x0000005c                EE_tc_active_tos
 .bss.touch_y   0x00000060        0x2 libee.a(display.o)
                0x00000060                touch_y
 .bss.touch_x   0x00000062        0x2 libee.a(display.o)
                0x00000062                touch_x
 .bss.defaultDispBufReady
                0x00000064        0x4 libee.a(display.o)
                0x00000064                defaultDispBufReady
 .bss.BackgroundColor
                0x00000068        0x1 libee.a(display.o)
                0x00000068                BackgroundColor
 *fill*         0x00000069        0x1 00
 .bss.colorTable
                0x0000006a       0x96 libee.a(display.o)
                0x0000006a                colorTable
 .bss.frameBuffer
                0x00000100    0x12c00 libee.a(display.o)
                0x00000100                frameBuffer
 .bss.EE_tc_active_utid
                0x00012d00        0x4 libee.a(ee_tc_context.o)
                0x00012d00                EE_tc_active_utid
 .bss.EE_oo_IRQ_suspend_status
                0x00012d04        0x4 libee.a(ee_lookup.o)
                0x00012d04                EE_oo_IRQ_suspend_status
 .bss.EE_oo_IRQ_disable_count
                0x00012d08        0x4 libee.a(ee_lookup.o)
                0x00012d08                EE_oo_IRQ_disable_count
 .bss.EE_oo_started
                0x00012d0c        0x4 libee.a(ee_startos.o)
                0x00012d0c                EE_oo_started
 .bss.EE_ORTI_runningisr2
                0x00012d10        0x4 libee.a(ee_startos.o)
                0x00012d10                EE_ORTI_runningisr2
 .bss.EE_ORTI_th_priority
                0x00012d14        0x4 libee.a(ee_startos.o)
                0x00012d14                EE_ORTI_th_priority
 .bss.EE_ORTI_lasterror
                0x00012d18        0x1 libee.a(ee_startos.o)
                0x00012d18                EE_ORTI_lasterror
 .bss.EE_ORTI_servicetrace
                0x00012d19        0x1 libee.a(ee_startos.o)
                0x00012d19                EE_ORTI_servicetrace
 *fill*         0x00012d1a        0x2 00
 .bss.EE_ORTI_alarmtime
                0x00012d1c        0x8 libee.a(ee_altick.o)
 .bss.EE_tc2Yx_stm_freq_khz
                0x00012d24        0x4 libee.a(ee_tc2Yx_system.o)
 .bss.EE_std_endcycle_next_tid
                0x00012d28        0x4 libee.a(ee_hal_structs.o)
                0x00012d28                EE_std_endcycle_next_tid
 .bss.EE_IRQ_nesting_level
                0x00012d2c        0x4 libee.a(ee_hal_structs.o)
                0x00012d2c                EE_IRQ_nesting_level
 *(.gnu.linkonce.b.*)
 *(COMMON)

.CPU0.data      memory region -> *default*
                0x00000000       0x48
 *(.data)
 .data          0x00000000        0x0 obj/pkg/mcu/infineon_common_tc2Yx/src/ee_tc2Yx_cstart.o
 .data          0x00000000        0x0 obj/common.o
 .data          0x00000000        0x0 obj/src/master.o
 .data          0x00000000        0x0 obj/eecfg.o
 .data          0x00000000        0x0 libee.a(display.o)
 .data          0x00000000        0x0 libee.a(graph.o)
 .data          0x00000000        0x0 libee.a(util.o)
 .data          0x00000000        0x0 libee.a(ee_tc_trapvec.o)
 .data          0x00000000        0x0 libee.a(ee_tc_intvec.o)
 .data          0x00000000        0x0 libee.a(ee_tc_context.o)
 .data          0x00000000        0x0 libee.a(ee_tc_multicore.o)
 .data          0x00000000        0x0 libee.a(ee_as_multicore.o)
 .data          0x00000000        0x0 libee.a(ee_as_spinlocks.o)
 .data          0x00000000        0x0 libee.a(ee_as_rpc.o)
 .data          0x00000000        0x0 libee.a(ee_activate.o)
 .data          0x00000000        0x0 libee.a(ee_gettaskstate.o)
 .data          0x00000000        0x0 libee.a(ee_terminat.o)
 .data          0x00000000        0x0 libee.a(ee_thendin.o)
 .data          0x00000000        0x0 libee.a(ee_irqendin.o)
 .data          0x00000000        0x0 libee.a(ee_tstub.o)
 .data          0x00000000        0x0 libee.a(ee_lookup.o)
 .data          0x00000000        0x0 libee.a(ee_rq_exchg.o)
 .data          0x00000000        0x0 libee.a(ee_rq_inser.o)
 .data          0x00000000        0x0 libee.a(ee_shtdown.o)
 .data          0x00000000        0x0 libee.a(ee_startos.o)
 .data          0x00000000        0x0 libee.a(ee_alcancel.o)
 .data          0x00000000        0x0 libee.a(ee_algetbase.o)
 .data          0x00000000        0x0 libee.a(ee_alget.o)
 .data          0x00000000        0x0 libee.a(ee_alsetabs.o)
 .data          0x00000000        0x0 libee.a(ee_alsetrel.o)
 .data          0x00000000        0x0 libee.a(ee_altick.o)
 .data          0x00000000        0x0 libee.a(ee_getcountervalue.o)
 .data          0x00000000        0x0 libee.a(ee_getelapsedvalue.o)
 .data          0x00000000        0x0 libee.a(ee_evset.o)
 .data          0x00000000        0x0 libee.a(ee_tc2Yx_system.o)
 .data          0x00000000        0x0 libee.a(ee_hal_structs.o)
 .data          0x00000000        0x0 libee.a(ee_tc_oo.o)
 .data          0x00000000        0x0 libee.a(ee_tnterm.o)
 .data          0x00000000        0x0 c:/hightec/toolch~1/tricore/v4660-~1.1/bin/../lib/gcc/tricore/4.6.4/../../../../tricore/lib/tc161\libos.a(libos_exit.o)
 .data          0x00000000        0x0 c:/hightec/toolch~1/tricore/v4660-~1.1/bin/../lib/gcc/tricore/4.6.4/../../../../tricore/lib/tc161\libm.a(lib_a-s_round.o)
 .data          0x00000000        0x0 c:/hightec/toolch~1/tricore/v4660-~1.1/bin/../lib/gcc/tricore/4.6.4/tc161\libgcc.a(_addsub_df.o)
 .data          0x00000000        0x0 c:/hightec/toolch~1/tricore/v4660-~1.1/bin/../lib/gcc/tricore/4.6.4/tc161\libgcc.a(_thenan_df.o)
 .data          0x00000000        0x0 c:/hightec/toolch~1/tricore/v4660-~1.1/bin/../lib/gcc/tricore/4.6.4/tc161\libgcc.a(_ashldi3.o)
 .data          0x00000000        0x0 c:/hightec/toolch~1/tricore/v4660-~1.1/bin/../lib/gcc/tricore/4.6.4/tc161\libgcc.a(_lshrdi3.o)
 .data          0x00000000        0x0 c:/hightec/toolch~1/tricore/v4660-~1.1/bin/../lib/gcc/tricore/4.6.4/tc161\libgcc.a(_pack_df.o)
 .data          0x00000000        0x0 c:/hightec/toolch~1/tricore/v4660-~1.1/bin/../lib/gcc/tricore/4.6.4/tc161\libgcc.a(_unpack_df.o)
 *(.data.*)
 .data.EE_as_spinlocks_locker_task_or_isr2
                0x00000000       0x14 obj/eecfg.o
                0x00000000                EE_as_spinlocks_locker_task_or_isr2
 .data.EE_counter_RAM
                0x00000014        0x8 obj/eecfg.o
                0x00000014                EE_counter_RAM
 .data.EE_th_terminate_nextask
                0x0000001c        0x4 obj/eecfg.o
                0x0000001c                EE_th_terminate_nextask
 .data.EE_rq_first
                0x00000020        0x4 obj/eecfg.o
                0x00000020                EE_rq_first
 .data.EE_th_rnact
                0x00000024        0x4 obj/eecfg.o
                0x00000024                EE_th_rnact
 .data.EE_stkfirst
                0x00000028        0x4 obj/eecfg.o
                0x00000028                EE_stkfirst
 .data.EE_th_next
                0x0000002c        0x4 obj/eecfg.o
                0x0000002c                EE_th_next
 .data.EE_th_status
                0x00000030        0x4 obj/eecfg.o
                0x00000030                EE_th_status
 .data.EE_tc_system_tos
                0x00000034       0x10 obj/eecfg.o
                0x00000034                EE_tc_system_tos
 .data.EE_isr2_index
                0x00000044        0x4 libee.a(ee_irqendin.o)
                0x00000044                EE_isr2_index
 *(.gnu.linkonce.d.*)

.CPU0.ustack

.CPU0.istack

.CPU0.heap

.CPU0.csa

.CPU0.ee_api_bss
 *(ee_api_bss)

.CPU0.ee_api_data
 *(ee_api_data)

.CPU0.ee_kernel_bss
 *(ee_kernel_bss)

.CPU0.ee_kernel_data
 *(ee_kernel_data)

.CPU0.ee_kernel_stack memory region -> *default*
                0x00000000      0x208
 *(ee_kernel_stack)
 ee_kernel_stack
                0x00000000      0x208 obj/eecfg.o
                0x00000000                EE_tc_stack_1

.comment        memory region -> *default*
                0x00000000      0xc60
 *(.comment)
 .comment       0x00000000       0x48 obj/pkg/mcu/infineon_common_tc2Yx/src/ee_tc2Yx_cstart.o
 .comment       0x00000048       0x48 obj/common.o
 .comment       0x00000090       0x48 obj/src/master.o
 .comment       0x000000d8       0x48 obj/eecfg.o
 .comment       0x00000120       0x48 libee.a(display.o)
 .comment       0x00000168       0x48 libee.a(graph.o)
 .comment       0x000001b0       0x48 libee.a(util.o)
 .comment       0x000001f8       0x48 libee.a(ee_tc_trapvec.o)
 .comment       0x00000240       0x48 libee.a(ee_tc_intvec.o)
 .comment       0x00000288       0x48 libee.a(ee_tc_context.o)
 .comment       0x000002d0       0x48 libee.a(ee_tc_multicore.o)
 .comment       0x00000318       0x48 libee.a(ee_as_multicore.o)
 .comment       0x00000360       0x48 libee.a(ee_as_spinlocks.o)
 .comment       0x000003a8       0x48 libee.a(ee_as_rpc.o)
 .comment       0x000003f0       0x48 libee.a(ee_activate.o)
 .comment       0x00000438       0x48 libee.a(ee_gettaskstate.o)
 .comment       0x00000480       0x48 libee.a(ee_terminat.o)
 .comment       0x000004c8       0x48 libee.a(ee_thendin.o)
 .comment       0x00000510       0x48 libee.a(ee_irqendin.o)
 .comment       0x00000558       0x48 libee.a(ee_tstub.o)
 .comment       0x000005a0       0x48 libee.a(ee_lookup.o)
 .comment       0x000005e8       0x48 libee.a(ee_rq_exchg.o)
 .comment       0x00000630       0x48 libee.a(ee_rq_inser.o)
 .comment       0x00000678       0x48 libee.a(ee_shtdown.o)
 .comment       0x000006c0       0x48 libee.a(ee_startos.o)
 .comment       0x00000708       0x48 libee.a(ee_alcancel.o)
 .comment       0x00000750       0x48 libee.a(ee_algetbase.o)
 .comment       0x00000798       0x48 libee.a(ee_alget.o)
 .comment       0x000007e0       0x48 libee.a(ee_alsetabs.o)
 .comment       0x00000828       0x48 libee.a(ee_alsetrel.o)
 .comment       0x00000870       0x48 libee.a(ee_altick.o)
 .comment       0x000008b8       0x48 libee.a(ee_getcountervalue.o)
 .comment       0x00000900       0x48 libee.a(ee_getelapsedvalue.o)
 .comment       0x00000948       0x48 libee.a(ee_evset.o)
 .comment       0x00000990       0x48 libee.a(ee_tc2Yx_system.o)
 .comment       0x000009d8       0x48 libee.a(ee_hal_structs.o)
 .comment       0x00000a20       0x48 libee.a(ee_tc_oo.o)
 .comment       0x00000a68       0x48 libee.a(ee_tnterm.o)
 .comment       0x00000ab0       0x48 c:/hightec/toolch~1/tricore/v4660-~1.1/bin/../lib/gcc/tricore/4.6.4/../../../../tricore/lib/tc161\libos.a(libos_exit.o)
 .comment       0x00000af8       0x48 c:/hightec/toolch~1/tricore/v4660-~1.1/bin/../lib/gcc/tricore/4.6.4/../../../../tricore/lib/tc161\libm.a(lib_a-s_round.o)
 .comment       0x00000b40       0x48 c:/hightec/toolch~1/tricore/v4660-~1.1/bin/../lib/gcc/tricore/4.6.4/tc161\libgcc.a(_addsub_df.o)
 .comment       0x00000b88       0x48 c:/hightec/toolch~1/tricore/v4660-~1.1/bin/../lib/gcc/tricore/4.6.4/tc161\libgcc.a(_thenan_df.o)
 .comment       0x00000bd0       0x48 c:/hightec/toolch~1/tricore/v4660-~1.1/bin/../lib/gcc/tricore/4.6.4/tc161\libgcc.a(_pack_df.o)
 .comment       0x00000c18       0x48 c:/hightec/toolch~1/tricore/v4660-~1.1/bin/../lib/gcc/tricore/4.6.4/tc161\libgcc.a(_unpack_df.o)

.debug
 *(.debug)

.line
 *(.line)

.debug_srcinfo
 *(.debug_srcinfo)

.debug_sfnames
 *(.debug_sfnames)

.debug_aranges  memory region -> *default*
                0x00000000      0x700
 *(.debug_aranges)
 .debug_aranges
                0x00000000       0x28 obj/pkg/mcu/infineon_common_tc2Yx/src/ee_tc2Yx_cstart.o
 .debug_aranges
                0x00000028       0x38 obj/src/master.o
 .debug_aranges
                0x00000060       0xb0 libee.a(display.o)
 .debug_aranges
                0x00000110       0x78 libee.a(graph.o)
 .debug_aranges
                0x00000188       0x28 libee.a(util.o)
 .debug_aranges
                0x000001b0       0x28 libee.a(ee_tc_intvec.o)
 .debug_aranges
                0x000001d8       0x20 libee.a(ee_tc_context.o)
 .debug_aranges
                0x000001f8       0x30 libee.a(ee_tc_multicore.o)
 .debug_aranges
                0x00000228       0x28 libee.a(ee_as_multicore.o)
 .debug_aranges
                0x00000250       0x38 libee.a(ee_as_spinlocks.o)
 .debug_aranges
                0x00000288       0x30 libee.a(ee_as_rpc.o)
 .debug_aranges
                0x000002b8       0x20 libee.a(ee_activate.o)
 .debug_aranges
                0x000002d8       0x20 libee.a(ee_gettaskstate.o)
 .debug_aranges
                0x000002f8       0x20 libee.a(ee_terminat.o)
 .debug_aranges
                0x00000318       0x20 libee.a(ee_thendin.o)
 .debug_aranges
                0x00000338       0x30 libee.a(ee_irqendin.o)
 .debug_aranges
                0x00000368       0x20 libee.a(ee_tstub.o)
 .debug_aranges
                0x00000388       0x20 libee.a(ee_rq_exchg.o)
 .debug_aranges
                0x000003a8       0x20 libee.a(ee_rq_inser.o)
 .debug_aranges
                0x000003c8       0x28 libee.a(ee_shtdown.o)
 .debug_aranges
                0x000003f0       0x20 libee.a(ee_startos.o)
 .debug_aranges
                0x00000410       0x20 libee.a(ee_alcancel.o)
 .debug_aranges
                0x00000430       0x20 libee.a(ee_algetbase.o)
 .debug_aranges
                0x00000450       0x20 libee.a(ee_alget.o)
 .debug_aranges
                0x00000470       0x20 libee.a(ee_alsetabs.o)
 .debug_aranges
                0x00000490       0x20 libee.a(ee_alsetrel.o)
 .debug_aranges
                0x000004b0       0x38 libee.a(ee_altick.o)
 .debug_aranges
                0x000004e8       0x20 libee.a(ee_getcountervalue.o)
 .debug_aranges
                0x00000508       0x20 libee.a(ee_getelapsedvalue.o)
 .debug_aranges
                0x00000528       0x20 libee.a(ee_evset.o)
 .debug_aranges
                0x00000548       0x78 libee.a(ee_tc2Yx_system.o)
 .debug_aranges
                0x000005c0       0x30 libee.a(ee_tc_oo.o)
 .debug_aranges
                0x000005f0       0x20 libee.a(ee_tnterm.o)
 .debug_aranges
                0x00000610       0x20 c:/hightec/toolch~1/tricore/v4660-~1.1/bin/../lib/gcc/tricore/4.6.4/../../../../tricore/lib/tc161\libos.a(libos_exit.o)
 .debug_aranges
                0x00000630       0x20 c:/hightec/toolch~1/tricore/v4660-~1.1/bin/../lib/gcc/tricore/4.6.4/../../../../tricore/lib/tc161\libm.a(lib_a-s_round.o)
 .debug_aranges
                0x00000650       0x30 c:/hightec/toolch~1/tricore/v4660-~1.1/bin/../lib/gcc/tricore/4.6.4/tc161\libgcc.a(_addsub_df.o)
 .debug_aranges
                0x00000680       0x20 c:/hightec/toolch~1/tricore/v4660-~1.1/bin/../lib/gcc/tricore/4.6.4/tc161\libgcc.a(_ashldi3.o)
 .debug_aranges
                0x000006a0       0x20 c:/hightec/toolch~1/tricore/v4660-~1.1/bin/../lib/gcc/tricore/4.6.4/tc161\libgcc.a(_lshrdi3.o)
 .debug_aranges
                0x000006c0       0x20 c:/hightec/toolch~1/tricore/v4660-~1.1/bin/../lib/gcc/tricore/4.6.4/tc161\libgcc.a(_pack_df.o)
 .debug_aranges
                0x000006e0       0x20 c:/hightec/toolch~1/tricore/v4660-~1.1/bin/../lib/gcc/tricore/4.6.4/tc161\libgcc.a(_unpack_df.o)

.debug_pubnames
 *(.debug_pubnames)

.debug_info     memory region -> *default*
                0x00000000    0x2b991
 *(.debug_info)
 .debug_info    0x00000000     0x1429 obj/pkg/mcu/infineon_common_tc2Yx/src/ee_tc2Yx_cstart.o
 .debug_info    0x00001429      0x9f2 obj/common.o
 .debug_info    0x00001e1b      0xba2 obj/src/master.o
 .debug_info    0x000029bd     0x102b obj/eecfg.o
 .debug_info    0x000039e8     0x40c8 libee.a(display.o)
 .debug_info    0x00007ab0      0xfbb libee.a(graph.o)
 .debug_info    0x00008a6b      0x114 libee.a(util.o)
 .debug_info    0x00008b7f      0x18a libee.a(ee_tc_trapvec.o)
 .debug_info    0x00008d09      0xdb8 libee.a(ee_tc_intvec.o)
 .debug_info    0x00009ac1      0xfda libee.a(ee_tc_context.o)
 .debug_info    0x0000aa9b      0xe7d libee.a(ee_tc_multicore.o)
 .debug_info    0x0000b918     0x17cc libee.a(ee_as_multicore.o)
 .debug_info    0x0000d0e4     0x18e8 libee.a(ee_as_spinlocks.o)
 .debug_info    0x0000e9cc     0x1ca3 libee.a(ee_as_rpc.o)
 .debug_info    0x0001066f     0x1417 libee.a(ee_activate.o)
 .debug_info    0x00011a86     0x118a libee.a(ee_gettaskstate.o)
 .debug_info    0x00012c10     0x10c4 libee.a(ee_terminat.o)
 .debug_info    0x00013cd4      0xebf libee.a(ee_thendin.o)
 .debug_info    0x00014b93      0xf0e libee.a(ee_irqendin.o)
 .debug_info    0x00015aa1      0xbe7 libee.a(ee_tstub.o)
 .debug_info    0x00016688      0xa52 libee.a(ee_lookup.o)
 .debug_info    0x000170da      0xa8a libee.a(ee_rq_exchg.o)
 .debug_info    0x00017b64      0xa9f libee.a(ee_rq_inser.o)
 .debug_info    0x00018603     0x1152 libee.a(ee_shtdown.o)
 .debug_info    0x00019755     0x1e84 libee.a(ee_startos.o)
 .debug_info    0x0001b5d9     0x10ca libee.a(ee_alcancel.o)
 .debug_info    0x0001c6a3     0x1077 libee.a(ee_algetbase.o)
 .debug_info    0x0001d71a     0x1066 libee.a(ee_alget.o)
 .debug_info    0x0001e780     0x113e libee.a(ee_alsetabs.o)
 .debug_info    0x0001f8be     0x10e9 libee.a(ee_alsetrel.o)
 .debug_info    0x000209a7     0x1891 libee.a(ee_altick.o)
 .debug_info    0x00022238     0x1044 libee.a(ee_getcountervalue.o)
 .debug_info    0x0002327c     0x1072 libee.a(ee_getelapsedvalue.o)
 .debug_info    0x000242ee     0x13ae libee.a(ee_evset.o)
 .debug_info    0x0002569c     0x227f libee.a(ee_tc2Yx_system.o)
 .debug_info    0x0002791b      0xa58 libee.a(ee_hal_structs.o)
 .debug_info    0x00028373     0x141a libee.a(ee_tc_oo.o)
 .debug_info    0x0002978d      0xb27 libee.a(ee_tnterm.o)
 .debug_info    0x0002a2b4      0x18d c:/hightec/toolch~1/tricore/v4660-~1.1/bin/../lib/gcc/tricore/4.6.4/../../../../tricore/lib/tc161\libos.a(libos_exit.o)
 .debug_info    0x0002a441      0x2d1 c:/hightec/toolch~1/tricore/v4660-~1.1/bin/../lib/gcc/tricore/4.6.4/../../../../tricore/lib/tc161\libm.a(lib_a-s_round.o)
 .debug_info    0x0002a712      0x5f3 c:/hightec/toolch~1/tricore/v4660-~1.1/bin/../lib/gcc/tricore/4.6.4/tc161\libgcc.a(_addsub_df.o)
 .debug_info    0x0002ad05      0x2c4 c:/hightec/toolch~1/tricore/v4660-~1.1/bin/../lib/gcc/tricore/4.6.4/tc161\libgcc.a(_thenan_df.o)
 .debug_info    0x0002afc9      0x100 c:/hightec/toolch~1/tricore/v4660-~1.1/bin/../lib/gcc/tricore/4.6.4/tc161\libgcc.a(_ashldi3.o)
 .debug_info    0x0002b0c9      0x100 c:/hightec/toolch~1/tricore/v4660-~1.1/bin/../lib/gcc/tricore/4.6.4/tc161\libgcc.a(_lshrdi3.o)
 .debug_info    0x0002b1c9      0x427 c:/hightec/toolch~1/tricore/v4660-~1.1/bin/../lib/gcc/tricore/4.6.4/tc161\libgcc.a(_pack_df.o)
 .debug_info    0x0002b5f0      0x3a1 c:/hightec/toolch~1/tricore/v4660-~1.1/bin/../lib/gcc/tricore/4.6.4/tc161\libgcc.a(_unpack_df.o)

.debug_abbrev   memory region -> *default*
                0x00000000     0x6019
 *(.debug_abbrev)
 .debug_abbrev  0x00000000      0x29d obj/pkg/mcu/infineon_common_tc2Yx/src/ee_tc2Yx_cstart.o
 .debug_abbrev  0x0000029d      0x10d obj/common.o
 .debug_abbrev  0x000003aa      0x216 obj/src/master.o
 .debug_abbrev  0x000005c0      0x14e obj/eecfg.o
 .debug_abbrev  0x0000070e      0x436 libee.a(display.o)
 .debug_abbrev  0x00000b44      0x2e1 libee.a(graph.o)
 .debug_abbrev  0x00000e25       0x67 libee.a(util.o)
 .debug_abbrev  0x00000e8c       0x56 libee.a(ee_tc_trapvec.o)
 .debug_abbrev  0x00000ee2      0x281 libee.a(ee_tc_intvec.o)
 .debug_abbrev  0x00001163      0x27d libee.a(ee_tc_context.o)
 .debug_abbrev  0x000013e0      0x268 libee.a(ee_tc_multicore.o)
 .debug_abbrev  0x00001648      0x30c libee.a(ee_as_multicore.o)
 .debug_abbrev  0x00001954      0x35c libee.a(ee_as_spinlocks.o)
 .debug_abbrev  0x00001cb0      0x38c libee.a(ee_as_rpc.o)
 .debug_abbrev  0x0000203c      0x2ff libee.a(ee_activate.o)
 .debug_abbrev  0x0000233b      0x29e libee.a(ee_gettaskstate.o)
 .debug_abbrev  0x000025d9      0x2a4 libee.a(ee_terminat.o)
 .debug_abbrev  0x0000287d      0x23b libee.a(ee_thendin.o)
 .debug_abbrev  0x00002ab8      0x22c libee.a(ee_irqendin.o)
 .debug_abbrev  0x00002ce4      0x15c libee.a(ee_tstub.o)
 .debug_abbrev  0x00002e40      0x109 libee.a(ee_lookup.o)
 .debug_abbrev  0x00002f49      0x122 libee.a(ee_rq_exchg.o)
 .debug_abbrev  0x0000306b      0x13c libee.a(ee_rq_inser.o)
 .debug_abbrev  0x000031a7      0x272 libee.a(ee_shtdown.o)
 .debug_abbrev  0x00003419      0x37a libee.a(ee_startos.o)
 .debug_abbrev  0x00003793      0x2f2 libee.a(ee_alcancel.o)
 .debug_abbrev  0x00003a85      0x29e libee.a(ee_algetbase.o)
 .debug_abbrev  0x00003d23      0x29e libee.a(ee_alget.o)
 .debug_abbrev  0x00003fc1      0x2e3 libee.a(ee_alsetabs.o)
 .debug_abbrev  0x000042a4      0x2f6 libee.a(ee_alsetrel.o)
 .debug_abbrev  0x0000459a      0x372 libee.a(ee_altick.o)
 .debug_abbrev  0x0000490c      0x2e9 libee.a(ee_getcountervalue.o)
 .debug_abbrev  0x00004bf5      0x295 libee.a(ee_getelapsedvalue.o)
 .debug_abbrev  0x00004e8a      0x2f2 libee.a(ee_evset.o)
 .debug_abbrev  0x0000517c      0x3a7 libee.a(ee_tc2Yx_system.o)
 .debug_abbrev  0x00005523      0x109 libee.a(ee_hal_structs.o)
 .debug_abbrev  0x0000562c      0x290 libee.a(ee_tc_oo.o)
 .debug_abbrev  0x000058bc      0x18d libee.a(ee_tnterm.o)
 .debug_abbrev  0x00005a49       0x5f c:/hightec/toolch~1/tricore/v4660-~1.1/bin/../lib/gcc/tricore/4.6.4/../../../../tricore/lib/tc161\libos.a(libos_exit.o)
 .debug_abbrev  0x00005aa8       0xdd c:/hightec/toolch~1/tricore/v4660-~1.1/bin/../lib/gcc/tricore/4.6.4/../../../../tricore/lib/tc161\libm.a(lib_a-s_round.o)
 .debug_abbrev  0x00005b85      0x151 c:/hightec/toolch~1/tricore/v4660-~1.1/bin/../lib/gcc/tricore/4.6.4/tc161\libgcc.a(_addsub_df.o)
 .debug_abbrev  0x00005cd6       0xaf c:/hightec/toolch~1/tricore/v4660-~1.1/bin/../lib/gcc/tricore/4.6.4/tc161\libgcc.a(_thenan_df.o)
 .debug_abbrev  0x00005d85       0x14 c:/hightec/toolch~1/tricore/v4660-~1.1/bin/../lib/gcc/tricore/4.6.4/tc161\libgcc.a(_ashldi3.o)
 .debug_abbrev  0x00005d99       0x14 c:/hightec/toolch~1/tricore/v4660-~1.1/bin/../lib/gcc/tricore/4.6.4/tc161\libgcc.a(_lshrdi3.o)
 .debug_abbrev  0x00005dad      0x152 c:/hightec/toolch~1/tricore/v4660-~1.1/bin/../lib/gcc/tricore/4.6.4/tc161\libgcc.a(_pack_df.o)
 .debug_abbrev  0x00005eff      0x11a c:/hightec/toolch~1/tricore/v4660-~1.1/bin/../lib/gcc/tricore/4.6.4/tc161\libgcc.a(_unpack_df.o)

.debug_line     memory region -> *default*
                0x00000000     0x92e9
 *(.debug_line)
 .debug_line    0x00000000      0x470 obj/pkg/mcu/infineon_common_tc2Yx/src/ee_tc2Yx_cstart.o
 .debug_line    0x00000470      0x19a obj/common.o
 .debug_line    0x0000060a      0x359 obj/src/master.o
 .debug_line    0x00000963      0x187 obj/eecfg.o
 .debug_line    0x00000aea      0xcf7 libee.a(display.o)
 .debug_line    0x000017e1      0x596 libee.a(graph.o)
 .debug_line    0x00001d77       0x9b libee.a(util.o)
 .debug_line    0x00001e12       0xb5 libee.a(ee_tc_trapvec.o)
 .debug_line    0x00001ec7      0x33a libee.a(ee_tc_intvec.o)
 .debug_line    0x00002201      0x380 libee.a(ee_tc_context.o)
 .debug_line    0x00002581      0x368 libee.a(ee_tc_multicore.o)
 .debug_line    0x000028e9      0x40f libee.a(ee_as_multicore.o)
 .debug_line    0x00002cf8      0x4ea libee.a(ee_as_spinlocks.o)
 .debug_line    0x000031e2      0x678 libee.a(ee_as_rpc.o)
 .debug_line    0x0000385a      0x3ab libee.a(ee_activate.o)
 .debug_line    0x00003c05      0x38f libee.a(ee_gettaskstate.o)
 .debug_line    0x00003f94      0x390 libee.a(ee_terminat.o)
 .debug_line    0x00004324      0x358 libee.a(ee_thendin.o)
 .debug_line    0x0000467c      0x2fc libee.a(ee_irqendin.o)
 .debug_line    0x00004978      0x27e libee.a(ee_tstub.o)
 .debug_line    0x00004bf6      0x26f libee.a(ee_lookup.o)
 .debug_line    0x00004e65      0x285 libee.a(ee_rq_exchg.o)
 .debug_line    0x000050ea      0x294 libee.a(ee_rq_inser.o)
 .debug_line    0x0000537e      0x3a9 libee.a(ee_shtdown.o)
 .debug_line    0x00005727      0x4fc libee.a(ee_startos.o)
 .debug_line    0x00005c23      0x377 libee.a(ee_alcancel.o)
 .debug_line    0x00005f9a      0x352 libee.a(ee_algetbase.o)
 .debug_line    0x000062ec      0x354 libee.a(ee_alget.o)
 .debug_line    0x00006640      0x37e libee.a(ee_alsetabs.o)
 .debug_line    0x000069be      0x37e libee.a(ee_alsetrel.o)
 .debug_line    0x00006d3c      0x4d2 libee.a(ee_altick.o)
 .debug_line    0x0000720e      0x378 libee.a(ee_getcountervalue.o)
 .debug_line    0x00007586      0x367 libee.a(ee_getelapsedvalue.o)
 .debug_line    0x000078ed      0x3a8 libee.a(ee_evset.o)
 .debug_line    0x00007c95      0x6a7 libee.a(ee_tc2Yx_system.o)
 .debug_line    0x0000833c      0x252 libee.a(ee_hal_structs.o)
 .debug_line    0x0000858e      0x385 libee.a(ee_tc_oo.o)
 .debug_line    0x00008913      0x312 libee.a(ee_tnterm.o)
 .debug_line    0x00008c25       0x8a c:/hightec/toolch~1/tricore/v4660-~1.1/bin/../lib/gcc/tricore/4.6.4/../../../../tricore/lib/tc161\libos.a(libos_exit.o)
 .debug_line    0x00008caf      0x16c c:/hightec/toolch~1/tricore/v4660-~1.1/bin/../lib/gcc/tricore/4.6.4/../../../../tricore/lib/tc161\libm.a(lib_a-s_round.o)
 .debug_line    0x00008e1b      0x14c c:/hightec/toolch~1/tricore/v4660-~1.1/bin/../lib/gcc/tricore/4.6.4/tc161\libgcc.a(_addsub_df.o)
 .debug_line    0x00008f67       0x92 c:/hightec/toolch~1/tricore/v4660-~1.1/bin/../lib/gcc/tricore/4.6.4/tc161\libgcc.a(_thenan_df.o)
 .debug_line    0x00008ff9       0x97 c:/hightec/toolch~1/tricore/v4660-~1.1/bin/../lib/gcc/tricore/4.6.4/tc161\libgcc.a(_ashldi3.o)
 .debug_line    0x00009090       0x9b c:/hightec/toolch~1/tricore/v4660-~1.1/bin/../lib/gcc/tricore/4.6.4/tc161\libgcc.a(_lshrdi3.o)
 .debug_line    0x0000912b       0xef c:/hightec/toolch~1/tricore/v4660-~1.1/bin/../lib/gcc/tricore/4.6.4/tc161\libgcc.a(_pack_df.o)
 .debug_line    0x0000921a       0xcf c:/hightec/toolch~1/tricore/v4660-~1.1/bin/../lib/gcc/tricore/4.6.4/tc161\libgcc.a(_unpack_df.o)

.debug_frame    memory region -> *default*
                0x00000000      0x8f4
 *(.debug_frame)
 .debug_frame   0x00000000       0x30 obj/pkg/mcu/infineon_common_tc2Yx/src/ee_tc2Yx_cstart.o
 .debug_frame   0x00000030       0x58 obj/src/master.o
 .debug_frame   0x00000088      0x158 libee.a(display.o)
 .debug_frame   0x000001e0       0xd4 libee.a(graph.o)
 .debug_frame   0x000002b4       0x30 libee.a(util.o)
 .debug_frame   0x000002e4       0x30 libee.a(ee_tc_intvec.o)
 .debug_frame   0x00000314       0x20 libee.a(ee_tc_context.o)
 .debug_frame   0x00000334       0x44 libee.a(ee_tc_multicore.o)
 .debug_frame   0x00000378       0x30 libee.a(ee_as_multicore.o)
 .debug_frame   0x000003a8       0x50 libee.a(ee_as_spinlocks.o)
 .debug_frame   0x000003f8       0x44 libee.a(ee_as_rpc.o)
 .debug_frame   0x0000043c       0x20 libee.a(ee_activate.o)
 .debug_frame   0x0000045c       0x20 libee.a(ee_gettaskstate.o)
 .debug_frame   0x0000047c       0x20 libee.a(ee_terminat.o)
 .debug_frame   0x0000049c       0x20 libee.a(ee_thendin.o)
 .debug_frame   0x000004bc       0x40 libee.a(ee_irqendin.o)
 .debug_frame   0x000004fc       0x20 libee.a(ee_tstub.o)
 .debug_frame   0x0000051c       0x20 libee.a(ee_rq_exchg.o)
 .debug_frame   0x0000053c       0x20 libee.a(ee_rq_inser.o)
 .debug_frame   0x0000055c       0x30 libee.a(ee_shtdown.o)
 .debug_frame   0x0000058c       0x20 libee.a(ee_startos.o)
 .debug_frame   0x000005ac       0x20 libee.a(ee_alcancel.o)
 .debug_frame   0x000005cc       0x20 libee.a(ee_algetbase.o)
 .debug_frame   0x000005ec       0x20 libee.a(ee_alget.o)
 .debug_frame   0x0000060c       0x20 libee.a(ee_alsetabs.o)
 .debug_frame   0x0000062c       0x20 libee.a(ee_alsetrel.o)
 .debug_frame   0x0000064c       0x50 libee.a(ee_altick.o)
 .debug_frame   0x0000069c       0x20 libee.a(ee_getcountervalue.o)
 .debug_frame   0x000006bc       0x20 libee.a(ee_getelapsedvalue.o)
 .debug_frame   0x000006dc       0x20 libee.a(ee_evset.o)
 .debug_frame   0x000006fc       0xd0 libee.a(ee_tc2Yx_system.o)
 .debug_frame   0x000007cc       0x40 libee.a(ee_tc_oo.o)
 .debug_frame   0x0000080c       0x20 libee.a(ee_tnterm.o)
 .debug_frame   0x0000082c       0x20 c:/hightec/toolch~1/tricore/v4660-~1.1/bin/../lib/gcc/tricore/4.6.4/../../../../tricore/lib/tc161\libos.a(libos_exit.o)
 .debug_frame   0x0000084c       0x20 c:/hightec/toolch~1/tricore/v4660-~1.1/bin/../lib/gcc/tricore/4.6.4/../../../../tricore/lib/tc161\libm.a(lib_a-s_round.o)
 .debug_frame   0x0000086c       0x48 c:/hightec/toolch~1/tricore/v4660-~1.1/bin/../lib/gcc/tricore/4.6.4/tc161\libgcc.a(_addsub_df.o)
 .debug_frame   0x000008b4       0x20 c:/hightec/toolch~1/tricore/v4660-~1.1/bin/../lib/gcc/tricore/4.6.4/tc161\libgcc.a(_pack_df.o)
 .debug_frame   0x000008d4       0x20 c:/hightec/toolch~1/tricore/v4660-~1.1/bin/../lib/gcc/tricore/4.6.4/tc161\libgcc.a(_unpack_df.o)

.debug_str      memory region -> *default*
                0x00000000      0x790
 *(.debug_str)
 .debug_str     0x00000000       0x50 obj/pkg/mcu/infineon_common_tc2Yx/src/ee_tc2Yx_cstart.o
 .debug_str     0x00000050       0x26 obj/eecfg.o
 .debug_str     0x00000076       0x48 libee.a(display.o)
 .debug_str     0x000000be        0xc libee.a(graph.o)
 .debug_str     0x000000ca        0xa libee.a(ee_tc_intvec.o)
 .debug_str     0x000000d4       0x26 libee.a(ee_tc_context.o)
 .debug_str     0x000000fa       0x26 libee.a(ee_tc_multicore.o)
 .debug_str     0x00000120       0x54 libee.a(ee_as_multicore.o)
 .debug_str     0x00000174       0x4b libee.a(ee_as_spinlocks.o)
 .debug_str     0x000001bf       0x7b libee.a(ee_as_rpc.o)
 .debug_str     0x0000023a       0x37 libee.a(ee_activate.o)
 .debug_str     0x00000271       0x30 libee.a(ee_gettaskstate.o)
 .debug_str     0x000002a1       0x30 libee.a(ee_terminat.o)
 .debug_str     0x000002d1       0x2d libee.a(ee_thendin.o)
 .debug_str     0x000002fe       0x35 libee.a(ee_irqendin.o)
 .debug_str     0x00000333       0x26 libee.a(ee_tstub.o)
 .debug_str     0x00000359       0x26 libee.a(ee_lookup.o)
 .debug_str     0x0000037f       0x26 libee.a(ee_rq_exchg.o)
 .debug_str     0x000003a5       0x26 libee.a(ee_rq_inser.o)
 .debug_str     0x000003cb       0x32 libee.a(ee_shtdown.o)
 .debug_str     0x000003fd       0x8a libee.a(ee_startos.o)
 .debug_str     0x00000487       0x30 libee.a(ee_alcancel.o)
 .debug_str     0x000004b7       0x30 libee.a(ee_algetbase.o)
 .debug_str     0x000004e7       0x30 libee.a(ee_alget.o)
 .debug_str     0x00000517       0x30 libee.a(ee_alsetabs.o)
 .debug_str     0x00000547       0x3a libee.a(ee_alsetrel.o)
 .debug_str     0x00000581       0x60 libee.a(ee_altick.o)
 .debug_str     0x000005e1       0x30 libee.a(ee_getcountervalue.o)
 .debug_str     0x00000611       0x30 libee.a(ee_getelapsedvalue.o)
 .debug_str     0x00000641       0x30 libee.a(ee_evset.o)
 .debug_str     0x00000671       0x84 libee.a(ee_tc2Yx_system.o)
 .debug_str     0x000006f5       0x26 libee.a(ee_hal_structs.o)
 .debug_str     0x0000071b       0x2f libee.a(ee_tc_oo.o)
 .debug_str     0x0000074a       0x26 libee.a(ee_tnterm.o)
 .debug_str     0x00000770        0xe c:/hightec/toolch~1/tricore/v4660-~1.1/bin/../lib/gcc/tricore/4.6.4/../../../../tricore/lib/tc161\libm.a(lib_a-s_round.o)
 .debug_str     0x0000077e        0x9 c:/hightec/toolch~1/tricore/v4660-~1.1/bin/../lib/gcc/tricore/4.6.4/tc161\libgcc.a(_pack_df.o)
 .debug_str     0x00000787        0x9 c:/hightec/toolch~1/tricore/v4660-~1.1/bin/../lib/gcc/tricore/4.6.4/tc161\libgcc.a(_unpack_df.o)

.debug_loc      memory region -> *default*
                0x00000000     0x2ab2
 *(.debug_loc)
 .debug_loc     0x00000000       0x83 obj/pkg/mcu/infineon_common_tc2Yx/src/ee_tc2Yx_cstart.o
 .debug_loc     0x00000083       0x74 obj/src/master.o
 .debug_loc     0x000000f7      0x50a libee.a(display.o)
 .debug_loc     0x00000601      0x8c1 libee.a(graph.o)
 .debug_loc     0x00000ec2       0x57 libee.a(ee_tc_intvec.o)
 .debug_loc     0x00000f19      0x121 libee.a(ee_tc_context.o)
 .debug_loc     0x0000103a       0xb2 libee.a(ee_tc_multicore.o)
 .debug_loc     0x000010ec       0x7c libee.a(ee_as_multicore.o)
 .debug_loc     0x00001168      0x216 libee.a(ee_as_spinlocks.o)
 .debug_loc     0x0000137e      0x436 libee.a(ee_as_rpc.o)
 .debug_loc     0x000017b4       0xa4 libee.a(ee_activate.o)
 .debug_loc     0x00001858       0x78 libee.a(ee_gettaskstate.o)
 .debug_loc     0x000018d0       0x29 libee.a(ee_terminat.o)
 .debug_loc     0x000018f9       0x8e libee.a(ee_thendin.o)
 .debug_loc     0x00001987       0x5a libee.a(ee_irqendin.o)
 .debug_loc     0x000019e1       0x13 libee.a(ee_rq_exchg.o)
 .debug_loc     0x000019f4       0x1e libee.a(ee_rq_inser.o)
 .debug_loc     0x00001a12       0x7f libee.a(ee_shtdown.o)
 .debug_loc     0x00001a91      0x103 libee.a(ee_startos.o)
 .debug_loc     0x00001b94       0x70 libee.a(ee_alcancel.o)
 .debug_loc     0x00001c04       0x78 libee.a(ee_algetbase.o)
 .debug_loc     0x00001c7c       0x83 libee.a(ee_alget.o)
 .debug_loc     0x00001cff       0xf6 libee.a(ee_alsetabs.o)
 .debug_loc     0x00001df5       0xaf libee.a(ee_alsetrel.o)
 .debug_loc     0x00001ea4      0x1ad libee.a(ee_altick.o)
 .debug_loc     0x00002051       0x65 libee.a(ee_getcountervalue.o)
 .debug_loc     0x000020b6       0x83 libee.a(ee_getelapsedvalue.o)
 .debug_loc     0x00002139       0xee libee.a(ee_evset.o)
 .debug_loc     0x00002227      0x18b libee.a(ee_tc2Yx_system.o)
 .debug_loc     0x000023b2       0x57 libee.a(ee_tc_oo.o)
 .debug_loc     0x00002409      0x1d2 c:/hightec/toolch~1/tricore/v4660-~1.1/bin/../lib/gcc/tricore/4.6.4/../../../../tricore/lib/tc161\libm.a(lib_a-s_round.o)
 .debug_loc     0x000025db      0x297 c:/hightec/toolch~1/tricore/v4660-~1.1/bin/../lib/gcc/tricore/4.6.4/tc161\libgcc.a(_addsub_df.o)
 .debug_loc     0x00002872      0x1ae c:/hightec/toolch~1/tricore/v4660-~1.1/bin/../lib/gcc/tricore/4.6.4/tc161\libgcc.a(_pack_df.o)
 .debug_loc     0x00002a20       0x92 c:/hightec/toolch~1/tricore/v4660-~1.1/bin/../lib/gcc/tricore/4.6.4/tc161\libgcc.a(_unpack_df.o)

.debug_macinfo
 *(.debug_macinfo)

.debug_ranges   memory region -> *default*
                0x00000000     0x1f18
 *(.debug_ranges)
 .debug_ranges  0x00000000       0x48 obj/pkg/mcu/infineon_common_tc2Yx/src/ee_tc2Yx_cstart.o
 .debug_ranges  0x00000048       0x48 obj/src/master.o
 .debug_ranges  0x00000090      0x548 libee.a(display.o)
 .debug_ranges  0x000005d8      0x2f8 libee.a(graph.o)
 .debug_ranges  0x000008d0       0x18 libee.a(util.o)
 .debug_ranges  0x000008e8       0x60 libee.a(ee_tc_intvec.o)
 .debug_ranges  0x00000948       0x70 libee.a(ee_tc_context.o)
 .debug_ranges  0x000009b8      0x140 libee.a(ee_tc_multicore.o)
 .debug_ranges  0x00000af8       0x18 libee.a(ee_as_multicore.o)
 .debug_ranges  0x00000b10       0xb0 libee.a(ee_as_spinlocks.o)
 .debug_ranges  0x00000bc0      0x2d0 libee.a(ee_as_rpc.o)
 .debug_ranges  0x00000e90      0x178 libee.a(ee_activate.o)
 .debug_ranges  0x00001008       0x50 libee.a(ee_gettaskstate.o)
 .debug_ranges  0x00001058       0x48 libee.a(ee_terminat.o)
 .debug_ranges  0x000010a0       0xc0 libee.a(ee_thendin.o)
 .debug_ranges  0x00001160       0x80 libee.a(ee_irqendin.o)
 .debug_ranges  0x000011e0       0x10 libee.a(ee_tstub.o)
 .debug_ranges  0x000011f0       0x10 libee.a(ee_rq_exchg.o)
 .debug_ranges  0x00001200       0x10 libee.a(ee_rq_inser.o)
 .debug_ranges  0x00001210       0xa8 libee.a(ee_shtdown.o)
 .debug_ranges  0x000012b8      0x148 libee.a(ee_startos.o)
 .debug_ranges  0x00001400      0x118 libee.a(ee_alcancel.o)
 .debug_ranges  0x00001518       0x10 libee.a(ee_algetbase.o)
 .debug_ranges  0x00001528       0x10 libee.a(ee_alget.o)
 .debug_ranges  0x00001538       0xe8 libee.a(ee_alsetabs.o)
 .debug_ranges  0x00001620       0xe8 libee.a(ee_alsetrel.o)
 .debug_ranges  0x00001708      0x260 libee.a(ee_altick.o)
 .debug_ranges  0x00001968       0xf0 libee.a(ee_getcountervalue.o)
 .debug_ranges  0x00001a58       0x28 libee.a(ee_getelapsedvalue.o)
 .debug_ranges  0x00001a80      0x178 libee.a(ee_evset.o)
 .debug_ranges  0x00001bf8      0x270 libee.a(ee_tc2Yx_system.o)
 .debug_ranges  0x00001e68       0x20 libee.a(ee_tc_oo.o)
 .debug_ranges  0x00001e88       0x10 libee.a(ee_tnterm.o)
 .debug_ranges  0x00001e98       0x10 c:/hightec/toolch~1/tricore/v4660-~1.1/bin/../lib/gcc/tricore/4.6.4/../../../../tricore/lib/tc161\libos.a(libos_exit.o)
 .debug_ranges  0x00001ea8       0x30 c:/hightec/toolch~1/tricore/v4660-~1.1/bin/../lib/gcc/tricore/4.6.4/../../../../tricore/lib/tc161\libm.a(lib_a-s_round.o)
 .debug_ranges  0x00001ed8       0x20 c:/hightec/toolch~1/tricore/v4660-~1.1/bin/../lib/gcc/tricore/4.6.4/tc161\libgcc.a(_addsub_df.o)
 .debug_ranges  0x00001ef8       0x10 c:/hightec/toolch~1/tricore/v4660-~1.1/bin/../lib/gcc/tricore/4.6.4/tc161\libgcc.a(_pack_df.o)
 .debug_ranges  0x00001f08       0x10 c:/hightec/toolch~1/tricore/v4660-~1.1/bin/../lib/gcc/tricore/4.6.4/tc161\libgcc.a(_unpack_df.o)

.debug_weaknames
 *(.debug_weaknames)

.debug_funcnames
 *(.debug_funcnames)

.debug_typenames
 *(.debug_typenames)

.debug_varnames
 *(.debug_varnames)

.version_info   memory region -> *default*
                0x00000000    0x3f597
 *(.version_info)
 .version_info  0x00000000     0x177a obj/pkg/mcu/infineon_common_tc2Yx/src/ee_tc2Yx_cstart.o
 .version_info  0x0000177a     0x15c1 obj/common.o
 .version_info  0x00002d3b     0x1694 obj/src/master.o
 .version_info  0x000043cf     0x15b9 obj/eecfg.o
 .version_info  0x00005988     0x1792 libee.a(display.o)
 .version_info  0x0000711a     0x1782 libee.a(graph.o)
 .version_info  0x0000889c     0x177a libee.a(util.o)
 .version_info  0x0000a016     0x16fa libee.a(ee_tc_trapvec.o)
 .version_info  0x0000b710     0x16f2 libee.a(ee_tc_intvec.o)
 .version_info  0x0000ce02     0x16fa libee.a(ee_tc_context.o)
 .version_info  0x0000e4fc     0x170a libee.a(ee_tc_multicore.o)
 .version_info  0x0000fc06     0x16fa libee.a(ee_as_multicore.o)
 .version_info  0x00011300     0x16fa libee.a(ee_as_spinlocks.o)
 .version_info  0x000129fa     0x16ca libee.a(ee_as_rpc.o)
 .version_info  0x000140c4     0x16da libee.a(ee_activate.o)
 .version_info  0x0001579e     0x16fa libee.a(ee_gettaskstate.o)
 .version_info  0x00016e98     0x16da libee.a(ee_terminat.o)
 .version_info  0x00018572     0x16d2 libee.a(ee_thendin.o)
 .version_info  0x00019c44     0x16da libee.a(ee_irqendin.o)
 .version_info  0x0001b31e     0x16c2 libee.a(ee_tstub.o)
 .version_info  0x0001c9e0     0x16ca libee.a(ee_lookup.o)
 .version_info  0x0001e0aa     0x16da libee.a(ee_rq_exchg.o)
 .version_info  0x0001f784     0x16da libee.a(ee_rq_inser.o)
 .version_info  0x00020e5e     0x16d2 libee.a(ee_shtdown.o)
 .version_info  0x00022530     0x16d2 libee.a(ee_startos.o)
 .version_info  0x00023c02     0x16da libee.a(ee_alcancel.o)
 .version_info  0x000252dc     0x16e2 libee.a(ee_algetbase.o)
 .version_info  0x000269be     0x16c2 libee.a(ee_alget.o)
 .version_info  0x00028080     0x16da libee.a(ee_alsetabs.o)
 .version_info  0x0002975a     0x16da libee.a(ee_alsetrel.o)
 .version_info  0x0002ae34     0x16ca libee.a(ee_altick.o)
 .version_info  0x0002c4fe     0x1712 libee.a(ee_getcountervalue.o)
 .version_info  0x0002dc10     0x1712 libee.a(ee_getelapsedvalue.o)
 .version_info  0x0002f322     0x16c2 libee.a(ee_evset.o)
 .version_info  0x000309e4     0x177a libee.a(ee_tc2Yx_system.o)
 .version_info  0x0003215e     0x16fa libee.a(ee_hal_structs.o)
 .version_info  0x00033858     0x16d2 libee.a(ee_tc_oo.o)
 .version_info  0x00034f2a     0x16ca libee.a(ee_tnterm.o)
 .version_info  0x000365f4     0x136a c:/hightec/toolch~1/tricore/v4660-~1.1/bin/../lib/gcc/tricore/4.6.4/../../../../tricore/lib/tc161\libos.a(libos_exit.o)
 .version_info  0x0003795e     0x16ef c:/hightec/toolch~1/tricore/v4660-~1.1/bin/../lib/gcc/tricore/4.6.4/../../../../tricore/lib/tc161\libm.a(lib_a-s_round.o)
 .version_info  0x0003904d     0x1957 c:/hightec/toolch~1/tricore/v4660-~1.1/bin/../lib/gcc/tricore/4.6.4/tc161\libgcc.a(_addsub_df.o)
 .version_info  0x0003a9a4     0x1957 c:/hightec/toolch~1/tricore/v4660-~1.1/bin/../lib/gcc/tricore/4.6.4/tc161\libgcc.a(_thenan_df.o)
 .version_info  0x0003c2fb     0x1945 c:/hightec/toolch~1/tricore/v4660-~1.1/bin/../lib/gcc/tricore/4.6.4/tc161\libgcc.a(_pack_df.o)
 .version_info  0x0003dc40     0x1957 c:/hightec/toolch~1/tricore/v4660-~1.1/bin/../lib/gcc/tricore/4.6.4/tc161\libgcc.a(_unpack_df.o)

.boffs
 *(.boffs)
OUTPUT(myProject_master.elf elf32-tricore)
